# TRIMMED 2026-07-28 -- original was 28714 lines / 3.5M.
# Full narrative analysis of this capture is in STATUS.md (search for this file's name).
# Kept: FATAL EXCEPTION/SIGABRT crash backtraces, BatteryService$Led/battery-online lines,
# real PulseAutoTdp tick lines, PulseDaemon lines, service-start/relaunch markers, each with
# +/- context. Everything else (routine binder/window-manager/PackageWatchdog reinit
# cascade/xsu-protocol chatter) was cut -- it added no evidence beyond what's already in
# STATUS.md.
# ---
1---------- beginning of crash
2:01-01 23:13:46.654   824   824 F libc    : Fatal signal 6 (SIGABRT), code -1 (SI_QUEUE) in tid 824 (init), pid 824 (init)
3-01-01 23:13:46.665   824   824 F libc    : crash_dump helper failed to exec, or was killed
4-07-28 09:01:56.769  1375  1375 F libc    : stack corruption detected (-fstack-protector)
5:07-28 09:01:56.769  1375  1375 F libc    : Fatal signal 6 (SIGABRT), code -1 (SI_QUEUE) in tid 1375 (nvkeeper), pid 1375 (nvkeeper)
6-07-28 09:01:56.807  1388  1388 F DEBUG   : *** *** *** *** *** *** *** *** *** *** *** *** *** *** *** ***
7-07-28 09:01:56.807  1388  1388 F DEBUG   : Build fingerprint: 'AYANEO/AYANEO_Pocket_FIT/PocketFIT:14/01.00_20251226_private_user/eng.scm.20251226.033130:user/release-keys'
8-07-28 09:01:56.808  1388  1388 F DEBUG   : Revision: '0'
--
14-07-28 09:01:56.808  1388  1388 F DEBUG   : uid: 1000
15-07-28 09:01:56.808  1388  1388 F DEBUG   : tagged_addr_ctrl: 0000000000000001 (PR_TAGGED_ADDR_ENABLE)
16-07-28 09:01:56.808  1388  1388 F DEBUG   : pac_enabled_keys: 000000000000000f (PR_PAC_APIAKEY, PR_PAC_APIBKEY, PR_PAC_APDAKEY, PR_PAC_APDBKEY)
17:07-28 09:01:56.808  1388  1388 F DEBUG   : signal 6 (SIGABRT), code -1 (SI_QUEUE), fault addr --------
18-07-28 09:01:56.808  1388  1388 F DEBUG   : Abort message: 'stack corruption detected (-fstack-protector)'
19-07-28 09:01:56.808  1388  1388 F DEBUG   :     x0  0000000000000000  x1  000000000000055f  x2  0000000000000006  x3  0000007fcff129a0
20-07-28 09:01:56.808  1388  1388 F DEBUG   :     x4  607372652c271f63  x5  607372652c271f63  x6  607372652c271f63  x7  7f7f7f7f7f7f7f7f
--
31-07-28 09:01:56.808  1388  1388 F DEBUG   :       #01 pc 0000000000071d64  /apex/com.android.runtime/lib64/bionic/libc.so (__stack_chk_fail+24) (BuildId: 50118287324a156bc7be11d3d940c7be)
32-07-28 09:01:56.808  1388  1388 F DEBUG   :       #02 pc 00000000000016e8  /vendor/bin/nvkeeper (main+228) (BuildId: 964f4cbbcda0caf53de13699a5907bf2)
33-07-28 09:01:56.808  1388  1388 F DEBUG   :       #03 pc 0000000000053e48  /apex/com.android.runtime/lib64/bionic/libc.so (__libc_init+108) (BuildId: 50118287324a156bc7be11d3d940c7be)
34:07-28 09:02:01.181  3337  3337 F libc    : Fatal signal 6 (SIGABRT), code -1 (SI_QUEUE) in tid 3337 (init), pid 3337 (init)
35-07-28 09:02:01.194  3337  3337 F libc    : crash_dump helper failed to exec, or was killed
36:07-28 09:02:01.408  3329  3329 F libc    : Fatal signal 6 (SIGABRT), code -1 (SI_QUEUE) in tid 3329 (qcrosvm), pid 3329 (qcrosvm)
37-07-28 09:02:01.430  3560  3560 F DEBUG   : *** *** *** *** *** *** *** *** *** *** *** *** *** *** *** ***
38-07-28 09:02:01.430  3560  3560 F DEBUG   : Build fingerprint: 'AYANEO/AYANEO_Pocket_FIT/PocketFIT:14/01.00_20251226_private_user/eng.scm.20251226.033130:user/release-keys'
39-07-28 09:02:01.430  3560  3560 F DEBUG   : Revision: '0'
--
45-07-28 09:02:01.430  3560  3560 F DEBUG   : uid: 0
46-07-28 09:02:01.430  3560  3560 F DEBUG   : tagged_addr_ctrl: 0000000000000001 (PR_TAGGED_ADDR_ENABLE)
47-07-28 09:02:01.430  3560  3560 F DEBUG   : pac_enabled_keys: 000000000000000f (PR_PAC_APIAKEY, PR_PAC_APIBKEY, PR_PAC_APDAKEY, PR_PAC_APDBKEY)
48:07-28 09:02:01.430  3560  3560 F DEBUG   : signal 6 (SIGABRT), code -1 (SI_QUEUE), fault addr --------
49-07-28 09:02:01.430  3560  3560 F DEBUG   : Abort message: 'Error: set fw name ioctl failed with error Os { code: 9, kind: Uncategorized, message: "Bad file descriptor" }'
50-07-28 09:02:01.430  3560  3560 F DEBUG   :     x0  0000000000000000  x1  0000000000000d01  x2  0000000000000006  x3  0000007fe3298d20
51-07-28 09:02:01.430  3560  3560 F DEBUG   :     x4  1f63646b6860651f  x5  1f63646b6860651f  x6  1f63646b6860651f  x7  7f7f7f7f7f7f7f7f
--
2040-07-28 09:02:55.357  2295  4736 D CompatibilityChangeReporter: Compat change id reported: 273564678; UID 10177; state: DISABLED
2041-07-28 09:02:55.358  2295  2493 D CompatibilityChangeReporter: Compat change id reported: 265195908; UID 10177; state: ENABLED
2042-07-28 09:02:55.360  2295  2730 D CompatibilityChangeReporter: Compat change id reported: 170503758; UID 10177; state: ENABLED
2043:07-28 09:02:55.363  2295  2730 I ActivityManager: Background started FGS: Allowed [callingPackage: com.kei.pulse; callingUid: 10183; uidState: RCVR; uidBFSL: n/a; intent: Intent { cmp=com.kei.pulse/.appwatch.ForegroundAppMonitorService }; code:SYSTEM_ALLOW_LISTED; tempAllowListReason:<,reasonCode:SYSTEM_ALLOW_LISTED,duration:9223372036854775807,callingUid:-1>; targetSdkVersion:34; callerTargetSdkVersion:34; startForegroundCount:0; bindFromPackage:null: isBindService:false]
2044-07-28 09:02:55.369  2295  2730 I ActivityManager: Flag disabled. Ignoring finishAttachApplication from uid: 1000. pid: 6409
2045-07-28 09:02:55.378  2295  2295 I TransportConnection: LocalTransportService#0: Notifying [TransportManager.registerTransport()] transport = BackupTransportClient
2046-07-28 09:02:55.396  2295  4542 D CompatibilityChangeReporter: Compat change id reported: 170668199; UID 10183; state: ENABLED
2047:07-28 09:02:55.396  2295  4542 W ActivityManager: Foreground service started from background can not have location/camera/microphone access: service com.kei.pulse/.appwatch.ForegroundAppMonitorService
2048-07-28 09:02:55.403  2295  4542 V AlarmManager: set(PendingIntent{b50caf3: PendingIntentRecord{650ec8a com.google.android.gms/com.google.android.gms.scheduler broadcastIntent}}) : type=3 triggerAtTime=2026-07-28 09:03:00 win=0 maxElapsed=71688 interval=0 flags=0x0 callingUid=10097
2049-07-28 09:02:55.407  2295  4120 D BackupTransportManager: [UserID:0] Transport com.android.localtransport/.LocalTransportService registered
2050-07-28 09:02:55.407  2295  4120 D BackupManagerService: [UserID:0] Transport com.android.localtransport/.LocalTransport registered 3127ms after first request (delay = 3000ms)
--
3258-07-28 09:03:48.884  2295  2729 W ActivityTaskManager: servicetracker HIDL not available
3259-07-28 09:03:48.884  2295  2729 E ActivityTaskManager: Unable to get servicetracker HAL instance
3260-07-28 09:03:48.884  2295  2729 D CompatibilityChangeReporter: Compat change id reported: 194833441; UID 10189; state: ENABLED
3261:07-28 09:03:48.884  2295  2729 I ActivityTaskManager: START u0 {act=android.intent.action.MAIN cat=[android.intent.category.LAUNCHER] flg=0x10010000 pkg=com.mojang.minecraftpe cmp=com.mojang.minecraftpe/.MainActivity} with LAUNCH_SINGLE_TASK from uid 10179 (BAL_ALLOW_ALLOWLISTED_COMPONENT) result code=0
3262:07-28 09:03:48.884  2654  2683 V WindowManagerShell: Transition requested: android.os.BinderProxy@17fb5bf TransitionRequestInfo { type = OPEN, triggerTask = TaskInfo{userId=0 taskId=13 displayId=0 isRunning=true baseIntent=Intent { act=android.intent.action.MAIN cat=[android.intent.category.LAUNCHER] flg=0x10010000 pkg=com.mojang.minecraftpe cmp=com.mojang.minecraftpe/.MainActivity } baseActivity=ComponentInfo{com.mojang.minecraftpe/com.mojang.minecraftpe.MainActivity} topActivity=ComponentInfo{com.mojang.minecraftpe/com.mojang.minecraftpe.MainActivity} origActivity=null realActivity=ComponentInfo{com.mojang.minecraftpe/com.mojang.minecraftpe.MainActivity} numActivities=1 lastActiveTime=120169 supportsMultiWindow=true resizeMode=1 isResizeable=true minWidth=-1 minHeight=-1 defaultMinSize=220 token=WCT{android.window.IWindowContainerToken$Stub$Proxy@d7ac48c} topActivityType=1 pictureInPictureParams=null shouldDockBigOverlays=false launchIntoPipHostTaskId=-1 lastParentTaskIdBeforePip=-1 displayCutoutSafeInsets=null topActivityInfo=ActivityInfo{57087d5 com.mojang.minecraftpe.MainActivity} launchCookies=[] positionInParent=Point(0, 0) parentTaskId=-1 isFocused=false isVisible=false isVisibleRequested=false isSleeping=false topActivityInSizeCompat=false topActivityEligibleForLetterboxEducation= false topActivityLetterboxed= false isFromDoubleTap= false topActivityLetterboxVerticalPosition= -1 topActivityLetterboxHorizontalPosition= -1 topActivityLetterboxWidth=-1 topActivityLetterboxHeight=-1 locusId=null displayAreaFeatureId=1 cameraCompatControlState=hidden}, remoteTransition = null, displayChange = null }
3263-07-28 09:03:48.885  2295  4747 D CompatibilityChangeReporter: Compat change id reported: 168419799; UID 10189; state: DISABLED
3264-07-28 09:03:48.885  2295  4747 D CompatibilityChangeReporter: Compat change id reported: 273564678; UID 10189; state: DISABLED
3265-07-28 09:03:48.886  2295  2354 D CompatibilityChangeReporter: Compat change id reported: 135634846; UID 10189; state: DISABLED
--
3273-07-28 09:03:48.895  2295 10150 W ContextImpl: Calling a method in the system process without a qualified user: android.app.ContextImpl.sendBroadcast:1220 com.qualcomm.qti.Performance$SendGameLaunchBroadcast.run:248 java.lang.Thread.run:1564 <bottom of call stack> <bottom of call stack> 
3274-07-28 09:03:48.897  2295  2493 D CompatibilityChangeReporter: Compat change id reported: 265195908; UID 10189; state: ENABLED
3275-07-28 09:03:48.897  2295  2361 I ActivityManager: Start proc 10148:com.mojang.minecraftpe/u0a189 for next-top-activity {com.mojang.minecraftpe/com.mojang.minecraftpe.MainActivity}
3276:07-28 09:03:48.898  2295  2351 V WindowManager: Sent Transition #10 createdAt=07-28 09:03:48.874 via request=TransitionRequestInfo { type = OPEN, triggerTask = TaskInfo{userId=0 taskId=13 displayId=0 isRunning=true baseIntent=Intent { act=android.intent.action.MAIN cat=[android.intent.category.LAUNCHER] flg=0x10010000 pkg=com.mojang.minecraftpe cmp=com.mojang.minecraftpe/.MainActivity } baseActivity=ComponentInfo{com.mojang.minecraftpe/com.mojang.minecraftpe.MainActivity} topActivity=ComponentInfo{com.mojang.minecraftpe/com.mojang.minecraftpe.MainActivity} origActivity=null realActivity=ComponentInfo{com.mojang.minecraftpe/com.mojang.minecraftpe.MainActivity} numActivities=1 lastActiveTime=120169 supportsMultiWindow=true resizeMode=1 isResizeable=true minWidth=-1 minHeight=-1 defaultMinSize=220 token=WCT{RemoteToken{12e394e Task{d7f6c9e #13 type=standard A=10189:com.mojang.minecraftpe}}} topActivityType=1 pictureInPictureParams=null shouldDockBigOverlays=false launchIntoPipHostTaskId=-1 lastParentTaskIdBeforePip=-1 displayCutoutSafeInsets=null topActivityInfo=ActivityInfo{6785a6f com.mojang.minecraftpe.MainActivity} launchCookies=[] positionInParent=Point(0, 0) parentTaskId=-1 isFocused=false isVisible=false isVisibleRequested=false isSleeping=false topActivityInSizeCompat=false topActivityEligibleForLetterboxEducation= false topActivityLetterboxed= false isFromDoubleTap= false topActivityLetterboxVerticalPosition= -1 topActivityLetterboxHorizontalPosition= -1 topActivityLetterboxWidth=-1 topActivityLetterboxHeight=-1 locusId=null displayAreaFeatureId=1 cameraCompatControlState=hidden}, remoteTransition = null, displayChange = null }
3277-07-28 09:03:48.898  2295  2351 V WindowManager:     startWCT=WindowContainerTransaction { changes = {} hops = [] errorCallbackToken=null taskFragmentOrganizer=null }
3278-07-28 09:03:48.898  2295  2351 V WindowManager:     info={id=10 t=OPEN f=0x0 trk=0 r=[0@Point(0, 0)] c=[{WCT{RemoteToken{12e394e Task{d7f6c9e #13 type=standard A=10189:com.mojang.minecraftpe}}} m=OPEN f=NO_ANIMATION leash=Surface(name=Task=13)/@0x8a29250 sb=Rect(0, 0 - 1920, 1080) eb=Rect(0, 0 - 1920, 1080) d=0},{WCT{RemoteToken{df3630c Task{889b35d #1 type=home}}} m=TO_BACK f=NONE leash=Surface(name=Task=1)/@0xa46647f sb=Rect(0, 0 - 1920, 1080) eb=Rect(0, 0 - 1920, 1080) d=0}]}
3279-07-28 09:03:48.900  2654  2683 V WindowManagerShell: onTransitionReady android.os.BinderProxy@17fb5bf: {id=10 t=OPEN f=0x0 trk=0 r=[0@Point(0, 0)] c=[{WCT{android.window.IWindowContainerToken$Stub$Proxy@c7e68bc} m=OPEN f=NO_ANIMATION leash=Surface(name=Task=13)/@0xaeaa390 sb=Rect(0, 0 - 1920, 1080) eb=Rect(0, 0 - 1920, 1080) d=0},{WCT{android.window.IWindowContainerToken$Stub$Proxy@3241045} m=TO_BACK f=NONE leash=Surface(name=Task=1)/@0x59dcc8e sb=Rect(0, 0 - 1920, 1080) eb=Rect(0, 0 - 1920, 1080) d=0}]}
--
3346-07-28 09:03:49.512  2295  4737 E ActivityTaskManager: Unable to get servicetracker HAL instance
3347-07-28 09:03:49.512  2295  4737 E Transition: Trying to add a ready-group twice: Display{#0 state=ON size=1920x1080 ROTATION_90}
3348-07-28 09:03:49.513  2295  4737 I ActivityTaskManager: START u0 {act=android.content.pm.action.REQUEST_PERMISSIONS pkg=com.google.android.permissioncontroller cmp=com.google.android.permissioncontroller/com.android.permissioncontroller.permission.ui.GrantPermissionsActivity (has extras)} with LAUNCH_MULTIPLE from uid 10189 (BAL_ALLOW_VISIBLE_WINDOW) result code=0
3349:07-28 09:03:49.513  2654  2683 V WindowManagerShell: Transition requested: android.os.BinderProxy@58102fd TransitionRequestInfo { type = OPEN, triggerTask = TaskInfo{userId=0 taskId=13 displayId=0 isRunning=true baseIntent=Intent { act=android.intent.action.MAIN cat=[android.intent.category.LAUNCHER] flg=0x10010000 pkg=com.mojang.minecraftpe cmp=com.mojang.minecraftpe/.MainActivity } baseActivity=ComponentInfo{com.mojang.minecraftpe/com.mojang.minecraftpe.MainActivity} topActivity=ComponentInfo{com.google.android.permissioncontroller/com.android.permissioncontroller.permission.ui.GrantPermissionsActivity} origActivity=null realActivity=ComponentInfo{com.mojang.minecraftpe/com.mojang.minecraftpe.MainActivity} numActivities=2 lastActiveTime=120797 supportsMultiWindow=true resizeMode=1 isResizeable=true minWidth=-1 minHeight=-1 defaultMinSize=220 token=WCT{android.window.IWindowContainerToken$Stub$Proxy@3858bf2} topActivityType=1 pictureInPictureParams=null shouldDockBigOverlays=false launchIntoPipHostTaskId=-1 lastParentTaskIdBeforePip=-1 displayCutoutSafeInsets=null topActivityInfo=ActivityInfo{fac8243 com.android.permissioncontroller.permission.ui.GrantPermissionsActivity} launchCookies=[] positionInParent=Point(0, 0) parentTaskId=-1 isFocused=true isVisible=true isVisibleRequested=true isSleeping=false topActivityInSizeCompat=false topActivityEligibleForLetterboxEducation= false topActivityLetterboxed= false isFromDoubleTap= false topActivityLetterboxVerticalPosition= -1 topActivityLetterboxHorizontalPosition= -1 topActivityLetterboxWidth=-1 topActivityLetterboxHeight=-1 locusId=null displayAreaFeatureId=1 cameraCompatControlState=hidden}, remoteTransition = null, displayChange = null }
3350-07-28 09:03:49.521  2295  4737 D TextToSpeechManagerPerUserService: Trying to start connection to TTS engine: com.google.android.tts
3351-07-28 09:03:49.522  2295  2295 D ActivityManager: sync unfroze 6067 com.google.android.tts for 6
3352-07-28 09:03:49.637  2295  2729 W WindowManager: Failed looking up window session=Session{23e4bd0 10148:u0a10189} callers=com.android.server.wm.WindowManagerService.windowForClientLocked:6067 com.android.server.wm.Session.updateRequestedVisibleTypes:690 android.view.IWindowSession$Stub.onTransact:1034 
--
3391-07-28 09:03:49.863  2654  2683 V WindowManagerShell: loadAnimation: anim=null animAttr=0x4 type=OPEN isEntrance=true
3392-07-28 09:03:49.863  2654  2683 V WindowManagerShell: Transition animation finished (aborted=false), notifying core (#11)android.os.BinderProxy@58102fd@0
3393-07-28 09:03:49.865  2295  2354 W ProcessStats: Tracking association SourceState{a4ce277 com.android.vending/10096 BTop #2349} whose proc state 2 is better than process ProcessState{511b399 com.android.vending:background/10096 pkg=com.android.vending} proc state 14 (24 skipped)
3394:07-28 09:03:49.866  2295  2351 V WindowManager: Sent Transition #11 createdAt=07-28 09:03:49.507 via request=TransitionRequestInfo { type = OPEN, triggerTask = TaskInfo{userId=0 taskId=13 displayId=0 isRunning=true baseIntent=Intent { act=android.intent.action.MAIN cat=[android.intent.category.LAUNCHER] flg=0x10010000 pkg=com.mojang.minecraftpe cmp=com.mojang.minecraftpe/.MainActivity } baseActivity=ComponentInfo{com.mojang.minecraftpe/com.mojang.minecraftpe.MainActivity} topActivity=ComponentInfo{com.google.android.permissioncontroller/com.android.permissioncontroller.permission.ui.GrantPermissionsActivity} origActivity=null realActivity=ComponentInfo{com.mojang.minecraftpe/com.mojang.minecraftpe.MainActivity} numActivities=2 lastActiveTime=120797 supportsMultiWindow=true resizeMode=1 isResizeable=true minWidth=-1 minHeight=-1 defaultMinSize=220 token=WCT{RemoteToken{12e394e Task{d7f6c9e #13 type=standard A=10189:com.mojang.minecraftpe}}} topActivityType=1 pictureInPictureParams=null shouldDockBigOverlays=false launchIntoPipHostTaskId=-1 lastParentTaskIdBeforePip=-1 displayCutoutSafeInsets=null topActivityInfo=ActivityInfo{ec6dee4 com.android.permissioncontroller.permission.ui.GrantPermissionsActivity} launchCookies=[] positionInParent=Point(0, 0) parentTaskId=-1 isFocused=true isVisible=true isVisibleRequested=true isSleeping=false topActivityInSizeCompat=false topActivityEligibleForLetterboxEducation= false topActivityLetterboxed= false isFromDoubleTap= false topActivityLetterboxVerticalPosition= -1 topActivityLetterboxHorizontalPosition= -1 topActivityLetterboxWidth=-1 topActivityLetterboxHeight=-1 locusId=null displayAreaFeatureId=1 cameraCompatControlState=hidden}, remoteTransition = null, displayChange = null }
3395-07-28 09:03:49.866  2654  2683 V WindowManagerShell: Track 0 became idle
3396-07-28 09:03:49.866  2654  2683 V WindowManagerShell: All active transition animations finished
3397-07-28 09:03:49.866  2654  2683 V WindowManagerShell:  animated by com.android.wm.shell.transition.DefaultTransitionHandler@7d6ea2a
--
3533-07-28 09:03:54.530  2295  4747 D OomAdjuster: Not killing cached processes
3534-07-28 09:03:55.022  2295  3101 V AlarmManager: set(PendingIntent{a5887de: PendingIntentRecord{650ec8a com.google.android.gms/com.google.android.gms.scheduler broadcastIntent}}) : type=3 triggerAtTime=2026-07-28 09:04:38 win=32929 maxElapsed=203142 interval=0 flags=0x0 callingUid=10097
3535-07-28 09:03:55.251  1572 29811 F libc    : stack corruption detected (-fstack-protector)
3536:07-28 09:03:55.251  1572 29811 F libc    : Fatal signal 6 (SIGABRT), code -1 (SI_QUEUE) in tid 10819 (xsud), pid 1572 (xsud)
3537-07-28 09:03:55.281 10838 10838 F DEBUG   : *** *** *** *** *** *** *** *** *** *** *** *** *** *** *** ***
3538-07-28 09:03:55.281 10838 10838 F DEBUG   : Build fingerprint: 'AYANEO/AYANEO_Pocket_FIT/PocketFIT:14/01.00_20251226_private_user/eng.scm.20251226.033130:user/release-keys'
3539-07-28 09:03:55.281 10838 10838 F DEBUG   : Revision: '0'
--
3545-07-28 09:03:55.281 10838 10838 F DEBUG   : uid: 0
3546-07-28 09:03:55.281 10838 10838 F DEBUG   : tagged_addr_ctrl: 0000000000000001 (PR_TAGGED_ADDR_ENABLE)
3547-07-28 09:03:55.281 10838 10838 F DEBUG   : pac_enabled_keys: 000000000000000f (PR_PAC_APIAKEY, PR_PAC_APIBKEY, PR_PAC_APDAKEY, PR_PAC_APDBKEY)
3548:07-28 09:03:55.281 10838 10838 F DEBUG   : signal 6 (SIGABRT), code -1 (SI_QUEUE), fault addr --------
3549-07-28 09:03:55.281 10838 10838 F DEBUG   : Abort message: 'stack corruption detected (-fstack-protector)'
3550-07-28 09:03:55.281 10838 10838 F DEBUG   :     x0  0000000000000000  x1  0000000000002a43  x2  0000000000000006  x3  000000776c6fa730
3551-07-28 09:03:55.281 10838 10838 F DEBUG   :     x4  607372652c271f63  x5  607372652c271f63  x6  607372652c271f63  x7  7f7f7f7f7f7f7f7f
--
5707-07-28 09:04:36.213 13836 13836 I xsu     : xsu_recv cmd end
5708-07-28 09:04:36.213 13836 13836 I xsu     : end session!
5709-07-28 09:04:36.214 10844 29537 F libc    : stack corruption detected (-fstack-protector)
5710:07-28 09:04:36.214 10844 29537 F libc    : Fatal signal 6 (SIGABRT), code -1 (SI_QUEUE) in tid 13840 (xsud), pid 10844 (xsud)
5711-07-28 09:04:36.215  1560  1650 E ComposerExtn: SmoMoState::FrameIsLate: queued_frames >= 2
5712-07-28 09:04:36.220  1405  1405 I android.hardware.power-service: reportActualWorkDuration 
5713-07-28 09:04:36.224  1560  1650 E ComposerExtn: SmoMoState::FrameIsLate: queued_frames >= 2
--
5731-07-28 09:04:36.244 13857 13857 F DEBUG   : uid: 0
5732-07-28 09:04:36.244 13857 13857 F DEBUG   : tagged_addr_ctrl: 0000000000000001 (PR_TAGGED_ADDR_ENABLE)
5733-07-28 09:04:36.244 13857 13857 F DEBUG   : pac_enabled_keys: 000000000000000f (PR_PAC_APIAKEY, PR_PAC_APIBKEY, PR_PAC_APDAKEY, PR_PAC_APDBKEY)
5734:07-28 09:04:36.244 13857 13857 F DEBUG   : signal 6 (SIGABRT), code -1 (SI_QUEUE), fault addr --------
5735-07-28 09:04:36.244 13857 13857 F DEBUG   : Abort message: 'stack corruption detected (-fstack-protector)'
5736-07-28 09:04:36.244 13857 13857 F DEBUG   :     x0  0000000000000000  x1  0000000000003610  x2  0000000000000006  x3  000000750013c730
5737-07-28 09:04:36.244 13857 13857 F DEBUG   :     x4  607372652c271f63  x5  607372652c271f63  x6  607372652c271f63  x7  7f7f7f7f7f7f7f7f
--
5764-07-28 09:04:36.282  1560  1650 E ComposerExtn: SmoMoState::FrameIsLate: queued_frames >= 2
5765-07-28 09:04:36.288  1405  1405 I android.hardware.power-service: reportActualWorkDuration 
5766-07-28 09:04:36.291  1560  1650 E ComposerExtn: SmoMoState::FrameIsLate: queued_frames >= 2
5767:07-28 09:04:36.292  6188  6574 D PulseAutoTdp: tgt=120 fps=120.0 jank=0 tail=8ms act=TRIM bn=- cpuB=27 cpuPk=62 primePk=62 io=0 gpuB=74 gpuL=21 capped=0 prk=0 stl=0 draw=-W cT=58 gT=52 caps%[0:100,2:95,5:100,7:100,-100:100] curMHz[0:1689,2:1497,5:2131,7:480] gpu=310 gcap=1050[0/13] lrn=0
5768-07-28 09:04:36.294  1405  1405 I android.hardware.power-service: reportActualWorkDuration 
5769-07-28 09:04:36.297 13861 13861 I xsu     : sending cmd:cat '/sys/class/kgsl/kgsl-3d0/max_pwrlevel' 2>/dev/null
5770-07-28 09:04:36.297 13861 13861 I xsu     : sending cmd end:cat '/sys/class/kgsl/kgsl-3d0/max_pwrlevel' 2>/dev/null
--
9410-07-28 09:04:42.583  2295  2295 E Zygote  : 	at com.android.server.lights.LightsService$LightImpl.setLightUnchecked(LightsService.java:403)
9411-07-28 09:04:42.583  2295  2295 E Zygote  : 	at com.android.server.lights.LightsService$LightImpl.setLightLocked(LightsService.java:387)
9412-07-28 09:04:42.583  2295  2295 E Zygote  : 	at com.android.server.lights.LightsService$LightImpl.setColor(LightsService.java:306)
9413:07-28 09:04:42.583  2295  2295 E Zygote  : 	at com.android.server.BatteryService$Led$1.onAnimationUpdate(BatteryService.java:1276)
9414-07-28 09:04:42.583  2295  2295 E Zygote  : 	at android.animation.Animator$AnimatorCaller.lambda$static$4(Animator.java:858)
9415-07-28 09:04:42.583  2295  2295 E Zygote  : 	at android.animation.Animator$AnimatorCaller$$ExternalSyntheticLambda6.call(Unknown Source:4)
9416-07-28 09:04:42.583  2295  2295 E Zygote  : 	at android.animation.Animator.callOnList(Animator.java:669)
--
9419-07-28 09:04:42.583  2295  2295 E Zygote  : 	at android.animation.ValueAnimator.setCurrentPlayTime(ValueAnimator.java:734)
9420-07-28 09:04:42.583  2295  2295 E Zygote  : 	at android.animation.ValueAnimator.start(ValueAnimator.java:1154)
9421-07-28 09:04:42.583  2295  2295 E Zygote  : 	at android.animation.ValueAnimator.start(ValueAnimator.java:1173)
9422:07-28 09:04:42.583  2295  2295 E Zygote  : 	at com.android.server.BatteryService$Led.startAlphaAnimator(BatteryService.java:1318)
9423:07-28 09:04:42.583  2295  2295 E Zygote  : 	at com.android.server.BatteryService$Led.updateLightsLocked(BatteryService.java:1297)
9424-07-28 09:04:42.583  2295  2295 E Zygote  : 	at com.android.server.BatteryService$9.run(BatteryService.java:700)
9425-07-28 09:04:42.583  2295  2295 E Zygote  : 	at android.os.Handler.handleCallback(Handler.java:958)
9426-07-28 09:04:42.583  2295  2295 E Zygote  : 	at android.os.Handler.dispatchMessage(Handler.java:99)
--
9433-07-28 09:04:42.583  2295  2295 E Zygote  : 	at com.android.internal.os.ZygoteInit.main(ZygoteInit.java:955)
9434-07-28 09:04:42.583  2295  2295 D AndroidRuntime: Shutting down VM
9435-07-28 09:04:42.583  2295  2371 W KernelCpuProcStringReader: File not found. It's normal if not implemented: /proc/uid_concurrent_policy_time
9436:07-28 09:04:42.583  2295  2295 E AndroidRuntime: *** FATAL EXCEPTION IN SYSTEM PROCESS: main
9437-07-28 09:04:42.583  2295  2295 E AndroidRuntime: android.os.ServiceSpecificException:  (code -13)
9438-07-28 09:04:42.583  2295  2295 E AndroidRuntime: 	at android.os.Parcel.createExceptionOrNull(Parcel.java:3071)
9439-07-28 09:04:42.583  2295  2295 E AndroidRuntime: 	at android.os.Parcel.createException(Parcel.java:3041)
--
9443-07-28 09:04:42.583  2295  2295 E AndroidRuntime: 	at com.android.server.lights.LightsService$LightImpl.setLightUnchecked(LightsService.java:403)
9444-07-28 09:04:42.583  2295  2295 E AndroidRuntime: 	at com.android.server.lights.LightsService$LightImpl.setLightLocked(LightsService.java:387)
9445-07-28 09:04:42.583  2295  2295 E AndroidRuntime: 	at com.android.server.lights.LightsService$LightImpl.setColor(LightsService.java:306)
9446:07-28 09:04:42.583  2295  2295 E AndroidRuntime: 	at com.android.server.BatteryService$Led$1.onAnimationUpdate(BatteryService.java:1276)
9447-07-28 09:04:42.583  2295  2295 E AndroidRuntime: 	at android.animation.Animator$AnimatorCaller.lambda$static$4(Animator.java:858)
9448-07-28 09:04:42.583  2295  2295 E AndroidRuntime: 	at android.animation.Animator$AnimatorCaller$$ExternalSyntheticLambda6.call(Unknown Source:4)
9449-07-28 09:04:42.583  2295  2295 E AndroidRuntime: 	at android.animation.Animator.callOnList(Animator.java:669)
--
9452-07-28 09:04:42.583  2295  2295 E AndroidRuntime: 	at android.animation.ValueAnimator.setCurrentPlayTime(ValueAnimator.java:734)
9453-07-28 09:04:42.583  2295  2295 E AndroidRuntime: 	at android.animation.ValueAnimator.start(ValueAnimator.java:1154)
9454-07-28 09:04:42.583  2295  2295 E AndroidRuntime: 	at android.animation.ValueAnimator.start(ValueAnimator.java:1173)
9455:07-28 09:04:42.583  2295  2295 E AndroidRuntime: 	at com.android.server.BatteryService$Led.startAlphaAnimator(BatteryService.java:1318)
9456:07-28 09:04:42.583  2295  2295 E AndroidRuntime: 	at com.android.server.BatteryService$Led.updateLightsLocked(BatteryService.java:1297)
9457-07-28 09:04:42.583  2295  2295 E AndroidRuntime: 	at com.android.server.BatteryService$9.run(BatteryService.java:700)
9458-07-28 09:04:42.583  2295  2295 E AndroidRuntime: 	at android.os.Handler.handleCallback(Handler.java:958)
9459-07-28 09:04:42.583  2295  2295 E AndroidRuntime: 	at android.os.Handler.dispatchMessage(Handler.java:99)
--
9468-07-28 09:04:42.584  2295  2371 E KernelCpuSpeedReader: Failed to read cpu-freq: /sys/devices/system/cpu/cpu4/cpufreq/stats/time_in_state: open failed: EACCES (Permission denied)
9469-07-28 09:04:42.584  2295  2371 E KernelCpuSpeedReader: Failed to read cpu-freq: /sys/devices/system/cpu/cpu0/cpufreq/stats/time_in_state: open failed: EACCES (Permission denied)
9470-07-28 09:04:42.586  2295  2295 I DropBoxManagerService: add tag=system_server_crash isTagEnabled=true flags=0x2
9471:07-28 09:04:42.587 14319 14319 I xsu     : sending cmd:echo 1 > /sys/class/power_supply/battery/online
9472-07-28 09:04:42.587  1405  1405 I android.hardware.power-service: reportActualWorkDuration 
9473:07-28 09:04:42.587 14319 14319 I xsu     : sending cmd end:echo 1 > /sys/class/power_supply/battery/online
9474-07-28 09:04:42.587 14319 14319 I xsu     : free cmd end
9475-07-28 09:04:42.587 14319 14319 I xsu     : xsu_recv cmd before
9476-07-28 09:04:42.587 14319 14319 I xsu_api : xsu_recv memset enter
--
9482-07-28 09:04:42.588 13860 14320 I xsu_api : xsu_recv type and len
9483-07-28 09:04:42.588 13860 14320 I xsu_api : header.type=0, header.payload_size=51, xsu_header_t=4
9484-07-28 09:04:42.588 13860 14320 I xsu_api : xsu_recv type and len end
9485:07-28 09:04:42.588 13860 14320 I xsud    : handle comming cmd:echo 1 > /sys/class/power_supply/battery/online
9486-07-28 09:04:42.588  2295  2295 I Process : Sending signal. PID: 2295 SIG: 9
9487-07-28 09:04:42.590  1560  1650 E ComposerExtn: SmoMoState::FrameIsLate: queued_frames >= 2
9488-07-28 09:04:42.593 14321 14321 I sh      : type=1400 audit(0.0:10965): avc:  denied  { write } for  name="online" dev="sysfs" ino=141984 scontext=u:r:xsud:s0 tcontext=u:object_r:vendor_sysfs_battery_supply:s0 tclass=file permissive=1
9489:07-28 09:04:42.593 14321 14321 I sh      : type=1400 audit(0.0:10966): avc:  denied  { open } for  path="/sys/devices/platform/soc/soc:qcom,pmic_glink/soc:qcom,pmic_glink:qcom,battery_charger/power_supply/battery/online" dev="sysfs" ino=141984 scontext=u:r:xsud:s0 tcontext=u:object_r:vendor_sysfs_battery_supply:s0 tclass=file permissive=1
9490-07-28 09:04:42.596 14319 14319 I xsu_api : xsu_recv retry end
9491-07-28 09:04:42.596 14319 14319 I xsu_api : ret=4, version=200, type=3, payload_size=0
9492-07-28 09:04:42.596 14319 14319 I xsu_api : xsu_recv type and len
--
9625-07-28 09:04:42.677  1384  2431 D AHAL: AudioStream: ~StreamOutPrimary: 4380: close stream, handle(1d), pal_stream_handle (0x0)
9626-07-28 09:04:42.683  1436  1436 E camx-service.provider.camera_provider.cpp: binderDied: Binder Died; unlinkToDeath and abort the provider!!!
9627-07-28 09:04:42.683  1436  1436 E vendor.qti.camera.provider-service_64: unlinkToDeath: removed reference to death recipient but unlink failed: DEAD_OBJECT
9628:07-28 09:04:42.683  1436  1436 F libc    : Fatal signal 6 (SIGABRT), code -1 (SI_QUEUE) in tid 1436 (binder:1436_2), pid 1436 (binder:1436_2)
9629-07-28 09:04:42.689  1901  3917 E qms     : unlinkToDeath: removed reference to death recipient but unlink failed: DEAD_OBJECT
9630-07-28 09:04:42.693  1873  1938 E IPCThreadState: attemptIncStrongHandle(3): Not supported
9631-07-28 09:04:42.693  1873  1938 E IPCThreadState: attemptIncStrongHandle(1): Not supported
--
9665-07-28 09:04:42.713 14352 14352 F DEBUG   : uid: 1047
9666-07-28 09:04:42.713 14352 14352 F DEBUG   : tagged_addr_ctrl: 0000000000000001 (PR_TAGGED_ADDR_ENABLE)
9667-07-28 09:04:42.713 14352 14352 F DEBUG   : pac_enabled_keys: 000000000000000f (PR_PAC_APIAKEY, PR_PAC_APIBKEY, PR_PAC_APDAKEY, PR_PAC_APDBKEY)
9668:07-28 09:04:42.713 14352 14352 F DEBUG   : signal 6 (SIGABRT), code -1 (SI_QUEUE), fault addr --------
9669-07-28 09:04:42.714 14352 14352 F DEBUG   :     x0  0000000000000000  x1  000000000000059c  x2  0000000000000006  x3  0000007ffff32810
9670-07-28 09:04:42.714 14352 14352 F DEBUG   :     x4  64626d6471646564  x5  64626d6471646564  x6  64626d6471646564  x7  7f7f7f7f7f7f7f7f
9671-07-28 09:04:42.714 14352 14352 F DEBUG   :     x8  00000000000000f0  x9  0000007c57a8a1b8  x10 0000000000000001  x11 0000007c57ad2924
--
25105-07-28 09:04:46.844 15458 15458 D vold_prepare_subdirs: Setting up mode 700 uid 1000 gid 1000 context u:object_r:backup_data_file:s0 on path: /data/system_ce/0/backup_stage
25106-07-28 09:04:46.844 15459 15459 D nativeloader: Load libframework-connectivity-tiramisu-jni.so using APEX ns com_android_tethering for caller /apex/com.android.tethering/javalib/framework-connectivity-t.jar: ok
25107-07-28 09:04:46.844 15458 15458 D vold_prepare_subdirs: Setting up mode 700 uid 1000 gid 1000 context u:object_r:face_vendor_data_file:s0 on path: /data/vendor_ce/0/facedata
25108:07-28 09:04:46.844 15468 15468 F libc    : Fatal signal 6 (SIGABRT), code -1 (SI_QUEUE) in tid 15468 (init), pid 15468 (init)
25109-07-28 09:04:46.844 15464 15464 I Zygote  : seccomp disabled by setenforce 0
25110-07-28 09:04:46.845 14929 14983 E QesdkSysService: package name not passed correctly to qesd_info_monitor for query: 0
25111-07-28 09:04:46.845 14929 14983 E QesdkSysService: package name not passed correctly to qesd_info_query for query: 0
--
25319-07-28 09:04:46.873 14908 15520 D txpwrJni: jni detached
25320-07-28 09:04:46.873 15501 15501 F DEBUG   : tagged_addr_ctrl: 0000000000000001 (PR_TAGGED_ADDR_ENABLE)
25321-07-28 09:04:46.873 15501 15501 F DEBUG   : pac_enabled_keys: 000000000000000f (PR_PAC_APIAKEY, PR_PAC_APIBKEY, PR_PAC_APDAKEY, PR_PAC_APDBKEY)
25322:07-28 09:04:46.873 15501 15501 F DEBUG   : signal 6 (SIGABRT), code -1 (SI_QUEUE), fault addr --------
25323-07-28 09:04:46.873 15501 15501 F DEBUG   :     x0  0000000000000000  x1  0000000000003c6c  x2  0000000000000006  x3  0000007ff9eadd20
25324-07-28 09:04:46.873 15501 15501 F DEBUG   :     x4  000000000000000a  x5  000000000000000a  x6  000000000000000a  x7  7f7f7f7f7f7f7f7f
25325-07-28 09:04:46.873 15501 15501 F DEBUG   :     x8  00000000000000f0  x9  0000007f9ea691b8  x10 0000000000000001  x11 0000007f9eab1924
--
27384-07-28 09:04:47.166 15916 15916 D nativeloader: Load libframework-connectivity-jni.so using APEX ns com_android_tethering for caller /apex/com.android.tethering/javalib/framework-connectivity.jar: ok
27385-07-28 09:04:47.167 15589 15848 I AiAiCaptions: shouldEnableCaptionsForCalls: isCallCaptioningEnabled is false
27386-07-28 09:04:47.167 15404 15437 D CompatibilityChangeReporter: Compat change id reported: 148180766; UID 10097; state: ENABLED
27387:07-28 09:04:47.167 15962 15962 I xsu     : sending cmd:echo 1 > /sys/class/power_supply/battery/online
27388-07-28 09:04:47.168 15589 15848 I AiAiCaptions: Would disable com.google.android.apps.miphone.aiai.captions.tulip.audiosource.impl.CIS (reason: Captions for calls is disabled in device config) but already disabled
27389-07-28 09:04:47.168 15916 15916 I Perf    : Connecting to perf service.
27390:07-28 09:04:47.168 15962 15962 I xsu     : sending cmd end:echo 1 > /sys/class/power_supply/battery/online
27391-07-28 09:04:47.168 15962 15962 I xsu     : free cmd end
27392-07-28 09:04:47.168 15962 15962 I xsu     : xsu_recv cmd before
27393-07-28 09:04:47.168 15962 15962 I xsu_api : xsu_recv memset enter
--
27399-07-28 09:04:47.168 13860 15970 I xsu_api : xsu_recv type and len
27400-07-28 09:04:47.168 13860 15970 I xsu_api : header.type=0, header.payload_size=51, xsu_header_t=4
27401-07-28 09:04:47.168 13860 15970 I xsu_api : xsu_recv type and len end
27402:07-28 09:04:47.168 13860 15970 I xsud    : handle comming cmd:echo 1 > /sys/class/power_supply/battery/online
27403-07-28 09:04:47.168 15830 15961 D CompatibilityChangeReporter: Compat change id reported: 194532703; UID 1000; state: ENABLED
27404-07-28 09:04:47.168 15830 15961 D CompatibilityChangeReporter: Compat change id reported: 253665015; UID 1000; state: DISABLED
27405-07-28 09:04:47.169 15404 15404 D BoundBrokerSvc: onBind: Intent { act=com.google.android.gms.usagereporting.service.START dat=chimera-action:/... cmp=com.google.android.gms/.chimera.PersistentDirectBootAwareApiService }
