# TRIMMED (analyze-pulse-logs.py) -- original was 147 lines / 25202B.
# Kept: every distinct line; runs of 3+ consecutive identical lines (idle TICK-SKIP polling,
# only the timestamp differs) collapsed to first + elision count + last.
# ---
2026-07-31 00:17:29 === pulse_daemon session start === version=1.19.6 (303) built 2026-07-30 23:48:10 script_crc32=ebbd831f
2026-07-31 00:17:40 PulseAutoTdp: TICK-SKIP overlayShouldShow=false autoActive=false quickAccessShouldShow=false autoTdpPackage=null boundPackage=null lastForeground=null
2026-07-31 00:17:40 PulseFan: arbiter=None auto=false bound=null managed=4 latched=false
2026-07-31 00:17:41 PulseAutoTdp: TICK-SKIP overlayShouldShow=false autoActive=false quickAccessShouldShow=false autoTdpPackage=null boundPackage=null lastForeground=null
# ... 25 more identical lines elided (same content, only timestamp differs) ...
2026-07-31 00:18:10 PulseAutoTdp: TICK-SKIP overlayShouldShow=false autoActive=false quickAccessShouldShow=false autoTdpPackage=null boundPackage=null lastForeground=null
2026-07-31 00:18:11 PulseAutoTdp: TICK-SKIP overlayShouldShow=false autoActive=false quickAccessShouldShow=false autoTdpPackage=null boundPackage=null lastForeground=com.kei.pulse
# ... 17 more identical lines elided (same content, only timestamp differs) ...
2026-07-31 00:18:38 PulseAutoTdp: TICK-SKIP overlayShouldShow=false autoActive=false quickAccessShouldShow=false autoTdpPackage=null boundPackage=null lastForeground=com.kei.pulse
2026-07-31 00:18:38 PulseFan: arbiter=None auto=false bound=null managed=5 latched=false
2026-07-31 00:18:39 PulseAutoTdp: TICK-SKIP overlayShouldShow=false autoActive=false quickAccessShouldShow=false autoTdpPackage=null boundPackage=null lastForeground=com.kei.pulse
# ... 1 more identical lines elided (same content, only timestamp differs) ...
2026-07-31 00:18:41 PulseAutoTdp: TICK-SKIP overlayShouldShow=false autoActive=false quickAccessShouldShow=false autoTdpPackage=null boundPackage=null lastForeground=com.kei.pulse
2026-07-31 00:18:41 PulseFan: arbiter=None auto=false bound=null managed=4 latched=false
2026-07-31 00:18:42 PulseAutoTdp: TICK-SKIP overlayShouldShow=false autoActive=false quickAccessShouldShow=false autoTdpPackage=null boundPackage=null lastForeground=com.kei.pulse
# ... 2 more identical lines elided (same content, only timestamp differs) ...
2026-07-31 00:18:45 PulseAutoTdp: TICK-SKIP overlayShouldShow=false autoActive=false quickAccessShouldShow=false autoTdpPackage=null boundPackage=null lastForeground=com.kei.pulse
2026-07-31 00:18:45 PulseFan: arbiter=None auto=false bound=null managed=1 latched=false
2026-07-31 00:18:46 PulseAutoTdp: TICK-SKIP overlayShouldShow=false autoActive=false quickAccessShouldShow=false autoTdpPackage=null boundPackage=null lastForeground=com.kei.pulse
2026-07-31 00:18:46 PulseFan: arbiter=None auto=false bound=null managed=4 latched=false
2026-07-31 00:18:47 PulseAutoTdp: TICK-SKIP overlayShouldShow=false autoActive=false quickAccessShouldShow=false autoTdpPackage=null boundPackage=null lastForeground=com.kei.pulse
# ... 32 more identical lines elided (same content, only timestamp differs) ...
2026-07-31 00:19:21 PulseAutoTdp: TICK-SKIP overlayShouldShow=false autoActive=false quickAccessShouldShow=false autoTdpPackage=null boundPackage=null lastForeground=com.kei.pulse
2026-07-31 00:19:21 PulseFan: arbiter=SetVendorMode(mode=4) auto=false bound=null managed=4 latched=false
2026-07-31 00:19:22 PulseAutoTdp: TICK-SKIP overlayShouldShow=false autoActive=false quickAccessShouldShow=false autoTdpPackage=null boundPackage=null lastForeground=com.kei.pulse
2026-07-31 00:19:22 PulseFan: arbiter=None auto=false bound=null managed=4 latched=false
2026-07-31 00:19:23 PulseAutoTdp: TICK-SKIP overlayShouldShow=false autoActive=false quickAccessShouldShow=false autoTdpPackage=null boundPackage=null lastForeground=com.kei.pulse
2026-07-31 00:19:24 PulseAutoTdp: TICK-SKIP overlayShouldShow=false autoActive=false quickAccessShouldShow=false autoTdpPackage=null boundPackage=null lastForeground=com.kei.pulse
2026-07-31 00:19:24 PulseFan: arbiter=SetVendorMode(mode=4) auto=false bound=null managed=4 latched=false
2026-07-31 00:19:25 PulseAutoTdp: TICK-SKIP overlayShouldShow=false autoActive=false quickAccessShouldShow=false autoTdpPackage=null boundPackage=null lastForeground=com.kei.pulse
2026-07-31 00:19:25 PulseFan: arbiter=None auto=false bound=null managed=4 latched=false
2026-07-31 00:19:26 PulseAutoTdp: TICK-SKIP overlayShouldShow=false autoActive=false quickAccessShouldShow=false autoTdpPackage=null boundPackage=null lastForeground=com.kei.pulse
2026-07-31 00:19:26 PulseFan: arbiter=SetVendorMode(mode=4) auto=false bound=null managed=4 latched=false
2026-07-31 00:19:27 PulseAutoTdp: TICK-SKIP overlayShouldShow=false autoActive=false quickAccessShouldShow=false autoTdpPackage=null boundPackage=null lastForeground=com.kei.pulse
2026-07-31 00:19:27 PulseFan: arbiter=None auto=false bound=null managed=4 latched=false
2026-07-31 00:19:28 PulseAutoTdp: TICK-SKIP overlayShouldShow=false autoActive=false quickAccessShouldShow=false autoTdpPackage=null boundPackage=null lastForeground=com.kei.pulse
# ... 38 more identical lines elided (same content, only timestamp differs) ...
2026-07-31 00:20:08 PulseAutoTdp: TICK-SKIP overlayShouldShow=false autoActive=false quickAccessShouldShow=false autoTdpPackage=null boundPackage=null lastForeground=com.kei.pulse
