# TRIMMED (analyze-pulse-logs.py) -- original was 406 lines / 33745B.
# Kept: every distinct line; runs of 3+ consecutive identical lines (idle TICK-SKIP polling,
# only the timestamp differs) collapsed to first + elision count + last.
# ---
2026-08-03 14:49:37 === pulse_daemon session start === version=1.19.6 (303) built 2026-07-31 00:45:36 script_crc32=ebbd831f
2026-08-03 14:49:42 PulseAutoTdp: TICK-SKIP overlayShouldShow=false autoActive=false quickAccessShouldShow=false autoTdpPackage=null boundPackage=null lastForeground=null
2026-08-03 14:49:42 PulseFan: arbiter=RunCustomLoop auto=false bound=null managed=6 latched=false
2026-08-03 14:49:46 PulseDaemon: telemetry read via daemon (16 path(s))
2026-08-03 14:49:46 PulseFan: CUSTOM fan running (autoTdp=false smart=false temp=58 applied=20% target=28)
2026-08-03 14:49:46 PulseDaemon: telemetry read via xsu fallback (1 path(s))
2026-08-03 14:49:47 PulseDaemon: telemetry read via daemon (1 path(s))
# ... 4 more identical lines elided (same content, only timestamp differs) ...
2026-08-03 14:49:47 PulseDaemon: telemetry read via daemon (1 path(s))
2026-08-03 14:49:47 PulseAutoTdp: TICK-SKIP overlayShouldShow=false autoActive=false quickAccessShouldShow=false autoTdpPackage=null boundPackage=null lastForeground=null
2026-08-03 14:49:48 PulseFan: arbiter=RunCustomLoop auto=false bound=null managed=6 latched=false
2026-08-03 14:49:48 PulseDaemon: telemetry read via daemon (16 path(s))
2026-08-03 14:49:48 PulseFan: CUSTOM fan running (autoTdp=false smart=false temp=60 applied=27% target=28)
2026-08-03 14:49:48 PulseDaemon: telemetry read via daemon (1 path(s))
# ... 4 more identical lines elided (same content, only timestamp differs) ...
2026-08-03 14:49:49 PulseDaemon: telemetry read via daemon (1 path(s))
2026-08-03 14:49:49 PulseAutoTdp: TICK-SKIP overlayShouldShow=false autoActive=false quickAccessShouldShow=false autoTdpPackage=null boundPackage=null lastForeground=null
2026-08-03 14:49:49 PulseDaemon: telemetry read via daemon (16 path(s))
2026-08-03 14:49:49 PulseDaemon: telemetry read via daemon (1 path(s))
2026-08-03 14:49:49 PulseFan: CUSTOM fan running (autoTdp=false smart=false temp=65 applied=28% target=30)
2026-08-03 14:49:49 PulseDaemon: telemetry read via daemon (1 path(s))
# ... 5 more identical lines elided (same content, only timestamp differs) ...
2026-08-03 14:49:50 PulseDaemon: telemetry read via daemon (1 path(s))
2026-08-03 14:49:50 PulseAutoTdp: TICK-SKIP overlayShouldShow=false autoActive=false quickAccessShouldShow=false autoTdpPackage=null boundPackage=null lastForeground=null
2026-08-03 14:49:50 PulseDaemon: telemetry read via xsu fallback (1 path(s))
2026-08-03 14:49:50 PulseDaemon: telemetry read via daemon (1 path(s))
# ... 8 more identical lines elided (same content, only timestamp differs) ...
2026-08-03 14:49:51 PulseDaemon: telemetry read via daemon (1 path(s))
2026-08-03 14:49:52 PulseFan: CUSTOM fan running (autoTdp=false smart=false temp=64 applied=30% target=29)
2026-08-03 14:49:52 PulseDaemon: telemetry read via xsu fallback (1 path(s))
2026-08-03 14:49:53 PulseDaemon: telemetry read via xsu fallback (1 path(s))
2026-08-03 14:49:53 PulseAutoTdp: TICK-SKIP overlayShouldShow=false autoActive=false quickAccessShouldShow=false autoTdpPackage=null boundPackage=null lastForeground=null
2026-08-03 14:49:53 PulseDaemon: telemetry read via xsu fallback (16 path(s))
2026-08-03 14:49:53 PulseDaemon: telemetry read via xsu fallback (1 path(s))
2026-08-03 14:49:53 PulseDaemon: telemetry read via daemon (1 path(s))
# ... 5 more identical lines elided (same content, only timestamp differs) ...
2026-08-03 14:49:54 PulseDaemon: telemetry read via daemon (1 path(s))
2026-08-03 14:49:54 PulseFan: CUSTOM fan running (autoTdp=false smart=false temp=63 applied=29% target=29)
2026-08-03 14:49:54 PulseDaemon: telemetry read via daemon (1 path(s))
# ... 6 more identical lines elided (same content, only timestamp differs) ...
2026-08-03 14:49:55 PulseDaemon: telemetry read via daemon (1 path(s))
2026-08-03 14:49:55 PulseAutoTdp: TICK-SKIP overlayShouldShow=false autoActive=false quickAccessShouldShow=false autoTdpPackage=null boundPackage=null lastForeground=null
2026-08-03 14:49:55 PulseFan: arbiter=RunCustomLoop auto=false bound=null managed=6 latched=false
2026-08-03 14:49:56 PulseDaemon: telemetry read via daemon (16 path(s))
2026-08-03 14:49:56 PulseDaemon: telemetry read via daemon (1 path(s))
2026-08-03 14:49:56 PulseFan: CUSTOM fan running (autoTdp=false smart=false temp=61 applied=29% target=29)
2026-08-03 14:49:56 PulseDaemon: telemetry read via daemon (1 path(s))
# ... 5 more identical lines elided (same content, only timestamp differs) ...
2026-08-03 14:49:57 PulseDaemon: telemetry read via daemon (1 path(s))
2026-08-03 14:49:57 PulseAutoTdp: TICK-SKIP overlayShouldShow=false autoActive=false quickAccessShouldShow=false autoTdpPackage=null boundPackage=null lastForeground=null
2026-08-03 14:49:57 PulseFan: arbiter=RunCustomLoop auto=false bound=null managed=6 latched=false
2026-08-03 14:49:57 PulseDaemon: telemetry read via daemon (16 path(s))
2026-08-03 14:49:57 PulseDaemon: telemetry read via daemon (1 path(s))
2026-08-03 14:49:57 PulseFan: CUSTOM fan running (autoTdp=false smart=false temp=59 applied=29% target=28)
2026-08-03 14:49:57 PulseDaemon: telemetry read via daemon (1 path(s))
# ... 6 more identical lines elided (same content, only timestamp differs) ...
2026-08-03 14:49:58 PulseDaemon: telemetry read via daemon (1 path(s))
2026-08-03 14:49:58 PulseAutoTdp: TICK-SKIP overlayShouldShow=false autoActive=false quickAccessShouldShow=false autoTdpPackage=null boundPackage=null lastForeground=null
2026-08-03 14:49:58 PulseFan: arbiter=RunCustomLoop auto=false bound=null managed=6 latched=false
2026-08-03 14:49:58 PulseDaemon: telemetry read via daemon (16 path(s))
2026-08-03 14:49:58 PulseFan: CUSTOM fan running (autoTdp=false smart=false temp=58 applied=28% target=28)
2026-08-03 14:49:58 PulseDaemon: telemetry read via daemon (1 path(s))
# ... 5 more identical lines elided (same content, only timestamp differs) ...
2026-08-03 14:49:59 PulseDaemon: telemetry read via daemon (1 path(s))
2026-08-03 14:49:59 PulseAutoTdp: TICK-SKIP overlayShouldShow=false autoActive=false quickAccessShouldShow=false autoTdpPackage=null boundPackage=null lastForeground=null
2026-08-03 14:49:59 PulseFan: arbiter=RunCustomLoop auto=false bound=null managed=6 latched=false
2026-08-03 14:49:59 PulseDaemon: telemetry read via xsu fallback (1 path(s))
2026-08-03 14:49:59 PulseFan: CUSTOM fan running (autoTdp=false smart=false temp=58 applied=28% target=28)
2026-08-03 14:50:00 PulseDaemon: telemetry read via daemon (1 path(s))
# ... 4 more identical lines elided (same content, only timestamp differs) ...
2026-08-03 14:50:00 PulseDaemon: telemetry read via daemon (1 path(s))
2026-08-03 14:50:00 PulseAutoTdp: TICK-SKIP overlayShouldShow=false autoActive=false quickAccessShouldShow=false autoTdpPackage=null boundPackage=null lastForeground=null
2026-08-03 14:50:00 PulseFan: arbiter=RunCustomLoop auto=false bound=null managed=6 latched=false
2026-08-03 14:50:01 PulseDaemon: telemetry read via daemon (16 path(s))
2026-08-03 14:50:01 PulseDaemon: telemetry read via daemon (1 path(s))
# ... 6 more identical lines elided (same content, only timestamp differs) ...
2026-08-03 14:50:02 PulseDaemon: telemetry read via daemon (1 path(s))
2026-08-03 14:50:02 PulseAutoTdp: TICK-SKIP overlayShouldShow=false autoActive=false quickAccessShouldShow=false autoTdpPackage=null boundPackage=null lastForeground=null
2026-08-03 14:50:02 PulseDaemon: telemetry read via daemon (16 path(s))
2026-08-03 14:50:02 PulseFan: CUSTOM fan running (autoTdp=false smart=false temp=61 applied=28% target=29)
2026-08-03 14:50:02 PulseDaemon: telemetry read via daemon (1 path(s))
# ... 5 more identical lines elided (same content, only timestamp differs) ...
2026-08-03 14:50:03 PulseDaemon: telemetry read via daemon (1 path(s))
2026-08-03 14:50:03 PulseAutoTdp: TICK-SKIP overlayShouldShow=false autoActive=false quickAccessShouldShow=false autoTdpPackage=null boundPackage=null lastForeground=null
2026-08-03 14:50:03 PulseFan: arbiter=RunCustomLoop auto=false bound=null managed=6 latched=false
2026-08-03 14:50:03 PulseDaemon: telemetry read via xsu fallback (1 path(s))
2026-08-03 14:50:03 PulseDaemon: telemetry read via xsu fallback (16 path(s))
2026-08-03 14:50:03 PulseDaemon: telemetry read via daemon (1 path(s))
# ... 8 more identical lines elided (same content, only timestamp differs) ...
2026-08-03 14:50:04 PulseDaemon: telemetry read via daemon (1 path(s))
2026-08-03 14:50:05 PulseFan: CUSTOM fan running (autoTdp=false smart=false temp=60 applied=29% target=28)
2026-08-03 14:50:05 PulseDaemon: telemetry read via daemon (1 path(s))
# ... 5 more identical lines elided (same content, only timestamp differs) ...
2026-08-03 14:50:06 PulseDaemon: telemetry read via daemon (1 path(s))
2026-08-03 14:50:06 PulseAutoTdp: TICK-SKIP overlayShouldShow=false autoActive=false quickAccessShouldShow=false autoTdpPackage=null boundPackage=null lastForeground=null
2026-08-03 14:50:06 PulseFan: arbiter=RunCustomLoop auto=false bound=null managed=6 latched=false
2026-08-03 14:50:06 PulseDaemon: telemetry read via daemon (16 path(s))
2026-08-03 14:50:06 PulseFan: CUSTOM fan running (autoTdp=false smart=false temp=59 applied=28% target=28)
2026-08-03 14:50:06 PulseDaemon: telemetry read via daemon (1 path(s))
# ... 5 more identical lines elided (same content, only timestamp differs) ...
2026-08-03 14:50:07 PulseDaemon: telemetry read via daemon (1 path(s))
2026-08-03 14:50:07 PulseAutoTdp: TICK-SKIP overlayShouldShow=false autoActive=false quickAccessShouldShow=false autoTdpPackage=null boundPackage=null lastForeground=null
2026-08-03 14:50:07 PulseFan: arbiter=RunCustomLoop auto=false bound=null managed=6 latched=false
2026-08-03 14:50:07 PulseDaemon: telemetry read via xsu fallback (1 path(s))
2026-08-03 14:50:07 PulseFan: CUSTOM fan running (autoTdp=false smart=false temp=59 applied=28% target=28)
2026-08-03 14:50:07 PulseDaemon: telemetry read via daemon (1 path(s))
# ... 4 more identical lines elided (same content, only timestamp differs) ...
2026-08-03 14:50:08 PulseDaemon: telemetry read via daemon (1 path(s))
2026-08-03 14:50:08 PulseAutoTdp: TICK-SKIP overlayShouldShow=false autoActive=false quickAccessShouldShow=false autoTdpPackage=null boundPackage=null lastForeground=null
2026-08-03 14:50:08 PulseDaemon: telemetry read via daemon (1 path(s))
2026-08-03 14:50:08 PulseDaemon: telemetry read via daemon (16 path(s))
2026-08-03 14:50:08 PulseFan: CUSTOM fan running (autoTdp=false smart=false temp=58 applied=28% target=28)
2026-08-03 14:50:08 PulseDaemon: telemetry read via daemon (1 path(s))
# ... 5 more identical lines elided (same content, only timestamp differs) ...
2026-08-03 14:50:09 PulseDaemon: telemetry read via daemon (1 path(s))
2026-08-03 14:50:09 PulseAutoTdp: TICK-SKIP overlayShouldShow=false autoActive=false quickAccessShouldShow=false autoTdpPackage=null boundPackage=null lastForeground=null
2026-08-03 14:50:10 PulseDaemon: telemetry read via xsu fallback (1 path(s))
2026-08-03 14:50:10 PulseDaemon: telemetry read via xsu fallback (16 path(s))
2026-08-03 14:50:10 PulseDaemon: telemetry read via daemon (1 path(s))
# ... 9 more identical lines elided (same content, only timestamp differs) ...
2026-08-03 14:50:11 PulseDaemon: telemetry read via daemon (1 path(s))
2026-08-03 14:50:11 PulseFan: CUSTOM fan running (autoTdp=false smart=false temp=57 applied=28% target=27)
2026-08-03 14:50:11 PulseDaemon: telemetry read via daemon (1 path(s))
# ... 6 more identical lines elided (same content, only timestamp differs) ...
2026-08-03 14:50:12 PulseDaemon: telemetry read via daemon (1 path(s))
2026-08-03 14:50:12 PulseAutoTdp: TICK-SKIP overlayShouldShow=false autoActive=false quickAccessShouldShow=false autoTdpPackage=null boundPackage=null lastForeground=null
2026-08-03 14:50:12 PulseFan: arbiter=RunCustomLoop auto=false bound=null managed=6 latched=false
2026-08-03 14:50:12 PulseDaemon: telemetry read via daemon (16 path(s))
2026-08-03 14:50:12 PulseDaemon: telemetry read via daemon (1 path(s))
2026-08-03 14:50:12 PulseFan: CUSTOM fan running (autoTdp=false smart=false temp=57 applied=27% target=27)
2026-08-03 14:50:13 PulseDaemon: telemetry read via daemon (1 path(s))
# ... 5 more identical lines elided (same content, only timestamp differs) ...
2026-08-03 14:50:13 PulseDaemon: telemetry read via daemon (1 path(s))
2026-08-03 14:50:13 PulseAutoTdp: TICK-SKIP overlayShouldShow=false autoActive=false quickAccessShouldShow=false autoTdpPackage=null boundPackage=null lastForeground=null
2026-08-03 14:50:13 PulseFan: arbiter=RunCustomLoop auto=false bound=null managed=6 latched=false
2026-08-03 14:50:14 PulseDaemon: telemetry read via daemon (16 path(s))
2026-08-03 14:50:14 PulseDaemon: telemetry read via daemon (1 path(s))
2026-08-03 14:50:14 PulseFan: CUSTOM fan running (autoTdp=false smart=false temp=57 applied=27% target=27)
2026-08-03 14:50:14 PulseDaemon: telemetry read via daemon (1 path(s))
# ... 6 more identical lines elided (same content, only timestamp differs) ...
2026-08-03 14:50:15 PulseDaemon: telemetry read via daemon (1 path(s))
2026-08-03 14:50:15 PulseAutoTdp: TICK-SKIP overlayShouldShow=false autoActive=false quickAccessShouldShow=false autoTdpPackage=null boundPackage=null lastForeground=null
2026-08-03 14:50:15 PulseFan: arbiter=RunCustomLoop auto=false bound=null managed=6 latched=false
2026-08-03 14:50:15 PulseDaemon: telemetry read via daemon (16 path(s))
2026-08-03 14:50:15 PulseDaemon: telemetry read via daemon (1 path(s))
2026-08-03 14:50:15 PulseFan: CUSTOM fan running (autoTdp=false smart=false temp=57 applied=27% target=27)
2026-08-03 14:50:15 PulseDaemon: telemetry read via daemon (1 path(s))
# ... 5 more identical lines elided (same content, only timestamp differs) ...
2026-08-03 14:50:16 PulseDaemon: telemetry read via daemon (1 path(s))
2026-08-03 14:50:16 PulseAutoTdp: TICK-SKIP overlayShouldShow=false autoActive=false quickAccessShouldShow=false autoTdpPackage=null boundPackage=null lastForeground=null
2026-08-03 14:50:16 PulseFan: arbiter=RunCustomLoop auto=false bound=null managed=6 latched=false
2026-08-03 14:50:16 PulseDaemon: telemetry read via xsu fallback (1 path(s))
2026-08-03 14:50:16 PulseDaemon: telemetry read via daemon (1 path(s))
# ... 16 more identical lines elided (same content, only timestamp differs) ...
2026-08-03 14:50:18 PulseDaemon: telemetry read via daemon (1 path(s))
2026-08-03 14:50:19 PulseAutoTdp: TICK-SKIP overlayShouldShow=false autoActive=false quickAccessShouldShow=false autoTdpPackage=null boundPackage=null lastForeground=null
2026-08-03 14:50:19 PulseDaemon: telemetry read via daemon (16 path(s))
2026-08-03 14:50:19 PulseFan: CUSTOM fan running (autoTdp=false smart=false temp=57 applied=27% target=27)
2026-08-03 14:50:19 PulseDaemon: telemetry read via daemon (1 path(s))
# ... 5 more identical lines elided (same content, only timestamp differs) ...
2026-08-03 14:50:20 PulseDaemon: telemetry read via daemon (1 path(s))
2026-08-03 14:50:20 PulseAutoTdp: TICK-SKIP overlayShouldShow=false autoActive=false quickAccessShouldShow=false autoTdpPackage=null boundPackage=null lastForeground=null
2026-08-03 14:50:20 PulseFan: arbiter=RunCustomLoop auto=false bound=null managed=6 latched=false
2026-08-03 14:50:20 PulseDaemon: telemetry read via daemon (16 path(s))
2026-08-03 14:50:20 PulseDaemon: telemetry read via daemon (1 path(s))
2026-08-03 14:50:20 PulseFan: CUSTOM fan running (autoTdp=false smart=false temp=56 applied=27% target=27)
2026-08-03 14:50:20 PulseDaemon: telemetry read via daemon (1 path(s))
# ... 5 more identical lines elided (same content, only timestamp differs) ...
2026-08-03 14:50:21 PulseDaemon: telemetry read via daemon (1 path(s))
2026-08-03 14:50:21 PulseAutoTdp: TICK-SKIP overlayShouldShow=false autoActive=false quickAccessShouldShow=false autoTdpPackage=null boundPackage=null lastForeground=null
2026-08-03 14:50:21 PulseFan: arbiter=RunCustomLoop auto=false bound=null managed=6 latched=false
2026-08-03 14:50:21 PulseDaemon: telemetry read via xsu fallback (1 path(s))
2026-08-03 14:50:21 PulseFan: CUSTOM fan running (autoTdp=false smart=false temp=56 applied=27% target=27)
2026-08-03 14:50:21 PulseDaemon: telemetry read via daemon (1 path(s))
# ... 4 more identical lines elided (same content, only timestamp differs) ...
2026-08-03 14:50:22 PulseDaemon: telemetry read via daemon (1 path(s))
2026-08-03 14:50:22 PulseAutoTdp: TICK-SKIP overlayShouldShow=false autoActive=false quickAccessShouldShow=false autoTdpPackage=null boundPackage=null lastForeground=null
2026-08-03 14:50:22 PulseFan: arbiter=RunCustomLoop auto=false bound=null managed=6 latched=false
2026-08-03 14:50:22 PulseDaemon: telemetry read via daemon (16 path(s))
2026-08-03 14:50:22 PulseFan: CUSTOM fan running (autoTdp=false smart=false temp=56 applied=27% target=27)
2026-08-03 14:50:23 PulseDaemon: telemetry read via daemon (1 path(s))
# ... 5 more identical lines elided (same content, only timestamp differs) ...
2026-08-03 14:50:23 PulseDaemon: telemetry read via daemon (1 path(s))
2026-08-03 14:50:24 PulseAutoTdp: TICK-SKIP overlayShouldShow=false autoActive=false quickAccessShouldShow=false autoTdpPackage=null boundPackage=null lastForeground=null
2026-08-03 14:50:24 PulseFan: arbiter=RunCustomLoop auto=false bound=null managed=6 latched=false
2026-08-03 14:50:24 PulseDaemon: telemetry read via xsu fallback (16 path(s))
2026-08-03 14:50:24 PulseDaemon: telemetry read via xsu fallback (1 path(s))
2026-08-03 14:50:24 PulseDaemon: telemetry read via daemon (1 path(s))
# ... 7 more identical lines elided (same content, only timestamp differs) ...
2026-08-03 14:50:25 PulseDaemon: telemetry read via daemon (1 path(s))
2026-08-03 14:50:25 PulseFan: CUSTOM fan running (autoTdp=false smart=false temp=56 applied=27% target=27)
2026-08-03 14:50:25 PulseDaemon: telemetry read via daemon (1 path(s))
# ... 5 more identical lines elided (same content, only timestamp differs) ...
2026-08-03 14:50:26 PulseDaemon: telemetry read via daemon (1 path(s))
2026-08-03 14:50:26 PulseAutoTdp: TICK-SKIP overlayShouldShow=false autoActive=false quickAccessShouldShow=false autoTdpPackage=null boundPackage=null lastForeground=null
2026-08-03 14:50:26 PulseFan: arbiter=RunCustomLoop auto=false bound=null managed=6 latched=false
2026-08-03 14:50:27 PulseDaemon: telemetry read via daemon (16 path(s))
2026-08-03 14:50:27 PulseDaemon: telemetry read via daemon (1 path(s))
2026-08-03 14:50:27 PulseFan: CUSTOM fan running (autoTdp=false smart=false temp=57 applied=27% target=27)
2026-08-03 14:50:27 PulseDaemon: telemetry read via daemon (1 path(s))
# ... 5 more identical lines elided (same content, only timestamp differs) ...
2026-08-03 14:50:28 PulseDaemon: telemetry read via daemon (1 path(s))
2026-08-03 14:50:28 PulseAutoTdp: TICK-SKIP overlayShouldShow=false autoActive=false quickAccessShouldShow=false autoTdpPackage=null boundPackage=null lastForeground=null
2026-08-03 14:50:28 PulseFan: arbiter=RunCustomLoop auto=false bound=null managed=6 latched=false
2026-08-03 14:50:28 PulseDaemon: telemetry read via daemon (16 path(s))
2026-08-03 14:50:28 PulseDaemon: telemetry read via daemon (1 path(s))
2026-08-03 14:50:28 PulseFan: CUSTOM fan running (autoTdp=false smart=false temp=57 applied=27% target=27)
2026-08-03 14:50:28 PulseDaemon: telemetry read via daemon (1 path(s))
# ... 5 more identical lines elided (same content, only timestamp differs) ...
2026-08-03 14:50:29 PulseDaemon: telemetry read via daemon (1 path(s))
2026-08-03 14:50:29 PulseAutoTdp: TICK-SKIP overlayShouldShow=false autoActive=false quickAccessShouldShow=false autoTdpPackage=null boundPackage=null lastForeground=null
2026-08-03 14:50:29 PulseDaemon: telemetry read via daemon (1 path(s))
2026-08-03 14:50:29 PulseDaemon: telemetry read via xsu fallback (16 path(s))
2026-08-03 14:50:29 PulseDaemon: telemetry read via daemon (1 path(s))
# ... 7 more identical lines elided (same content, only timestamp differs) ...
2026-08-03 14:50:31 PulseDaemon: telemetry read via daemon (1 path(s))
2026-08-03 14:50:31 PulseFan: CUSTOM fan running (autoTdp=false smart=false temp=57 applied=27% target=27)
2026-08-03 14:50:31 PulseDaemon: telemetry read via daemon (1 path(s))
# ... 5 more identical lines elided (same content, only timestamp differs) ...
2026-08-03 14:50:32 PulseDaemon: telemetry read via daemon (1 path(s))
2026-08-03 14:50:32 PulseAutoTdp: TICK-SKIP overlayShouldShow=false autoActive=false quickAccessShouldShow=false autoTdpPackage=null boundPackage=null lastForeground=null
2026-08-03 14:50:32 PulseDaemon: telemetry read via daemon (1 path(s))
2026-08-03 14:50:32 PulseDaemon: telemetry read via daemon (16 path(s))
2026-08-03 14:50:32 PulseFan: CUSTOM fan running (autoTdp=false smart=false temp=58 applied=27% target=28)
2026-08-03 14:50:32 PulseDaemon: telemetry read via daemon (1 path(s))
# ... 5 more identical lines elided (same content, only timestamp differs) ...
2026-08-03 14:50:33 PulseDaemon: telemetry read via daemon (1 path(s))
2026-08-03 14:50:33 PulseAutoTdp: TICK-SKIP overlayShouldShow=false autoActive=false quickAccessShouldShow=false autoTdpPackage=null boundPackage=null lastForeground=null
2026-08-03 14:50:33 PulseFan: arbiter=RunCustomLoop auto=false bound=null managed=6 latched=false
2026-08-03 14:50:33 PulseDaemon: telemetry read via daemon (16 path(s))
2026-08-03 14:50:33 PulseDaemon: telemetry read via daemon (1 path(s))
2026-08-03 14:50:33 PulseFan: CUSTOM fan running (autoTdp=false smart=false temp=58 applied=28% target=28)
2026-08-03 14:50:33 PulseDaemon: telemetry read via daemon (1 path(s))
# ... 5 more identical lines elided (same content, only timestamp differs) ...
2026-08-03 14:50:34 PulseDaemon: telemetry read via daemon (1 path(s))
2026-08-03 14:50:34 PulseAutoTdp: TICK-SKIP overlayShouldShow=false autoActive=false quickAccessShouldShow=false autoTdpPackage=null boundPackage=null lastForeground=null
2026-08-03 14:50:34 PulseFan: arbiter=RunCustomLoop auto=false bound=null managed=6 latched=false
2026-08-03 14:50:34 PulseDaemon: telemetry read via daemon (16 path(s))
2026-08-03 14:50:34 PulseDaemon: telemetry read via daemon (1 path(s))
2026-08-03 14:50:34 PulseFan: CUSTOM fan running (autoTdp=false smart=false temp=62 applied=28% target=29)
2026-08-03 14:50:35 PulseDaemon: telemetry read via daemon (1 path(s))
