# TRIMMED (analyze-pulse-logs.py) -- original was 401 lines / 62754B.
# Kept: every distinct line; runs of 3+ consecutive identical lines (idle TICK-SKIP polling,
# only the timestamp differs) collapsed to first + elision count + last.
# ---
2026-08-01 00:27:57 === pulse_daemon session start === version=1.19.6 (303) built 2026-07-31 00:45:36 script_crc32=ebbd831f
2026-08-01 00:28:14 PulseAutoTdp: TICK-SKIP overlayShouldShow=false autoActive=false quickAccessShouldShow=false autoTdpPackage=null boundPackage=null lastForeground=null
2026-08-01 00:28:14 PulseFan: arbiter=None auto=false bound=null managed=4 latched=false
2026-08-01 00:28:15 PulseAutoTdp: TICK-SKIP overlayShouldShow=false autoActive=false quickAccessShouldShow=false autoTdpPackage=null boundPackage=null lastForeground=null
# ... 7 more identical lines elided (same content, only timestamp differs) ...
2026-08-01 00:28:24 PulseAutoTdp: TICK-SKIP overlayShouldShow=false autoActive=false quickAccessShouldShow=false autoTdpPackage=null boundPackage=null lastForeground=null
2026-08-01 00:28:25 PulseAutoTdp: TICK-SKIP overlayShouldShow=false autoActive=false quickAccessShouldShow=false autoTdpPackage=null boundPackage=null lastForeground=com.kei.pulse
# ... 44 more identical lines elided (same content, only timestamp differs) ...
2026-08-01 00:29:12 PulseAutoTdp: TICK-SKIP overlayShouldShow=false autoActive=false quickAccessShouldShow=false autoTdpPackage=null boundPackage=null lastForeground=com.kei.pulse
2026-08-01 00:29:22 PulseAutoTdp: TICK-SKIP overlayShouldShow=false autoActive=false quickAccessShouldShow=false autoTdpPackage=null boundPackage=com.retrohrai.launcher lastForeground=com.retrohrai.launcher
2026-08-01 00:29:24 PulseFan: arbiter=None auto=false bound=1 managed=4 latched=false
2026-08-01 00:29:24 PulseDaemon: cap write via daemon (7 node(s))
2026-08-01 00:29:25 PulseAutoTdp: TICK-SKIP overlayShouldShow=false autoActive=false quickAccessShouldShow=false autoTdpPackage=null boundPackage=com.retrohrai.launcher lastForeground=com.retrohrai.launcher
2026-08-01 00:29:26 PulseAutoTdp: TICK-SKIP overlayShouldShow=false autoActive=false quickAccessShouldShow=false autoTdpPackage=null boundPackage=com.retrohrai.launcher lastForeground=com.retrohrai.launcher
2026-08-01 00:29:27 PulseDaemon: cap write via daemon (7 node(s))
2026-08-01 00:29:28 PulseAutoTdp: TICK-SKIP overlayShouldShow=false autoActive=false quickAccessShouldShow=false autoTdpPackage=null boundPackage=com.retrohrai.launcher lastForeground=com.retrohrai.launcher
2026-08-01 00:29:30 PulseAutoTdp: TICK-SKIP overlayShouldShow=false autoActive=false quickAccessShouldShow=false autoTdpPackage=null boundPackage=com.retrohrai.launcher lastForeground=com.retrohrai.launcher
2026-08-01 00:29:30 PulseDaemon: cap write via daemon (7 node(s))
2026-08-01 00:29:31 PulseAutoTdp: TICK-SKIP overlayShouldShow=false autoActive=false quickAccessShouldShow=false autoTdpPackage=null boundPackage=com.retrohrai.launcher lastForeground=com.retrohrai.launcher
2026-08-01 00:29:34 PulseAutoTdp: TICK-SKIP overlayShouldShow=false autoActive=false quickAccessShouldShow=false autoTdpPackage=null boundPackage=com.retrohrai.launcher lastForeground=com.retrohrai.launcher
2026-08-01 00:29:34 PulseDaemon: cap write via daemon (7 node(s))
2026-08-01 00:29:35 PulseAutoTdp: TICK-SKIP overlayShouldShow=false autoActive=false quickAccessShouldShow=false autoTdpPackage=null boundPackage=com.retrohrai.launcher lastForeground=com.retrohrai.launcher
2026-08-01 00:29:37 PulseAutoTdp: TICK-SKIP overlayShouldShow=false autoActive=false quickAccessShouldShow=false autoTdpPackage=null boundPackage=com.retrohrai.launcher lastForeground=com.retrohrai.launcher
2026-08-01 00:29:38 PulseDaemon: cap write via daemon (7 node(s))
2026-08-01 00:29:39 PulseAutoTdp: TICK-SKIP overlayShouldShow=false autoActive=false quickAccessShouldShow=false autoTdpPackage=null boundPackage=com.retrohrai.launcher lastForeground=com.retrohrai.launcher
2026-08-01 00:29:41 PulseAutoTdp: TICK-SKIP overlayShouldShow=false autoActive=false quickAccessShouldShow=false autoTdpPackage=null boundPackage=com.retrohrai.launcher lastForeground=com.retrohrai.launcher
2026-08-01 00:29:42 PulseDaemon: cap write via daemon (7 node(s))
2026-08-01 00:29:43 PulseAutoTdp: TICK-SKIP overlayShouldShow=false autoActive=false quickAccessShouldShow=false autoTdpPackage=null boundPackage=com.retrohrai.launcher lastForeground=com.retrohrai.launcher
2026-08-01 00:29:44 PulseAutoTdp: TICK-SKIP overlayShouldShow=false autoActive=false quickAccessShouldShow=false autoTdpPackage=null boundPackage=com.retrohrai.launcher lastForeground=com.retrohrai.launcher
2026-08-01 00:29:46 PulseDaemon: cap write via xsu fallback (7 node(s), ~1323 chars, chunked)
2026-08-01 00:29:47 PulseAutoTdp: TICK-SKIP overlayShouldShow=false autoActive=false quickAccessShouldShow=false autoTdpPackage=null boundPackage=com.retrohrai.launcher lastForeground=com.retrohrai.launcher
2026-08-01 00:29:49 PulseAutoTdp: TICK-SKIP overlayShouldShow=false autoActive=false quickAccessShouldShow=false autoTdpPackage=null boundPackage=com.retrohrai.launcher lastForeground=com.retrohrai.launcher
2026-08-01 00:29:50 PulseDaemon: cap write via daemon (7 node(s))
2026-08-01 00:29:51 PulseDaemon: cap write via daemon (10 node(s))
2026-08-01 00:29:51 PulseDaemon: cap write via daemon (3 node(s))
2026-08-01 00:30:04 PulseDaemon: telemetry read via daemon (16 path(s))
2026-08-01 00:30:04 PulseAutoTdp: AUTOTDP-SESSION tgt=60 bias=EFFICIENT wattCap=0 policies=0:2265600:0,1;2:3148800:2,3,4;5:2956800:5,6;7:3052800:7;-100:1050000:
2026-08-01 00:30:05 PulseAutoTdp: tgt=60 fps=- jank=0 tail=-ms act=HOLD bn=- cpuB=-1 cpuPk=-1 primePk=-1 io=-1 gpuB=12 gpuL=2 capped=0 prk=0 stl=0 draw=-W cT=63 gT=52 caps%[0:100,2:100,5:100,7:100,-100:100] curMHz[0:2265,2:729,5:2956,7:3302] mn/mx[0:364/2265,2:499/3148,5:499/2956,7:480/3302] gpu=231 gcap=1050[0/13] lrn=75
2026-08-01 00:30:05 PulseFan: arbiter=None auto=true bound=null managed=4 latched=false
2026-08-01 00:30:06 PulseDaemon: telemetry read via daemon (16 path(s))
2026-08-01 00:30:08 PulseDaemon: telemetry read via daemon (16 path(s))
2026-08-01 00:30:08 PulseAutoTdp: tgt=60 fps=60.0 jank=0 tail=16ms act=HOLD bn=CPU cpuB=47 cpuPk=99 primePk=68 io=0 gpuB=11 gpuL=2 capped=0 prk=0 stl=0 draw=-W cT=71 gT=53 caps%[0:100,2:100,5:100,7:100,-100:100] curMHz[0:2265,2:3148,5:2956,7:3302] gpu=231 gcap=1050[0/13] lrn=75
2026-08-01 00:30:09 PulseDaemon: telemetry read via daemon (16 path(s))
2026-08-01 00:30:10 PulseDaemon: telemetry read via daemon (16 path(s))
2026-08-01 00:30:11 PulseDaemon: cap write via daemon (7 node(s))
2026-08-01 00:30:11 PulseAutoTdp: tgt=60 fps=60.0 jank=0 tail=16ms act=TRIM bn=CPU cpuB=36 cpuPk=95 primePk=48 io=0 gpuB=10 gpuL=2 capped=0 prk=0 stl=0 draw=-W cT=70 gT=53 caps%[0:100,2:100,5:100,7:100,-100:95] curMHz[0:2265,2:1190,5:2956,7:3302] gpu=231 gcap=1050[0/13] lrn=75
2026-08-01 00:30:11 PulseDaemon: cap write via daemon (2 node(s))
2026-08-01 00:30:12 PulseDaemon: telemetry read via daemon (16 path(s))
# ... 2 more identical lines elided (same content, only timestamp differs) ...
2026-08-01 00:30:16 PulseDaemon: telemetry read via daemon (16 path(s))
2026-08-01 00:30:17 PulseDaemon: cap write via daemon (7 node(s))
2026-08-01 00:30:17 PulseAutoTdp: tgt=60 fps=60.0 jank=0 tail=16ms act=TRIM bn=CPU cpuB=31 cpuPk=100 primePk=46 io=0 gpuB=15 gpuL=3 capped=0 prk=0 stl=0 draw=-W cT=67 gT=54 caps%[0:100,2:100,5:100,7:100,-100:85] curMHz[0:2265,2:614,5:2956,7:3052] gpu=231 gcap=903[2/13] lrn=75
2026-08-01 00:30:17 PulseDaemon: cap write via daemon (2 node(s))
2026-08-01 00:30:18 PulseDaemon: telemetry read via daemon (16 path(s))
2026-08-01 00:30:19 PulseDaemon: telemetry read via daemon (16 path(s))
2026-08-01 00:30:20 PulseDaemon: cap write via daemon (7 node(s))
2026-08-01 00:30:20 PulseAutoTdp: tgt=60 fps=60.0 jank=0 tail=16ms act=TRIM bn=CPU cpuB=30 cpuPk=99 primePk=69 io=0 gpuB=14 gpuL=3 capped=0 prk=0 stl=0 draw=-W cT=67 gT=54 caps%[0:100,2:100,5:100,7:100,-100:80] curMHz[0:2265,2:1075,5:2956,7:3052] gpu=231 gcap=903[2/13] lrn=75
2026-08-01 00:30:20 PulseDaemon: cap write via daemon (2 node(s))
2026-08-01 00:30:21 PulseDaemon: telemetry read via daemon (16 path(s))
2026-08-01 00:30:22 PulseDaemon: telemetry read via daemon (16 path(s))
2026-08-01 00:30:23 PulseDaemon: cap write via xsu fallback (7 node(s), ~1323 chars, chunked)
2026-08-01 00:30:24 PulseAutoTdp: tgt=60 fps=60.0 jank=0 tail=16ms act=TRIM bn=CPU cpuB=25 cpuPk=99 primePk=71 io=0 gpuB=14 gpuL=3 capped=0 prk=0 stl=0 draw=-W cT=67 gT=54 caps%[0:100,2:100,5:100,7:100,-100:75] curMHz[0:1248,2:1075,5:2956,7:3052] gpu=231 gcap=834[3/13] lrn=75
2026-08-01 00:30:24 PulseDaemon: cap write via daemon (2 node(s))
2026-08-01 00:30:25 PulseDaemon: telemetry read via daemon (16 path(s))
2026-08-01 00:30:26 PulseDaemon: telemetry read via daemon (16 path(s))
2026-08-01 00:30:26 PulseDaemon: cap write via daemon (7 node(s))
2026-08-01 00:30:26 PulseAutoTdp: tgt=60 fps=60.0 jank=0 tail=16ms act=TRIM bn=CPU cpuB=31 cpuPk=100 primePk=65 io=0 gpuB=14 gpuL=3 capped=0 prk=0 stl=0 draw=-W cT=66 gT=54 caps%[0:100,2:100,5:100,7:100,-100:70] curMHz[0:2265,2:960,5:2956,7:3052] gpu=231 gcap=770[4/13] lrn=75
2026-08-01 00:30:28 PulseDaemon: telemetry read via daemon (16 path(s))
2026-08-01 00:30:29 PulseDaemon: telemetry read via daemon (16 path(s))
2026-08-01 00:30:29 PulseDaemon: cap write via daemon (7 node(s))
2026-08-01 00:30:29 PulseAutoTdp: tgt=60 fps=60.0 jank=0 tail=16ms act=TRIM bn=CPU cpuB=36 cpuPk=100 primePk=45 io=0 gpuB=14 gpuL=3 capped=0 prk=0 stl=0 draw=-W cT=67 gT=55 caps%[0:100,2:100,5:100,7:100,-100:65] curMHz[0:2265,2:3148,5:2956,7:3052] gpu=231 gcap=720[5/13] lrn=75
2026-08-01 00:30:29 PulseDaemon: cap write via daemon (2 node(s))
2026-08-01 00:30:30 PulseDaemon: telemetry read via daemon (16 path(s))
2026-08-01 00:30:32 PulseDaemon: telemetry read via daemon (16 path(s))
2026-08-01 00:30:32 PulseDaemon: cap write via daemon (7 node(s))
2026-08-01 00:30:32 PulseAutoTdp: tgt=60 fps=60.0 jank=0 tail=16ms act=TRIM bn=CPU cpuB=31 cpuPk=100 primePk=56 io=0 gpuB=14 gpuL=3 capped=0 prk=0 stl=0 draw=-W cT=67 gT=55 caps%[0:100,2:100,5:100,7:100,-100:60] curMHz[0:2265,2:1286,5:2956,7:3052] gpu=231 gcap=680[6/13] lrn=75
2026-08-01 00:30:32 PulseDaemon: cap write via daemon (2 node(s))
2026-08-01 00:30:33 PulseDaemon: telemetry read via daemon (16 path(s))
2026-08-01 00:30:35 PulseDaemon: telemetry read via daemon (16 path(s))
2026-08-01 00:30:35 PulseDaemon: cap write via daemon (7 node(s))
2026-08-01 00:30:37 PulseAutoTdp: tgt=60 fps=60.0 jank=0 tail=16ms act=TRIM bn=CPU cpuB=24 cpuPk=100 primePk=61 io=0 gpuB=14 gpuL=3 capped=0 prk=0 stl=0 draw=-W cT=67 gT=55 caps%[0:100,2:100,5:100,7:100,-100:55] curMHz[0:902,2:1401,5:2956,7:3052] mn/mx[0:364/2265,2:499/3148,5:499/2956,7:480/3052] gpu=231 gcap=629[7/13] lrn=75
2026-08-01 00:30:37 PulseDaemon: cap write via xsu fallback (2 node(s), ~289 chars, chunked)
2026-08-01 00:30:39 PulseDaemon: telemetry read via daemon (16 path(s))
2026-08-01 00:30:40 PulseDaemon: telemetry read via daemon (16 path(s))
2026-08-01 00:30:40 PulseDaemon: cap write via daemon (7 node(s))
2026-08-01 00:30:40 PulseAutoTdp: tgt=60 fps=60.0 jank=0 tail=16ms act=TRIM bn=CPU cpuB=30 cpuPk=100 primePk=61 io=0 gpuB=14 gpuL=3 capped=0 prk=0 stl=0 draw=-W cT=67 gT=55 caps%[0:100,2:100,5:100,7:100,-100:50] curMHz[0:2265,2:1190,5:2956,7:3052] gpu=231 gcap=578[8/13] lrn=75
2026-08-01 00:30:42 PulseDaemon: telemetry read via daemon (16 path(s))
2026-08-01 00:30:43 PulseDaemon: telemetry read via daemon (16 path(s))
2026-08-01 00:30:43 PulseDaemon: cap write via daemon (7 node(s))
2026-08-01 00:30:43 PulseAutoTdp: tgt=60 fps=60.0 jank=0 tail=16ms act=TRIM bn=CPU cpuB=30 cpuPk=100 primePk=36 io=0 gpuB=14 gpuL=3 capped=0 prk=0 stl=0 draw=-W cT=67 gT=55 caps%[0:100,2:100,5:100,7:100,-100:45] curMHz[0:2265,2:844,5:2956,7:3052] gpu=231 gcap=500[9/13] lrn=75
2026-08-01 00:30:43 PulseDaemon: cap write via daemon (2 node(s))
2026-08-01 00:30:45 PulseDaemon: telemetry read via daemon (16 path(s))
2026-08-01 00:30:46 PulseDaemon: telemetry read via daemon (16 path(s))
2026-08-01 00:30:47 PulseDaemon: cap write via daemon (7 node(s))
2026-08-01 00:30:47 PulseAutoTdp: tgt=60 fps=60.0 jank=0 tail=16ms act=TRIM bn=CPU cpuB=30 cpuPk=100 primePk=70 io=0 gpuB=14 gpuL=3 capped=0 prk=0 stl=0 draw=-W cT=67 gT=55 caps%[0:100,2:100,5:100,7:100,-100:40] curMHz[0:2265,2:1190,5:2956,7:3052] gpu=231 gcap=500[9/13] lrn=75
2026-08-01 00:30:47 PulseDaemon: cap write via daemon (2 node(s))
2026-08-01 00:30:48 PulseDaemon: telemetry read via daemon (16 path(s))
2026-08-01 00:30:49 PulseDaemon: telemetry read via daemon (16 path(s))
2026-08-01 00:30:50 PulseAutoTdp: tgt=60 fps=60.0 jank=0 tail=16ms act=HOLD bn=CPU cpuB=24 cpuPk=100 primePk=54 io=0 gpuB=14 gpuL=3 capped=0 prk=0 stl=0 draw=-W cT=68 gT=55 caps%[0:100,2:100,5:100,7:100,-100:40] curMHz[0:1248,2:844,5:2956,7:3052] gpu=231 gcap=422[10/13] lrn=75
2026-08-01 00:30:50 PulseDaemon: cap write via daemon (2 node(s))
2026-08-01 00:30:51 PulseDaemon: telemetry read via daemon (16 path(s))
2026-08-01 00:30:52 PulseDaemon: telemetry read via daemon (16 path(s))
2026-08-01 00:30:53 PulseAutoTdp: AUTOTDP-SESSION tgt=60 bias=EFFICIENT wattCap=0 policies=0:2265600:0,1;2:3148800:2,3,4;5:2956800:5,6;7:3052800:7;-100:1050000:
2026-08-01 00:30:53 PulseDaemon: cap write via daemon (2 node(s))
2026-08-01 00:30:54 PulseDaemon: cap write via daemon (3 node(s))
2026-08-01 00:30:54 PulseDaemon: cap write via daemon (10 node(s))
2026-08-01 00:30:58 PulseAutoTdp: TICK-SKIP overlayShouldShow=false autoActive=false quickAccessShouldShow=false autoTdpPackage=null boundPackage=null lastForeground=com.android.launcher3
2026-08-01 00:30:58 PulseFan: arbiter=None auto=false bound=null managed=4 latched=false
2026-08-01 00:30:59 PulseAutoTdp: TICK-SKIP overlayShouldShow=false autoActive=false quickAccessShouldShow=false autoTdpPackage=null boundPackage=null lastForeground=com.android.launcher3
2026-08-01 00:31:00 PulseAutoTdp: TICK-SKIP overlayShouldShow=false autoActive=false quickAccessShouldShow=false autoTdpPackage=null boundPackage=null lastForeground=com.kei.pulse
# ... 27 more identical lines elided (same content, only timestamp differs) ...
2026-08-01 00:31:28 PulseAutoTdp: TICK-SKIP overlayShouldShow=false autoActive=false quickAccessShouldShow=false autoTdpPackage=null boundPackage=null lastForeground=com.kei.pulse
2026-08-01 00:31:39 PulseAutoTdp: TICK-SKIP overlayShouldShow=false autoActive=false quickAccessShouldShow=false autoTdpPackage=null boundPackage=com.retrohrai.launcher lastForeground=com.retrohrai.launcher
2026-08-01 00:31:40 PulseFan: arbiter=None auto=false bound=1 managed=4 latched=false
2026-08-01 00:31:40 PulseDaemon: cap write via daemon (7 node(s))
2026-08-01 00:31:41 PulseAutoTdp: TICK-SKIP overlayShouldShow=false autoActive=false quickAccessShouldShow=false autoTdpPackage=null boundPackage=com.retrohrai.launcher lastForeground=com.retrohrai.launcher
2026-08-01 00:31:48 PulseAutoTdp: TICK-SKIP overlayShouldShow=false autoActive=false quickAccessShouldShow=false autoTdpPackage=null boundPackage=abc.smapi.gameloader lastForeground=abc.smapi.gameloader
2026-08-01 00:31:49 PulseDaemon: cap write via daemon (7 node(s))
2026-08-01 00:31:50 PulseAutoTdp: TICK-SKIP overlayShouldShow=false autoActive=false quickAccessShouldShow=false autoTdpPackage=null boundPackage=abc.smapi.gameloader lastForeground=abc.smapi.gameloader
2026-08-01 00:31:52 PulseAutoTdp: TICK-SKIP overlayShouldShow=false autoActive=false quickAccessShouldShow=false autoTdpPackage=null boundPackage=abc.smapi.gameloader lastForeground=abc.smapi.gameloader
2026-08-01 00:31:53 PulseDaemon: cap write via daemon (7 node(s))
2026-08-01 00:31:54 PulseAutoTdp: TICK-SKIP overlayShouldShow=false autoActive=false quickAccessShouldShow=false autoTdpPackage=null boundPackage=abc.smapi.gameloader lastForeground=abc.smapi.gameloader
2026-08-01 00:31:56 PulseAutoTdp: TICK-SKIP overlayShouldShow=false autoActive=false quickAccessShouldShow=false autoTdpPackage=null boundPackage=abc.smapi.gameloader lastForeground=abc.smapi.gameloader
2026-08-01 00:31:57 PulseDaemon: cap write via daemon (7 node(s))
2026-08-01 00:31:58 PulseAutoTdp: TICK-SKIP overlayShouldShow=false autoActive=false quickAccessShouldShow=false autoTdpPackage=null boundPackage=abc.smapi.gameloader lastForeground=abc.smapi.gameloader
# ... 2 more identical lines elided (same content, only timestamp differs) ...
2026-08-01 00:32:04 PulseAutoTdp: TICK-SKIP overlayShouldShow=false autoActive=false quickAccessShouldShow=false autoTdpPackage=null boundPackage=abc.smapi.gameloader lastForeground=abc.smapi.gameloader
2026-08-01 00:32:05 PulseDaemon: cap write via daemon (7 node(s))
2026-08-01 00:32:06 PulseAutoTdp: TICK-SKIP overlayShouldShow=false autoActive=false quickAccessShouldShow=false autoTdpPackage=null boundPackage=abc.smapi.gameloader lastForeground=abc.smapi.gameloader
2026-08-01 00:32:07 PulseAutoTdp: TICK-SKIP overlayShouldShow=false autoActive=false quickAccessShouldShow=false autoTdpPackage=null boundPackage=abc.smapi.gameloader lastForeground=abc.smapi.gameloader
2026-08-01 00:32:09 PulseDaemon: cap write via xsu fallback (7 node(s), ~1323 chars, chunked)
2026-08-01 00:32:11 PulseAutoTdp: TICK-SKIP overlayShouldShow=false autoActive=false quickAccessShouldShow=false autoTdpPackage=null boundPackage=abc.smapi.gameloader lastForeground=abc.smapi.gameloader
# ... 2 more identical lines elided (same content, only timestamp differs) ...
2026-08-01 00:32:16 PulseAutoTdp: TICK-SKIP overlayShouldShow=false autoActive=false quickAccessShouldShow=false autoTdpPackage=null boundPackage=abc.smapi.gameloader lastForeground=abc.smapi.gameloader
2026-08-01 00:32:17 PulseDaemon: cap write via daemon (7 node(s))
2026-08-01 00:32:18 PulseAutoTdp: TICK-SKIP overlayShouldShow=false autoActive=false quickAccessShouldShow=false autoTdpPackage=null boundPackage=abc.smapi.gameloader lastForeground=abc.smapi.gameloader
2026-08-01 00:32:20 PulseAutoTdp: TICK-SKIP overlayShouldShow=false autoActive=false quickAccessShouldShow=false autoTdpPackage=null boundPackage=abc.smapi.gameloader lastForeground=abc.smapi.gameloader
2026-08-01 00:32:21 PulseDaemon: cap write via daemon (7 node(s))
2026-08-01 00:32:22 PulseAutoTdp: TICK-SKIP overlayShouldShow=false autoActive=false quickAccessShouldShow=false autoTdpPackage=null boundPackage=abc.smapi.gameloader lastForeground=abc.smapi.gameloader
2026-08-01 00:32:24 PulseAutoTdp: TICK-SKIP overlayShouldShow=false autoActive=false quickAccessShouldShow=false autoTdpPackage=null boundPackage=abc.smapi.gameloader lastForeground=abc.smapi.gameloader
2026-08-01 00:32:25 PulseDaemon: cap write via daemon (7 node(s))
2026-08-01 00:32:26 PulseAutoTdp: TICK-SKIP overlayShouldShow=false autoActive=false quickAccessShouldShow=false autoTdpPackage=null boundPackage=abc.smapi.gameloader lastForeground=abc.smapi.gameloader
2026-08-01 00:32:28 PulseAutoTdp: TICK-SKIP overlayShouldShow=false autoActive=false quickAccessShouldShow=false autoTdpPackage=null boundPackage=abc.smapi.gameloader lastForeground=abc.smapi.gameloader
2026-08-01 00:32:29 PulseDaemon: cap write via daemon (7 node(s))
2026-08-01 00:32:30 PulseAutoTdp: TICK-SKIP overlayShouldShow=false autoActive=false quickAccessShouldShow=false autoTdpPackage=null boundPackage=abc.smapi.gameloader lastForeground=abc.smapi.gameloader
2026-08-01 00:32:32 PulseAutoTdp: TICK-SKIP overlayShouldShow=false autoActive=false quickAccessShouldShow=false autoTdpPackage=null boundPackage=abc.smapi.gameloader lastForeground=abc.smapi.gameloader
2026-08-01 00:32:33 PulseDaemon: cap write via daemon (7 node(s))
2026-08-01 00:32:34 PulseAutoTdp: TICK-SKIP overlayShouldShow=false autoActive=false quickAccessShouldShow=false autoTdpPackage=null boundPackage=abc.smapi.gameloader lastForeground=abc.smapi.gameloader
2026-08-01 00:32:35 PulseAutoTdp: TICK-SKIP overlayShouldShow=false autoActive=false quickAccessShouldShow=false autoTdpPackage=null boundPackage=abc.smapi.gameloader lastForeground=abc.smapi.gameloader
2026-08-01 00:32:37 PulseDaemon: cap write via daemon (7 node(s))
2026-08-01 00:32:38 PulseAutoTdp: TICK-SKIP overlayShouldShow=false autoActive=false quickAccessShouldShow=false autoTdpPackage=null boundPackage=abc.smapi.gameloader lastForeground=abc.smapi.gameloader
2026-08-01 00:32:39 PulseAutoTdp: TICK-SKIP overlayShouldShow=false autoActive=false quickAccessShouldShow=false autoTdpPackage=null boundPackage=abc.smapi.gameloader lastForeground=abc.smapi.gameloader
2026-08-01 00:32:40 PulseDaemon: cap write via xsu fallback (7 node(s), ~1323 chars, chunked)
2026-08-01 00:32:42 PulseAutoTdp: TICK-SKIP overlayShouldShow=false autoActive=false quickAccessShouldShow=false autoTdpPackage=null boundPackage=abc.smapi.gameloader lastForeground=abc.smapi.gameloader
2026-08-01 00:32:44 PulseAutoTdp: TICK-SKIP overlayShouldShow=false autoActive=false quickAccessShouldShow=false autoTdpPackage=null boundPackage=abc.smapi.gameloader lastForeground=abc.smapi.gameloader
2026-08-01 00:32:45 PulseDaemon: cap write via xsu fallback (7 node(s), ~1323 chars, chunked)
2026-08-01 00:32:47 PulseAutoTdp: TICK-SKIP overlayShouldShow=false autoActive=false quickAccessShouldShow=false autoTdpPackage=null boundPackage=abc.smapi.gameloader lastForeground=abc.smapi.gameloader
2026-08-01 00:32:49 PulseDaemon: cap write via xsu fallback (10 node(s), ~1941 chars, chunked)
2026-08-01 00:32:52 PulseAutoTdp: TICK-SKIP overlayShouldShow=false autoActive=false quickAccessShouldShow=false autoTdpPackage=null boundPackage=null lastForeground=com.android.launcher3
2026-08-01 00:32:53 PulseAutoTdp: TICK-SKIP overlayShouldShow=false autoActive=false quickAccessShouldShow=false autoTdpPackage=null boundPackage=null lastForeground=com.android.launcher3
2026-08-01 00:32:54 PulseAutoTdp: TICK-SKIP overlayShouldShow=false autoActive=false quickAccessShouldShow=false autoTdpPackage=null boundPackage=null lastForeground=com.kei.pulse
# ... 19 more identical lines elided (same content, only timestamp differs) ...
2026-08-01 00:33:14 PulseAutoTdp: TICK-SKIP overlayShouldShow=false autoActive=false quickAccessShouldShow=false autoTdpPackage=null boundPackage=null lastForeground=com.kei.pulse
2026-08-01 00:33:25 PulseAutoTdp: TICK-SKIP overlayShouldShow=false autoActive=false quickAccessShouldShow=false autoTdpPackage=null boundPackage=com.retrohrai.launcher lastForeground=com.retrohrai.launcher
2026-08-01 00:33:26 PulseFan: arbiter=None auto=false bound=1 managed=4 latched=false
2026-08-01 00:33:26 PulseDaemon: cap write via xsu fallback (7 node(s), ~1323 chars, chunked)
2026-08-01 00:33:27 PulseAutoTdp: TICK-SKIP overlayShouldShow=false autoActive=false quickAccessShouldShow=false autoTdpPackage=null boundPackage=com.retrohrai.launcher lastForeground=com.retrohrai.launcher
2026-08-01 00:33:29 PulseAutoTdp: TICK-SKIP overlayShouldShow=false autoActive=false quickAccessShouldShow=false autoTdpPackage=null boundPackage=com.retrohrai.launcher lastForeground=com.retrohrai.launcher
2026-08-01 00:33:30 PulseDaemon: cap write via daemon (7 node(s))
2026-08-01 00:33:31 PulseAutoTdp: TICK-SKIP overlayShouldShow=false autoActive=false quickAccessShouldShow=false autoTdpPackage=null boundPackage=com.retrohrai.launcher lastForeground=com.retrohrai.launcher
2026-08-01 00:33:33 PulseAutoTdp: TICK-SKIP overlayShouldShow=false autoActive=false quickAccessShouldShow=false autoTdpPackage=null boundPackage=com.retrohrai.launcher lastForeground=com.retrohrai.launcher
2026-08-01 00:33:34 PulseDaemon: cap write via daemon (7 node(s))
2026-08-01 00:33:35 PulseAutoTdp: TICK-SKIP overlayShouldShow=false autoActive=false quickAccessShouldShow=false autoTdpPackage=null boundPackage=com.retrohrai.launcher lastForeground=com.retrohrai.launcher
2026-08-01 00:33:37 PulseAutoTdp: TICK-SKIP overlayShouldShow=false autoActive=false quickAccessShouldShow=false autoTdpPackage=null boundPackage=com.retrohrai.launcher lastForeground=com.retrohrai.launcher
2026-08-01 00:33:37 PulseDaemon: cap write via daemon (7 node(s))
2026-08-01 00:33:39 PulseAutoTdp: TICK-SKIP overlayShouldShow=false autoActive=false quickAccessShouldShow=false autoTdpPackage=null boundPackage=com.retrohrai.launcher lastForeground=com.retrohrai.launcher
2026-08-01 00:33:40 PulseAutoTdp: TICK-SKIP overlayShouldShow=false autoActive=false quickAccessShouldShow=false autoTdpPackage=null boundPackage=com.retrohrai.launcher lastForeground=com.retrohrai.launcher
2026-08-01 00:33:41 PulseDaemon: cap write via daemon (7 node(s))
2026-08-01 00:33:42 PulseAutoTdp: TICK-SKIP overlayShouldShow=false autoActive=false quickAccessShouldShow=false autoTdpPackage=null boundPackage=com.retrohrai.launcher lastForeground=com.retrohrai.launcher
2026-08-01 00:33:44 PulseAutoTdp: TICK-SKIP overlayShouldShow=false autoActive=false quickAccessShouldShow=false autoTdpPackage=null boundPackage=com.retrohrai.launcher lastForeground=com.retrohrai.launcher
2026-08-01 00:33:45 PulseDaemon: cap write via daemon (7 node(s))
2026-08-01 00:33:46 PulseAutoTdp: TICK-SKIP overlayShouldShow=false autoActive=false quickAccessShouldShow=false autoTdpPackage=null boundPackage=com.retrohrai.launcher lastForeground=com.retrohrai.launcher
2026-08-01 00:33:49 PulseAutoTdp: TICK-SKIP overlayShouldShow=false autoActive=false quickAccessShouldShow=false autoTdpPackage=null boundPackage=com.retrohrai.launcher lastForeground=com.retrohrai.launcher
2026-08-01 00:33:50 PulseDaemon: cap write via daemon (7 node(s))
2026-08-01 00:33:51 PulseAutoTdp: TICK-SKIP overlayShouldShow=false autoActive=false quickAccessShouldShow=false autoTdpPackage=null boundPackage=com.retrohrai.launcher lastForeground=com.retrohrai.launcher
2026-08-01 00:33:52 PulseAutoTdp: TICK-SKIP overlayShouldShow=false autoActive=false quickAccessShouldShow=false autoTdpPackage=null boundPackage=com.retrohrai.launcher lastForeground=com.retrohrai.launcher
2026-08-01 00:33:54 PulseDaemon: cap write via daemon (7 node(s))
2026-08-01 00:33:55 PulseAutoTdp: TICK-SKIP overlayShouldShow=false autoActive=false quickAccessShouldShow=false autoTdpPackage=null boundPackage=com.retrohrai.launcher lastForeground=com.retrohrai.launcher
2026-08-01 00:33:56 PulseAutoTdp: TICK-SKIP overlayShouldShow=false autoActive=false quickAccessShouldShow=false autoTdpPackage=null boundPackage=com.retrohrai.launcher lastForeground=com.retrohrai.launcher
2026-08-01 00:33:57 PulseDaemon: cap write via daemon (7 node(s))
2026-08-01 00:33:58 PulseAutoTdp: TICK-SKIP overlayShouldShow=false autoActive=false quickAccessShouldShow=false autoTdpPackage=null boundPackage=com.retrohrai.launcher lastForeground=com.retrohrai.launcher
2026-08-01 00:33:59 PulseAutoTdp: TICK-SKIP overlayShouldShow=false autoActive=false quickAccessShouldShow=false autoTdpPackage=null boundPackage=com.retrohrai.launcher lastForeground=com.retrohrai.launcher
2026-08-01 00:34:00 PulseDaemon: cap write via daemon (7 node(s))
2026-08-01 00:34:01 PulseAutoTdp: TICK-SKIP overlayShouldShow=false autoActive=false quickAccessShouldShow=false autoTdpPackage=null boundPackage=com.retrohrai.launcher lastForeground=com.retrohrai.launcher
# ... 2 more identical lines elided (same content, only timestamp differs) ...
2026-08-01 00:34:07 PulseAutoTdp: TICK-SKIP overlayShouldShow=false autoActive=false quickAccessShouldShow=false autoTdpPackage=null boundPackage=com.retrohrai.launcher lastForeground=com.retrohrai.launcher
2026-08-01 00:34:08 PulseDaemon: cap write via daemon (7 node(s))
2026-08-01 00:34:09 PulseAutoTdp: TICK-SKIP overlayShouldShow=false autoActive=false quickAccessShouldShow=false autoTdpPackage=null boundPackage=com.retrohrai.launcher lastForeground=com.retrohrai.launcher
2026-08-01 00:34:11 PulseAutoTdp: TICK-SKIP overlayShouldShow=false autoActive=false quickAccessShouldShow=false autoTdpPackage=null boundPackage=com.retrohrai.launcher lastForeground=com.retrohrai.launcher
2026-08-01 00:34:12 PulseDaemon: cap write via daemon (7 node(s))
2026-08-01 00:34:13 PulseAutoTdp: TICK-SKIP overlayShouldShow=false autoActive=false quickAccessShouldShow=false autoTdpPackage=null boundPackage=com.retrohrai.launcher lastForeground=com.retrohrai.launcher
2026-08-01 00:34:15 PulseAutoTdp: TICK-SKIP overlayShouldShow=false autoActive=false quickAccessShouldShow=false autoTdpPackage=null boundPackage=com.retrohrai.launcher lastForeground=com.retrohrai.launcher
2026-08-01 00:34:16 PulseDaemon: cap write via daemon (7 node(s))
2026-08-01 00:34:17 PulseAutoTdp: TICK-SKIP overlayShouldShow=false autoActive=false quickAccessShouldShow=false autoTdpPackage=null boundPackage=com.retrohrai.launcher lastForeground=com.retrohrai.launcher
2026-08-01 00:34:19 PulseAutoTdp: TICK-SKIP overlayShouldShow=false autoActive=false quickAccessShouldShow=false autoTdpPackage=null boundPackage=com.retrohrai.launcher lastForeground=com.retrohrai.launcher
2026-08-01 00:34:20 PulseDaemon: cap write via daemon (7 node(s))
2026-08-01 00:34:21 PulseAutoTdp: TICK-SKIP overlayShouldShow=false autoActive=false quickAccessShouldShow=false autoTdpPackage=null boundPackage=com.retrohrai.launcher lastForeground=com.retrohrai.launcher
2026-08-01 00:34:23 PulseAutoTdp: TICK-SKIP overlayShouldShow=false autoActive=false quickAccessShouldShow=false autoTdpPackage=null boundPackage=com.retrohrai.launcher lastForeground=com.retrohrai.launcher
2026-08-01 00:34:23 PulseDaemon: cap write via daemon (7 node(s))
2026-08-01 00:34:24 PulseAutoTdp: TICK-SKIP overlayShouldShow=false autoActive=false quickAccessShouldShow=false autoTdpPackage=null boundPackage=com.retrohrai.launcher lastForeground=com.retrohrai.launcher
2026-08-01 00:34:26 PulseAutoTdp: TICK-SKIP overlayShouldShow=false autoActive=false quickAccessShouldShow=false autoTdpPackage=null boundPackage=com.retrohrai.launcher lastForeground=com.retrohrai.launcher
2026-08-01 00:34:28 PulseDaemon: cap write via daemon (7 node(s))
2026-08-01 00:34:29 PulseAutoTdp: TICK-SKIP overlayShouldShow=false autoActive=false quickAccessShouldShow=false autoTdpPackage=null boundPackage=com.retrohrai.launcher lastForeground=com.retrohrai.launcher
2026-08-01 00:34:30 PulseAutoTdp: TICK-SKIP overlayShouldShow=false autoActive=false quickAccessShouldShow=false autoTdpPackage=null boundPackage=com.retrohrai.launcher lastForeground=com.retrohrai.launcher
2026-08-01 00:34:31 PulseDaemon: cap write via daemon (7 node(s))
2026-08-01 00:34:32 PulseAutoTdp: TICK-SKIP overlayShouldShow=false autoActive=false quickAccessShouldShow=false autoTdpPackage=null boundPackage=com.retrohrai.launcher lastForeground=com.retrohrai.launcher
2026-08-01 00:34:34 PulseAutoTdp: TICK-SKIP overlayShouldShow=false autoActive=false quickAccessShouldShow=false autoTdpPackage=null boundPackage=com.retrohrai.launcher lastForeground=com.retrohrai.launcher
2026-08-01 00:34:34 PulseDaemon: cap write via daemon (7 node(s))
2026-08-01 00:34:35 PulseAutoTdp: TICK-SKIP overlayShouldShow=false autoActive=false quickAccessShouldShow=false autoTdpPackage=null boundPackage=com.retrohrai.launcher lastForeground=com.retrohrai.launcher
2026-08-01 00:34:37 PulseAutoTdp: TICK-SKIP overlayShouldShow=false autoActive=false quickAccessShouldShow=false autoTdpPackage=null boundPackage=com.retrohrai.launcher lastForeground=com.retrohrai.launcher
2026-08-01 00:34:38 PulseDaemon: cap write via daemon (7 node(s))
2026-08-01 00:34:39 PulseAutoTdp: TICK-SKIP overlayShouldShow=false autoActive=false quickAccessShouldShow=false autoTdpPackage=null boundPackage=com.retrohrai.launcher lastForeground=com.retrohrai.launcher
2026-08-01 00:34:41 PulseAutoTdp: TICK-SKIP overlayShouldShow=false autoActive=false quickAccessShouldShow=false autoTdpPackage=null boundPackage=com.retrohrai.launcher lastForeground=com.retrohrai.launcher
2026-08-01 00:34:42 PulseDaemon: cap write via daemon (7 node(s))
2026-08-01 00:34:43 PulseAutoTdp: TICK-SKIP overlayShouldShow=false autoActive=false quickAccessShouldShow=false autoTdpPackage=null boundPackage=com.retrohrai.launcher lastForeground=com.retrohrai.launcher
2026-08-01 00:34:45 PulseAutoTdp: TICK-SKIP overlayShouldShow=false autoActive=false quickAccessShouldShow=false autoTdpPackage=null boundPackage=com.retrohrai.launcher lastForeground=com.retrohrai.launcher
2026-08-01 00:34:46 PulseDaemon: cap write via daemon (7 node(s))
2026-08-01 00:34:47 PulseAutoTdp: TICK-SKIP overlayShouldShow=false autoActive=false quickAccessShouldShow=false autoTdpPackage=null boundPackage=com.retrohrai.launcher lastForeground=com.retrohrai.launcher
2026-08-01 00:34:48 PulseAutoTdp: TICK-SKIP overlayShouldShow=false autoActive=false quickAccessShouldShow=false autoTdpPackage=null boundPackage=com.retrohrai.launcher lastForeground=com.retrohrai.launcher
2026-08-01 00:34:49 PulseDaemon: cap write via daemon (7 node(s))
2026-08-01 00:34:50 PulseAutoTdp: TICK-SKIP overlayShouldShow=false autoActive=false quickAccessShouldShow=false autoTdpPackage=null boundPackage=com.retrohrai.launcher lastForeground=com.retrohrai.launcher
2026-08-01 00:34:52 PulseAutoTdp: TICK-SKIP overlayShouldShow=false autoActive=false quickAccessShouldShow=false autoTdpPackage=null boundPackage=com.retrohrai.launcher lastForeground=com.retrohrai.launcher
2026-08-01 00:34:52 PulseDaemon: cap write via daemon (7 node(s))
2026-08-01 00:34:53 PulseAutoTdp: TICK-SKIP overlayShouldShow=false autoActive=false quickAccessShouldShow=false autoTdpPackage=null boundPackage=com.retrohrai.launcher lastForeground=com.retrohrai.launcher
2026-08-01 00:34:55 PulseAutoTdp: TICK-SKIP overlayShouldShow=false autoActive=false quickAccessShouldShow=false autoTdpPackage=null boundPackage=com.retrohrai.launcher lastForeground=com.retrohrai.launcher
2026-08-01 00:34:56 PulseDaemon: cap write via daemon (7 node(s))
2026-08-01 00:34:57 PulseAutoTdp: TICK-SKIP overlayShouldShow=false autoActive=false quickAccessShouldShow=false autoTdpPackage=null boundPackage=com.retrohrai.launcher lastForeground=com.retrohrai.launcher
2026-08-01 00:34:59 PulseAutoTdp: TICK-SKIP overlayShouldShow=false autoActive=false quickAccessShouldShow=false autoTdpPackage=null boundPackage=com.retrohrai.launcher lastForeground=com.retrohrai.launcher
2026-08-01 00:35:01 PulseDaemon: cap write via daemon (7 node(s))
2026-08-01 00:35:02 PulseAutoTdp: TICK-SKIP overlayShouldShow=false autoActive=false quickAccessShouldShow=false autoTdpPackage=null boundPackage=com.retrohrai.launcher lastForeground=com.retrohrai.launcher
2026-08-01 00:35:03 PulseAutoTdp: TICK-SKIP overlayShouldShow=false autoActive=false quickAccessShouldShow=false autoTdpPackage=null boundPackage=com.retrohrai.launcher lastForeground=com.retrohrai.launcher
2026-08-01 00:35:04 PulseDaemon: cap write via daemon (7 node(s))
2026-08-01 00:35:05 PulseAutoTdp: TICK-SKIP overlayShouldShow=false autoActive=false quickAccessShouldShow=false autoTdpPackage=null boundPackage=com.retrohrai.launcher lastForeground=com.retrohrai.launcher
# ... 2 more identical lines elided (same content, only timestamp differs) ...
2026-08-01 00:35:11 PulseAutoTdp: TICK-SKIP overlayShouldShow=false autoActive=false quickAccessShouldShow=false autoTdpPackage=null boundPackage=com.retrohrai.launcher lastForeground=com.retrohrai.launcher
2026-08-01 00:35:12 PulseDaemon: cap write via daemon (7 node(s))
2026-08-01 00:35:13 PulseAutoTdp: TICK-SKIP overlayShouldShow=false autoActive=false quickAccessShouldShow=false autoTdpPackage=null boundPackage=com.retrohrai.launcher lastForeground=com.retrohrai.launcher
2026-08-01 00:35:15 PulseAutoTdp: TICK-SKIP overlayShouldShow=false autoActive=false quickAccessShouldShow=false autoTdpPackage=null boundPackage=com.retrohrai.launcher lastForeground=com.retrohrai.launcher
2026-08-01 00:35:16 PulseDaemon: cap write via daemon (7 node(s))
2026-08-01 00:35:17 PulseAutoTdp: TICK-SKIP overlayShouldShow=false autoActive=false quickAccessShouldShow=false autoTdpPackage=null boundPackage=com.retrohrai.launcher lastForeground=com.retrohrai.launcher
2026-08-01 00:35:19 PulseAutoTdp: TICK-SKIP overlayShouldShow=false autoActive=false quickAccessShouldShow=false autoTdpPackage=null boundPackage=com.retrohrai.launcher lastForeground=com.retrohrai.launcher
2026-08-01 00:35:20 PulseDaemon: cap write via daemon (7 node(s))
2026-08-01 00:35:21 PulseAutoTdp: TICK-SKIP overlayShouldShow=false autoActive=false quickAccessShouldShow=false autoTdpPackage=null boundPackage=com.retrohrai.launcher lastForeground=com.retrohrai.launcher
2026-08-01 00:35:22 PulseAutoTdp: TICK-SKIP overlayShouldShow=false autoActive=false quickAccessShouldShow=false autoTdpPackage=null boundPackage=com.retrohrai.launcher lastForeground=com.retrohrai.launcher
2026-08-01 00:35:23 PulseDaemon: cap write via daemon (7 node(s))
2026-08-01 00:35:24 PulseAutoTdp: TICK-SKIP overlayShouldShow=false autoActive=false quickAccessShouldShow=false autoTdpPackage=null boundPackage=com.retrohrai.launcher lastForeground=com.retrohrai.launcher
2026-08-01 00:35:26 PulseAutoTdp: TICK-SKIP overlayShouldShow=false autoActive=false quickAccessShouldShow=false autoTdpPackage=null boundPackage=com.retrohrai.launcher lastForeground=com.retrohrai.launcher
2026-08-01 00:35:26 PulseDaemon: cap write via daemon (7 node(s))
2026-08-01 00:35:27 PulseAutoTdp: TICK-SKIP overlayShouldShow=false autoActive=false quickAccessShouldShow=false autoTdpPackage=null boundPackage=com.retrohrai.launcher lastForeground=com.retrohrai.launcher
2026-08-01 00:35:29 PulseAutoTdp: TICK-SKIP overlayShouldShow=false autoActive=false quickAccessShouldShow=false autoTdpPackage=null boundPackage=com.retrohrai.launcher lastForeground=com.retrohrai.launcher
2026-08-01 00:35:30 PulseDaemon: cap write via daemon (7 node(s))
2026-08-01 00:35:31 PulseAutoTdp: TICK-SKIP overlayShouldShow=false autoActive=false quickAccessShouldShow=false autoTdpPackage=null boundPackage=com.retrohrai.launcher lastForeground=com.retrohrai.launcher
2026-08-01 00:35:33 PulseAutoTdp: TICK-SKIP overlayShouldShow=false autoActive=false quickAccessShouldShow=false autoTdpPackage=null boundPackage=com.retrohrai.launcher lastForeground=com.retrohrai.launcher
2026-08-01 00:35:33 PulseDaemon: cap write via daemon (7 node(s))
2026-08-01 00:35:34 PulseAutoTdp: TICK-SKIP overlayShouldShow=false autoActive=false quickAccessShouldShow=false autoTdpPackage=null boundPackage=com.retrohrai.launcher lastForeground=com.retrohrai.launcher
2026-08-01 00:35:36 PulseAutoTdp: TICK-SKIP overlayShouldShow=false autoActive=false quickAccessShouldShow=false autoTdpPackage=null boundPackage=com.retrohrai.launcher lastForeground=com.retrohrai.launcher
2026-08-01 00:35:37 PulseDaemon: cap write via daemon (7 node(s))
2026-08-01 00:35:38 PulseAutoTdp: TICK-SKIP overlayShouldShow=false autoActive=false quickAccessShouldShow=false autoTdpPackage=null boundPackage=com.retrohrai.launcher lastForeground=com.retrohrai.launcher
2026-08-01 00:35:40 PulseAutoTdp: TICK-SKIP overlayShouldShow=false autoActive=false quickAccessShouldShow=false autoTdpPackage=null boundPackage=com.retrohrai.launcher lastForeground=com.retrohrai.launcher
2026-08-01 00:35:41 PulseDaemon: cap write via xsu fallback (7 node(s), ~1323 chars, chunked)
2026-08-01 00:35:42 PulseAutoTdp: TICK-SKIP overlayShouldShow=false autoActive=false quickAccessShouldShow=false autoTdpPackage=null boundPackage=com.retrohrai.launcher lastForeground=com.retrohrai.launcher
2026-08-01 00:35:45 PulseAutoTdp: TICK-SKIP overlayShouldShow=false autoActive=false quickAccessShouldShow=false autoTdpPackage=null boundPackage=com.retrohrai.launcher lastForeground=com.retrohrai.launcher
2026-08-01 00:35:46 PulseDaemon: cap write via daemon (7 node(s))
2026-08-01 00:35:47 PulseAutoTdp: TICK-SKIP overlayShouldShow=false autoActive=false quickAccessShouldShow=false autoTdpPackage=null boundPackage=com.retrohrai.launcher lastForeground=com.retrohrai.launcher
2026-08-01 00:35:49 PulseAutoTdp: TICK-SKIP overlayShouldShow=false autoActive=false quickAccessShouldShow=false autoTdpPackage=null boundPackage=com.retrohrai.launcher lastForeground=com.retrohrai.launcher
2026-08-01 00:35:49 PulseDaemon: cap write via daemon (7 node(s))
2026-08-01 00:35:50 PulseAutoTdp: TICK-SKIP overlayShouldShow=false autoActive=false quickAccessShouldShow=false autoTdpPackage=null boundPackage=com.retrohrai.launcher lastForeground=com.retrohrai.launcher
2026-08-01 00:35:52 PulseAutoTdp: TICK-SKIP overlayShouldShow=false autoActive=false quickAccessShouldShow=false autoTdpPackage=null boundPackage=com.retrohrai.launcher lastForeground=com.retrohrai.launcher
2026-08-01 00:35:53 PulseDaemon: cap write via daemon (7 node(s))
2026-08-01 00:35:54 PulseAutoTdp: TICK-SKIP overlayShouldShow=false autoActive=false quickAccessShouldShow=false autoTdpPackage=null boundPackage=com.retrohrai.launcher lastForeground=com.retrohrai.launcher
2026-08-01 00:35:56 PulseAutoTdp: TICK-SKIP overlayShouldShow=false autoActive=false quickAccessShouldShow=false autoTdpPackage=null boundPackage=com.retrohrai.launcher lastForeground=com.retrohrai.launcher
2026-08-01 00:35:57 PulseDaemon: cap write via xsu fallback (7 node(s), ~1323 chars, chunked)
2026-08-01 00:35:58 PulseAutoTdp: TICK-SKIP overlayShouldShow=false autoActive=false quickAccessShouldShow=false autoTdpPackage=null boundPackage=com.retrohrai.launcher lastForeground=com.retrohrai.launcher
2026-08-01 00:36:00 PulseAutoTdp: TICK-SKIP overlayShouldShow=false autoActive=false quickAccessShouldShow=false autoTdpPackage=null boundPackage=com.retrohrai.launcher lastForeground=com.retrohrai.launcher
2026-08-01 00:36:00 PulseDaemon: cap write via daemon (7 node(s))
2026-08-01 00:36:01 PulseAutoTdp: TICK-SKIP overlayShouldShow=false autoActive=false quickAccessShouldShow=false autoTdpPackage=null boundPackage=com.retrohrai.launcher lastForeground=com.retrohrai.launcher
2026-08-01 00:36:03 PulseAutoTdp: TICK-SKIP overlayShouldShow=false autoActive=false quickAccessShouldShow=false autoTdpPackage=null boundPackage=com.retrohrai.launcher lastForeground=com.retrohrai.launcher
2026-08-01 00:36:03 PulseDaemon: cap write via daemon (7 node(s))
2026-08-01 00:36:04 PulseAutoTdp: TICK-SKIP overlayShouldShow=false autoActive=false quickAccessShouldShow=false autoTdpPackage=null boundPackage=com.retrohrai.launcher lastForeground=com.retrohrai.launcher
2026-08-01 00:36:06 PulseAutoTdp: TICK-SKIP overlayShouldShow=false autoActive=false quickAccessShouldShow=false autoTdpPackage=null boundPackage=com.retrohrai.launcher lastForeground=com.retrohrai.launcher
2026-08-01 00:36:07 PulseDaemon: cap write via daemon (7 node(s))
2026-08-01 00:36:08 PulseAutoTdp: TICK-SKIP overlayShouldShow=false autoActive=false quickAccessShouldShow=false autoTdpPackage=null boundPackage=com.retrohrai.launcher lastForeground=com.retrohrai.launcher
2026-08-01 00:36:10 PulseAutoTdp: TICK-SKIP overlayShouldShow=false autoActive=false quickAccessShouldShow=false autoTdpPackage=null boundPackage=com.retrohrai.launcher lastForeground=com.retrohrai.launcher
2026-08-01 00:36:11 PulseDaemon: cap write via daemon (7 node(s))
2026-08-01 00:36:12 PulseAutoTdp: TICK-SKIP overlayShouldShow=false autoActive=false quickAccessShouldShow=false autoTdpPackage=null boundPackage=com.retrohrai.launcher lastForeground=com.retrohrai.launcher
2026-08-01 00:36:15 PulseAutoTdp: TICK-SKIP overlayShouldShow=false autoActive=false quickAccessShouldShow=false autoTdpPackage=null boundPackage=com.retrohrai.launcher lastForeground=com.retrohrai.launcher
2026-08-01 00:36:16 PulseDaemon: cap write via daemon (7 node(s))
2026-08-01 00:36:17 PulseAutoTdp: TICK-SKIP overlayShouldShow=false autoActive=false quickAccessShouldShow=false autoTdpPackage=null boundPackage=com.retrohrai.launcher lastForeground=com.retrohrai.launcher
2026-08-01 00:36:19 PulseAutoTdp: TICK-SKIP overlayShouldShow=false autoActive=false quickAccessShouldShow=false autoTdpPackage=null boundPackage=com.retrohrai.launcher lastForeground=com.retrohrai.launcher
2026-08-01 00:36:19 PulseDaemon: cap write via daemon (7 node(s))
2026-08-01 00:36:20 PulseAutoTdp: TICK-SKIP overlayShouldShow=false autoActive=false quickAccessShouldShow=false autoTdpPackage=null boundPackage=com.retrohrai.launcher lastForeground=com.retrohrai.launcher
2026-08-01 00:36:22 PulseAutoTdp: TICK-SKIP overlayShouldShow=false autoActive=false quickAccessShouldShow=false autoTdpPackage=null boundPackage=com.retrohrai.launcher lastForeground=com.retrohrai.launcher
2026-08-01 00:36:23 PulseDaemon: cap write via daemon (7 node(s))
