# TRIMMED 2026-07-27 -- original was     8717 lines / 1.0M.
# Full narrative analysis of this capture is in STATUS.md (search for this file's name).
# Kept: crash backtraces (xsud SIGABRT / __stack_chk_fail) with context. Everything else cut.
# ---
1001-07-27 12:25:14.217  2576  7494 D PowerUI : can't show warning due to - plugged: true status unknown: false
1002-07-27 12:25:14.222  3920  5057 I MediaProvider: Observed non-standard /storage/emulated/0/Retrohrai/media/.nomedia
1003-07-27 12:25:14.234  3920  5057 I MediaProvider: Observed non-standard /storage/emulated/0/Retrohrai/media/.nomedia
1004:07-27 12:25:14.236  7496  7496 I xsu     : sending cmd:echo 1 > /sys/class/power_supply/battery/online
1005-07-27 12:25:14.236  1575  7497 I xsu_api : xsu_recv memset enter
1006:07-27 12:25:14.236  7496  7496 I xsu     : sending cmd end:echo 1 > /sys/class/power_supply/battery/online
1007-07-27 12:25:14.236  7496  7496 I xsu     : free cmd end
1008-07-27 12:25:14.236  7496  7496 I xsu     : xsu_recv cmd before
1009-07-27 12:25:14.236  7496  7496 I xsu_api : xsu_recv memset enter
1010-07-27 12:25:14.236  7496  7496 I xsu_api : xsu_recv memset end
1011-07-27 12:25:14.236  1575  7497 I xsu_api : xsu_recv memset end
1012-07-27 12:25:14.236  1575  7497 I xsu_api : xsu_recv retry end
1013-07-27 12:25:14.236  1575  7497 I xsu_api : ret=4, version=200, type=0, payload_size=51
1014-07-27 12:25:14.236  1575  7497 I xsu_api : xsu_recv type and len
1015-07-27 12:25:14.236  1575  7497 I xsu_api : header.type=0, header.payload_size=51, xsu_header_t=4
1016-07-27 12:25:14.236  1575  7497 I xsu_api : xsu_recv type and len end
1017:07-27 12:25:14.236  1575  7497 I xsud    : handle comming cmd:echo 1 > /sys/class/power_supply/battery/online
1018-07-27 12:25:14.246  7496  7496 I xsu_api : xsu_recv retry end
1019-07-27 12:25:14.246  7496  7496 I xsu_api : ret=4, version=200, type=3, payload_size=0
1020-07-27 12:25:14.246  7496  7496 I xsu_api : xsu_recv type and len
1021-07-27 12:25:14.246  7496  7496 I xsu_api : header.type=3, header.payload_size=0, xsu_header_t=4
1022-07-27 12:25:14.246  7496  7496 I xsu_api : xsu_recv type and len end
1023-07-27 12:25:14.246  7496  7496 I xsu     : xsu_recv cmd end
1024-07-27 12:25:14.246  7496  7496 I xsu     : end session!
1025-07-27 12:25:14.249  7499  7499 I xsu     : sending cmd:cat '/sys/devices/system/cpu/cpufreq/policy5/scaling_min_freq' 2>/dev/null
1026-07-27 12:25:14.249  7499  7499 I xsu     : sending cmd end:cat '/sys/devices/system/cpu/cpufreq/policy5/scaling_min_freq' 2>/dev/null
1027-07-27 12:25:14.249  1575  7502 I xsu_api : xsu_recv memset enter
1028-07-27 12:25:14.249  1575  7502 I xsu_api : xsu_recv memset end
1029-07-27 12:25:14.249  7499  7499 I xsu     : free cmd end
1030-07-27 12:25:14.249  7499  7499 I xsu     : xsu_recv cmd before
1031-07-27 12:25:14.249  7499  7499 I xsu_api : xsu_recv memset enter
1032-07-27 12:25:14.249  7499  7499 I xsu_api : xsu_recv memset end
1033-07-27 12:25:14.249  1575  7502 I xsu_api : xsu_recv retry end
1034-07-27 12:25:14.249  1575  7502 I xsu_api : ret=4, version=200, type=0, payload_size=78
1035-07-27 12:25:14.249  1575  7502 I xsu_api : xsu_recv type and len
1036-07-27 12:25:14.249  1575  7502 I xsu_api : header.type=0, header.payload_size=78, xsu_header_t=4
1037-07-27 12:25:14.249  1575  7502 I xsu_api : xsu_recv type and len end
--
8668-07-27 12:25:37.837  8691  8691 I xsu     : end session!
8669---------- beginning of crash
8670-07-27 12:25:37.838  1575 29811 F libc    : stack corruption detected (-fstack-protector)
8671:07-27 12:25:37.838  1575 29811 F libc    : Fatal signal 6 (SIGABRT), code -1 (SI_QUEUE) in tid 8694 (xsud), pid 1575 (xsud)
8672-07-27 12:25:37.841  1557  3025 E ComposerExtn: SmoMoState::FrameIsLate: queued_frames >= 2
8673-07-27 12:25:37.855  8717  8717 I crash_dump64: obtaining output fd from tombstoned, type: kDebuggerdTombstoneProto
8674-07-27 12:25:37.856  1081  1081 I tombstoned: received crash request for pid 8694
8675-07-27 12:25:37.856  8717  8717 I crash_dump64: performing dump of process 1575 (target tid = 8694)
8676-07-27 12:25:37.858  1557  3025 E ComposerExtn: SmoMoState::FrameIsLate: queued_frames >= 2
8677-07-27 12:25:37.859  8717  8717 E DEBUG   : failed to read process info: failed to open /proc/1575: No such file or directory
8678-07-27 12:25:37.869  8717  8717 F DEBUG   : *** *** *** *** *** *** *** *** *** *** *** *** *** *** *** ***
8679-07-27 12:25:37.870  8717  8717 F DEBUG   : Build fingerprint: 'AYANEO/AYANEO_Pocket_FIT/PocketFIT:14/01.00_20251226_private_user/eng.scm.20251226.033130:user/release-keys'
8680-07-27 12:25:37.870  8717  8717 F DEBUG   : Revision: '0'
8681-07-27 12:25:37.870  8717  8717 F DEBUG   : ABI: 'arm64'
8682-07-27 12:25:37.870  8717  8717 F DEBUG   : Timestamp: 2026-07-27 12:25:37.858558679+0200
8683-07-27 12:25:37.870  8717  8717 F DEBUG   : Process uptime: 0s
8684-07-27 12:25:37.870  8717  8717 F DEBUG   : Cmdline: /product/bin/xsud --root_seclabel=u:r:su:s0
8685-07-27 12:25:37.870  8717  8717 F DEBUG   : pid: 1575, tid: 8694, name: xsud  >>> /product/bin/xsud <<<
8686-07-27 12:25:37.870  8717  8717 F DEBUG   : uid: 0
8687-07-27 12:25:37.870  8717  8717 F DEBUG   : tagged_addr_ctrl: 0000000000000001 (PR_TAGGED_ADDR_ENABLE)
8688-07-27 12:25:37.870  8717  8717 F DEBUG   : pac_enabled_keys: 000000000000000f (PR_PAC_APIAKEY, PR_PAC_APIBKEY, PR_PAC_APDAKEY, PR_PAC_APDBKEY)
8689-07-27 12:25:37.870  8717  8717 F DEBUG   : signal 6 (SIGABRT), code -1 (SI_QUEUE), fault addr --------
8690-07-27 12:25:37.870  8717  8717 F DEBUG   : Abort message: 'stack corruption detected (-fstack-protector)'
8691-07-27 12:25:37.870  8717  8717 F DEBUG   :     x0  0000000000000000  x1  00000000000021f6  x2  0000000000000006  x3  0000007a5edaa730
--
8700-07-27 12:25:37.870  8717  8717 F DEBUG   : 4 total frames
8701-07-27 12:25:37.871  8717  8717 F DEBUG   : backtrace:
8702-07-27 12:25:37.871  8717  8717 F DEBUG   :       #00 pc 000000000005b650  /apex/com.android.runtime/lib64/bionic/libc.so (abort+168) (BuildId: 50118287324a156bc7be11d3d940c7be)
8703:07-27 12:25:37.871  8717  8717 F DEBUG   :       #01 pc 0000000000071d64  /apex/com.android.runtime/lib64/bionic/libc.so (__stack_chk_fail+24) (BuildId: 50118287324a156bc7be11d3d940c7be)
8704:07-27 12:25:37.871  8717  8717 F DEBUG   :       #02 pc 0000000000002f8c  /product/bin/xsud (xsu_conn_handler.cfi+856) (BuildId: cf12e64c40275bca4c064d86f58ec6f5)
8705-07-27 12:25:37.871  8717  8717 F DEBUG   :       #03 pc 2000006d6863203b  <unknown>
8706-07-27 12:25:37.875  1557  3025 E ComposerExtn: SmoMoState::FrameIsLate: queued_frames >= 2
8707-07-27 12:25:37.877  2235  2423 D ActivityManager: freezing 6030 com.google.android.projection.gearhead:car
8708-07-27 12:25:37.882  2235  2590 W NativeCrashListener: Couldn't find ProcessRecord for pid 1575
8709-07-27 12:25:37.883  1081  1081 E tombstoned: Tombstone written to: tombstone_07
8710-07-27 12:25:37.885  8720  8720 I xsu     : sending cmd:cmd game set --mode 1 com.mojang.minecraftpe
8711-07-27 12:25:37.885  8720  8720 I xsu     : sending cmd end:cmd game set --mode 1 com.mojang.minecraftpe
8712-07-27 12:25:37.885  8720  8720 I xsu     : free cmd end
8713-07-27 12:25:37.885  8720  8720 I xsu     : xsu_recv cmd before
8714-07-27 12:25:37.885  8720  8720 I xsu_api : xsu_recv memset enter
8715-07-27 12:25:37.885  8720  8720 I xsu_api : xsu_recv memset end
8716-07-27 12:25:37.886  2235  2418 E NativeTombstoneManager: Tombstone's UID (0) not an app, ignoring
8717-07-27 12:25:37.886  2235  2418 E NativeTombstoneManager: Tombstone's UID (0) not an app, ignoring
