# TRIMMED (analyze-pulse-logs.py) -- original was 763 lines / 123172B.
# Kept: every distinct line; runs of 3+ consecutive identical lines (idle TICK-SKIP polling,
# only the timestamp differs) collapsed to first + elision count + last.
# ---
2026-07-28 21:13:56 === pulse_daemon session start === version=1.19.6 (303) built 2026-07-28 20:18:16 script_crc32=f233ff4c
2026-07-28 21:14:15 PulseAutoTdp: TICK-SKIP overlayShouldShow=false autoActive=false quickAccessShouldShow=false autoTdpPackage=null boundPackage=null lastForeground=null
2026-07-28 21:14:15 PulseFan: arbiter=None auto=false bound=null managed=null latched=true
2026-07-28 21:14:16 PulseAutoTdp: TICK-SKIP overlayShouldShow=false autoActive=false quickAccessShouldShow=false autoTdpPackage=null boundPackage=null lastForeground=null
# ... 3 more identical lines elided (same content, only timestamp differs) ...
2026-07-28 21:14:21 PulseAutoTdp: TICK-SKIP overlayShouldShow=false autoActive=false quickAccessShouldShow=false autoTdpPackage=null boundPackage=null lastForeground=null
2026-07-28 21:14:22 PulseAutoTdp: TICK-SKIP overlayShouldShow=false autoActive=false quickAccessShouldShow=false autoTdpPackage=null boundPackage=null lastForeground=com.android.settings
# ... 81 more identical lines elided (same content, only timestamp differs) ...
2026-07-28 21:15:46 PulseAutoTdp: TICK-SKIP overlayShouldShow=false autoActive=false quickAccessShouldShow=false autoTdpPackage=null boundPackage=null lastForeground=com.android.settings
2026-07-28 21:15:50 PulseDaemon: cap write via daemon (3 node(s))
2026-07-28 21:15:51 PulseDaemon: cap write via daemon (10 node(s))
2026-07-28 21:15:51 PulseDaemon: engage governor via daemon (schedutil)
2026-07-28 21:15:55 PulseDaemon: telemetry read via daemon (16 path(s))
2026-07-28 21:15:56 PulseAutoTdp: AUTOTDP-SESSION tgt=90 bias=EFFICIENT wattCap=0 policies=0:2265600:0,1;2:3148800:2,3,4;5:2956800:5,6;7:3052800:7;-100:1050000:
2026-07-28 21:15:56 PulseAutoTdp: tgt=90 fps=- jank=0 tail=-ms act=HOLD bn=- cpuB=-1 cpuPk=-1 primePk=-1 io=-1 gpuB=13 gpuL=2 capped=0 prk=0 stl=0 draw=3.74W cT=40 gT=36 caps%[0:100,2:100,5:100,7:100,-100:100] curMHz[0:2265,2:2841,5:1612,7:480] mn/mx[0:364/2265,2:499/3148,5:499/2956,7:480/3052] gpu=231 gcap=1050[0/13] lrn=100
2026-07-28 21:15:56 PulseFan: arbiter=None auto=true bound=null managed=null latched=true
2026-07-28 21:15:58 PulseDaemon: telemetry read via daemon (16 path(s))
2026-07-28 21:15:59 PulseDaemon: telemetry read via daemon (16 path(s))
2026-07-28 21:15:59 PulseAutoTdp: tgt=90 fps=29.6 jank=26 tail=58ms act=HOLD bn=- cpuB=16 cpuPk=45 primePk=2 io=0 gpuB=13 gpuL=2 capped=0 prk=0 stl=0 draw=1.94W cT=40 gT=36 caps%[0:100,2:100,5:100,7:100,-100:100] curMHz[0:2265,2:1286,5:2246,7:480] gpu=231 gcap=1050[0/13] lrn=100
2026-07-28 21:16:00 PulseDaemon: telemetry read via daemon (16 path(s))
2026-07-28 21:16:02 PulseDaemon: telemetry read via daemon (16 path(s))
2026-07-28 21:16:02 PulseAutoTdp: tgt=90 fps=50.9 jank=19 tail=44ms act=HOLD bn=- cpuB=8 cpuPk=30 primePk=0 io=0 gpuB=0 gpuL=0 capped=0 prk=0 stl=0 draw=1.92W cT=38 gT=36 caps%[0:100,2:100,5:100,7:100,-100:100] curMHz[0:1920,2:499,5:2438,7:480] gpu=231 gcap=1050[0/13] lrn=100
2026-07-28 21:16:03 PulseDaemon: telemetry read via daemon (16 path(s))
2026-07-28 21:16:04 PulseDaemon: telemetry read via daemon (16 path(s))
2026-07-28 21:16:05 PulseAutoTdp: tgt=90 fps=30.0 jank=1 tail=78ms act=HOLD bn=- cpuB=8 cpuPk=27 primePk=1 io=0 gpuB=0 gpuL=0 capped=0 prk=0 stl=0 draw=1.71W cT=38 gT=36 caps%[0:100,2:100,5:100,7:100,-100:100] curMHz[0:2265,2:2707,5:2323,7:480] gpu=231 gcap=1050[0/13] lrn=100
2026-07-28 21:16:06 PulseDaemon: telemetry read via daemon (16 path(s))
2026-07-28 21:16:07 PulseDaemon: telemetry read via daemon (16 path(s))
2026-07-28 21:16:07 PulseAutoTdp: tgt=90 fps=30.0 jank=1 tail=78ms act=HOLD bn=- cpuB=8 cpuPk=27 primePk=0 io=0 gpuB=0 gpuL=0 capped=0 prk=0 stl=0 draw=2.02W cT=38 gT=36 caps%[0:100,2:100,5:100,7:100,-100:100] curMHz[0:2265,2:499,5:1920,7:480] gpu=231 gcap=1050[0/13] lrn=100
2026-07-28 21:16:09 PulseDaemon: telemetry read via daemon (16 path(s))
2026-07-28 21:16:10 PulseDaemon: telemetry read via daemon (16 path(s))
2026-07-28 21:16:10 PulseAutoTdp: tgt=90 fps=- jank=0 tail=-ms act=HOLD bn=- cpuB=7 cpuPk=28 primePk=0 io=0 gpuB=0 gpuL=0 capped=0 prk=0 stl=0 draw=2.12W cT=38 gT=36 caps%[0:100,2:100,5:100,7:100,-100:100] curMHz[0:2265,2:499,5:1708,7:480] gpu=231 gcap=1050[0/13] lrn=100
2026-07-28 21:16:11 PulseDaemon: telemetry read via daemon (16 path(s))
2026-07-28 21:16:13 PulseDaemon: telemetry read via daemon (16 path(s))
2026-07-28 21:16:13 PulseAutoTdp: tgt=90 fps=- jank=0 tail=-ms act=HOLD bn=- cpuB=4 cpuPk=31 primePk=0 io=0 gpuB=0 gpuL=0 capped=0 prk=0 stl=0 draw=2.08W cT=38 gT=36 caps%[0:100,2:100,5:100,7:100,-100:100] curMHz[0:1017,2:499,5:1497,7:480] gpu=231 gcap=1050[0/13] lrn=100
2026-07-28 21:16:14 PulseDaemon: telemetry read via daemon (16 path(s))
2026-07-28 21:16:15 PulseDaemon: telemetry read via daemon (16 path(s))
2026-07-28 21:16:15 PulseAutoTdp: tgt=90 fps=- jank=0 tail=-ms act=HOLD bn=- cpuB=8 cpuPk=29 primePk=0 io=0 gpuB=0 gpuL=0 capped=0 prk=0 stl=0 draw=1.93W cT=38 gT=36 caps%[0:100,2:100,5:100,7:100,-100:100] curMHz[0:2035,2:499,5:2515,7:480] gpu=231 gcap=1050[0/13] lrn=100
2026-07-28 21:16:17 PulseDaemon: telemetry read via daemon (16 path(s))
2026-07-28 21:16:18 PulseDaemon: telemetry read via daemon (16 path(s))
2026-07-28 21:16:18 PulseAutoTdp: tgt=90 fps=- jank=0 tail=-ms act=HOLD bn=- cpuB=7 cpuPk=29 primePk=0 io=0 gpuB=0 gpuL=0 capped=0 prk=0 stl=0 draw=2.81W cT=38 gT=36 caps%[0:100,2:100,5:100,7:100,-100:100] curMHz[0:2265,2:499,5:499,7:480] gpu=231 gcap=1050[0/13] lrn=100
2026-07-28 21:16:19 PulseDaemon: telemetry read via daemon (16 path(s))
2026-07-28 21:16:21 PulseDaemon: telemetry read via daemon (16 path(s))
2026-07-28 21:16:21 PulseAutoTdp: tgt=90 fps=- jank=0 tail=-ms act=HOLD bn=- cpuB=6 cpuPk=24 primePk=0 io=0 gpuB=0 gpuL=0 capped=0 prk=0 stl=0 draw=2.00W cT=38 gT=36 caps%[0:100,2:100,5:100,7:100,-100:100] curMHz[0:2265,2:1824,5:499,7:480] gpu=231 gcap=1050[0/13] lrn=100
2026-07-28 21:16:22 PulseDaemon: telemetry read via daemon (16 path(s))
2026-07-28 21:16:23 PulseDaemon: telemetry read via daemon (16 path(s))
2026-07-28 21:16:24 PulseAutoTdp: tgt=90 fps=75.9 jank=2 tail=78ms act=HOLD bn=- cpuB=12 cpuPk=42 primePk=8 io=0 gpuB=0 gpuL=0 capped=0 prk=0 stl=0 draw=2.97W cT=38 gT=36 caps%[0:100,2:100,5:100,7:100,-100:100] curMHz[0:1574,2:3148,5:1920,7:480] mn/mx[0:364/2265,2:499/3148,5:499/2956,7:480/3052] gpu=231 gcap=1050[0/13] lrn=100
2026-07-28 21:16:26 PulseDaemon: telemetry read via daemon (16 path(s))
2026-07-28 21:16:27 PulseDaemon: telemetry read via daemon (16 path(s))
2026-07-28 21:16:27 PulseAutoTdp: tgt=90 fps=75.9 jank=2 tail=78ms act=HOLD bn=- cpuB=5 cpuPk=33 primePk=0 io=0 gpuB=0 gpuL=0 capped=0 prk=0 stl=0 draw=2.31W cT=38 gT=36 caps%[0:100,2:100,5:100,7:100,-100:100] curMHz[0:1132,2:499,5:2380,7:480] gpu=231 gcap=1050[0/13] lrn=100
2026-07-28 21:16:28 PulseDaemon: telemetry read via daemon (16 path(s))
2026-07-28 21:16:30 PulseDaemon: telemetry read via daemon (16 path(s))
2026-07-28 21:16:30 PulseAutoTdp: tgt=90 fps=74.8 jank=1 tail=90ms act=HOLD bn=- cpuB=14 cpuPk=37 primePk=2 io=0 gpuB=0 gpuL=0 capped=0 prk=0 stl=0 draw=2.12W cT=38 gT=36 caps%[0:100,2:100,5:100,7:100,-100:100] curMHz[0:2265,2:499,5:2707,7:480] gpu=231 gcap=1050[0/13] lrn=100
2026-07-28 21:16:31 PulseDaemon: telemetry read via daemon (16 path(s))
2026-07-28 21:16:33 PulseDaemon: telemetry read via daemon (16 path(s))
2026-07-28 21:16:33 PulseAutoTdp: tgt=90 fps=74.8 jank=1 tail=90ms act=HOLD bn=- cpuB=6 cpuPk=33 primePk=2 io=0 gpuB=0 gpuL=0 capped=0 prk=0 stl=0 draw=2.00W cT=38 gT=36 caps%[0:100,2:100,5:100,7:100,-100:100] curMHz[0:1459,2:499,5:1824,7:480] gpu=231 gcap=1050[0/13] lrn=100
2026-07-28 21:16:34 PulseDaemon: telemetry read via daemon (16 path(s))
2026-07-28 21:16:35 PulseDaemon: telemetry read via daemon (16 path(s))
2026-07-28 21:16:35 PulseAutoTdp: tgt=90 fps=- jank=0 tail=-ms act=HOLD bn=- cpuB=8 cpuPk=29 primePk=0 io=0 gpuB=0 gpuL=0 capped=0 prk=0 stl=0 draw=1.91W cT=38 gT=36 caps%[0:100,2:100,5:100,7:100,-100:100] curMHz[0:2265,2:499,5:1612,7:480] gpu=231 gcap=1050[0/13] lrn=100
2026-07-28 21:16:37 PulseDaemon: telemetry read via daemon (16 path(s))
2026-07-28 21:16:38 PulseDaemon: telemetry read via daemon (16 path(s))
2026-07-28 21:16:38 PulseAutoTdp: AUTOTDP-SESSION tgt=90 bias=EFFICIENT wattCap=0 policies=0:2265600:0,1;2:3148800:2,3,4;5:2956800:5,6;7:3052800:7;-100:1050000:
2026-07-28 21:16:38 PulseAutoTdp: tgt=90 fps=- jank=0 tail=-ms act=HOLD bn=- cpuB=5 cpuPk=31 primePk=0 io=0 gpuB=0 gpuL=0 capped=0 prk=0 stl=0 draw=1.82W cT=38 gT=36 caps%[0:100,2:100,5:100,7:100,-100:100] curMHz[0:1132,2:499,5:1824,7:480] gpu=231 gcap=1050[0/13] lrn=100
2026-07-28 21:16:39 PulseDaemon: telemetry read via daemon (16 path(s))
2026-07-28 21:16:41 PulseDaemon: telemetry read via daemon (16 path(s))
2026-07-28 21:16:41 PulseAutoTdp: tgt=90 fps=- jank=0 tail=-ms act=HOLD bn=- cpuB=7 cpuPk=28 primePk=0 io=0 gpuB=0 gpuL=0 capped=0 prk=0 stl=0 draw=1.98W cT=38 gT=36 caps%[0:100,2:100,5:100,7:100,-100:100] curMHz[0:2265,2:499,5:960,7:480] gpu=231 gcap=1050[0/13] lrn=100
2026-07-28 21:16:42 PulseDaemon: telemetry read via daemon (16 path(s))
2026-07-28 21:16:43 PulseDaemon: telemetry read via daemon (16 path(s))
2026-07-28 21:16:44 PulseAutoTdp: tgt=90 fps=66.7 jank=8 tail=44ms act=HOLD bn=- cpuB=20 cpuPk=46 primePk=27 io=0 gpuB=20 gpuL=4 capped=0 prk=0 stl=0 draw=4.43W cT=39 gT=37 caps%[0:100,2:100,5:100,7:100,-100:100] curMHz[0:2265,2:1190,5:2515,7:576] gpu=231 gcap=1050[0/13] lrn=100
2026-07-28 21:16:45 PulseDaemon: telemetry read via daemon (16 path(s))
2026-07-28 21:16:46 PulseDaemon: telemetry read via daemon (16 path(s))
2026-07-28 21:16:46 PulseAutoTdp: tgt=90 fps=56.1 jank=15 tail=44ms act=HOLD bn=- cpuB=11 cpuPk=50 primePk=2 io=0 gpuB=21 gpuL=4 capped=0 prk=0 stl=0 draw=2.33W cT=39 gT=37 caps%[0:100,2:100,5:100,7:100,-100:100] curMHz[0:787,2:499,5:2131,7:480] gpu=231 gcap=1050[0/13] lrn=100
2026-07-28 21:16:47 PulseDaemon: telemetry read via daemon (16 path(s))
2026-07-28 21:16:49 PulseDaemon: telemetry read via daemon (16 path(s))
2026-07-28 21:16:49 PulseAutoTdp: tgt=90 fps=30.0 jank=33 tail=44ms act=HOLD bn=- cpuB=9 cpuPk=48 primePk=2 io=0 gpuB=12 gpuL=2 capped=0 prk=0 stl=0 draw=2.39W cT=39 gT=37 caps%[0:100,2:100,5:100,7:100,-100:100] curMHz[0:787,2:499,5:2131,7:480] gpu=231 gcap=1050[0/13] lrn=100
2026-07-28 21:16:50 PulseDaemon: telemetry read via daemon (16 path(s))
2026-07-28 21:16:51 PulseDaemon: telemetry read via daemon (16 path(s))
2026-07-28 21:16:52 PulseAutoTdp: tgt=90 fps=56.3 jank=17 tail=58ms act=HOLD bn=- cpuB=18 cpuPk=51 primePk=15 io=0 gpuB=12 gpuL=2 capped=0 prk=0 stl=0 draw=2.52W cT=39 gT=37 caps%[0:100,2:100,5:100,7:100,-100:100] curMHz[0:2265,2:499,5:2035,7:480] mn/mx[0:364/2265,2:499/3148,5:499/2956,7:480/3052] gpu=231 gcap=1050[0/13] lrn=100
2026-07-28 21:16:54 PulseDaemon: telemetry read via daemon (16 path(s))
2026-07-28 21:16:55 PulseDaemon: telemetry read via daemon (16 path(s))
2026-07-28 21:16:55 PulseAutoTdp: tgt=90 fps=29.8 jank=33 tail=44ms act=HOLD bn=- cpuB=7 cpuPk=48 primePk=0 io=0 gpuB=13 gpuL=2 capped=0 prk=0 stl=0 draw=2.61W cT=39 gT=37 caps%[0:100,2:100,5:100,7:100,-100:100] curMHz[0:902,2:499,5:1286,7:480] gpu=231 gcap=1050[0/13] lrn=100
2026-07-28 21:16:56 PulseDaemon: telemetry read via daemon (16 path(s))
2026-07-28 21:16:58 PulseDaemon: telemetry read via daemon (16 path(s))
2026-07-28 21:16:58 PulseAutoTdp: tgt=90 fps=29.7 jank=30 tail=58ms act=HOLD bn=- cpuB=11 cpuPk=51 primePk=2 io=0 gpuB=14 gpuL=3 capped=0 prk=0 stl=0 draw=2.89W cT=39 gT=37 caps%[0:100,2:100,5:100,7:100,-100:100] curMHz[0:787,2:499,5:2572,7:480] gpu=231 gcap=1050[0/13] lrn=100
2026-07-28 21:16:59 PulseDaemon: telemetry read via daemon (16 path(s))
2026-07-28 21:17:00 PulseDaemon: telemetry read via daemon (16 path(s))
2026-07-28 21:17:00 PulseAutoTdp: tgt=90 fps=30.6 jank=28 tail=44ms act=HOLD bn=- cpuB=16 cpuPk=46 primePk=2 io=0 gpuB=14 gpuL=3 capped=0 prk=0 stl=0 draw=2.47W cT=39 gT=37 caps%[0:100,2:100,5:100,7:100,-100:100] curMHz[0:2265,2:499,5:2035,7:480] gpu=231 gcap=1050[0/13] lrn=100
2026-07-28 21:17:02 PulseDaemon: telemetry read via daemon (16 path(s))
2026-07-28 21:17:03 PulseDaemon: telemetry read via daemon (16 path(s))
2026-07-28 21:17:03 PulseAutoTdp: tgt=90 fps=29.7 jank=31 tail=58ms act=HOLD bn=- cpuB=17 cpuPk=49 primePk=2 io=0 gpuB=13 gpuL=2 capped=0 prk=0 stl=0 draw=2.73W cT=40 gT=37 caps%[0:100,2:100,5:100,7:100,-100:100] curMHz[0:2265,2:499,5:1920,7:480] gpu=231 gcap=1050[0/13] lrn=100
2026-07-28 21:17:04 PulseDaemon: telemetry read via daemon (16 path(s))
2026-07-28 21:17:06 PulseDaemon: telemetry read via daemon (16 path(s))
2026-07-28 21:17:06 PulseAutoTdp: tgt=90 fps=29.7 jank=31 tail=58ms act=HOLD bn=- cpuB=17 cpuPk=53 primePk=3 io=0 gpuB=13 gpuL=2 capped=0 prk=0 stl=0 draw=2.72W cT=39 gT=37 caps%[0:100,2:100,5:100,7:100,-100:100] curMHz[0:2265,2:499,5:1920,7:480] gpu=231 gcap=1050[0/13] lrn=100
2026-07-28 21:17:07 PulseDaemon: telemetry read via daemon (16 path(s))
2026-07-28 21:17:08 PulseDaemon: telemetry read via daemon (16 path(s))
2026-07-28 21:17:09 PulseAutoTdp: tgt=90 fps=30.3 jank=32 tail=44ms act=HOLD bn=- cpuB=18 cpuPk=51 primePk=0 io=0 gpuB=13 gpuL=2 capped=0 prk=0 stl=0 draw=2.72W cT=39 gT=37 caps%[0:100,2:100,5:100,7:100,-100:100] curMHz[0:2035,2:499,5:2956,7:480] gpu=231 gcap=1050[0/13] lrn=100
2026-07-28 21:17:10 PulseDaemon: telemetry read via daemon (16 path(s))
2026-07-28 21:17:11 PulseDaemon: telemetry read via daemon (16 path(s))
2026-07-28 21:17:11 PulseAutoTdp: tgt=90 fps=30.0 jank=28 tail=44ms act=HOLD bn=- cpuB=12 cpuPk=50 primePk=3 io=0 gpuB=13 gpuL=2 capped=0 prk=0 stl=0 draw=1.76W cT=40 gT=37 caps%[0:100,2:100,5:100,7:100,-100:100] curMHz[0:1459,2:499,5:1824,7:480] gpu=231 gcap=1050[0/13] lrn=100
2026-07-28 21:17:12 PulseDaemon: telemetry read via daemon (16 path(s))
2026-07-28 21:17:14 PulseDaemon: telemetry read via daemon (16 path(s))
2026-07-28 21:17:14 PulseAutoTdp: tgt=90 fps=29.8 jank=30 tail=44ms act=HOLD bn=- cpuB=9 cpuPk=50 primePk=0 io=0 gpuB=13 gpuL=2 capped=0 prk=0 stl=0 draw=2.82W cT=39 gT=37 caps%[0:100,2:100,5:100,7:100,-100:100] curMHz[0:902,2:499,5:1920,7:480] gpu=231 gcap=1050[0/13] lrn=100
2026-07-28 21:17:15 PulseDaemon: telemetry read via daemon (16 path(s))
2026-07-28 21:17:16 PulseDaemon: telemetry read via daemon (16 path(s))
2026-07-28 21:17:16 PulseAutoTdp: tgt=90 fps=29.7 jank=31 tail=58ms act=HOLD bn=- cpuB=17 cpuPk=49 primePk=3 io=0 gpuB=14 gpuL=3 capped=0 prk=0 stl=0 draw=2.08W cT=40 gT=37 caps%[0:100,2:100,5:100,7:100,-100:100] curMHz[0:2265,2:499,5:2131,7:480] gpu=231 gcap=1050[0/13] lrn=100
2026-07-28 21:17:18 PulseDaemon: telemetry read via daemon (16 path(s))
2026-07-28 21:17:19 PulseDaemon: telemetry read via daemon (16 path(s))
2026-07-28 21:17:19 PulseAutoTdp: AUTOTDP-SESSION tgt=90 bias=EFFICIENT wattCap=0 policies=0:2265600:0,1;2:3148800:2,3,4;5:2956800:5,6;7:3052800:7;-100:1050000:
2026-07-28 21:17:20 PulseAutoTdp: tgt=90 fps=29.7 jank=28 tail=58ms act=HOLD bn=- cpuB=7 cpuPk=50 primePk=1 io=0 gpuB=14 gpuL=3 capped=0 prk=0 stl=0 draw=2.38W cT=40 gT=37 caps%[0:100,2:100,5:100,7:100,-100:100] curMHz[0:556,2:499,5:2035,7:480] mn/mx[0:364/2265,2:499/3148,5:499/2956,7:480/3052] gpu=231 gcap=1050[0/13] lrn=100
2026-07-28 21:17:21 PulseDaemon: telemetry read via daemon (16 path(s))
2026-07-28 21:17:23 PulseDaemon: telemetry read via daemon (16 path(s))
2026-07-28 21:17:23 PulseAutoTdp: tgt=90 fps=30.0 jank=32 tail=44ms act=HOLD bn=- cpuB=10 cpuPk=51 primePk=0 io=0 gpuB=14 gpuL=3 capped=0 prk=0 stl=0 draw=2.46W cT=40 gT=37 caps%[0:100,2:100,5:100,7:100,-100:100] curMHz[0:787,2:499,5:2380,7:480] gpu=231 gcap=1050[0/13] lrn=100
2026-07-28 21:17:24 PulseDaemon: telemetry read via daemon (16 path(s))
2026-07-28 21:17:25 PulseDaemon: telemetry read via daemon (16 path(s))
2026-07-28 21:17:25 PulseAutoTdp: tgt=90 fps=30.0 jank=28 tail=44ms act=HOLD bn=- cpuB=7 cpuPk=52 primePk=2 io=0 gpuB=13 gpuL=2 capped=0 prk=0 stl=0 draw=2.69W cT=40 gT=37 caps%[0:100,2:100,5:100,7:100,-100:100] curMHz[0:460,2:499,5:1824,7:480] gpu=231 gcap=1050[0/13] lrn=100
2026-07-28 21:17:27 PulseDaemon: telemetry read via daemon (16 path(s))
2026-07-28 21:17:28 PulseDaemon: telemetry read via daemon (16 path(s))
2026-07-28 21:17:28 PulseAutoTdp: tgt=90 fps=29.3 jank=29 tail=58ms act=HOLD bn=- cpuB=9 cpuPk=52 primePk=2 io=0 gpuB=13 gpuL=2 capped=0 prk=0 stl=0 draw=2.20W cT=41 gT=37 caps%[0:100,2:100,5:100,7:100,-100:100] curMHz[0:787,2:499,5:2035,7:480] gpu=231 gcap=1050[0/13] lrn=100
2026-07-28 21:17:29 PulseDaemon: telemetry read via daemon (16 path(s))
2026-07-28 21:17:30 PulseDaemon: telemetry read via daemon (16 path(s))
2026-07-28 21:17:31 PulseAutoTdp: tgt=90 fps=29.8 jank=32 tail=44ms act=HOLD bn=- cpuB=10 cpuPk=51 primePk=3 io=0 gpuB=13 gpuL=2 capped=0 prk=0 stl=0 draw=2.90W cT=40 gT=37 caps%[0:100,2:100,5:100,7:100,-100:100] curMHz[0:1459,2:499,5:960,7:480] gpu=231 gcap=1050[0/13] lrn=100
2026-07-28 21:17:32 PulseDaemon: telemetry read via daemon (16 path(s))
2026-07-28 21:17:33 PulseDaemon: telemetry read via daemon (16 path(s))
2026-07-28 21:17:33 PulseAutoTdp: tgt=90 fps=30.0 jank=33 tail=44ms act=HOLD bn=- cpuB=8 cpuPk=51 primePk=0 io=0 gpuB=13 gpuL=2 capped=0 prk=0 stl=0 draw=2.57W cT=40 gT=37 caps%[0:100,2:100,5:100,7:100,-100:100] curMHz[0:787,2:499,5:1612,7:480] gpu=231 gcap=1050[0/13] lrn=100
2026-07-28 21:17:34 PulseDaemon: telemetry read via daemon (16 path(s))
2026-07-28 21:17:36 PulseDaemon: telemetry read via daemon (16 path(s))
2026-07-28 21:17:36 PulseAutoTdp: tgt=90 fps=30.3 jank=30 tail=44ms act=HOLD bn=- cpuB=13 cpuPk=52 primePk=3 io=0 gpuB=13 gpuL=2 capped=0 prk=0 stl=0 draw=2.52W cT=41 gT=37 caps%[0:100,2:100,5:100,7:100,-100:100] curMHz[0:1459,2:499,5:1920,7:480] gpu=231 gcap=1050[0/13] lrn=100
2026-07-28 21:17:37 PulseDaemon: telemetry read via daemon (16 path(s))
2026-07-28 21:17:38 PulseDaemon: telemetry read via daemon (16 path(s))
2026-07-28 21:17:39 PulseAutoTdp: tgt=90 fps=30.0 jank=29 tail=44ms act=HOLD bn=- cpuB=8 cpuPk=48 primePk=3 io=0 gpuB=13 gpuL=2 capped=0 prk=0 stl=0 draw=2.78W cT=40 gT=37 caps%[0:100,2:100,5:100,7:100,-100:100] curMHz[0:1132,2:499,5:960,7:480] gpu=231 gcap=1050[0/13] lrn=100
2026-07-28 21:17:40 PulseDaemon: telemetry read via daemon (16 path(s))
2026-07-28 21:17:41 PulseDaemon: telemetry read via daemon (16 path(s))
2026-07-28 21:17:41 PulseAutoTdp: tgt=90 fps=29.8 jank=31 tail=44ms act=HOLD bn=- cpuB=15 cpuPk=49 primePk=3 io=0 gpuB=13 gpuL=2 capped=0 prk=0 stl=0 draw=2.87W cT=40 gT=38 caps%[0:100,2:100,5:100,7:100,-100:100] curMHz[0:1459,2:499,5:2841,7:480] gpu=231 gcap=1050[0/13] lrn=100
2026-07-28 21:17:42 PulseDaemon: telemetry read via daemon (16 path(s))
2026-07-28 21:17:44 PulseDaemon: telemetry read via daemon (16 path(s))
2026-07-28 21:17:44 PulseAutoTdp: tgt=90 fps=30.0 jank=31 tail=44ms act=HOLD bn=- cpuB=6 cpuPk=51 primePk=1 io=0 gpuB=13 gpuL=2 capped=0 prk=0 stl=0 draw=2.78W cT=40 gT=37 caps%[0:100,2:100,5:100,7:100,-100:100] curMHz[0:787,2:499,5:844,7:480] gpu=231 gcap=1050[0/13] lrn=100
2026-07-28 21:17:45 PulseDaemon: telemetry read via daemon (16 path(s))
2026-07-28 21:17:46 PulseDaemon: telemetry read via daemon (16 path(s))
2026-07-28 21:17:47 PulseAutoTdp: tgt=90 fps=29.8 jank=32 tail=44ms act=HOLD bn=- cpuB=9 cpuPk=48 primePk=2 io=0 gpuB=13 gpuL=2 capped=0 prk=0 stl=0 draw=1.69W cT=40 gT=37 caps%[0:100,2:100,5:100,7:100,-100:100] curMHz[0:672,2:499,5:2188,7:480] mn/mx[0:364/2265,2:499/3148,5:499/2956,7:480/3052] gpu=231 gcap=1050[0/13] lrn=100
2026-07-28 21:17:49 PulseDaemon: telemetry read via daemon (16 path(s))
2026-07-28 21:17:50 PulseDaemon: telemetry read via daemon (16 path(s))
2026-07-28 21:17:50 PulseAutoTdp: tgt=90 fps=30.0 jank=29 tail=44ms act=HOLD bn=- cpuB=11 cpuPk=50 primePk=2 io=0 gpuB=13 gpuL=2 capped=0 prk=0 stl=0 draw=2.80W cT=40 gT=37 caps%[0:100,2:100,5:100,7:100,-100:100] curMHz[0:1248,2:499,5:1920,7:480] gpu=231 gcap=1050[0/13] lrn=100
2026-07-28 21:17:51 PulseDaemon: telemetry read via daemon (16 path(s))
2026-07-28 21:17:53 PulseDaemon: telemetry read via daemon (16 path(s))
2026-07-28 21:17:53 PulseAutoTdp: tgt=90 fps=29.8 jank=28 tail=44ms act=HOLD bn=- cpuB=4 cpuPk=48 primePk=1 io=0 gpuB=13 gpuL=2 capped=0 prk=0 stl=0 draw=2.68W cT=40 gT=38 caps%[0:100,2:100,5:100,7:100,-100:100] curMHz[0:556,2:499,5:729,7:480] gpu=231 gcap=1050[0/13] lrn=100
2026-07-28 21:17:54 PulseDaemon: telemetry read via daemon (16 path(s))
2026-07-28 21:17:55 PulseDaemon: telemetry read via daemon (16 path(s))
2026-07-28 21:17:55 PulseAutoTdp: tgt=90 fps=30.0 jank=33 tail=58ms act=HOLD bn=- cpuB=13 cpuPk=49 primePk=0 io=0 gpuB=13 gpuL=2 capped=0 prk=0 stl=0 draw=2.63W cT=40 gT=37 caps%[0:100,2:100,5:100,7:100,-100:100] curMHz[0:2265,2:499,5:844,7:480] gpu=231 gcap=1050[0/13] lrn=100
2026-07-28 21:17:57 PulseDaemon: telemetry read via daemon (16 path(s))
2026-07-28 21:17:58 PulseDaemon: telemetry read via daemon (16 path(s))
2026-07-28 21:17:58 PulseAutoTdp: tgt=90 fps=30.0 jank=32 tail=44ms act=HOLD bn=- cpuB=17 cpuPk=49 primePk=2 io=0 gpuB=13 gpuL=2 capped=0 prk=0 stl=0 draw=2.82W cT=40 gT=38 caps%[0:100,2:100,5:100,7:100,-100:100] curMHz[0:2265,2:2380,5:2035,7:480] gpu=231 gcap=1050[0/13] lrn=100
2026-07-28 21:17:59 PulseDaemon: telemetry read via daemon (16 path(s))
2026-07-28 21:18:01 PulseDaemon: telemetry read via daemon (16 path(s))
2026-07-28 21:18:01 PulseAutoTdp: AUTOTDP-SESSION tgt=90 bias=EFFICIENT wattCap=0 policies=0:2265600:0,1;2:3148800:2,3,4;5:2956800:5,6;7:3052800:7;-100:1050000:
2026-07-28 21:18:01 PulseAutoTdp: tgt=90 fps=30.8 jank=27 tail=58ms act=HOLD bn=- cpuB=3 cpuPk=48 primePk=1 io=0 gpuB=13 gpuL=2 capped=0 prk=0 stl=0 draw=2.44W cT=41 gT=38 caps%[0:100,2:100,5:100,7:100,-100:100] curMHz[0:364,2:499,5:614,7:480] gpu=231 gcap=1050[0/13] lrn=100
2026-07-28 21:18:02 PulseDaemon: telemetry read via daemon (16 path(s))
2026-07-28 21:18:03 PulseDaemon: telemetry read via daemon (16 path(s))
2026-07-28 21:18:04 PulseAutoTdp: tgt=90 fps=29.7 jank=32 tail=58ms act=HOLD bn=- cpuB=16 cpuPk=53 primePk=1 io=0 gpuB=14 gpuL=3 capped=0 prk=0 stl=0 draw=3.03W cT=40 gT=38 caps%[0:100,2:100,5:100,7:100,-100:100] curMHz[0:2265,2:499,5:1612,7:480] gpu=231 gcap=1050[0/13] lrn=100
2026-07-28 21:18:05 PulseDaemon: telemetry read via daemon (16 path(s))
2026-07-28 21:18:06 PulseDaemon: telemetry read via daemon (16 path(s))
2026-07-28 21:18:06 PulseAutoTdp: tgt=90 fps=30.0 jank=28 tail=44ms act=HOLD bn=- cpuB=17 cpuPk=49 primePk=4 io=0 gpuB=14 gpuL=3 capped=0 prk=0 stl=0 draw=2.42W cT=41 gT=38 caps%[0:100,2:100,5:100,7:100,-100:100] curMHz[0:2265,2:499,5:2131,7:480] gpu=231 gcap=1050[0/13] lrn=100
2026-07-28 21:18:08 PulseDaemon: telemetry read via daemon (16 path(s))
2026-07-28 21:18:09 PulseDaemon: telemetry read via daemon (16 path(s))
2026-07-28 21:18:09 PulseAutoTdp: tgt=90 fps=29.8 jank=29 tail=44ms act=HOLD bn=- cpuB=16 cpuPk=48 primePk=2 io=0 gpuB=13 gpuL=2 capped=0 prk=0 stl=0 draw=2.62W cT=40 gT=38 caps%[0:100,2:100,5:100,7:100,-100:100] curMHz[0:2265,2:499,5:1612,7:480] gpu=231 gcap=1050[0/13] lrn=100
2026-07-28 21:18:10 PulseDaemon: telemetry read via daemon (16 path(s))
2026-07-28 21:18:12 PulseDaemon: telemetry read via daemon (16 path(s))
2026-07-28 21:18:12 PulseAutoTdp: tgt=90 fps=30.0 jank=33 tail=44ms act=HOLD bn=- cpuB=17 cpuPk=51 primePk=2 io=0 gpuB=13 gpuL=2 capped=0 prk=0 stl=0 draw=2.49W cT=41 gT=38 caps%[0:100,2:100,5:100,7:100,-100:100] curMHz[0:2265,2:499,5:1920,7:480] gpu=231 gcap=1050[0/13] lrn=100
2026-07-28 21:18:13 PulseDaemon: telemetry read via daemon (16 path(s))
2026-07-28 21:18:14 PulseDaemon: telemetry read via daemon (16 path(s))
2026-07-28 21:18:15 PulseAutoTdp: tgt=90 fps=29.8 jank=30 tail=44ms act=HOLD bn=- cpuB=11 cpuPk=47 primePk=2 io=0 gpuB=13 gpuL=2 capped=0 prk=0 stl=0 draw=2.32W cT=41 gT=38 caps%[0:100,2:100,5:100,7:100,-100:100] curMHz[0:1248,2:499,5:2035,7:480] mn/mx[0:364/2265,2:499/3148,5:499/2956,7:480/3052] gpu=231 gcap=1050[0/13] lrn=100
2026-07-28 21:18:16 PulseDaemon: telemetry read via daemon (16 path(s))
2026-07-28 21:18:18 PulseDaemon: telemetry read via daemon (16 path(s))
2026-07-28 21:18:18 PulseAutoTdp: tgt=90 fps=29.4 jank=30 tail=58ms act=HOLD bn=- cpuB=9 cpuPk=48 primePk=2 io=0 gpuB=13 gpuL=2 capped=0 prk=0 stl=0 draw=2.68W cT=40 gT=38 caps%[0:100,2:100,5:100,7:100,-100:100] curMHz[0:1459,2:499,5:729,7:480] gpu=231 gcap=1050[0/13] lrn=100
2026-07-28 21:18:19 PulseDaemon: telemetry read via daemon (16 path(s))
2026-07-28 21:18:20 PulseDaemon: telemetry read via daemon (16 path(s))
2026-07-28 21:18:21 PulseAutoTdp: tgt=90 fps=30.0 jank=29 tail=44ms act=HOLD bn=- cpuB=17 cpuPk=50 primePk=1 io=0 gpuB=14 gpuL=3 capped=0 prk=0 stl=0 draw=1.79W cT=41 gT=38 caps%[0:100,2:100,5:100,7:100,-100:100] curMHz[0:2265,2:499,5:2035,7:480] gpu=231 gcap=1050[0/13] lrn=100
2026-07-28 21:18:22 PulseDaemon: telemetry read via daemon (16 path(s))
2026-07-28 21:18:23 PulseDaemon: telemetry read via daemon (16 path(s))
2026-07-28 21:18:23 PulseAutoTdp: tgt=90 fps=30.0 jank=32 tail=58ms act=HOLD bn=- cpuB=16 cpuPk=50 primePk=2 io=0 gpuB=13 gpuL=2 capped=0 prk=0 stl=0 draw=2.50W cT=41 gT=38 caps%[0:100,2:100,5:100,7:100,-100:100] curMHz[0:2265,2:960,5:1708,7:480] gpu=231 gcap=1050[0/13] lrn=100
2026-07-28 21:18:24 PulseDaemon: telemetry read via daemon (16 path(s))
2026-07-28 21:18:26 PulseDaemon: telemetry read via daemon (16 path(s))
2026-07-28 21:18:26 PulseAutoTdp: tgt=90 fps=29.8 jank=30 tail=44ms act=HOLD bn=- cpuB=20 cpuPk=49 primePk=0 io=0 gpuB=13 gpuL=2 capped=0 prk=0 stl=0 draw=2.70W cT=41 gT=38 caps%[0:100,2:100,5:100,7:100,-100:100] curMHz[0:2265,2:499,5:2841,7:480] gpu=231 gcap=1050[0/13] lrn=100
2026-07-28 21:18:27 PulseDaemon: telemetry read via daemon (16 path(s))
2026-07-28 21:18:28 PulseDaemon: telemetry read via daemon (16 path(s))
2026-07-28 21:18:29 PulseAutoTdp: tgt=90 fps=30.0 jank=28 tail=44ms act=HOLD bn=- cpuB=13 cpuPk=51 primePk=0 io=0 gpuB=13 gpuL=2 capped=0 prk=0 stl=0 draw=2.03W cT=41 gT=38 caps%[0:100,2:100,5:100,7:100,-100:100] curMHz[0:2035,2:499,5:729,7:480] gpu=231 gcap=1050[0/13] lrn=100
2026-07-28 21:18:30 PulseDaemon: telemetry read via daemon (16 path(s))
2026-07-28 21:18:31 PulseDaemon: telemetry read via daemon (16 path(s))
2026-07-28 21:18:31 PulseAutoTdp: tgt=90 fps=30.3 jank=32 tail=44ms act=HOLD bn=- cpuB=9 cpuPk=49 primePk=2 io=0 gpuB=13 gpuL=2 capped=0 prk=0 stl=0 draw=2.33W cT=40 gT=38 caps%[0:100,2:100,5:100,7:100,-100:100] curMHz[0:672,2:499,5:2035,7:480] gpu=231 gcap=1050[0/13] lrn=100
2026-07-28 21:18:32 PulseDaemon: telemetry read via daemon (16 path(s))
2026-07-28 21:18:34 PulseDaemon: telemetry read via daemon (16 path(s))
2026-07-28 21:18:34 PulseAutoTdp: tgt=90 fps=29.8 jank=28 tail=44ms act=HOLD bn=- cpuB=17 cpuPk=50 primePk=2 io=0 gpuB=13 gpuL=2 capped=0 prk=0 stl=0 draw=2.84W cT=41 gT=39 caps%[0:100,2:100,5:100,7:100,-100:100] curMHz[0:2265,2:614,5:2131,7:480] gpu=231 gcap=1050[0/13] lrn=100
2026-07-28 21:18:35 PulseDaemon: telemetry read via daemon (16 path(s))
2026-07-28 21:18:36 PulseDaemon: telemetry read via daemon (16 path(s))
2026-07-28 21:18:37 PulseAutoTdp: tgt=90 fps=29.7 jank=33 tail=58ms act=HOLD bn=- cpuB=13 cpuPk=52 primePk=5 io=0 gpuB=13 gpuL=2 capped=0 prk=0 stl=0 draw=2.64W cT=41 gT=38 caps%[0:100,2:100,5:100,7:100,-100:100] curMHz[0:1248,2:729,5:2515,7:480] gpu=231 gcap=1050[0/13] lrn=100
2026-07-28 21:18:38 PulseDaemon: telemetry read via daemon (16 path(s))
2026-07-28 21:18:39 PulseDaemon: telemetry read via daemon (16 path(s))
2026-07-28 21:18:39 PulseAutoTdp: tgt=90 fps=30.0 jank=32 tail=58ms act=HOLD bn=- cpuB=9 cpuPk=51 primePk=1 io=0 gpuB=14 gpuL=3 capped=0 prk=0 stl=0 draw=2.52W cT=41 gT=38 caps%[0:100,2:100,5:100,7:100,-100:100] curMHz[0:556,2:499,5:2438,7:480] gpu=231 gcap=1050[0/13] lrn=100
2026-07-28 21:18:40 PulseDaemon: telemetry read via daemon (16 path(s))
2026-07-28 21:18:42 PulseDaemon: telemetry read via daemon (16 path(s))
2026-07-28 21:18:42 PulseAutoTdp: AUTOTDP-SESSION tgt=90 bias=EFFICIENT wattCap=0 policies=0:2265600:0,1;2:3148800:2,3,4;5:2956800:5,6;7:3052800:7;-100:1050000:
2026-07-28 21:18:43 PulseAutoTdp: tgt=90 fps=29.8 jank=30 tail=44ms act=HOLD bn=- cpuB=6 cpuPk=51 primePk=1 io=0 gpuB=14 gpuL=3 capped=0 prk=0 stl=0 draw=3.00W cT=41 gT=38 caps%[0:100,2:100,5:100,7:100,-100:100] curMHz[0:902,2:499,5:499,7:480] mn/mx[0:364/2265,2:499/3148,5:499/2956,7:480/3052] gpu=231 gcap=1050[0/13] lrn=100
2026-07-28 21:18:44 PulseDaemon: telemetry read via daemon (16 path(s))
2026-07-28 21:18:45 PulseDaemon: telemetry read via daemon (16 path(s))
2026-07-28 21:18:45 PulseAutoTdp: tgt=90 fps=29.5 jank=33 tail=44ms act=HOLD bn=- cpuB=20 cpuPk=54 primePk=0 io=0 gpuB=13 gpuL=2 capped=0 prk=0 stl=0 draw=1.78W cT=41 gT=39 caps%[0:100,2:100,5:100,7:100,-100:100] curMHz[0:2265,2:499,5:2707,7:480] gpu=231 gcap=1050[0/13] lrn=100
2026-07-28 21:18:47 PulseDaemon: telemetry read via daemon (16 path(s))
2026-07-28 21:18:48 PulseDaemon: telemetry read via daemon (16 path(s))
2026-07-28 21:18:48 PulseAutoTdp: tgt=90 fps=30.0 jank=35 tail=44ms act=HOLD bn=CPU cpuB=19 cpuPk=67 primePk=10 io=0 gpuB=13 gpuL=2 capped=0 prk=0 stl=0 draw=2.03W cT=43 gT=39 caps%[0:100,2:100,5:100,7:100,-100:100] curMHz[0:2265,2:499,5:614,7:480] gpu=231 gcap=1050[0/13] lrn=100
2026-07-28 21:18:49 PulseDaemon: telemetry read via daemon (16 path(s))
2026-07-28 21:18:51 PulseDaemon: telemetry read via daemon (16 path(s))
2026-07-28 21:18:51 PulseAutoTdp: tgt=90 fps=29.7 jank=33 tail=58ms act=HOLD bn=- cpuB=13 cpuPk=51 primePk=1 io=0 gpuB=13 gpuL=2 capped=0 prk=0 stl=0 draw=2.27W cT=42 gT=39 caps%[0:100,2:100,5:100,7:100,-100:100] curMHz[0:1459,2:499,5:2323,7:480] gpu=231 gcap=1050[0/13] lrn=100
2026-07-28 21:19:23 PulseDaemon: telemetry read via daemon (16 path(s))
2026-07-28 21:19:24 PulseDaemon: telemetry read via daemon (16 path(s))
2026-07-28 21:19:25 PulseAutoTdp: tgt=90 fps=69.8 jank=2 tail=78ms act=HOLD bn=- cpuB=11 cpuPk=48 primePk=13 io=0 gpuB=14 gpuL=3 capped=0 prk=0 stl=0 draw=4.74W cT=41 gT=38 caps%[0:100,2:100,5:100,7:100,-100:100] curMHz[0:1017,2:614,5:2131,7:480] gpu=231 gcap=1050[0/13] lrn=100
2026-07-28 21:19:26 PulseDaemon: telemetry read via daemon (16 path(s))
2026-07-28 21:19:27 PulseDaemon: cap write via daemon (3 node(s))
2026-07-28 21:19:27 PulseDaemon: cap write via daemon (10 node(s))
2026-07-28 21:19:29 PulseAutoTdp: TICK-SKIP overlayShouldShow=false autoActive=false quickAccessShouldShow=false autoTdpPackage=null boundPackage=null lastForeground=com.android.settings
2026-07-28 21:19:29 PulseFan: arbiter=None auto=false bound=null managed=null latched=true
2026-07-28 21:19:30 PulseAutoTdp: TICK-SKIP overlayShouldShow=false autoActive=false quickAccessShouldShow=false autoTdpPackage=null boundPackage=null lastForeground=com.android.settings
# ... 6 more identical lines elided (same content, only timestamp differs) ...
2026-07-28 21:19:37 PulseAutoTdp: TICK-SKIP overlayShouldShow=false autoActive=false quickAccessShouldShow=false autoTdpPackage=null boundPackage=null lastForeground=com.android.settings
2026-07-28 21:19:38 PulseAutoTdp: TICK-SKIP overlayShouldShow=false autoActive=false quickAccessShouldShow=false autoTdpPackage=null boundPackage=null lastForeground=com.android.settings.intelligence
# ... 6 more identical lines elided (same content, only timestamp differs) ...
2026-07-28 21:19:45 PulseAutoTdp: TICK-SKIP overlayShouldShow=false autoActive=false quickAccessShouldShow=false autoTdpPackage=null boundPackage=null lastForeground=com.android.settings.intelligence
2026-07-28 21:19:46 PulseAutoTdp: TICK-SKIP overlayShouldShow=false autoActive=false quickAccessShouldShow=false autoTdpPackage=null boundPackage=null lastForeground=com.android.settings
# ... 81 more identical lines elided (same content, only timestamp differs) ...
2026-07-28 21:21:10 PulseAutoTdp: TICK-SKIP overlayShouldShow=false autoActive=false quickAccessShouldShow=false autoTdpPackage=null boundPackage=null lastForeground=com.android.settings
2026-07-28 21:21:16 PulseDaemon: cap write via daemon (3 node(s))
2026-07-28 21:21:16 PulseDaemon: cap write via daemon (10 node(s))
2026-07-28 21:21:18 PulseDaemon: telemetry read via daemon (16 path(s))
2026-07-28 21:21:19 PulseAutoTdp: AUTOTDP-SESSION tgt=90 bias=EFFICIENT wattCap=0 policies=0:2265600:0,1;2:3148800:2,3,4;5:2956800:5,6;7:3052800:7;-100:1050000:
2026-07-28 21:21:21 PulseAutoTdp: tgt=90 fps=- jank=0 tail=-ms act=HOLD bn=- cpuB=6 cpuPk=33 primePk=5 io=0 gpuB=27 gpuL=5 capped=0 prk=0 stl=0 draw=4.08W cT=46 gT=41 caps%[0:100,2:100,5:100,7:100,-100:100] curMHz[0:672,2:844,5:1920,7:480] mn/mx[0:364/2265,2:499/3148,5:499/2956,7:480/3052] gpu=231 gcap=1050[0/13] lrn=100
2026-07-28 21:21:22 PulseDaemon: telemetry read via daemon (16 path(s))
2026-07-28 21:21:24 PulseDaemon: telemetry read via daemon (16 path(s))
2026-07-28 21:21:24 PulseAutoTdp: tgt=90 fps=49.8 jank=19 tail=44ms act=HOLD bn=- cpuB=16 cpuPk=49 primePk=33 io=0 gpuB=10 gpuL=2 capped=0 prk=0 stl=0 draw=4.11W cT=45 gT=41 caps%[0:100,2:100,5:100,7:100,-100:100] curMHz[0:672,2:2323,5:2438,7:480] gpu=231 gcap=1050[0/13] lrn=100
2026-07-28 21:21:25 PulseDaemon: telemetry read via daemon (16 path(s))
2026-07-28 21:21:26 PulseDaemon: telemetry read via daemon (16 path(s))
2026-07-28 21:21:26 PulseAutoTdp: tgt=90 fps=64.8 jank=14 tail=44ms act=HOLD bn=- cpuB=10 cpuPk=47 primePk=31 io=0 gpuB=12 gpuL=2 capped=0 prk=0 stl=0 draw=2.16W cT=43 gT=40 caps%[0:100,2:100,5:100,7:100,-100:100] curMHz[0:672,2:499,5:2188,7:480] gpu=231 gcap=1050[0/13] lrn=100
2026-07-28 21:21:28 PulseDaemon: telemetry read via daemon (16 path(s))
2026-07-28 21:21:29 PulseDaemon: telemetry read via daemon (16 path(s))
2026-07-28 21:21:29 PulseAutoTdp: tgt=90 fps=65.5 jank=12 tail=58ms act=HOLD bn=- cpuB=7 cpuPk=50 primePk=26 io=0 gpuB=19 gpuL=4 capped=0 prk=0 stl=0 draw=2.71W cT=43 gT=41 caps%[0:100,2:100,5:100,7:100,-100:100] curMHz[0:364,2:499,5:1286,7:480] gpu=231 gcap=1050[0/13] lrn=100
2026-07-28 21:21:30 PulseDaemon: telemetry read via daemon (16 path(s))
2026-07-28 21:21:32 PulseDaemon: telemetry read via daemon (16 path(s))
2026-07-28 21:21:32 PulseAutoTdp: tgt=90 fps=70.2 jank=7 tail=44ms act=HOLD bn=- cpuB=15 cpuPk=52 primePk=27 io=0 gpuB=9 gpuL=1 capped=0 prk=0 stl=0 draw=2.80W cT=43 gT=40 caps%[0:100,2:100,5:100,7:100,-100:100] curMHz[0:460,2:2323,5:2035,7:480] gpu=231 gcap=1050[0/13] lrn=100
2026-07-28 21:21:33 PulseDaemon: telemetry read via daemon (16 path(s))
2026-07-28 21:21:34 PulseDaemon: telemetry read via daemon (16 path(s))
2026-07-28 21:21:34 PulseAutoTdp: tgt=90 fps=45.5 jank=22 tail=44ms act=HOLD bn=- cpuB=9 cpuPk=47 primePk=39 io=0 gpuB=14 gpuL=3 capped=0 prk=0 stl=0 draw=2.44W cT=42 gT=40 caps%[0:100,2:100,5:100,7:100,-100:100] curMHz[0:460,2:614,5:1824,7:480] gpu=231 gcap=1050[0/13] lrn=100
2026-07-28 21:21:36 PulseDaemon: telemetry read via daemon (16 path(s))
2026-07-28 21:21:37 PulseDaemon: telemetry read via daemon (16 path(s))
2026-07-28 21:21:37 PulseAutoTdp: tgt=90 fps=55.6 jank=16 tail=58ms act=HOLD bn=- cpuB=19 cpuPk=50 primePk=35 io=0 gpuB=12 gpuL=2 capped=0 prk=0 stl=0 draw=1.97W cT=43 gT=40 caps%[0:100,2:100,5:100,7:100,-100:100] curMHz[0:2265,2:729,5:1708,7:480] gpu=231 gcap=1050[0/13] lrn=100
2026-07-28 21:21:38 PulseDaemon: telemetry read via daemon (16 path(s))
2026-07-28 21:21:40 PulseDaemon: telemetry read via daemon (16 path(s))
2026-07-28 21:21:40 PulseAutoTdp: tgt=90 fps=29.0 jank=34 tail=58ms act=HOLD bn=- cpuB=6 cpuPk=52 primePk=12 io=0 gpuB=8 gpuL=1 capped=0 prk=0 stl=0 draw=2.66W cT=43 gT=40 caps%[0:100,2:100,5:100,7:100,-100:100] curMHz[0:364,2:960,5:1286,7:480] gpu=231 gcap=1050[0/13] lrn=100
2026-07-28 21:21:41 PulseDaemon: telemetry read via daemon (16 path(s))
2026-07-28 21:21:42 PulseDaemon: telemetry read via daemon (16 path(s))
2026-07-28 21:21:43 PulseAutoTdp: tgt=90 fps=28.9 jank=32 tail=58ms act=HOLD bn=- cpuB=15 cpuPk=47 primePk=12 io=0 gpuB=8 gpuL=1 capped=0 prk=0 stl=0 draw=2.37W cT=42 gT=39 caps%[0:100,2:100,5:100,7:100,-100:100] curMHz[0:2265,2:499,5:1497,7:480] gpu=231 gcap=1050[0/13] lrn=100
2026-07-28 21:21:44 PulseDaemon: telemetry read via daemon (16 path(s))
2026-07-28 21:21:45 PulseDaemon: telemetry read via daemon (16 path(s))
2026-07-28 21:21:45 PulseAutoTdp: tgt=90 fps=29.2 jank=34 tail=58ms act=HOLD bn=- cpuB=5 cpuPk=53 primePk=4 io=0 gpuB=8 gpuL=1 capped=0 prk=0 stl=0 draw=2.02W cT=42 gT=39 caps%[0:100,2:100,5:100,7:100,-100:100] curMHz[0:364,2:960,5:1286,7:480] gpu=231 gcap=1050[0/13] lrn=100
2026-07-28 21:21:47 PulseDaemon: telemetry read via daemon (16 path(s))
2026-07-28 21:21:48 PulseDaemon: telemetry read via daemon (16 path(s))
2026-07-28 21:21:49 PulseAutoTdp: tgt=90 fps=28.9 jank=32 tail=58ms act=HOLD bn=- cpuB=6 cpuPk=48 primePk=7 io=0 gpuB=9 gpuL=1 capped=0 prk=0 stl=0 draw=2.02W cT=41 gT=39 caps%[0:100,2:100,5:100,7:100,-100:100] curMHz[0:364,2:844,5:1286,7:480] mn/mx[0:364/1248,2:844/1286,5:499/1286,7:480/1363] gpu=231 gcap=1050[0/13] lrn=100
2026-07-28 21:21:50 PulseDaemon: telemetry read via daemon (16 path(s))
2026-07-28 21:21:52 PulseDaemon: telemetry read via daemon (16 path(s))
2026-07-28 21:21:52 PulseAutoTdp: tgt=90 fps=29.2 jank=35 tail=58ms act=HOLD bn=- cpuB=6 cpuPk=55 primePk=8 io=0 gpuB=8 gpuL=1 capped=0 prk=0 stl=0 draw=2.33W cT=41 gT=39 caps%[0:100,2:100,5:100,7:100,-100:100] curMHz[0:364,2:1286,5:1286,7:480] gpu=231 gcap=1050[0/13] lrn=100
2026-07-28 21:21:53 PulseDaemon: telemetry read via daemon (16 path(s))
2026-07-28 21:21:54 PulseDaemon: telemetry read via daemon (16 path(s))
2026-07-28 21:21:55 PulseAutoTdp: tgt=90 fps=29.0 jank=32 tail=58ms act=HOLD bn=- cpuB=11 cpuPk=53 primePk=7 io=0 gpuB=8 gpuL=1 capped=0 prk=0 stl=0 draw=2.42W cT=41 gT=39 caps%[0:100,2:100,5:100,7:100,-100:100] curMHz[0:1248,2:1286,5:1286,7:480] gpu=231 gcap=1050[0/13] lrn=100
2026-07-28 21:21:56 PulseDaemon: telemetry read via daemon (16 path(s))
2026-07-28 21:21:57 PulseDaemon: telemetry read via daemon (16 path(s))
2026-07-28 21:21:57 PulseAutoTdp: tgt=90 fps=30.0 jank=27 tail=44ms act=HOLD bn=- cpuB=6 cpuPk=56 primePk=2 io=0 gpuB=8 gpuL=1 capped=0 prk=0 stl=0 draw=2.45W cT=41 gT=39 caps%[0:100,2:100,5:100,7:100,-100:100] curMHz[0:364,2:960,5:1286,7:480] gpu=231 gcap=1050[0/13] lrn=100
2026-07-28 21:21:59 PulseDaemon: telemetry read via daemon (16 path(s))
2026-07-28 21:22:00 PulseDaemon: telemetry read via daemon (16 path(s))
2026-07-28 21:22:00 PulseAutoTdp: tgt=90 fps=29.2 jank=34 tail=58ms act=HOLD bn=- cpuB=4 cpuPk=51 primePk=9 io=0 gpuB=8 gpuL=1 capped=0 prk=0 stl=0 draw=2.25W cT=41 gT=39 caps%[0:100,2:100,5:100,7:100,-100:100] curMHz[0:364,2:960,5:499,7:480] gpu=231 gcap=1050[0/13] lrn=100
2026-07-28 21:22:01 PulseDaemon: telemetry read via daemon (16 path(s))
2026-07-28 21:22:03 PulseDaemon: telemetry read via daemon (16 path(s))
2026-07-28 21:22:03 PulseAutoTdp: AUTOTDP-SESSION tgt=90 bias=EFFICIENT wattCap=0 policies=0:2265600:0,1;2:3148800:2,3,4;5:2956800:5,6;7:3052800:7;-100:1050000:
2026-07-28 21:22:03 PulseAutoTdp: tgt=90 fps=29.0 jank=35 tail=58ms act=HOLD bn=- cpuB=9 cpuPk=50 primePk=12 io=0 gpuB=8 gpuL=1 capped=0 prk=0 stl=0 draw=2.09W cT=41 gT=39 caps%[0:100,2:100,5:100,7:100,-100:100] curMHz[0:902,2:960,5:1286,7:480] gpu=231 gcap=1050[0/13] lrn=100
2026-07-28 21:22:04 PulseDaemon: telemetry read via daemon (16 path(s))
2026-07-28 21:22:06 PulseDaemon: telemetry read via daemon (16 path(s))
2026-07-28 21:22:06 PulseAutoTdp: tgt=90 fps=29.0 jank=36 tail=44ms act=HOLD bn=- cpuB=11 cpuPk=48 primePk=7 io=0 gpuB=8 gpuL=1 capped=0 prk=0 stl=0 draw=2.26W cT=41 gT=39 caps%[0:100,2:100,5:100,7:100,-100:100] curMHz[0:1248,2:1075,5:1286,7:480] gpu=231 gcap=1050[0/13] lrn=100
2026-07-28 21:22:07 PulseDaemon: telemetry read via daemon (16 path(s))
2026-07-28 21:22:09 PulseDaemon: telemetry read via daemon (16 path(s))
2026-07-28 21:22:09 PulseAutoTdp: tgt=90 fps=29.1 jank=31 tail=58ms act=HOLD bn=- cpuB=6 cpuPk=49 primePk=8 io=0 gpuB=8 gpuL=1 capped=0 prk=0 stl=0 draw=2.96W cT=42 gT=39 caps%[0:100,2:100,5:100,7:100,-100:100] curMHz[0:364,2:1286,5:1286,7:480] gpu=231 gcap=1050[0/13] lrn=100
2026-07-28 21:22:10 PulseDaemon: telemetry read via daemon (16 path(s))
2026-07-28 21:22:11 PulseDaemon: telemetry read via daemon (16 path(s))
2026-07-28 21:22:12 PulseAutoTdp: tgt=90 fps=29.1 jank=36 tail=44ms act=HOLD bn=- cpuB=5 cpuPk=51 primePk=9 io=0 gpuB=8 gpuL=1 capped=0 prk=0 stl=0 draw=2.51W cT=41 gT=39 caps%[0:100,2:100,5:100,7:100,-100:100] curMHz[0:364,2:1075,5:1286,7:480] gpu=231 gcap=1050[0/13] lrn=100
2026-07-28 21:22:13 PulseDaemon: telemetry read via daemon (16 path(s))
2026-07-28 21:22:14 PulseDaemon: telemetry read via daemon (16 path(s))
2026-07-28 21:22:14 PulseAutoTdp: tgt=90 fps=29.2 jank=33 tail=58ms act=HOLD bn=- cpuB=3 cpuPk=56 primePk=2 io=0 gpuB=8 gpuL=1 capped=0 prk=0 stl=0 draw=1.77W cT=41 gT=39 caps%[0:100,2:100,5:100,7:100,-100:100] curMHz[0:364,2:960,5:499,7:480] gpu=231 gcap=1050[0/13] lrn=100
2026-07-28 21:22:16 PulseDaemon: telemetry read via daemon (16 path(s))
2026-07-28 21:22:17 PulseDaemon: telemetry read via daemon (16 path(s))
2026-07-28 21:22:18 PulseAutoTdp: tgt=90 fps=29.2 jank=35 tail=58ms act=HOLD bn=- cpuB=9 cpuPk=57 primePk=4 io=0 gpuB=8 gpuL=1 capped=0 prk=0 stl=0 draw=1.98W cT=41 gT=39 caps%[0:100,2:100,5:100,7:100,-100:100] curMHz[0:1248,2:960,5:499,7:480] mn/mx[0:364/1248,2:960/1286,5:499/1286,7:480/1363] gpu=231 gcap=1050[0/13] lrn=100
2026-07-28 21:22:19 PulseDaemon: telemetry read via daemon (16 path(s))
2026-07-28 21:22:21 PulseDaemon: telemetry read via daemon (16 path(s))
2026-07-28 21:22:21 PulseAutoTdp: tgt=90 fps=29.2 jank=31 tail=66ms act=HOLD bn=- cpuB=6 cpuPk=53 primePk=5 io=0 gpuB=8 gpuL=1 capped=0 prk=0 stl=0 draw=2.64W cT=41 gT=39 caps%[0:100,2:100,5:100,7:100,-100:100] curMHz[0:364,2:844,5:1286,7:480] gpu=231 gcap=1050[0/13] lrn=100
2026-07-28 21:22:22 PulseDaemon: telemetry read via daemon (16 path(s))
2026-07-28 21:22:24 PulseDaemon: telemetry read via daemon (16 path(s))
2026-07-28 21:22:24 PulseAutoTdp: tgt=90 fps=29.0 jank=34 tail=44ms act=HOLD bn=- cpuB=11 cpuPk=49 primePk=8 io=0 gpuB=8 gpuL=1 capped=0 prk=0 stl=0 draw=1.71W cT=41 gT=39 caps%[0:100,2:100,5:100,7:100,-100:100] curMHz[0:1248,2:1286,5:1286,7:480] gpu=231 gcap=1050[0/13] lrn=100
2026-07-28 21:22:25 PulseDaemon: telemetry read via daemon (16 path(s))
2026-07-28 21:22:26 PulseDaemon: telemetry read via daemon (16 path(s))
2026-07-28 21:22:26 PulseAutoTdp: tgt=90 fps=29.2 jank=32 tail=58ms act=HOLD bn=- cpuB=6 cpuPk=47 primePk=7 io=0 gpuB=8 gpuL=1 capped=0 prk=0 stl=0 draw=2.26W cT=41 gT=39 caps%[0:100,2:100,5:100,7:100,-100:100] curMHz[0:364,2:960,5:1286,7:480] gpu=231 gcap=1050[0/13] lrn=100
2026-07-28 21:22:28 PulseDaemon: telemetry read via daemon (16 path(s))
2026-07-28 21:22:29 PulseDaemon: telemetry read via daemon (16 path(s))
2026-07-28 21:22:29 PulseAutoTdp: tgt=90 fps=29.5 jank=33 tail=44ms act=HOLD bn=- cpuB=4 cpuPk=48 primePk=12 io=0 gpuB=8 gpuL=1 capped=0 prk=0 stl=0 draw=2.55W cT=41 gT=39 caps%[0:100,2:100,5:100,7:100,-100:100] curMHz[0:364,2:960,5:499,7:480] gpu=231 gcap=1050[0/13] lrn=100
2026-07-28 21:22:31 PulseDaemon: telemetry read via daemon (16 path(s))
2026-07-28 21:22:32 PulseDaemon: telemetry read via daemon (16 path(s))
2026-07-28 21:22:32 PulseAutoTdp: tgt=90 fps=29.2 jank=29 tail=66ms act=HOLD bn=- cpuB=6 cpuPk=57 primePk=4 io=0 gpuB=8 gpuL=1 capped=0 prk=0 stl=0 draw=2.36W cT=41 gT=39 caps%[0:100,2:100,5:100,7:100,-100:100] curMHz[0:364,2:1075,5:1286,7:480] gpu=231 gcap=1050[0/13] lrn=100
2026-07-28 21:22:33 PulseDaemon: telemetry read via daemon (16 path(s))
2026-07-28 21:22:35 PulseDaemon: telemetry read via daemon (16 path(s))
2026-07-28 21:22:35 PulseAutoTdp: tgt=90 fps=29.2 jank=31 tail=58ms act=HOLD bn=- cpuB=6 cpuPk=58 primePk=4 io=0 gpuB=8 gpuL=1 capped=0 prk=0 stl=0 draw=1.85W cT=41 gT=39 caps%[0:100,2:100,5:100,7:100,-100:100] curMHz[0:364,2:1075,5:1286,7:480] gpu=231 gcap=1050[0/13] lrn=100
2026-07-28 21:22:36 PulseDaemon: telemetry read via daemon (16 path(s))
2026-07-28 21:22:38 PulseDaemon: telemetry read via daemon (16 path(s))
2026-07-28 21:22:38 PulseAutoTdp: tgt=90 fps=29.2 jank=34 tail=58ms act=HOLD bn=- cpuB=4 cpuPk=48 primePk=8 io=0 gpuB=8 gpuL=1 capped=0 prk=0 stl=0 draw=2.63W cT=41 gT=39 caps%[0:100,2:100,5:100,7:100,-100:100] curMHz[0:460,2:1286,5:499,7:480] gpu=231 gcap=1050[0/13] lrn=100
2026-07-28 21:22:39 PulseDaemon: telemetry read via daemon (16 path(s))
2026-07-28 21:22:40 PulseDaemon: telemetry read via daemon (16 path(s))
2026-07-28 21:22:41 PulseAutoTdp: tgt=90 fps=29.4 jank=30 tail=58ms act=HOLD bn=- cpuB=6 cpuPk=55 primePk=2 io=0 gpuB=8 gpuL=1 capped=0 prk=0 stl=0 draw=2.80W cT=41 gT=39 caps%[0:100,2:100,5:100,7:100,-100:100] curMHz[0:364,2:960,5:1286,7:480] gpu=231 gcap=1050[0/13] lrn=100
2026-07-28 21:22:42 PulseDaemon: telemetry read via daemon (16 path(s))
2026-07-28 21:22:43 PulseDaemon: telemetry read via daemon (16 path(s))
2026-07-28 21:22:43 PulseAutoTdp: tgt=90 fps=29.2 jank=30 tail=58ms act=HOLD bn=- cpuB=3 cpuPk=48 primePk=6 io=0 gpuB=8 gpuL=1 capped=0 prk=0 stl=0 draw=2.15W cT=41 gT=39 caps%[0:100,2:100,5:100,7:100,-100:100] curMHz[0:364,2:960,5:499,7:480] gpu=231 gcap=1050[0/13] lrn=100
2026-07-28 21:22:45 PulseDaemon: telemetry read via daemon (16 path(s))
2026-07-28 21:22:46 PulseDaemon: telemetry read via daemon (16 path(s))
2026-07-28 21:22:46 PulseAutoTdp: AUTOTDP-SESSION tgt=90 bias=EFFICIENT wattCap=0 policies=0:2265600:0,1;2:3148800:2,3,4;5:2956800:5,6;7:3052800:7;-100:1050000:
2026-07-28 21:22:47 PulseAutoTdp: tgt=90 fps=29.3 jank=32 tail=44ms act=HOLD bn=- cpuB=5 cpuPk=50 primePk=5 io=0 gpuB=8 gpuL=1 capped=0 prk=0 stl=0 draw=2.12W cT=41 gT=39 caps%[0:100,2:100,5:100,7:100,-100:100] curMHz[0:364,2:844,5:1286,7:480] mn/mx[0:364/1248,2:960/1286,5:499/1286,7:480/1363] gpu=231 gcap=1050[0/13] lrn=100
2026-07-28 21:22:48 PulseDaemon: telemetry read via daemon (16 path(s))
2026-07-28 21:22:50 PulseDaemon: telemetry read via daemon (16 path(s))
2026-07-28 21:22:50 PulseAutoTdp: tgt=90 fps=29.3 jank=35 tail=44ms act=HOLD bn=- cpuB=6 cpuPk=52 primePk=13 io=0 gpuB=8 gpuL=1 capped=0 prk=0 stl=0 draw=2.50W cT=41 gT=39 caps%[0:100,2:100,5:100,7:100,-100:100] curMHz[0:364,2:1075,5:1286,7:480] gpu=231 gcap=1050[0/13] lrn=100
2026-07-28 21:22:51 PulseDaemon: telemetry read via daemon (16 path(s))
2026-07-28 21:22:53 PulseDaemon: telemetry read via daemon (16 path(s))
2026-07-28 21:22:53 PulseAutoTdp: tgt=90 fps=29.1 jank=32 tail=58ms act=HOLD bn=- cpuB=4 cpuPk=53 primePk=8 io=0 gpuB=8 gpuL=1 capped=0 prk=0 stl=0 draw=2.18W cT=41 gT=40 caps%[0:100,2:100,5:100,7:100,-100:100] curMHz[0:364,2:960,5:499,7:480] gpu=231 gcap=1050[0/13] lrn=100
2026-07-28 21:22:54 PulseDaemon: telemetry read via daemon (16 path(s))
2026-07-28 21:22:55 PulseDaemon: telemetry read via daemon (16 path(s))
2026-07-28 21:22:55 PulseAutoTdp: tgt=90 fps=28.9 jank=32 tail=58ms act=HOLD bn=- cpuB=7 cpuPk=55 primePk=5 io=0 gpuB=9 gpuL=1 capped=0 prk=0 stl=0 draw=2.17W cT=41 gT=39 caps%[0:100,2:100,5:100,7:100,-100:100] curMHz[0:460,2:1286,5:1286,7:480] gpu=231 gcap=1050[0/13] lrn=100
2026-07-28 21:22:57 PulseDaemon: telemetry read via daemon (16 path(s))
2026-07-28 21:22:58 PulseDaemon: telemetry read via daemon (16 path(s))
2026-07-28 21:22:58 PulseAutoTdp: tgt=90 fps=29.3 jank=36 tail=44ms act=HOLD bn=- cpuB=5 cpuPk=48 primePk=8 io=0 gpuB=8 gpuL=1 capped=0 prk=0 stl=0 draw=2.61W cT=42 gT=40 caps%[0:100,2:100,5:100,7:100,-100:100] curMHz[0:364,2:960,5:1286,7:480] gpu=231 gcap=1050[0/13] lrn=100
2026-07-28 21:23:00 PulseDaemon: telemetry read via daemon (16 path(s))
2026-07-28 21:23:01 PulseDaemon: telemetry read via daemon (16 path(s))
2026-07-28 21:23:01 PulseAutoTdp: tgt=90 fps=29.2 jank=33 tail=58ms act=HOLD bn=- cpuB=6 cpuPk=51 primePk=6 io=0 gpuB=8 gpuL=1 capped=0 prk=0 stl=0 draw=2.22W cT=41 gT=39 caps%[0:100,2:100,5:100,7:100,-100:100] curMHz[0:364,2:1286,5:1286,7:480] gpu=231 gcap=1050[0/13] lrn=100
2026-07-28 21:23:02 PulseDaemon: telemetry read via daemon (16 path(s))
2026-07-28 21:23:04 PulseDaemon: telemetry read via daemon (16 path(s))
2026-07-28 21:23:04 PulseAutoTdp: tgt=90 fps=29.3 jank=33 tail=58ms act=HOLD bn=- cpuB=6 cpuPk=55 primePk=5 io=0 gpuB=8 gpuL=1 capped=0 prk=0 stl=0 draw=1.93W cT=41 gT=39 caps%[0:100,2:100,5:100,7:100,-100:100] curMHz[0:364,2:1286,5:1286,7:480] gpu=231 gcap=1050[0/13] lrn=100
2026-07-28 21:23:05 PulseDaemon: telemetry read via daemon (16 path(s))
2026-07-28 21:23:07 PulseDaemon: telemetry read via daemon (16 path(s))
2026-07-28 21:23:07 PulseAutoTdp: tgt=90 fps=29.2 jank=32 tail=58ms act=HOLD bn=- cpuB=6 cpuPk=56 primePk=7 io=0 gpuB=8 gpuL=1 capped=0 prk=0 stl=0 draw=2.25W cT=41 gT=39 caps%[0:100,2:100,5:100,7:100,-100:100] curMHz[0:364,2:1286,5:1286,7:480] gpu=231 gcap=1050[0/13] lrn=100
2026-07-28 21:23:08 PulseDaemon: telemetry read via daemon (16 path(s))
2026-07-28 21:23:09 PulseDaemon: telemetry read via daemon (16 path(s))
2026-07-28 21:23:10 PulseAutoTdp: tgt=90 fps=29.2 jank=31 tail=66ms act=HOLD bn=- cpuB=11 cpuPk=51 primePk=10 io=0 gpuB=8 gpuL=1 capped=0 prk=0 stl=0 draw=2.20W cT=41 gT=39 caps%[0:100,2:100,5:100,7:100,-100:100] curMHz[0:1248,2:1286,5:1286,7:480] gpu=231 gcap=1050[0/13] lrn=100
2026-07-28 21:23:11 PulseDaemon: telemetry read via daemon (16 path(s))
2026-07-28 21:23:12 PulseDaemon: telemetry read via daemon (16 path(s))
2026-07-28 21:23:12 PulseAutoTdp: tgt=90 fps=29.2 jank=32 tail=58ms act=HOLD bn=- cpuB=6 cpuPk=54 primePk=6 io=0 gpuB=8 gpuL=1 capped=0 prk=0 stl=0 draw=2.10W cT=41 gT=39 caps%[0:100,2:100,5:100,7:100,-100:100] curMHz[0:364,2:1286,5:1286,7:480] gpu=231 gcap=1050[0/13] lrn=100
2026-07-28 21:23:14 PulseDaemon: telemetry read via daemon (16 path(s))
2026-07-28 21:23:15 PulseDaemon: telemetry read via daemon (16 path(s))
2026-07-28 21:23:16 PulseAutoTdp: tgt=90 fps=29.2 jank=34 tail=58ms act=HOLD bn=- cpuB=5 cpuPk=45 primePk=8 io=0 gpuB=9 gpuL=1 capped=0 prk=0 stl=0 draw=2.15W cT=41 gT=39 caps%[0:100,2:100,5:100,7:100,-100:100] curMHz[0:364,2:960,5:1286,7:480] mn/mx[0:364/1248,2:1075/1286,5:499/1286,7:480/1363] gpu=231 gcap=1050[0/13] lrn=100
2026-07-28 21:23:17 PulseDaemon: telemetry read via daemon (16 path(s))
2026-07-28 21:23:19 PulseDaemon: telemetry read via daemon (16 path(s))
2026-07-28 21:23:19 PulseAutoTdp: tgt=90 fps=29.5 jank=31 tail=44ms act=HOLD bn=- cpuB=6 cpuPk=51 primePk=4 io=0 gpuB=8 gpuL=1 capped=0 prk=0 stl=0 draw=2.60W cT=41 gT=39 caps%[0:100,2:100,5:100,7:100,-100:100] curMHz[0:364,2:1075,5:1286,7:480] gpu=231 gcap=1050[0/13] lrn=100
2026-07-28 21:23:20 PulseDaemon: telemetry read via daemon (16 path(s))
2026-07-28 21:23:21 PulseDaemon: telemetry read via daemon (16 path(s))
2026-07-28 21:23:22 PulseAutoTdp: tgt=90 fps=29.2 jank=34 tail=58ms act=HOLD bn=- cpuB=5 cpuPk=46 primePk=8 io=0 gpuB=8 gpuL=1 capped=0 prk=0 stl=0 draw=2.04W cT=41 gT=39 caps%[0:100,2:100,5:100,7:100,-100:100] curMHz[0:364,2:960,5:1286,7:480] gpu=231 gcap=1050[0/13] lrn=100
2026-07-28 21:23:23 PulseDaemon: telemetry read via daemon (16 path(s))
2026-07-28 21:23:24 PulseDaemon: telemetry read via daemon (16 path(s))
2026-07-28 21:23:25 PulseAutoTdp: tgt=90 fps=29.3 jank=36 tail=58ms act=HOLD bn=- cpuB=5 cpuPk=51 primePk=6 io=0 gpuB=8 gpuL=1 capped=0 prk=0 stl=0 draw=1.91W cT=41 gT=39 caps%[0:100,2:100,5:100,7:100,-100:100] curMHz[0:364,2:1286,5:1286,7:480] gpu=231 gcap=1050[0/13] lrn=100
2026-07-28 21:23:26 PulseDaemon: telemetry read via daemon (16 path(s))
2026-07-28 21:23:27 PulseDaemon: telemetry read via daemon (16 path(s))
2026-07-28 21:23:27 PulseAutoTdp: tgt=90 fps=29.1 jank=32 tail=66ms act=HOLD bn=- cpuB=6 cpuPk=44 primePk=10 io=0 gpuB=8 gpuL=1 capped=0 prk=0 stl=0 draw=2.77W cT=41 gT=39 caps%[0:100,2:100,5:100,7:100,-100:100] curMHz[0:460,2:1286,5:1286,7:480] gpu=231 gcap=1050[0/13] lrn=100
2026-07-28 21:23:29 PulseDaemon: telemetry read via daemon (16 path(s))
2026-07-28 21:23:30 PulseDaemon: telemetry read via daemon (16 path(s))
2026-07-28 21:23:30 PulseAutoTdp: AUTOTDP-SESSION tgt=90 bias=EFFICIENT wattCap=0 policies=0:2265600:0,1;2:3148800:2,3,4;5:2956800:5,6;7:3052800:7;-100:1050000:
2026-07-28 21:23:30 PulseAutoTdp: tgt=90 fps=29.0 jank=32 tail=58ms act=HOLD bn=- cpuB=6 cpuPk=54 primePk=6 io=0 gpuB=8 gpuL=1 capped=0 prk=0 stl=0 draw=2.17W cT=41 gT=39 caps%[0:100,2:100,5:100,7:100,-100:100] curMHz[0:364,2:1075,5:1286,7:480] gpu=231 gcap=1050[0/13] lrn=100
2026-07-28 21:23:31 PulseDaemon: telemetry read via daemon (16 path(s))
2026-07-28 21:23:33 PulseDaemon: telemetry read via daemon (16 path(s))
2026-07-28 21:23:33 PulseAutoTdp: tgt=90 fps=29.3 jank=33 tail=44ms act=HOLD bn=- cpuB=5 cpuPk=49 primePk=10 io=0 gpuB=8 gpuL=1 capped=0 prk=0 stl=0 draw=1.26W cT=41 gT=39 caps%[0:100,2:100,5:100,7:100,-100:100] curMHz[0:364,2:960,5:1286,7:480] gpu=231 gcap=1050[0/13] lrn=100
2026-07-28 21:23:34 PulseDaemon: telemetry read via daemon (16 path(s))
2026-07-28 21:23:36 PulseDaemon: telemetry read via daemon (16 path(s))
2026-07-28 21:23:36 PulseAutoTdp: tgt=90 fps=29.3 jank=37 tail=44ms act=HOLD bn=- cpuB=5 cpuPk=47 primePk=7 io=0 gpuB=8 gpuL=1 capped=0 prk=0 stl=0 draw=1.89W cT=41 gT=39 caps%[0:100,2:100,5:100,7:100,-100:100] curMHz[0:364,2:1075,5:1286,7:480] gpu=231 gcap=1050[0/13] lrn=100
2026-07-28 21:23:37 PulseDaemon: telemetry read via daemon (16 path(s))
2026-07-28 22:34:13 PulseDaemon: telemetry read via daemon (16 path(s))
2026-07-28 22:34:13 PulseAutoTdp: tgt=90 fps=61.7 jank=15 tail=66ms act=HOLD bn=- cpuB=8 cpuPk=20 primePk=4 io=0 gpuB=16 gpuL=3 capped=0 prk=0 stl=0 draw=8.76W cT=64 gT=36 caps%[0:100,2:100,5:100,7:100,-100:100] curMHz[0:2265,2:3148,5:2956,7:3052] gpu=231 gcap=1050[0/13] lrn=100
2026-07-28 22:34:14 PulseDaemon: cap write via daemon (3 node(s))
2026-07-28 22:34:16 PulseAutoTdp: TICK-SKIP overlayShouldShow=false autoActive=false quickAccessShouldShow=false autoTdpPackage=null boundPackage=null lastForeground=com.kei.pulse
2026-07-28 22:34:16 PulseFan: arbiter=None auto=false bound=null managed=null latched=true
2026-07-28 22:34:17 PulseAutoTdp: TICK-SKIP overlayShouldShow=false autoActive=false quickAccessShouldShow=false autoTdpPackage=null boundPackage=null lastForeground=com.kei.pulse
# ... 123 more identical lines elided (same content, only timestamp differs) ...
2026-07-28 22:37:22 PulseAutoTdp: TICK-SKIP overlayShouldShow=false autoActive=false quickAccessShouldShow=false autoTdpPackage=null boundPackage=null lastForeground=com.kei.pulse
2026-07-28 22:37:26 PulseDaemon: cap write via daemon (3 node(s))
2026-07-28 22:37:27 PulseDaemon: cap write via daemon (10 node(s))
2026-07-28 22:37:27 PulseDaemon: engage governor via daemon (schedutil)
2026-07-28 22:37:27 PulseDaemon: telemetry read via daemon (16 path(s))
2026-07-28 22:37:28 PulseAutoTdp: AUTOTDP-SESSION tgt=90 bias=EFFICIENT wattCap=0 policies=0:2265600:0,1;2:3148800:2,3,4;5:2956800:5,6;7:3052800:7;-100:1050000:
2026-07-28 22:37:29 PulseAutoTdp: tgt=90 fps=- jank=0 tail=-ms act=HOLD bn=- cpuB=17 cpuPk=39 primePk=9 io=0 gpuB=8 gpuL=1 capped=0 prk=0 stl=0 draw=2.36W cT=39 gT=36 caps%[0:100,2:100,5:100,7:100,-100:100] curMHz[0:2035,2:3148,5:2515,7:1939] mn/mx[0:364/2265,2:499/3148,5:499/2956,7:480/3052] gpu=231 gcap=1050[0/13] lrn=100
2026-07-28 22:37:30 PulseDaemon: telemetry read via daemon (16 path(s))
2026-07-28 22:37:31 PulseDaemon: cap write via daemon (3 node(s))
2026-07-28 22:37:31 PulseDaemon: cap write via daemon (10 node(s))
2026-07-28 22:37:33 PulseAutoTdp: TICK-SKIP overlayShouldShow=false autoActive=false quickAccessShouldShow=false autoTdpPackage=null boundPackage=null lastForeground=com.kei.pulse
2026-07-28 22:37:33 PulseFan: arbiter=None auto=false bound=null managed=null latched=true
2026-07-28 22:37:34 PulseAutoTdp: TICK-SKIP overlayShouldShow=false autoActive=false quickAccessShouldShow=false autoTdpPackage=null boundPackage=null lastForeground=com.kei.pulse
# ... 65 more identical lines elided (same content, only timestamp differs) ...
2026-07-28 22:38:41 PulseAutoTdp: TICK-SKIP overlayShouldShow=false autoActive=false quickAccessShouldShow=false autoTdpPackage=null boundPackage=null lastForeground=com.kei.pulse
2026-07-28 22:38:42 PulseAutoTdp: TICK-SKIP overlayShouldShow=false autoActive=false quickAccessShouldShow=false autoTdpPackage=null boundPackage=null lastForeground=com.android.launcher3
2026-07-28 22:38:44 PulseAutoTdp: TICK-SKIP overlayShouldShow=false autoActive=false quickAccessShouldShow=false autoTdpPackage=null boundPackage=null lastForeground=com.android.launcher3
2026-07-28 22:38:47 PulseDaemon: cap write via daemon (3 node(s))
2026-07-28 22:38:48 PulseDaemon: cap write via daemon (10 node(s))
2026-07-28 22:38:48 PulseDaemon: engage governor via daemon (schedutil)
2026-07-28 22:38:48 PulseDaemon: telemetry read via daemon (16 path(s))
2026-07-28 22:38:48 PulseAutoTdp: AUTOTDP-SESSION tgt=90 bias=EFFICIENT wattCap=0 policies=0:2265600:0,1;2:3148800:2,3,4;5:2956800:5,6;7:3052800:7;-100:1050000:
