
===== 0. IDENTITY / RUN INFO =====
suffix: heavy_gaming
id: uid=0(root) gid=0(root) groups=0(root) context=u:r:xsud:s0
date: Tue Jul 21 18:02:49 CEST 2026
>>> REMINDER: note which AYASpace mode was active for this run when reporting back <<<

===== 1. DEVICE / SOC FINGERPRINT =====
ro.product.model=Pocket FIT
ro.product.name=AYANEO_Pocket_FIT
ro.product.device=PocketFIT
ro.build.flavor=AYANEO_PocketS2-user
ro.vendor.qti.soc_model=SG8350P
ro.board.platform=pineapple
android.version=14
android.sdk=34
--- full getprop grep soc/hw/board/gpu ---
[graphics.gpu.profiler.support]: [true]
[init.svc.gpu]: [running]
[init.svc.vendor.qti.hardware.display.allocator]: [running]
[init.svc.vendor.qti.hardware.display.composer]: [running]
[init.svc.vendor.qti.hardware.memtrack]: [running]
[init.svc.vendor.qti.hardware.sensorscalibrate-service]: [running]
[init.svc.vendor.qti.hardware.spu.service]: [running]
[init.svc_debug_pid.gpu]: [1549]
[init.svc_debug_pid.vendor.qti.hardware.display.allocator]: [1424]
[init.svc_debug_pid.vendor.qti.hardware.display.composer]: [1426]
[init.svc_debug_pid.vendor.qti.hardware.memtrack]: [1404]
[init.svc_debug_pid.vendor.qti.hardware.sensorscalibrate-service]: [1468]
[init.svc_debug_pid.vendor.qti.hardware.spu.service]: [1402]
[persist.sys.fake.gpu]: [Adreno (TM) 750]
[persist.sys.soc.model]: []
[persist.vendor.qcom.bluetooth.soc]: [hamilton]
[ro.board.api_level]: [34]
[ro.board.first_api_level]: [34]
[ro.board.platform]: [pineapple]
[ro.boot.board_id]: [0x00]
[ro.boot.boot_devices]: [soc/1d84000.ufshc]
[ro.boot.hardware]: [qcom]
[ro.boot.vendor.qspa.gpu]: [enabled]
[ro.boottime.gpu]: [8136616767]
[ro.boottime.vendor.qti.hardware.display.allocator]: [8054136715]
[ro.boottime.vendor.qti.hardware.display.composer]: [8055929579]
[ro.boottime.vendor.qti.hardware.memtrack]: [8038107183]
[ro.boottime.vendor.qti.hardware.sensorscalibrate-service]: [8084681350]
[ro.boottime.vendor.qti.hardware.spu.service]: [8036372392]
[ro.gfx.driver.1]: [com.qualcomm.qti.gpudrivers.pineapple.api34]
[ro.hardware]: [qcom]
[ro.hardware.egl]: [adreno]
[ro.hardware.keystore_desede]: [true]
[ro.hardware.vulkan]: [adreno]
[ro.product.board]: [pineapple]
[ro.soc.manufacturer]: [QTI]
[ro.vendor.qti.soc_id]: [682]
[ro.vendor.qti.soc_model]: [SG8350P]
[ro.vendor.qti.soc_name]: [pineapple]
[vendor.display.enable_hdr10_gpu_target]: [1]
[vendor.display.gpu_rendering]: [true]

===== 2. CPU TOPOLOGY - all policies, full frequency tables + governor =====
--- policy0 ---
affected_cpus: 0 1
scaling_governor: performance
scaling_available_governors: walt conservative powersave performance schedutil 
cpuinfo_min_freq: 364800
cpuinfo_max_freq: 2265600
scaling_min_freq: 1132800
scaling_max_freq: 1248000
scaling_cur_freq: 1248000
scaling_available_frequencies: 364800 460800 556800 672000 787200 902400 1017600 1132800 1248000 1344000 1459200 1574400 1689600 1804800 1920000 2035200 2150400 2265600 
--- policy2 ---
affected_cpus: 2 3 4
scaling_governor: performance
scaling_available_governors: walt conservative powersave performance schedutil 
cpuinfo_min_freq: 499200
cpuinfo_max_freq: 3148800
scaling_min_freq: 3072000
scaling_max_freq: 3148800
scaling_cur_freq: 3148800
scaling_available_frequencies: 499200 614400 729600 844800 960000 1075200 1190400 1286400 1401600 1497600 1612800 1708800 1824000 1920000 2035200 2131200 2188800 2246400 2323200 2380800 2438400 2515200 2572800 2630400 2707200 2764800 2841600 2899200 2956800 3014400 3072000 3148800 
--- policy5 ---
affected_cpus: 5 6
scaling_governor: performance
scaling_available_governors: walt conservative powersave performance schedutil 
cpuinfo_min_freq: 499200
cpuinfo_max_freq: 2956800
scaling_min_freq: 499200
scaling_max_freq: 2956800
scaling_cur_freq: 2956800
scaling_available_frequencies: 499200 614400 729600 844800 960000 1075200 1190400 1286400 1401600 1497600 1612800 1708800 1824000 1920000 2035200 2131200 2188800 2246400 2323200 2380800 2438400 2515200 2572800 2630400 2707200 2764800 2841600 2899200 2956800 
--- policy7 ---
affected_cpus: 7
scaling_governor: performance
scaling_available_governors: walt conservative powersave performance schedutil 
cpuinfo_min_freq: 480000
cpuinfo_max_freq: 3302400
scaling_min_freq: 480000
scaling_max_freq: 3052800
scaling_cur_freq: 3052800
scaling_available_frequencies: 480000 576000 672000 787200 902400 1017600 1132800 1248000 1363200 1478400 1593600 1708800 1824000 1939200 2035200 2112000 2169600 2246400 2304000 2380800 2438400 2496000 2553600 2630400 2688000 2745600 2803200 2880000 2937600 2995200 3052800 

===== 3. GPU (kgsl) - full state =====
max_pwrlevel: 0
min_pwrlevel: 13
num_pwrlevels: 14
gpuclk: 422000000
gpubusy (raw busy_cycles total_cycles):  799859 1007351
gpubusypercentage (known broken on this kernel, kept for reference): 
devfreq/governor: msm-adreno-tz
devfreq/available_frequencies: 1050000000 1000000000 903000000 834000000 770000000 720000000 680000000 629000000 578000000 500000000 422000000 366000000 310000000 231000000

===== 4. THERMAL ZONES - full list + current temps =====
thermal_zone0: type=pm8550-bcl-lvl0 temp=0
thermal_zone1: type=pm8550-bcl-lvl1 temp=0
thermal_zone10: type=cpuss-0 temp=77100
thermal_zone11: type=cpuss-1 temp=74800
thermal_zone12: type=cpuss-2 temp=74800
thermal_zone13: type=cpuss-3 temp=74800
thermal_zone14: type=cpu-2-0-0 temp=77900
thermal_zone15: type=cpu-2-0-1 temp=79100
thermal_zone16: type=cpu-2-1-0 temp=81400
thermal_zone17: type=cpu-2-1-1 temp=80600
thermal_zone18: type=cpu-2-2-0 temp=79100
thermal_zone19: type=cpu-2-2-1 temp=78700
thermal_zone2: type=pm8550-bcl-lvl2 temp=0
thermal_zone20: type=cpu-1-0-0 temp=77100
thermal_zone21: type=cpu-1-0-1 temp=81400
thermal_zone22: type=cpu-1-1-0 temp=70200
thermal_zone23: type=cpu-1-1-1 temp=72900
thermal_zone24: type=aoss-1 temp=68400
thermal_zone25: type=cpu-1-2-0 temp=88000
thermal_zone26: type=cpu-1-2-1 temp=90700
thermal_zone27: type=cpu-1-2-2 temp=87200
thermal_zone28: type=cpu-0-0-0 temp=72200
thermal_zone29: type=cpu-0-1-0 temp=76100
thermal_zone3: type=vbat temp=3786
thermal_zone30: type=nsphvx-0 temp=62300
thermal_zone31: type=nsphvx-1 temp=62600
thermal_zone32: type=nsphmx-0 temp=57300
thermal_zone33: type=nsphmx-1 temp=56100
thermal_zone34: type=nsphmx-2 temp=55700
thermal_zone35: type=nsphmx-3 temp=56500
thermal_zone36: type=video temp=70300
thermal_zone37: type=ddr temp=69600
thermal_zone38: type=camera-0 temp=59200
thermal_zone39: type=camera-1 temp=56500
thermal_zone4: type=pm8550b-ibat-lvl0 temp=843
thermal_zone40: type=aoss-2 temp=68400
thermal_zone41: type=gpuss-0 temp=62200
thermal_zone42: type=gpuss-1 temp=59800
thermal_zone43: type=gpuss-2 temp=61000
thermal_zone44: type=gpuss-3 temp=59400
thermal_zone45: type=gpuss-4 temp=68800
thermal_zone46: type=gpuss-5 temp=65700
thermal_zone47: type=gpuss-6 temp=65300
thermal_zone48: type=gpuss-7 temp=64100
thermal_zone49: type=mdmss-0 temp=59800
thermal_zone5: type=pm8550b-ibat-lvl1 temp=656
thermal_zone50: type=mdmss-1 temp=54700
thermal_zone51: type=mdmss-2 temp=55900
thermal_zone52: type=mdmss-3 temp=59000
thermal_zone53: type=socd temp=37
thermal_zone54: type=xo-therm temp=48096
thermal_zone55: type=skin-msm-therm temp=50089
thermal_zone56: type=cam-flash-therm temp=48902
thermal_zone57: type=wlan-therm temp=48986
thermal_zone58: type=pa-therm-1 temp=47205
thermal_zone59: type=rear-tof-therm temp=40285
thermal_zone6: type=pm8550b-bcl-lvl0 temp=0
thermal_zone60: type=usb-therm temp=25972
thermal_zone61: type=wls-therm temp=64318
thermal_zone62: type=pm8550b_lite_tz temp=39545
thermal_zone63: type=pm8550ve_tz temp=50502
thermal_zone64: type=pm8550vs_c_tz temp=49661
thermal_zone65: type=pm8550vs_d_tz temp=55477
thermal_zone66: type=pm8550vs_e_tz temp=60419
thermal_zone67: type=pm8550vs_g_tz temp=49191
thermal_zone68: type=pm8550_tz temp=50636
thermal_zone69: type=pm8550b_tz temp=42904
thermal_zone7: type=pm8550b-bcl-lvl1 temp=0
thermal_zone70: type=usb temp=25000
thermal_zone71: type=wireless temp=62000
thermal_zone72: type=battery temp=30000
thermal_zone8: type=pm8550b-bcl-lvl2 temp=0
thermal_zone9: type=aoss-0 temp=66700

===== 5. INSTALLED EMULATOR/GAMING PACKAGES =====
package:org.dolphinemu.dolphinemu
package:com.retrohrai.launcher
package:com.android.internal.display.cutout.emulation.double
package:com.android.internal.display.cutout.emulation.hole
package:com.android.internal.display.cutout.emulation.tall
package:com.android.internal.display.cutout.emulation.waterfall
package:com.retroarch.aarch64
package:com.android.internal.display.cutout.emulation.corner

===== 6. SURFACEFLINGER WINDOW LIST (fallback FPS method reference) =====
Display 0 name="Built-in Screen"#3
WindowedMagnification:0:31#4
HideDisplayCutout:0:14#5
OneHanded:0:14#6
FullscreenMagnification:0:12#7
Leaf:0:1#8
WallpaperWindowToken{853c819 token=android.os.Binder@6458b60}#88
e24bfa7 com.android.systemui.wallpapers.ImageWallpaper#89
com.android.systemui.wallpapers.ImageWallpaper#90
Wallpaper BBQ wrapper#91
DefaultTaskDisplayArea#9
Task=1#46
Task=85#95
6c8694b ActivityRecordInputSink com.retrohrai.launcher/.MainActivity#105
ActivityRecord{9a8ade6 u0 com.retrohrai.launcher/.MainActivity#96
610618e com.retrohrai.launcher/com.retrohrai.launcher.MainActivity#100
Task=3#50
Task=4#51
Dim layer#55
Task=5#52
Dim layer#56
Task=96#959
af364e0 ActivityRecordInputSink com.miHoYo.Yuanshen/org.yuzu.yuzu_emu.activities.EmulationActivity#964
ActivityRecord{79e6399 u0 com.miHoYo.Yuanshen/org.yuzu.yuzu_emu.activities.EmulationActivity#960
a567988 com.miHoYo.Yuanshen/org.yuzu.yuzu_emu.activities.EmulationActivity#967
Background for SurfaceView[com.miHoYo.Yuanshen/org.yuzu.yuzu_emu.activities.EmulationActivity]#974
SurfaceView[com.miHoYo.Yuanshen/org.yuzu.yuzu_emu.activities.EmulationActivity]#972
SurfaceView[com.miHoYo.Yuanshen/org.yuzu.yuzu_emu.activities.EmulationActivity](BLAST)#973
com.miHoYo.Yuanshen/org.yuzu.yuzu_emu.activities.EmulationActivity#968
Bounds for - com.miHoYo.Yuanshen/org.yuzu.yuzu_emu.activities.EmulationActivity#971
ImeContainer#12
WindowToken{f2861a5 type=2011 android.os.Binder@f45a39c}#106
Surface(name=780959e InputMethod)/@0x7f28877 - animation-leash of insets_animation#976
780959e InputMethod#109
Leaf:3:12#10
WindowToken{b9893f7 type=2038 android.os.BinderProxy@d30172f}#53
3f823ff ShellDropTarget#54
ImePlaceholder:13:14#11
OneHanded:15:15#13
FullscreenMagnification:15:15#14
Leaf:15:15#15
WindowToken{564badf type=2000 android.os.BinderProxy@1e7157e}#76
Surface(name=44db32c StatusBar)/@0xe0425fb - animation-leash of insets_animation#970
44db32c StatusBar#77
StatusBar#87
HideDisplayCutout:16:16#16
OneHanded:16:16#17
FullscreenMagnification:16:16#18
Leaf:16:16#19
OneHanded:17:17#20
FullscreenMagnification:17:17#21
Leaf:17:17#22
WindowToken{c52e2e8 type=2040 android.os.BinderProxy@91e240b}#74
7e74594 NotificationShade#75
HideDisplayCutout:18:23#23
OneHanded:18:23#24
FullscreenMagnification:18:23#25
Leaf:18:23#26
Leaf:24:25#27
WindowToken{a8e2741 type=2019 android.os.BinderProxy@8ece28}#67
Surface(name=bc2b4e6 NavigationBar0)/@0x7753972 - animation-leash of insets_animation#969
bc2b4e6 NavigationBar0#68
NavigationBar0#83
WindowToken{76c8088 type=2024 android.os.BinderProxy@68b342b}#71
98c5a21 EdgeBackGestureHandler0#72
WindowToken{17a1d6c type=2024 android.os.BinderProxy@5b3661f}#81
37d9f35 SecondaryHomeHandle0#82
HideDisplayCutout:26:31#28
OneHanded:26:31#29
FullscreenMagnification:26:27#30
Leaf:26:27#31
Leaf:28:28#32
FullscreenMagnification:29:31#33
Leaf:29:31#34
WindowToken{180d40 type=2016 android.os.BinderProxy@d5ea0c3}#662
dc75479 com.ayaneo.gamewindow#663
#664
WindowToken{39d6bc4 type=2032 android.os.Binder@42416d7}#108
HideDisplayCutout:32:37#35
OneHanded:32:32#36
Leaf:32:32#37
FullscreenMagnification:33:33#38
Leaf:33:33#39
OneHanded:34:37#40
FullscreenMagnification:34:37#41
Leaf:34:37#42
Leaf:38:38#43
Accessibility Overlays#45
Display Overlays#44
[Gesture Monitor] edge-swipe#70
[Gesture Monitor] swipe-up#80
IME Handwriting Surface#846
WindowToken{58eee6d type=2024 android.os.BinderProxy@57ec684}#57
fceeaa2 ScreenDecorHwcOverlay#58
ScreenDecorHwcOverlay#65
WindowToken{871c58b type=2024 android.os.BinderProxy@73ff305}#61
723a668 ScreenDecorOverlay#62
WindowToken{843277b type=2024 android.os.BinderProxy@617230a}#63
ec17998 ScreenDecorOverlayBottom#64

===== 7. FPS + GPU BUSY% SAMPLING - 90s window, current foreground app =====
Sampling starts NOW on whatever is currently on screen.
If you want to test a specific game, launch it BEFORE running this script.
--- sample 0 pkg=com.miHoYo.Yuanshen 18:02:53 ---
Applications Graphics Acceleration Info:
Uptime: 7655076 Realtime: 8643120

** Graphics info for pid 6417 [com.miHoYo.Yuanshen] **

Stats since: 7609479532305ns
Total frames rendered: 117
Janky frames: 1 (0.85%)
Janky frames (legacy): 2 (1.71%)
50th percentile: 8ms
90th percentile: 9ms
95th percentile: 9ms
99th percentile: 21ms
Number Missed Vsync: 1
Number High input latency: 230
Number Slow UI thread: 1
Number Slow bitmap uploads: 0
Number Slow issue draw commands: 0
Number Frame deadline missed: 1
Number Frame deadline missed (legacy): 1
HISTOGRAM: 5ms=33 6ms=0 7ms=1 8ms=65 9ms=16 10ms=0 11ms=0 12ms=0 13ms=0 14ms=0 15ms=0 16ms=0 17ms=0 18ms=0 19ms=0 20ms=0 21ms=1 22ms=0 23ms=0 24ms=0 25ms=0 26ms=0 27ms=0 28ms=0 29ms=0 30ms=0 31ms=0 32ms=0 34ms=0 36ms=0 38ms=1 40ms=0 42ms=0 44ms=0 46ms=0 48ms=0 53ms=0 57ms=0 61ms=0 65ms=0 69ms=0 73ms=0 77ms=0 81ms=0 85ms=0 89ms=0 93ms=0 97ms=0 101ms=0 105ms=0 109ms=0 113ms=0 117ms=0 121ms=0 125ms=0 129ms=0 133ms=0 150ms=0 200ms=0 250ms=0 300ms=0 350ms=0 400ms=0 450ms=0 500ms=0 550ms=0 600ms=0 650ms=0 700ms=0 750ms=0 800ms=0 850ms=0 900ms=0 950ms=0 1000ms=0 1050ms=0 1100ms=0 1150ms=0 1200ms=0 1250ms=0 1300ms=0 1350ms=0 1400ms=0 1450ms=0 1500ms=0 1550ms=0 1600ms=0 1650ms=0 1700ms=0 1750ms=0 1800ms=0 1850ms=0 1900ms=0 1950ms=0 2000ms=0 2050ms=0 2100ms=0 2150ms=0 2200ms=0 2250ms=0 2300ms=0 2350ms=0 2400ms=0 2450ms=0 2500ms=0 2550ms=0 2600ms=0 2650ms=0 2700ms=0 2750ms=0 2800ms=0 2850ms=0 2900ms=0 2950ms=0 3000ms=0 3050ms=0 3100ms=0 3150ms=0 3200ms=0 3250ms=0 3300ms=0 3350ms=0 3400ms=0 3450ms=0 3500ms=0 3550ms=0 3600ms=0 3650ms=0 3700ms=0 3750ms=0 3800ms=0 3850ms=0 3900ms=0 3950ms=0 4000ms=0 4050ms=0 4100ms=0 4150ms=0 4200ms=0 4250ms=0 4300ms=0 4350ms=0 4400ms=0 4450ms=0 4500ms=0 4550ms=0 4600ms=0 4650ms=0 4700ms=0 4750ms=0 4800ms=0 4850ms=0 4900ms=0 4950ms=0
50th gpu percentile: 7ms
90th gpu percentile: 8ms
95th gpu percentile: 8ms
99th gpu percentile: 9ms
GPU HISTOGRAM: 1ms=3 2ms=8 3ms=11 4ms=15 5ms=9 6ms=10 7ms=13 8ms=43 9ms=5 10ms=0 11ms=0 12ms=0 13ms=0 14ms=0 15ms=0 16ms=0 17ms=0 18ms=0 19ms=0 20ms=0 21ms=0 22ms=0 23ms=0 24ms=0 25ms=0 4950ms=0

Pipeline=Skia (Vulkan)
Memory policy:
  Max surface area: 2073600
  Max resource usage: 99.53MB (x48)
  Background retention: 50% (altUiHidden = true)
  GPU Context timeout: 10
Contexts: 1 (stopped = 0)
CPU Caches:
  Glyph Cache: 25.54 KB (1 entry)
  Glyph Count: 10 
Total CPU memory usage:
  26153 bytes, 25.54 KB (0.00 bytes is purgeable)
GPU Caches:
gpu_busy_raw:  719562 1006921  gpu_busy_pct(computed): n/a
cpu_cur_freqs: p0=1248000 p2=3148800 p5=2956800 p7=2995200
--- sample 1 pkg=com.miHoYo.Yuanshen 18:02:56 ---
Applications Graphics Acceleration Info:
Uptime: 7658224 Realtime: 8646269

** Graphics info for pid 6417 [com.miHoYo.Yuanshen] **

Stats since: 7609479532305ns
Total frames rendered: 117
Janky frames: 1 (0.85%)
Janky frames (legacy): 2 (1.71%)
50th percentile: 8ms
90th percentile: 9ms
95th percentile: 9ms
99th percentile: 21ms
Number Missed Vsync: 1
Number High input latency: 230
Number Slow UI thread: 1
Number Slow bitmap uploads: 0
Number Slow issue draw commands: 0
Number Frame deadline missed: 1
Number Frame deadline missed (legacy): 1
HISTOGRAM: 5ms=33 6ms=0 7ms=1 8ms=65 9ms=16 10ms=0 11ms=0 12ms=0 13ms=0 14ms=0 15ms=0 16ms=0 17ms=0 18ms=0 19ms=0 20ms=0 21ms=1 22ms=0 23ms=0 24ms=0 25ms=0 26ms=0 27ms=0 28ms=0 29ms=0 30ms=0 31ms=0 32ms=0 34ms=0 36ms=0 38ms=1 40ms=0 42ms=0 44ms=0 46ms=0 48ms=0 53ms=0 57ms=0 61ms=0 65ms=0 69ms=0 73ms=0 77ms=0 81ms=0 85ms=0 89ms=0 93ms=0 97ms=0 101ms=0 105ms=0 109ms=0 113ms=0 117ms=0 121ms=0 125ms=0 129ms=0 133ms=0 150ms=0 200ms=0 250ms=0 300ms=0 350ms=0 400ms=0 450ms=0 500ms=0 550ms=0 600ms=0 650ms=0 700ms=0 750ms=0 800ms=0 850ms=0 900ms=0 950ms=0 1000ms=0 1050ms=0 1100ms=0 1150ms=0 1200ms=0 1250ms=0 1300ms=0 1350ms=0 1400ms=0 1450ms=0 1500ms=0 1550ms=0 1600ms=0 1650ms=0 1700ms=0 1750ms=0 1800ms=0 1850ms=0 1900ms=0 1950ms=0 2000ms=0 2050ms=0 2100ms=0 2150ms=0 2200ms=0 2250ms=0 2300ms=0 2350ms=0 2400ms=0 2450ms=0 2500ms=0 2550ms=0 2600ms=0 2650ms=0 2700ms=0 2750ms=0 2800ms=0 2850ms=0 2900ms=0 2950ms=0 3000ms=0 3050ms=0 3100ms=0 3150ms=0 3200ms=0 3250ms=0 3300ms=0 3350ms=0 3400ms=0 3450ms=0 3500ms=0 3550ms=0 3600ms=0 3650ms=0 3700ms=0 3750ms=0 3800ms=0 3850ms=0 3900ms=0 3950ms=0 4000ms=0 4050ms=0 4100ms=0 4150ms=0 4200ms=0 4250ms=0 4300ms=0 4350ms=0 4400ms=0 4450ms=0 4500ms=0 4550ms=0 4600ms=0 4650ms=0 4700ms=0 4750ms=0 4800ms=0 4850ms=0 4900ms=0 4950ms=0
50th gpu percentile: 7ms
90th gpu percentile: 8ms
95th gpu percentile: 8ms
99th gpu percentile: 9ms
GPU HISTOGRAM: 1ms=3 2ms=8 3ms=11 4ms=15 5ms=9 6ms=10 7ms=13 8ms=43 9ms=5 10ms=0 11ms=0 12ms=0 13ms=0 14ms=0 15ms=0 16ms=0 17ms=0 18ms=0 19ms=0 20ms=0 21ms=0 22ms=0 23ms=0 24ms=0 25ms=0 4950ms=0

Pipeline=Skia (Vulkan)
Memory policy:
  Max surface area: 2073600
  Max resource usage: 99.53MB (x48)
  Background retention: 50% (altUiHidden = true)
  GPU Context timeout: 10
Contexts: 1 (stopped = 0)
CPU Caches:
  Glyph Cache: 25.54 KB (1 entry)
  Glyph Count: 10 
Total CPU memory usage:
  26153 bytes, 25.54 KB (0.00 bytes is purgeable)
GPU Caches:
gpu_busy_raw:  967057 1002471  gpu_busy_pct(computed): n/a
cpu_cur_freqs: p0=1248000 p2=3148800 p5=2956800 p7=2995200
--- sample 2 pkg=com.miHoYo.Yuanshen 18:03:00 ---
Applications Graphics Acceleration Info:
Uptime: 7661367 Realtime: 8649411

** Graphics info for pid 6417 [com.miHoYo.Yuanshen] **

Stats since: 7609479532305ns
Total frames rendered: 117
Janky frames: 1 (0.85%)
Janky frames (legacy): 2 (1.71%)
50th percentile: 8ms
90th percentile: 9ms
95th percentile: 9ms
99th percentile: 21ms
Number Missed Vsync: 1
Number High input latency: 230
Number Slow UI thread: 1
Number Slow bitmap uploads: 0
Number Slow issue draw commands: 0
Number Frame deadline missed: 1
Number Frame deadline missed (legacy): 1
HISTOGRAM: 5ms=33 6ms=0 7ms=1 8ms=65 9ms=16 10ms=0 11ms=0 12ms=0 13ms=0 14ms=0 15ms=0 16ms=0 17ms=0 18ms=0 19ms=0 20ms=0 21ms=1 22ms=0 23ms=0 24ms=0 25ms=0 26ms=0 27ms=0 28ms=0 29ms=0 30ms=0 31ms=0 32ms=0 34ms=0 36ms=0 38ms=1 40ms=0 42ms=0 44ms=0 46ms=0 48ms=0 53ms=0 57ms=0 61ms=0 65ms=0 69ms=0 73ms=0 77ms=0 81ms=0 85ms=0 89ms=0 93ms=0 97ms=0 101ms=0 105ms=0 109ms=0 113ms=0 117ms=0 121ms=0 125ms=0 129ms=0 133ms=0 150ms=0 200ms=0 250ms=0 300ms=0 350ms=0 400ms=0 450ms=0 500ms=0 550ms=0 600ms=0 650ms=0 700ms=0 750ms=0 800ms=0 850ms=0 900ms=0 950ms=0 1000ms=0 1050ms=0 1100ms=0 1150ms=0 1200ms=0 1250ms=0 1300ms=0 1350ms=0 1400ms=0 1450ms=0 1500ms=0 1550ms=0 1600ms=0 1650ms=0 1700ms=0 1750ms=0 1800ms=0 1850ms=0 1900ms=0 1950ms=0 2000ms=0 2050ms=0 2100ms=0 2150ms=0 2200ms=0 2250ms=0 2300ms=0 2350ms=0 2400ms=0 2450ms=0 2500ms=0 2550ms=0 2600ms=0 2650ms=0 2700ms=0 2750ms=0 2800ms=0 2850ms=0 2900ms=0 2950ms=0 3000ms=0 3050ms=0 3100ms=0 3150ms=0 3200ms=0 3250ms=0 3300ms=0 3350ms=0 3400ms=0 3450ms=0 3500ms=0 3550ms=0 3600ms=0 3650ms=0 3700ms=0 3750ms=0 3800ms=0 3850ms=0 3900ms=0 3950ms=0 4000ms=0 4050ms=0 4100ms=0 4150ms=0 4200ms=0 4250ms=0 4300ms=0 4350ms=0 4400ms=0 4450ms=0 4500ms=0 4550ms=0 4600ms=0 4650ms=0 4700ms=0 4750ms=0 4800ms=0 4850ms=0 4900ms=0 4950ms=0
50th gpu percentile: 7ms
90th gpu percentile: 8ms
95th gpu percentile: 8ms
99th gpu percentile: 9ms
GPU HISTOGRAM: 1ms=3 2ms=8 3ms=11 4ms=15 5ms=9 6ms=10 7ms=13 8ms=43 9ms=5 10ms=0 11ms=0 12ms=0 13ms=0 14ms=0 15ms=0 16ms=0 17ms=0 18ms=0 19ms=0 20ms=0 21ms=0 22ms=0 23ms=0 24ms=0 25ms=0 4950ms=0

Pipeline=Skia (Vulkan)
Memory policy:
  Max surface area: 2073600
  Max resource usage: 99.53MB (x48)
  Background retention: 50% (altUiHidden = true)
  GPU Context timeout: 10
Contexts: 1 (stopped = 0)
CPU Caches:
  Glyph Cache: 25.54 KB (1 entry)
  Glyph Count: 10 
Total CPU memory usage:
  26153 bytes, 25.54 KB (0.00 bytes is purgeable)
GPU Caches:
gpu_busy_raw:  781961 1009280  gpu_busy_pct(computed): -2718
cpu_cur_freqs: p0=1248000 p2=3148800 p5=2956800 p7=3052800
--- sample 3 pkg=com.miHoYo.Yuanshen 18:03:03 ---
Applications Graphics Acceleration Info:
Uptime: 7664518 Realtime: 8652563

** Graphics info for pid 6417 [com.miHoYo.Yuanshen] **

Stats since: 7609479532305ns
Total frames rendered: 117
Janky frames: 1 (0.85%)
Janky frames (legacy): 2 (1.71%)
50th percentile: 8ms
90th percentile: 9ms
95th percentile: 9ms
99th percentile: 21ms
Number Missed Vsync: 1
Number High input latency: 230
Number Slow UI thread: 1
Number Slow bitmap uploads: 0
Number Slow issue draw commands: 0
Number Frame deadline missed: 1
Number Frame deadline missed (legacy): 1
HISTOGRAM: 5ms=33 6ms=0 7ms=1 8ms=65 9ms=16 10ms=0 11ms=0 12ms=0 13ms=0 14ms=0 15ms=0 16ms=0 17ms=0 18ms=0 19ms=0 20ms=0 21ms=1 22ms=0 23ms=0 24ms=0 25ms=0 26ms=0 27ms=0 28ms=0 29ms=0 30ms=0 31ms=0 32ms=0 34ms=0 36ms=0 38ms=1 40ms=0 42ms=0 44ms=0 46ms=0 48ms=0 53ms=0 57ms=0 61ms=0 65ms=0 69ms=0 73ms=0 77ms=0 81ms=0 85ms=0 89ms=0 93ms=0 97ms=0 101ms=0 105ms=0 109ms=0 113ms=0 117ms=0 121ms=0 125ms=0 129ms=0 133ms=0 150ms=0 200ms=0 250ms=0 300ms=0 350ms=0 400ms=0 450ms=0 500ms=0 550ms=0 600ms=0 650ms=0 700ms=0 750ms=0 800ms=0 850ms=0 900ms=0 950ms=0 1000ms=0 1050ms=0 1100ms=0 1150ms=0 1200ms=0 1250ms=0 1300ms=0 1350ms=0 1400ms=0 1450ms=0 1500ms=0 1550ms=0 1600ms=0 1650ms=0 1700ms=0 1750ms=0 1800ms=0 1850ms=0 1900ms=0 1950ms=0 2000ms=0 2050ms=0 2100ms=0 2150ms=0 2200ms=0 2250ms=0 2300ms=0 2350ms=0 2400ms=0 2450ms=0 2500ms=0 2550ms=0 2600ms=0 2650ms=0 2700ms=0 2750ms=0 2800ms=0 2850ms=0 2900ms=0 2950ms=0 3000ms=0 3050ms=0 3100ms=0 3150ms=0 3200ms=0 3250ms=0 3300ms=0 3350ms=0 3400ms=0 3450ms=0 3500ms=0 3550ms=0 3600ms=0 3650ms=0 3700ms=0 3750ms=0 3800ms=0 3850ms=0 3900ms=0 3950ms=0 4000ms=0 4050ms=0 4100ms=0 4150ms=0 4200ms=0 4250ms=0 4300ms=0 4350ms=0 4400ms=0 4450ms=0 4500ms=0 4550ms=0 4600ms=0 4650ms=0 4700ms=0 4750ms=0 4800ms=0 4850ms=0 4900ms=0 4950ms=0
50th gpu percentile: 7ms
90th gpu percentile: 8ms
95th gpu percentile: 8ms
99th gpu percentile: 9ms
GPU HISTOGRAM: 1ms=3 2ms=8 3ms=11 4ms=15 5ms=9 6ms=10 7ms=13 8ms=43 9ms=5 10ms=0 11ms=0 12ms=0 13ms=0 14ms=0 15ms=0 16ms=0 17ms=0 18ms=0 19ms=0 20ms=0 21ms=0 22ms=0 23ms=0 24ms=0 25ms=0 4950ms=0

Pipeline=Skia (Vulkan)
Memory policy:
  Max surface area: 2073600
  Max resource usage: 99.53MB (x48)
  Background retention: 50% (altUiHidden = true)
  GPU Context timeout: 10
Contexts: 1 (stopped = 0)
CPU Caches:
  Glyph Cache: 25.54 KB (1 entry)
  Glyph Count: 10 
Total CPU memory usage:
  26153 bytes, 25.54 KB (0.00 bytes is purgeable)
GPU Caches:
gpu_busy_raw:  816158 1009211  gpu_busy_pct(computed): n/a
cpu_cur_freqs: p0=1248000 p2=3148800 p5=2956800 p7=2995200
--- sample 4 pkg=com.miHoYo.Yuanshen 18:03:06 ---
Applications Graphics Acceleration Info:
Uptime: 7667715 Realtime: 8655759

** Graphics info for pid 6417 [com.miHoYo.Yuanshen] **

Stats since: 7609479532305ns
Total frames rendered: 117
Janky frames: 1 (0.85%)
Janky frames (legacy): 2 (1.71%)
50th percentile: 8ms
90th percentile: 9ms
95th percentile: 9ms
99th percentile: 21ms
Number Missed Vsync: 1
Number High input latency: 230
Number Slow UI thread: 1
Number Slow bitmap uploads: 0
Number Slow issue draw commands: 0
Number Frame deadline missed: 1
Number Frame deadline missed (legacy): 1
HISTOGRAM: 5ms=33 6ms=0 7ms=1 8ms=65 9ms=16 10ms=0 11ms=0 12ms=0 13ms=0 14ms=0 15ms=0 16ms=0 17ms=0 18ms=0 19ms=0 20ms=0 21ms=1 22ms=0 23ms=0 24ms=0 25ms=0 26ms=0 27ms=0 28ms=0 29ms=0 30ms=0 31ms=0 32ms=0 34ms=0 36ms=0 38ms=1 40ms=0 42ms=0 44ms=0 46ms=0 48ms=0 53ms=0 57ms=0 61ms=0 65ms=0 69ms=0 73ms=0 77ms=0 81ms=0 85ms=0 89ms=0 93ms=0 97ms=0 101ms=0 105ms=0 109ms=0 113ms=0 117ms=0 121ms=0 125ms=0 129ms=0 133ms=0 150ms=0 200ms=0 250ms=0 300ms=0 350ms=0 400ms=0 450ms=0 500ms=0 550ms=0 600ms=0 650ms=0 700ms=0 750ms=0 800ms=0 850ms=0 900ms=0 950ms=0 1000ms=0 1050ms=0 1100ms=0 1150ms=0 1200ms=0 1250ms=0 1300ms=0 1350ms=0 1400ms=0 1450ms=0 1500ms=0 1550ms=0 1600ms=0 1650ms=0 1700ms=0 1750ms=0 1800ms=0 1850ms=0 1900ms=0 1950ms=0 2000ms=0 2050ms=0 2100ms=0 2150ms=0 2200ms=0 2250ms=0 2300ms=0 2350ms=0 2400ms=0 2450ms=0 2500ms=0 2550ms=0 2600ms=0 2650ms=0 2700ms=0 2750ms=0 2800ms=0 2850ms=0 2900ms=0 2950ms=0 3000ms=0 3050ms=0 3100ms=0 3150ms=0 3200ms=0 3250ms=0 3300ms=0 3350ms=0 3400ms=0 3450ms=0 3500ms=0 3550ms=0 3600ms=0 3650ms=0 3700ms=0 3750ms=0 3800ms=0 3850ms=0 3900ms=0 3950ms=0 4000ms=0 4050ms=0 4100ms=0 4150ms=0 4200ms=0 4250ms=0 4300ms=0 4350ms=0 4400ms=0 4450ms=0 4500ms=0 4550ms=0 4600ms=0 4650ms=0 4700ms=0 4750ms=0 4800ms=0 4850ms=0 4900ms=0 4950ms=0
50th gpu percentile: 7ms
90th gpu percentile: 8ms
95th gpu percentile: 8ms
99th gpu percentile: 9ms
GPU HISTOGRAM: 1ms=3 2ms=8 3ms=11 4ms=15 5ms=9 6ms=10 7ms=13 8ms=43 9ms=5 10ms=0 11ms=0 12ms=0 13ms=0 14ms=0 15ms=0 16ms=0 17ms=0 18ms=0 19ms=0 20ms=0 21ms=0 22ms=0 23ms=0 24ms=0 25ms=0 4950ms=0

Pipeline=Skia (Vulkan)
Memory policy:
  Max surface area: 2073600
  Max resource usage: 99.53MB (x48)
  Background retention: 50% (altUiHidden = true)
  GPU Context timeout: 10
Contexts: 1 (stopped = 0)
CPU Caches:
  Glyph Cache: 25.54 KB (1 entry)
  Glyph Count: 10 
Total CPU memory usage:
  26153 bytes, 25.54 KB (0.00 bytes is purgeable)
GPU Caches:
gpu_busy_raw:  816213 1000588  gpu_busy_pct(computed): n/a
cpu_cur_freqs: p0=1248000 p2=3148800 p5=2956800 p7=3052800
--- sample 5 pkg=com.miHoYo.Yuanshen 18:03:09 ---
Applications Graphics Acceleration Info:
Uptime: 7670907 Realtime: 8658951

** Graphics info for pid 6417 [com.miHoYo.Yuanshen] **

Stats since: 7609479532305ns
Total frames rendered: 117
Janky frames: 1 (0.85%)
Janky frames (legacy): 2 (1.71%)
50th percentile: 8ms
90th percentile: 9ms
95th percentile: 9ms
99th percentile: 21ms
Number Missed Vsync: 1
Number High input latency: 230
Number Slow UI thread: 1
Number Slow bitmap uploads: 0
Number Slow issue draw commands: 0
Number Frame deadline missed: 1
Number Frame deadline missed (legacy): 1
HISTOGRAM: 5ms=33 6ms=0 7ms=1 8ms=65 9ms=16 10ms=0 11ms=0 12ms=0 13ms=0 14ms=0 15ms=0 16ms=0 17ms=0 18ms=0 19ms=0 20ms=0 21ms=1 22ms=0 23ms=0 24ms=0 25ms=0 26ms=0 27ms=0 28ms=0 29ms=0 30ms=0 31ms=0 32ms=0 34ms=0 36ms=0 38ms=1 40ms=0 42ms=0 44ms=0 46ms=0 48ms=0 53ms=0 57ms=0 61ms=0 65ms=0 69ms=0 73ms=0 77ms=0 81ms=0 85ms=0 89ms=0 93ms=0 97ms=0 101ms=0 105ms=0 109ms=0 113ms=0 117ms=0 121ms=0 125ms=0 129ms=0 133ms=0 150ms=0 200ms=0 250ms=0 300ms=0 350ms=0 400ms=0 450ms=0 500ms=0 550ms=0 600ms=0 650ms=0 700ms=0 750ms=0 800ms=0 850ms=0 900ms=0 950ms=0 1000ms=0 1050ms=0 1100ms=0 1150ms=0 1200ms=0 1250ms=0 1300ms=0 1350ms=0 1400ms=0 1450ms=0 1500ms=0 1550ms=0 1600ms=0 1650ms=0 1700ms=0 1750ms=0 1800ms=0 1850ms=0 1900ms=0 1950ms=0 2000ms=0 2050ms=0 2100ms=0 2150ms=0 2200ms=0 2250ms=0 2300ms=0 2350ms=0 2400ms=0 2450ms=0 2500ms=0 2550ms=0 2600ms=0 2650ms=0 2700ms=0 2750ms=0 2800ms=0 2850ms=0 2900ms=0 2950ms=0 3000ms=0 3050ms=0 3100ms=0 3150ms=0 3200ms=0 3250ms=0 3300ms=0 3350ms=0 3400ms=0 3450ms=0 3500ms=0 3550ms=0 3600ms=0 3650ms=0 3700ms=0 3750ms=0 3800ms=0 3850ms=0 3900ms=0 3950ms=0 4000ms=0 4050ms=0 4100ms=0 4150ms=0 4200ms=0 4250ms=0 4300ms=0 4350ms=0 4400ms=0 4450ms=0 4500ms=0 4550ms=0 4600ms=0 4650ms=0 4700ms=0 4750ms=0 4800ms=0 4850ms=0 4900ms=0 4950ms=0
50th gpu percentile: 7ms
90th gpu percentile: 8ms
95th gpu percentile: 8ms
99th gpu percentile: 9ms
GPU HISTOGRAM: 1ms=3 2ms=8 3ms=11 4ms=15 5ms=9 6ms=10 7ms=13 8ms=43 9ms=5 10ms=0 11ms=0 12ms=0 13ms=0 14ms=0 15ms=0 16ms=0 17ms=0 18ms=0 19ms=0 20ms=0 21ms=0 22ms=0 23ms=0 24ms=0 25ms=0 4950ms=0

Pipeline=Skia (Vulkan)
Memory policy:
  Max surface area: 2073600
  Max resource usage: 99.53MB (x48)
  Background retention: 50% (altUiHidden = true)
  GPU Context timeout: 10
Contexts: 1 (stopped = 0)
CPU Caches:
  Glyph Cache: 25.54 KB (1 entry)
  Glyph Count: 10 
Total CPU memory usage:
  26153 bytes, 25.54 KB (0.00 bytes is purgeable)
GPU Caches:
gpu_busy_raw:  795410 1004963  gpu_busy_pct(computed): -475
cpu_cur_freqs: p0=1248000 p2=3148800 p5=2956800 p7=3052800
--- sample 6 pkg=com.miHoYo.Yuanshen 18:03:12 ---
Applications Graphics Acceleration Info:
Uptime: 7674080 Realtime: 8662125

** Graphics info for pid 6417 [com.miHoYo.Yuanshen] **

Stats since: 7609479532305ns
Total frames rendered: 117
Janky frames: 1 (0.85%)
Janky frames (legacy): 2 (1.71%)
50th percentile: 8ms
90th percentile: 9ms
95th percentile: 9ms
99th percentile: 21ms
Number Missed Vsync: 1
Number High input latency: 230
Number Slow UI thread: 1
Number Slow bitmap uploads: 0
Number Slow issue draw commands: 0
Number Frame deadline missed: 1
Number Frame deadline missed (legacy): 1
HISTOGRAM: 5ms=33 6ms=0 7ms=1 8ms=65 9ms=16 10ms=0 11ms=0 12ms=0 13ms=0 14ms=0 15ms=0 16ms=0 17ms=0 18ms=0 19ms=0 20ms=0 21ms=1 22ms=0 23ms=0 24ms=0 25ms=0 26ms=0 27ms=0 28ms=0 29ms=0 30ms=0 31ms=0 32ms=0 34ms=0 36ms=0 38ms=1 40ms=0 42ms=0 44ms=0 46ms=0 48ms=0 53ms=0 57ms=0 61ms=0 65ms=0 69ms=0 73ms=0 77ms=0 81ms=0 85ms=0 89ms=0 93ms=0 97ms=0 101ms=0 105ms=0 109ms=0 113ms=0 117ms=0 121ms=0 125ms=0 129ms=0 133ms=0 150ms=0 200ms=0 250ms=0 300ms=0 350ms=0 400ms=0 450ms=0 500ms=0 550ms=0 600ms=0 650ms=0 700ms=0 750ms=0 800ms=0 850ms=0 900ms=0 950ms=0 1000ms=0 1050ms=0 1100ms=0 1150ms=0 1200ms=0 1250ms=0 1300ms=0 1350ms=0 1400ms=0 1450ms=0 1500ms=0 1550ms=0 1600ms=0 1650ms=0 1700ms=0 1750ms=0 1800ms=0 1850ms=0 1900ms=0 1950ms=0 2000ms=0 2050ms=0 2100ms=0 2150ms=0 2200ms=0 2250ms=0 2300ms=0 2350ms=0 2400ms=0 2450ms=0 2500ms=0 2550ms=0 2600ms=0 2650ms=0 2700ms=0 2750ms=0 2800ms=0 2850ms=0 2900ms=0 2950ms=0 3000ms=0 3050ms=0 3100ms=0 3150ms=0 3200ms=0 3250ms=0 3300ms=0 3350ms=0 3400ms=0 3450ms=0 3500ms=0 3550ms=0 3600ms=0 3650ms=0 3700ms=0 3750ms=0 3800ms=0 3850ms=0 3900ms=0 3950ms=0 4000ms=0 4050ms=0 4100ms=0 4150ms=0 4200ms=0 4250ms=0 4300ms=0 4350ms=0 4400ms=0 4450ms=0 4500ms=0 4550ms=0 4600ms=0 4650ms=0 4700ms=0 4750ms=0 4800ms=0 4850ms=0 4900ms=0 4950ms=0
50th gpu percentile: 7ms
90th gpu percentile: 8ms
95th gpu percentile: 8ms
99th gpu percentile: 9ms
GPU HISTOGRAM: 1ms=3 2ms=8 3ms=11 4ms=15 5ms=9 6ms=10 7ms=13 8ms=43 9ms=5 10ms=0 11ms=0 12ms=0 13ms=0 14ms=0 15ms=0 16ms=0 17ms=0 18ms=0 19ms=0 20ms=0 21ms=0 22ms=0 23ms=0 24ms=0 25ms=0 4950ms=0

Pipeline=Skia (Vulkan)
Memory policy:
  Max surface area: 2073600
  Max resource usage: 99.53MB (x48)
  Background retention: 50% (altUiHidden = true)
  GPU Context timeout: 10
Contexts: 1 (stopped = 0)
CPU Caches:
  Glyph Cache: 25.54 KB (1 entry)
  Glyph Count: 10 
Total CPU memory usage:
  26153 bytes, 25.54 KB (0.00 bytes is purgeable)
GPU Caches:
gpu_busy_raw:  795569 1001673  gpu_busy_pct(computed): n/a
cpu_cur_freqs: p0=1248000 p2=3148800 p5=2956800 p7=3052800
--- sample 7 pkg=com.miHoYo.Yuanshen 18:03:15 ---
Applications Graphics Acceleration Info:
Uptime: 7677228 Realtime: 8665272

** Graphics info for pid 6417 [com.miHoYo.Yuanshen] **

Stats since: 7609479532305ns
Total frames rendered: 117
Janky frames: 1 (0.85%)
Janky frames (legacy): 2 (1.71%)
50th percentile: 8ms
90th percentile: 9ms
95th percentile: 9ms
99th percentile: 21ms
Number Missed Vsync: 1
Number High input latency: 230
Number Slow UI thread: 1
Number Slow bitmap uploads: 0
Number Slow issue draw commands: 0
Number Frame deadline missed: 1
Number Frame deadline missed (legacy): 1
HISTOGRAM: 5ms=33 6ms=0 7ms=1 8ms=65 9ms=16 10ms=0 11ms=0 12ms=0 13ms=0 14ms=0 15ms=0 16ms=0 17ms=0 18ms=0 19ms=0 20ms=0 21ms=1 22ms=0 23ms=0 24ms=0 25ms=0 26ms=0 27ms=0 28ms=0 29ms=0 30ms=0 31ms=0 32ms=0 34ms=0 36ms=0 38ms=1 40ms=0 42ms=0 44ms=0 46ms=0 48ms=0 53ms=0 57ms=0 61ms=0 65ms=0 69ms=0 73ms=0 77ms=0 81ms=0 85ms=0 89ms=0 93ms=0 97ms=0 101ms=0 105ms=0 109ms=0 113ms=0 117ms=0 121ms=0 125ms=0 129ms=0 133ms=0 150ms=0 200ms=0 250ms=0 300ms=0 350ms=0 400ms=0 450ms=0 500ms=0 550ms=0 600ms=0 650ms=0 700ms=0 750ms=0 800ms=0 850ms=0 900ms=0 950ms=0 1000ms=0 1050ms=0 1100ms=0 1150ms=0 1200ms=0 1250ms=0 1300ms=0 1350ms=0 1400ms=0 1450ms=0 1500ms=0 1550ms=0 1600ms=0 1650ms=0 1700ms=0 1750ms=0 1800ms=0 1850ms=0 1900ms=0 1950ms=0 2000ms=0 2050ms=0 2100ms=0 2150ms=0 2200ms=0 2250ms=0 2300ms=0 2350ms=0 2400ms=0 2450ms=0 2500ms=0 2550ms=0 2600ms=0 2650ms=0 2700ms=0 2750ms=0 2800ms=0 2850ms=0 2900ms=0 2950ms=0 3000ms=0 3050ms=0 3100ms=0 3150ms=0 3200ms=0 3250ms=0 3300ms=0 3350ms=0 3400ms=0 3450ms=0 3500ms=0 3550ms=0 3600ms=0 3650ms=0 3700ms=0 3750ms=0 3800ms=0 3850ms=0 3900ms=0 3950ms=0 4000ms=0 4050ms=0 4100ms=0 4150ms=0 4200ms=0 4250ms=0 4300ms=0 4350ms=0 4400ms=0 4450ms=0 4500ms=0 4550ms=0 4600ms=0 4650ms=0 4700ms=0 4750ms=0 4800ms=0 4850ms=0 4900ms=0 4950ms=0
50th gpu percentile: 7ms
90th gpu percentile: 8ms
95th gpu percentile: 8ms
99th gpu percentile: 9ms
GPU HISTOGRAM: 1ms=3 2ms=8 3ms=11 4ms=15 5ms=9 6ms=10 7ms=13 8ms=43 9ms=5 10ms=0 11ms=0 12ms=0 13ms=0 14ms=0 15ms=0 16ms=0 17ms=0 18ms=0 19ms=0 20ms=0 21ms=0 22ms=0 23ms=0 24ms=0 25ms=0 4950ms=0

Pipeline=Skia (Vulkan)
Memory policy:
  Max surface area: 2073600
  Max resource usage: 99.53MB (x48)
  Background retention: 50% (altUiHidden = true)
  GPU Context timeout: 10
Contexts: 1 (stopped = 0)
CPU Caches:
  Glyph Cache: 25.54 KB (1 entry)
  Glyph Count: 10 
Total CPU memory usage:
  26153 bytes, 25.54 KB (0.00 bytes is purgeable)
GPU Caches:
gpu_busy_raw:  757937 1008502  gpu_busy_pct(computed): -551
cpu_cur_freqs: p0=1248000 p2=3148800 p5=2956800 p7=3052800
--- sample 8 pkg=com.miHoYo.Yuanshen 18:03:19 ---
Applications Graphics Acceleration Info:
Uptime: 7680356 Realtime: 8668401

** Graphics info for pid 6417 [com.miHoYo.Yuanshen] **

Stats since: 7609479532305ns
Total frames rendered: 117
Janky frames: 1 (0.85%)
Janky frames (legacy): 2 (1.71%)
50th percentile: 8ms
90th percentile: 9ms
95th percentile: 9ms
99th percentile: 21ms
Number Missed Vsync: 1
Number High input latency: 230
Number Slow UI thread: 1
Number Slow bitmap uploads: 0
Number Slow issue draw commands: 0
Number Frame deadline missed: 1
Number Frame deadline missed (legacy): 1
HISTOGRAM: 5ms=33 6ms=0 7ms=1 8ms=65 9ms=16 10ms=0 11ms=0 12ms=0 13ms=0 14ms=0 15ms=0 16ms=0 17ms=0 18ms=0 19ms=0 20ms=0 21ms=1 22ms=0 23ms=0 24ms=0 25ms=0 26ms=0 27ms=0 28ms=0 29ms=0 30ms=0 31ms=0 32ms=0 34ms=0 36ms=0 38ms=1 40ms=0 42ms=0 44ms=0 46ms=0 48ms=0 53ms=0 57ms=0 61ms=0 65ms=0 69ms=0 73ms=0 77ms=0 81ms=0 85ms=0 89ms=0 93ms=0 97ms=0 101ms=0 105ms=0 109ms=0 113ms=0 117ms=0 121ms=0 125ms=0 129ms=0 133ms=0 150ms=0 200ms=0 250ms=0 300ms=0 350ms=0 400ms=0 450ms=0 500ms=0 550ms=0 600ms=0 650ms=0 700ms=0 750ms=0 800ms=0 850ms=0 900ms=0 950ms=0 1000ms=0 1050ms=0 1100ms=0 1150ms=0 1200ms=0 1250ms=0 1300ms=0 1350ms=0 1400ms=0 1450ms=0 1500ms=0 1550ms=0 1600ms=0 1650ms=0 1700ms=0 1750ms=0 1800ms=0 1850ms=0 1900ms=0 1950ms=0 2000ms=0 2050ms=0 2100ms=0 2150ms=0 2200ms=0 2250ms=0 2300ms=0 2350ms=0 2400ms=0 2450ms=0 2500ms=0 2550ms=0 2600ms=0 2650ms=0 2700ms=0 2750ms=0 2800ms=0 2850ms=0 2900ms=0 2950ms=0 3000ms=0 3050ms=0 3100ms=0 3150ms=0 3200ms=0 3250ms=0 3300ms=0 3350ms=0 3400ms=0 3450ms=0 3500ms=0 3550ms=0 3600ms=0 3650ms=0 3700ms=0 3750ms=0 3800ms=0 3850ms=0 3900ms=0 3950ms=0 4000ms=0 4050ms=0 4100ms=0 4150ms=0 4200ms=0 4250ms=0 4300ms=0 4350ms=0 4400ms=0 4450ms=0 4500ms=0 4550ms=0 4600ms=0 4650ms=0 4700ms=0 4750ms=0 4800ms=0 4850ms=0 4900ms=0 4950ms=0
50th gpu percentile: 7ms
90th gpu percentile: 8ms
95th gpu percentile: 8ms
99th gpu percentile: 9ms
GPU HISTOGRAM: 1ms=3 2ms=8 3ms=11 4ms=15 5ms=9 6ms=10 7ms=13 8ms=43 9ms=5 10ms=0 11ms=0 12ms=0 13ms=0 14ms=0 15ms=0 16ms=0 17ms=0 18ms=0 19ms=0 20ms=0 21ms=0 22ms=0 23ms=0 24ms=0 25ms=0 4950ms=0

Pipeline=Skia (Vulkan)
Memory policy:
  Max surface area: 2073600
  Max resource usage: 99.53MB (x48)
  Background retention: 50% (altUiHidden = true)
  GPU Context timeout: 10
Contexts: 1 (stopped = 0)
CPU Caches:
  Glyph Cache: 25.54 KB (1 entry)
  Glyph Count: 10 
Total CPU memory usage:
  26153 bytes, 25.54 KB (0.00 bytes is purgeable)
GPU Caches:
gpu_busy_raw:  717281 1002336  gpu_busy_pct(computed): n/a
cpu_cur_freqs: p0=1248000 p2=3148800 p5=2956800 p7=3052800
--- sample 9 pkg=com.miHoYo.Yuanshen 18:03:22 ---
Applications Graphics Acceleration Info:
Uptime: 7683486 Realtime: 8671531

** Graphics info for pid 6417 [com.miHoYo.Yuanshen] **

Stats since: 7609479532305ns
Total frames rendered: 117
Janky frames: 1 (0.85%)
Janky frames (legacy): 2 (1.71%)
50th percentile: 8ms
90th percentile: 9ms
95th percentile: 9ms
99th percentile: 21ms
Number Missed Vsync: 1
Number High input latency: 230
Number Slow UI thread: 1
Number Slow bitmap uploads: 0
Number Slow issue draw commands: 0
Number Frame deadline missed: 1
Number Frame deadline missed (legacy): 1
HISTOGRAM: 5ms=33 6ms=0 7ms=1 8ms=65 9ms=16 10ms=0 11ms=0 12ms=0 13ms=0 14ms=0 15ms=0 16ms=0 17ms=0 18ms=0 19ms=0 20ms=0 21ms=1 22ms=0 23ms=0 24ms=0 25ms=0 26ms=0 27ms=0 28ms=0 29ms=0 30ms=0 31ms=0 32ms=0 34ms=0 36ms=0 38ms=1 40ms=0 42ms=0 44ms=0 46ms=0 48ms=0 53ms=0 57ms=0 61ms=0 65ms=0 69ms=0 73ms=0 77ms=0 81ms=0 85ms=0 89ms=0 93ms=0 97ms=0 101ms=0 105ms=0 109ms=0 113ms=0 117ms=0 121ms=0 125ms=0 129ms=0 133ms=0 150ms=0 200ms=0 250ms=0 300ms=0 350ms=0 400ms=0 450ms=0 500ms=0 550ms=0 600ms=0 650ms=0 700ms=0 750ms=0 800ms=0 850ms=0 900ms=0 950ms=0 1000ms=0 1050ms=0 1100ms=0 1150ms=0 1200ms=0 1250ms=0 1300ms=0 1350ms=0 1400ms=0 1450ms=0 1500ms=0 1550ms=0 1600ms=0 1650ms=0 1700ms=0 1750ms=0 1800ms=0 1850ms=0 1900ms=0 1950ms=0 2000ms=0 2050ms=0 2100ms=0 2150ms=0 2200ms=0 2250ms=0 2300ms=0 2350ms=0 2400ms=0 2450ms=0 2500ms=0 2550ms=0 2600ms=0 2650ms=0 2700ms=0 2750ms=0 2800ms=0 2850ms=0 2900ms=0 2950ms=0 3000ms=0 3050ms=0 3100ms=0 3150ms=0 3200ms=0 3250ms=0 3300ms=0 3350ms=0 3400ms=0 3450ms=0 3500ms=0 3550ms=0 3600ms=0 3650ms=0 3700ms=0 3750ms=0 3800ms=0 3850ms=0 3900ms=0 3950ms=0 4000ms=0 4050ms=0 4100ms=0 4150ms=0 4200ms=0 4250ms=0 4300ms=0 4350ms=0 4400ms=0 4450ms=0 4500ms=0 4550ms=0 4600ms=0 4650ms=0 4700ms=0 4750ms=0 4800ms=0 4850ms=0 4900ms=0 4950ms=0
50th gpu percentile: 7ms
90th gpu percentile: 8ms
95th gpu percentile: 8ms
99th gpu percentile: 9ms
GPU HISTOGRAM: 1ms=3 2ms=8 3ms=11 4ms=15 5ms=9 6ms=10 7ms=13 8ms=43 9ms=5 10ms=0 11ms=0 12ms=0 13ms=0 14ms=0 15ms=0 16ms=0 17ms=0 18ms=0 19ms=0 20ms=0 21ms=0 22ms=0 23ms=0 24ms=0 25ms=0 4950ms=0

Pipeline=Skia (Vulkan)
Memory policy:
  Max surface area: 2073600
  Max resource usage: 99.53MB (x48)
  Background retention: 50% (altUiHidden = true)
  GPU Context timeout: 10
Contexts: 1 (stopped = 0)
CPU Caches:
  Glyph Cache: 25.54 KB (1 entry)
  Glyph Count: 10 
Total CPU memory usage:
  26153 bytes, 25.54 KB (0.00 bytes is purgeable)
GPU Caches:
gpu_busy_raw:  743259 1004901  gpu_busy_pct(computed): 1012
cpu_cur_freqs: p0=1248000 p2=3148800 p5=2956800 p7=3052800
--- sample 10 pkg=com.miHoYo.Yuanshen 18:03:25 ---
Applications Graphics Acceleration Info:
Uptime: 7686623 Realtime: 8674667

** Graphics info for pid 6417 [com.miHoYo.Yuanshen] **

Stats since: 7609479532305ns
Total frames rendered: 117
Janky frames: 1 (0.85%)
Janky frames (legacy): 2 (1.71%)
50th percentile: 8ms
90th percentile: 9ms
95th percentile: 9ms
99th percentile: 21ms
Number Missed Vsync: 1
Number High input latency: 230
Number Slow UI thread: 1
Number Slow bitmap uploads: 0
Number Slow issue draw commands: 0
Number Frame deadline missed: 1
Number Frame deadline missed (legacy): 1
HISTOGRAM: 5ms=33 6ms=0 7ms=1 8ms=65 9ms=16 10ms=0 11ms=0 12ms=0 13ms=0 14ms=0 15ms=0 16ms=0 17ms=0 18ms=0 19ms=0 20ms=0 21ms=1 22ms=0 23ms=0 24ms=0 25ms=0 26ms=0 27ms=0 28ms=0 29ms=0 30ms=0 31ms=0 32ms=0 34ms=0 36ms=0 38ms=1 40ms=0 42ms=0 44ms=0 46ms=0 48ms=0 53ms=0 57ms=0 61ms=0 65ms=0 69ms=0 73ms=0 77ms=0 81ms=0 85ms=0 89ms=0 93ms=0 97ms=0 101ms=0 105ms=0 109ms=0 113ms=0 117ms=0 121ms=0 125ms=0 129ms=0 133ms=0 150ms=0 200ms=0 250ms=0 300ms=0 350ms=0 400ms=0 450ms=0 500ms=0 550ms=0 600ms=0 650ms=0 700ms=0 750ms=0 800ms=0 850ms=0 900ms=0 950ms=0 1000ms=0 1050ms=0 1100ms=0 1150ms=0 1200ms=0 1250ms=0 1300ms=0 1350ms=0 1400ms=0 1450ms=0 1500ms=0 1550ms=0 1600ms=0 1650ms=0 1700ms=0 1750ms=0 1800ms=0 1850ms=0 1900ms=0 1950ms=0 2000ms=0 2050ms=0 2100ms=0 2150ms=0 2200ms=0 2250ms=0 2300ms=0 2350ms=0 2400ms=0 2450ms=0 2500ms=0 2550ms=0 2600ms=0 2650ms=0 2700ms=0 2750ms=0 2800ms=0 2850ms=0 2900ms=0 2950ms=0 3000ms=0 3050ms=0 3100ms=0 3150ms=0 3200ms=0 3250ms=0 3300ms=0 3350ms=0 3400ms=0 3450ms=0 3500ms=0 3550ms=0 3600ms=0 3650ms=0 3700ms=0 3750ms=0 3800ms=0 3850ms=0 3900ms=0 3950ms=0 4000ms=0 4050ms=0 4100ms=0 4150ms=0 4200ms=0 4250ms=0 4300ms=0 4350ms=0 4400ms=0 4450ms=0 4500ms=0 4550ms=0 4600ms=0 4650ms=0 4700ms=0 4750ms=0 4800ms=0 4850ms=0 4900ms=0 4950ms=0
50th gpu percentile: 7ms
90th gpu percentile: 8ms
95th gpu percentile: 8ms
99th gpu percentile: 9ms
GPU HISTOGRAM: 1ms=3 2ms=8 3ms=11 4ms=15 5ms=9 6ms=10 7ms=13 8ms=43 9ms=5 10ms=0 11ms=0 12ms=0 13ms=0 14ms=0 15ms=0 16ms=0 17ms=0 18ms=0 19ms=0 20ms=0 21ms=0 22ms=0 23ms=0 24ms=0 25ms=0 4950ms=0

Pipeline=Skia (Vulkan)
Memory policy:
  Max surface area: 2073600
  Max resource usage: 99.53MB (x48)
  Background retention: 50% (altUiHidden = true)
  GPU Context timeout: 10
Contexts: 1 (stopped = 0)
CPU Caches:
  Glyph Cache: 25.54 KB (1 entry)
  Glyph Count: 10 
Total CPU memory usage:
  26153 bytes, 25.54 KB (0.00 bytes is purgeable)
GPU Caches:
gpu_busy_raw:  724135 1004335  gpu_busy_pct(computed): n/a
cpu_cur_freqs: p0=1248000 p2=3148800 p5=2956800 p7=3052800
--- sample 11 pkg=com.miHoYo.Yuanshen 18:03:28 ---
Applications Graphics Acceleration Info:
Uptime: 7689754 Realtime: 8677798

** Graphics info for pid 6417 [com.miHoYo.Yuanshen] **

Stats since: 7609479532305ns
Total frames rendered: 117
Janky frames: 1 (0.85%)
Janky frames (legacy): 2 (1.71%)
50th percentile: 8ms
90th percentile: 9ms
95th percentile: 9ms
99th percentile: 21ms
Number Missed Vsync: 1
Number High input latency: 230
Number Slow UI thread: 1
Number Slow bitmap uploads: 0
Number Slow issue draw commands: 0
Number Frame deadline missed: 1
Number Frame deadline missed (legacy): 1
HISTOGRAM: 5ms=33 6ms=0 7ms=1 8ms=65 9ms=16 10ms=0 11ms=0 12ms=0 13ms=0 14ms=0 15ms=0 16ms=0 17ms=0 18ms=0 19ms=0 20ms=0 21ms=1 22ms=0 23ms=0 24ms=0 25ms=0 26ms=0 27ms=0 28ms=0 29ms=0 30ms=0 31ms=0 32ms=0 34ms=0 36ms=0 38ms=1 40ms=0 42ms=0 44ms=0 46ms=0 48ms=0 53ms=0 57ms=0 61ms=0 65ms=0 69ms=0 73ms=0 77ms=0 81ms=0 85ms=0 89ms=0 93ms=0 97ms=0 101ms=0 105ms=0 109ms=0 113ms=0 117ms=0 121ms=0 125ms=0 129ms=0 133ms=0 150ms=0 200ms=0 250ms=0 300ms=0 350ms=0 400ms=0 450ms=0 500ms=0 550ms=0 600ms=0 650ms=0 700ms=0 750ms=0 800ms=0 850ms=0 900ms=0 950ms=0 1000ms=0 1050ms=0 1100ms=0 1150ms=0 1200ms=0 1250ms=0 1300ms=0 1350ms=0 1400ms=0 1450ms=0 1500ms=0 1550ms=0 1600ms=0 1650ms=0 1700ms=0 1750ms=0 1800ms=0 1850ms=0 1900ms=0 1950ms=0 2000ms=0 2050ms=0 2100ms=0 2150ms=0 2200ms=0 2250ms=0 2300ms=0 2350ms=0 2400ms=0 2450ms=0 2500ms=0 2550ms=0 2600ms=0 2650ms=0 2700ms=0 2750ms=0 2800ms=0 2850ms=0 2900ms=0 2950ms=0 3000ms=0 3050ms=0 3100ms=0 3150ms=0 3200ms=0 3250ms=0 3300ms=0 3350ms=0 3400ms=0 3450ms=0 3500ms=0 3550ms=0 3600ms=0 3650ms=0 3700ms=0 3750ms=0 3800ms=0 3850ms=0 3900ms=0 3950ms=0 4000ms=0 4050ms=0 4100ms=0 4150ms=0 4200ms=0 4250ms=0 4300ms=0 4350ms=0 4400ms=0 4450ms=0 4500ms=0 4550ms=0 4600ms=0 4650ms=0 4700ms=0 4750ms=0 4800ms=0 4850ms=0 4900ms=0 4950ms=0
50th gpu percentile: 7ms
90th gpu percentile: 8ms
95th gpu percentile: 8ms
99th gpu percentile: 9ms
GPU HISTOGRAM: 1ms=3 2ms=8 3ms=11 4ms=15 5ms=9 6ms=10 7ms=13 8ms=43 9ms=5 10ms=0 11ms=0 12ms=0 13ms=0 14ms=0 15ms=0 16ms=0 17ms=0 18ms=0 19ms=0 20ms=0 21ms=0 22ms=0 23ms=0 24ms=0 25ms=0 4950ms=0

Pipeline=Skia (Vulkan)
Memory policy:
  Max surface area: 2073600
  Max resource usage: 99.53MB (x48)
  Background retention: 50% (altUiHidden = true)
  GPU Context timeout: 10
Contexts: 1 (stopped = 0)
CPU Caches:
  Glyph Cache: 25.54 KB (1 entry)
  Glyph Count: 10 
Total CPU memory usage:
  26153 bytes, 25.54 KB (0.00 bytes is purgeable)
GPU Caches:
gpu_busy_raw:  778107 1008960  gpu_busy_pct(computed): 1166
cpu_cur_freqs: p0=1248000 p2=3148800 p5=2956800 p7=3052800
--- sample 12 pkg=com.miHoYo.Yuanshen 18:03:31 ---
Applications Graphics Acceleration Info:
Uptime: 7692898 Realtime: 8680942

** Graphics info for pid 6417 [com.miHoYo.Yuanshen] **

Stats since: 7609479532305ns
Total frames rendered: 117
Janky frames: 1 (0.85%)
Janky frames (legacy): 2 (1.71%)
50th percentile: 8ms
90th percentile: 9ms
95th percentile: 9ms
99th percentile: 21ms
Number Missed Vsync: 1
Number High input latency: 230
Number Slow UI thread: 1
Number Slow bitmap uploads: 0
Number Slow issue draw commands: 0
Number Frame deadline missed: 1
Number Frame deadline missed (legacy): 1
HISTOGRAM: 5ms=33 6ms=0 7ms=1 8ms=65 9ms=16 10ms=0 11ms=0 12ms=0 13ms=0 14ms=0 15ms=0 16ms=0 17ms=0 18ms=0 19ms=0 20ms=0 21ms=1 22ms=0 23ms=0 24ms=0 25ms=0 26ms=0 27ms=0 28ms=0 29ms=0 30ms=0 31ms=0 32ms=0 34ms=0 36ms=0 38ms=1 40ms=0 42ms=0 44ms=0 46ms=0 48ms=0 53ms=0 57ms=0 61ms=0 65ms=0 69ms=0 73ms=0 77ms=0 81ms=0 85ms=0 89ms=0 93ms=0 97ms=0 101ms=0 105ms=0 109ms=0 113ms=0 117ms=0 121ms=0 125ms=0 129ms=0 133ms=0 150ms=0 200ms=0 250ms=0 300ms=0 350ms=0 400ms=0 450ms=0 500ms=0 550ms=0 600ms=0 650ms=0 700ms=0 750ms=0 800ms=0 850ms=0 900ms=0 950ms=0 1000ms=0 1050ms=0 1100ms=0 1150ms=0 1200ms=0 1250ms=0 1300ms=0 1350ms=0 1400ms=0 1450ms=0 1500ms=0 1550ms=0 1600ms=0 1650ms=0 1700ms=0 1750ms=0 1800ms=0 1850ms=0 1900ms=0 1950ms=0 2000ms=0 2050ms=0 2100ms=0 2150ms=0 2200ms=0 2250ms=0 2300ms=0 2350ms=0 2400ms=0 2450ms=0 2500ms=0 2550ms=0 2600ms=0 2650ms=0 2700ms=0 2750ms=0 2800ms=0 2850ms=0 2900ms=0 2950ms=0 3000ms=0 3050ms=0 3100ms=0 3150ms=0 3200ms=0 3250ms=0 3300ms=0 3350ms=0 3400ms=0 3450ms=0 3500ms=0 3550ms=0 3600ms=0 3650ms=0 3700ms=0 3750ms=0 3800ms=0 3850ms=0 3900ms=0 3950ms=0 4000ms=0 4050ms=0 4100ms=0 4150ms=0 4200ms=0 4250ms=0 4300ms=0 4350ms=0 4400ms=0 4450ms=0 4500ms=0 4550ms=0 4600ms=0 4650ms=0 4700ms=0 4750ms=0 4800ms=0 4850ms=0 4900ms=0 4950ms=0
50th gpu percentile: 7ms
90th gpu percentile: 8ms
95th gpu percentile: 8ms
99th gpu percentile: 9ms
GPU HISTOGRAM: 1ms=3 2ms=8 3ms=11 4ms=15 5ms=9 6ms=10 7ms=13 8ms=43 9ms=5 10ms=0 11ms=0 12ms=0 13ms=0 14ms=0 15ms=0 16ms=0 17ms=0 18ms=0 19ms=0 20ms=0 21ms=0 22ms=0 23ms=0 24ms=0 25ms=0 4950ms=0

Pipeline=Skia (Vulkan)
Memory policy:
  Max surface area: 2073600
  Max resource usage: 99.53MB (x48)
  Background retention: 50% (altUiHidden = true)
  GPU Context timeout: 10
Contexts: 1 (stopped = 0)
CPU Caches:
  Glyph Cache: 25.54 KB (1 entry)
  Glyph Count: 10 
Total CPU memory usage:
  26153 bytes, 25.54 KB (0.00 bytes is purgeable)
GPU Caches:
gpu_busy_raw:  757824 1003253  gpu_busy_pct(computed): n/a
cpu_cur_freqs: p0=1248000 p2=3148800 p5=2956800 p7=3052800
--- sample 13 pkg=com.miHoYo.Yuanshen 18:03:34 ---
Applications Graphics Acceleration Info:
Uptime: 7696013 Realtime: 8684058

** Graphics info for pid 6417 [com.miHoYo.Yuanshen] **

Stats since: 7609479532305ns
Total frames rendered: 117
Janky frames: 1 (0.85%)
Janky frames (legacy): 2 (1.71%)
50th percentile: 8ms
90th percentile: 9ms
95th percentile: 9ms
99th percentile: 21ms
Number Missed Vsync: 1
Number High input latency: 230
Number Slow UI thread: 1
Number Slow bitmap uploads: 0
Number Slow issue draw commands: 0
Number Frame deadline missed: 1
Number Frame deadline missed (legacy): 1
HISTOGRAM: 5ms=33 6ms=0 7ms=1 8ms=65 9ms=16 10ms=0 11ms=0 12ms=0 13ms=0 14ms=0 15ms=0 16ms=0 17ms=0 18ms=0 19ms=0 20ms=0 21ms=1 22ms=0 23ms=0 24ms=0 25ms=0 26ms=0 27ms=0 28ms=0 29ms=0 30ms=0 31ms=0 32ms=0 34ms=0 36ms=0 38ms=1 40ms=0 42ms=0 44ms=0 46ms=0 48ms=0 53ms=0 57ms=0 61ms=0 65ms=0 69ms=0 73ms=0 77ms=0 81ms=0 85ms=0 89ms=0 93ms=0 97ms=0 101ms=0 105ms=0 109ms=0 113ms=0 117ms=0 121ms=0 125ms=0 129ms=0 133ms=0 150ms=0 200ms=0 250ms=0 300ms=0 350ms=0 400ms=0 450ms=0 500ms=0 550ms=0 600ms=0 650ms=0 700ms=0 750ms=0 800ms=0 850ms=0 900ms=0 950ms=0 1000ms=0 1050ms=0 1100ms=0 1150ms=0 1200ms=0 1250ms=0 1300ms=0 1350ms=0 1400ms=0 1450ms=0 1500ms=0 1550ms=0 1600ms=0 1650ms=0 1700ms=0 1750ms=0 1800ms=0 1850ms=0 1900ms=0 1950ms=0 2000ms=0 2050ms=0 2100ms=0 2150ms=0 2200ms=0 2250ms=0 2300ms=0 2350ms=0 2400ms=0 2450ms=0 2500ms=0 2550ms=0 2600ms=0 2650ms=0 2700ms=0 2750ms=0 2800ms=0 2850ms=0 2900ms=0 2950ms=0 3000ms=0 3050ms=0 3100ms=0 3150ms=0 3200ms=0 3250ms=0 3300ms=0 3350ms=0 3400ms=0 3450ms=0 3500ms=0 3550ms=0 3600ms=0 3650ms=0 3700ms=0 3750ms=0 3800ms=0 3850ms=0 3900ms=0 3950ms=0 4000ms=0 4050ms=0 4100ms=0 4150ms=0 4200ms=0 4250ms=0 4300ms=0 4350ms=0 4400ms=0 4450ms=0 4500ms=0 4550ms=0 4600ms=0 4650ms=0 4700ms=0 4750ms=0 4800ms=0 4850ms=0 4900ms=0 4950ms=0
50th gpu percentile: 7ms
90th gpu percentile: 8ms
95th gpu percentile: 8ms
99th gpu percentile: 9ms
GPU HISTOGRAM: 1ms=3 2ms=8 3ms=11 4ms=15 5ms=9 6ms=10 7ms=13 8ms=43 9ms=5 10ms=0 11ms=0 12ms=0 13ms=0 14ms=0 15ms=0 16ms=0 17ms=0 18ms=0 19ms=0 20ms=0 21ms=0 22ms=0 23ms=0 24ms=0 25ms=0 4950ms=0

Pipeline=Skia (Vulkan)
Memory policy:
  Max surface area: 2073600
  Max resource usage: 99.53MB (x48)
  Background retention: 50% (altUiHidden = true)
  GPU Context timeout: 10
Contexts: 1 (stopped = 0)
CPU Caches:
  Glyph Cache: 25.54 KB (1 entry)
  Glyph Count: 10 
Total CPU memory usage:
  26153 bytes, 25.54 KB (0.00 bytes is purgeable)
GPU Caches:
gpu_busy_raw:  751199 1003608  gpu_busy_pct(computed): -1866
cpu_cur_freqs: p0=1248000 p2=3148800 p5=2956800 p7=3052800
--- sample 14 pkg=com.miHoYo.Yuanshen 18:03:37 ---
Applications Graphics Acceleration Info:
Uptime: 7699118 Realtime: 8687163

** Graphics info for pid 6417 [com.miHoYo.Yuanshen] **

Stats since: 7609479532305ns
Total frames rendered: 117
Janky frames: 1 (0.85%)
Janky frames (legacy): 2 (1.71%)
50th percentile: 8ms
90th percentile: 9ms
95th percentile: 9ms
99th percentile: 21ms
Number Missed Vsync: 1
Number High input latency: 230
Number Slow UI thread: 1
Number Slow bitmap uploads: 0
Number Slow issue draw commands: 0
Number Frame deadline missed: 1
Number Frame deadline missed (legacy): 1
HISTOGRAM: 5ms=33 6ms=0 7ms=1 8ms=65 9ms=16 10ms=0 11ms=0 12ms=0 13ms=0 14ms=0 15ms=0 16ms=0 17ms=0 18ms=0 19ms=0 20ms=0 21ms=1 22ms=0 23ms=0 24ms=0 25ms=0 26ms=0 27ms=0 28ms=0 29ms=0 30ms=0 31ms=0 32ms=0 34ms=0 36ms=0 38ms=1 40ms=0 42ms=0 44ms=0 46ms=0 48ms=0 53ms=0 57ms=0 61ms=0 65ms=0 69ms=0 73ms=0 77ms=0 81ms=0 85ms=0 89ms=0 93ms=0 97ms=0 101ms=0 105ms=0 109ms=0 113ms=0 117ms=0 121ms=0 125ms=0 129ms=0 133ms=0 150ms=0 200ms=0 250ms=0 300ms=0 350ms=0 400ms=0 450ms=0 500ms=0 550ms=0 600ms=0 650ms=0 700ms=0 750ms=0 800ms=0 850ms=0 900ms=0 950ms=0 1000ms=0 1050ms=0 1100ms=0 1150ms=0 1200ms=0 1250ms=0 1300ms=0 1350ms=0 1400ms=0 1450ms=0 1500ms=0 1550ms=0 1600ms=0 1650ms=0 1700ms=0 1750ms=0 1800ms=0 1850ms=0 1900ms=0 1950ms=0 2000ms=0 2050ms=0 2100ms=0 2150ms=0 2200ms=0 2250ms=0 2300ms=0 2350ms=0 2400ms=0 2450ms=0 2500ms=0 2550ms=0 2600ms=0 2650ms=0 2700ms=0 2750ms=0 2800ms=0 2850ms=0 2900ms=0 2950ms=0 3000ms=0 3050ms=0 3100ms=0 3150ms=0 3200ms=0 3250ms=0 3300ms=0 3350ms=0 3400ms=0 3450ms=0 3500ms=0 3550ms=0 3600ms=0 3650ms=0 3700ms=0 3750ms=0 3800ms=0 3850ms=0 3900ms=0 3950ms=0 4000ms=0 4050ms=0 4100ms=0 4150ms=0 4200ms=0 4250ms=0 4300ms=0 4350ms=0 4400ms=0 4450ms=0 4500ms=0 4550ms=0 4600ms=0 4650ms=0 4700ms=0 4750ms=0 4800ms=0 4850ms=0 4900ms=0 4950ms=0
50th gpu percentile: 7ms
90th gpu percentile: 8ms
95th gpu percentile: 8ms
99th gpu percentile: 9ms
GPU HISTOGRAM: 1ms=3 2ms=8 3ms=11 4ms=15 5ms=9 6ms=10 7ms=13 8ms=43 9ms=5 10ms=0 11ms=0 12ms=0 13ms=0 14ms=0 15ms=0 16ms=0 17ms=0 18ms=0 19ms=0 20ms=0 21ms=0 22ms=0 23ms=0 24ms=0 25ms=0 4950ms=0

Pipeline=Skia (Vulkan)
Memory policy:
  Max surface area: 2073600
  Max resource usage: 99.53MB (x48)
  Background retention: 50% (altUiHidden = true)
  GPU Context timeout: 10
Contexts: 1 (stopped = 0)
CPU Caches:
  Glyph Cache: 25.54 KB (1 entry)
  Glyph Count: 10 
Total CPU memory usage:
  26153 bytes, 25.54 KB (0.00 bytes is purgeable)
GPU Caches:
gpu_busy_raw:  736241 1004667  gpu_busy_pct(computed): -1412
cpu_cur_freqs: p0=1248000 p2=3148800 p5=2956800 p7=3052800
--- sample 15 pkg=com.miHoYo.Yuanshen 18:03:40 ---
Applications Graphics Acceleration Info:
Uptime: 7702237 Realtime: 8690282

** Graphics info for pid 6417 [com.miHoYo.Yuanshen] **

Stats since: 7609479532305ns
Total frames rendered: 117
Janky frames: 1 (0.85%)
Janky frames (legacy): 2 (1.71%)
50th percentile: 8ms
90th percentile: 9ms
95th percentile: 9ms
99th percentile: 21ms
Number Missed Vsync: 1
Number High input latency: 230
Number Slow UI thread: 1
Number Slow bitmap uploads: 0
Number Slow issue draw commands: 0
Number Frame deadline missed: 1
Number Frame deadline missed (legacy): 1
HISTOGRAM: 5ms=33 6ms=0 7ms=1 8ms=65 9ms=16 10ms=0 11ms=0 12ms=0 13ms=0 14ms=0 15ms=0 16ms=0 17ms=0 18ms=0 19ms=0 20ms=0 21ms=1 22ms=0 23ms=0 24ms=0 25ms=0 26ms=0 27ms=0 28ms=0 29ms=0 30ms=0 31ms=0 32ms=0 34ms=0 36ms=0 38ms=1 40ms=0 42ms=0 44ms=0 46ms=0 48ms=0 53ms=0 57ms=0 61ms=0 65ms=0 69ms=0 73ms=0 77ms=0 81ms=0 85ms=0 89ms=0 93ms=0 97ms=0 101ms=0 105ms=0 109ms=0 113ms=0 117ms=0 121ms=0 125ms=0 129ms=0 133ms=0 150ms=0 200ms=0 250ms=0 300ms=0 350ms=0 400ms=0 450ms=0 500ms=0 550ms=0 600ms=0 650ms=0 700ms=0 750ms=0 800ms=0 850ms=0 900ms=0 950ms=0 1000ms=0 1050ms=0 1100ms=0 1150ms=0 1200ms=0 1250ms=0 1300ms=0 1350ms=0 1400ms=0 1450ms=0 1500ms=0 1550ms=0 1600ms=0 1650ms=0 1700ms=0 1750ms=0 1800ms=0 1850ms=0 1900ms=0 1950ms=0 2000ms=0 2050ms=0 2100ms=0 2150ms=0 2200ms=0 2250ms=0 2300ms=0 2350ms=0 2400ms=0 2450ms=0 2500ms=0 2550ms=0 2600ms=0 2650ms=0 2700ms=0 2750ms=0 2800ms=0 2850ms=0 2900ms=0 2950ms=0 3000ms=0 3050ms=0 3100ms=0 3150ms=0 3200ms=0 3250ms=0 3300ms=0 3350ms=0 3400ms=0 3450ms=0 3500ms=0 3550ms=0 3600ms=0 3650ms=0 3700ms=0 3750ms=0 3800ms=0 3850ms=0 3900ms=0 3950ms=0 4000ms=0 4050ms=0 4100ms=0 4150ms=0 4200ms=0 4250ms=0 4300ms=0 4350ms=0 4400ms=0 4450ms=0 4500ms=0 4550ms=0 4600ms=0 4650ms=0 4700ms=0 4750ms=0 4800ms=0 4850ms=0 4900ms=0 4950ms=0
50th gpu percentile: 7ms
90th gpu percentile: 8ms
95th gpu percentile: 8ms
99th gpu percentile: 9ms
GPU HISTOGRAM: 1ms=3 2ms=8 3ms=11 4ms=15 5ms=9 6ms=10 7ms=13 8ms=43 9ms=5 10ms=0 11ms=0 12ms=0 13ms=0 14ms=0 15ms=0 16ms=0 17ms=0 18ms=0 19ms=0 20ms=0 21ms=0 22ms=0 23ms=0 24ms=0 25ms=0 4950ms=0

Pipeline=Skia (Vulkan)
Memory policy:
  Max surface area: 2073600
  Max resource usage: 99.53MB (x48)
  Background retention: 50% (altUiHidden = true)
  GPU Context timeout: 10
Contexts: 1 (stopped = 0)
CPU Caches:
  Glyph Cache: 25.54 KB (1 entry)
  Glyph Count: 10 
Total CPU memory usage:
  26153 bytes, 25.54 KB (0.00 bytes is purgeable)
GPU Caches:
gpu_busy_raw:  787730 1002388  gpu_busy_pct(computed): n/a
cpu_cur_freqs: p0=1248000 p2=3148800 p5=2956800 p7=3052800
--- sample 16 pkg=com.miHoYo.Yuanshen 18:03:44 ---
Applications Graphics Acceleration Info:
Uptime: 7705361 Realtime: 8693406

** Graphics info for pid 6417 [com.miHoYo.Yuanshen] **

Stats since: 7609479532305ns
Total frames rendered: 117
Janky frames: 1 (0.85%)
Janky frames (legacy): 2 (1.71%)
50th percentile: 8ms
90th percentile: 9ms
95th percentile: 9ms
99th percentile: 21ms
Number Missed Vsync: 1
Number High input latency: 230
Number Slow UI thread: 1
Number Slow bitmap uploads: 0
Number Slow issue draw commands: 0
Number Frame deadline missed: 1
Number Frame deadline missed (legacy): 1
HISTOGRAM: 5ms=33 6ms=0 7ms=1 8ms=65 9ms=16 10ms=0 11ms=0 12ms=0 13ms=0 14ms=0 15ms=0 16ms=0 17ms=0 18ms=0 19ms=0 20ms=0 21ms=1 22ms=0 23ms=0 24ms=0 25ms=0 26ms=0 27ms=0 28ms=0 29ms=0 30ms=0 31ms=0 32ms=0 34ms=0 36ms=0 38ms=1 40ms=0 42ms=0 44ms=0 46ms=0 48ms=0 53ms=0 57ms=0 61ms=0 65ms=0 69ms=0 73ms=0 77ms=0 81ms=0 85ms=0 89ms=0 93ms=0 97ms=0 101ms=0 105ms=0 109ms=0 113ms=0 117ms=0 121ms=0 125ms=0 129ms=0 133ms=0 150ms=0 200ms=0 250ms=0 300ms=0 350ms=0 400ms=0 450ms=0 500ms=0 550ms=0 600ms=0 650ms=0 700ms=0 750ms=0 800ms=0 850ms=0 900ms=0 950ms=0 1000ms=0 1050ms=0 1100ms=0 1150ms=0 1200ms=0 1250ms=0 1300ms=0 1350ms=0 1400ms=0 1450ms=0 1500ms=0 1550ms=0 1600ms=0 1650ms=0 1700ms=0 1750ms=0 1800ms=0 1850ms=0 1900ms=0 1950ms=0 2000ms=0 2050ms=0 2100ms=0 2150ms=0 2200ms=0 2250ms=0 2300ms=0 2350ms=0 2400ms=0 2450ms=0 2500ms=0 2550ms=0 2600ms=0 2650ms=0 2700ms=0 2750ms=0 2800ms=0 2850ms=0 2900ms=0 2950ms=0 3000ms=0 3050ms=0 3100ms=0 3150ms=0 3200ms=0 3250ms=0 3300ms=0 3350ms=0 3400ms=0 3450ms=0 3500ms=0 3550ms=0 3600ms=0 3650ms=0 3700ms=0 3750ms=0 3800ms=0 3850ms=0 3900ms=0 3950ms=0 4000ms=0 4050ms=0 4100ms=0 4150ms=0 4200ms=0 4250ms=0 4300ms=0 4350ms=0 4400ms=0 4450ms=0 4500ms=0 4550ms=0 4600ms=0 4650ms=0 4700ms=0 4750ms=0 4800ms=0 4850ms=0 4900ms=0 4950ms=0
50th gpu percentile: 7ms
90th gpu percentile: 8ms
95th gpu percentile: 8ms
99th gpu percentile: 9ms
GPU HISTOGRAM: 1ms=3 2ms=8 3ms=11 4ms=15 5ms=9 6ms=10 7ms=13 8ms=43 9ms=5 10ms=0 11ms=0 12ms=0 13ms=0 14ms=0 15ms=0 16ms=0 17ms=0 18ms=0 19ms=0 20ms=0 21ms=0 22ms=0 23ms=0 24ms=0 25ms=0 4950ms=0

Pipeline=Skia (Vulkan)
Memory policy:
  Max surface area: 2073600
  Max resource usage: 99.53MB (x48)
  Background retention: 50% (altUiHidden = true)
  GPU Context timeout: 10
Contexts: 1 (stopped = 0)
CPU Caches:
  Glyph Cache: 25.54 KB (1 entry)
  Glyph Count: 10 
Total CPU memory usage:
  26153 bytes, 25.54 KB (0.00 bytes is purgeable)
GPU Caches:
gpu_busy_raw:  970490 1003144  gpu_busy_pct(computed): 24174
cpu_cur_freqs: p0=1248000 p2=3148800 p5=2956800 p7=3052800
--- sample 17 pkg=com.miHoYo.Yuanshen 18:03:47 ---
Applications Graphics Acceleration Info:
Uptime: 7708519 Realtime: 8696563

** Graphics info for pid 6417 [com.miHoYo.Yuanshen] **

Stats since: 7609479532305ns
Total frames rendered: 117
Janky frames: 1 (0.85%)
Janky frames (legacy): 2 (1.71%)
50th percentile: 8ms
90th percentile: 9ms
95th percentile: 9ms
99th percentile: 21ms
Number Missed Vsync: 1
Number High input latency: 230
Number Slow UI thread: 1
Number Slow bitmap uploads: 0
Number Slow issue draw commands: 0
Number Frame deadline missed: 1
Number Frame deadline missed (legacy): 1
HISTOGRAM: 5ms=33 6ms=0 7ms=1 8ms=65 9ms=16 10ms=0 11ms=0 12ms=0 13ms=0 14ms=0 15ms=0 16ms=0 17ms=0 18ms=0 19ms=0 20ms=0 21ms=1 22ms=0 23ms=0 24ms=0 25ms=0 26ms=0 27ms=0 28ms=0 29ms=0 30ms=0 31ms=0 32ms=0 34ms=0 36ms=0 38ms=1 40ms=0 42ms=0 44ms=0 46ms=0 48ms=0 53ms=0 57ms=0 61ms=0 65ms=0 69ms=0 73ms=0 77ms=0 81ms=0 85ms=0 89ms=0 93ms=0 97ms=0 101ms=0 105ms=0 109ms=0 113ms=0 117ms=0 121ms=0 125ms=0 129ms=0 133ms=0 150ms=0 200ms=0 250ms=0 300ms=0 350ms=0 400ms=0 450ms=0 500ms=0 550ms=0 600ms=0 650ms=0 700ms=0 750ms=0 800ms=0 850ms=0 900ms=0 950ms=0 1000ms=0 1050ms=0 1100ms=0 1150ms=0 1200ms=0 1250ms=0 1300ms=0 1350ms=0 1400ms=0 1450ms=0 1500ms=0 1550ms=0 1600ms=0 1650ms=0 1700ms=0 1750ms=0 1800ms=0 1850ms=0 1900ms=0 1950ms=0 2000ms=0 2050ms=0 2100ms=0 2150ms=0 2200ms=0 2250ms=0 2300ms=0 2350ms=0 2400ms=0 2450ms=0 2500ms=0 2550ms=0 2600ms=0 2650ms=0 2700ms=0 2750ms=0 2800ms=0 2850ms=0 2900ms=0 2950ms=0 3000ms=0 3050ms=0 3100ms=0 3150ms=0 3200ms=0 3250ms=0 3300ms=0 3350ms=0 3400ms=0 3450ms=0 3500ms=0 3550ms=0 3600ms=0 3650ms=0 3700ms=0 3750ms=0 3800ms=0 3850ms=0 3900ms=0 3950ms=0 4000ms=0 4050ms=0 4100ms=0 4150ms=0 4200ms=0 4250ms=0 4300ms=0 4350ms=0 4400ms=0 4450ms=0 4500ms=0 4550ms=0 4600ms=0 4650ms=0 4700ms=0 4750ms=0 4800ms=0 4850ms=0 4900ms=0 4950ms=0
50th gpu percentile: 7ms
90th gpu percentile: 8ms
95th gpu percentile: 8ms
99th gpu percentile: 9ms
GPU HISTOGRAM: 1ms=3 2ms=8 3ms=11 4ms=15 5ms=9 6ms=10 7ms=13 8ms=43 9ms=5 10ms=0 11ms=0 12ms=0 13ms=0 14ms=0 15ms=0 16ms=0 17ms=0 18ms=0 19ms=0 20ms=0 21ms=0 22ms=0 23ms=0 24ms=0 25ms=0 4950ms=0

Pipeline=Skia (Vulkan)
Memory policy:
  Max surface area: 2073600
  Max resource usage: 99.53MB (x48)
  Background retention: 50% (altUiHidden = true)
  GPU Context timeout: 10
Contexts: 1 (stopped = 0)
CPU Caches:
  Glyph Cache: 25.54 KB (1 entry)
  Glyph Count: 10 
Total CPU memory usage:
  26153 bytes, 25.54 KB (0.00 bytes is purgeable)
GPU Caches:
gpu_busy_raw:  751225 1007025  gpu_busy_pct(computed): -5649
cpu_cur_freqs: p0=1248000 p2=3148800 p5=2956800 p7=3052800
--- sample 18 pkg=com.miHoYo.Yuanshen 18:03:50 ---
Applications Graphics Acceleration Info:
Uptime: 7711649 Realtime: 8699694

** Graphics info for pid 6417 [com.miHoYo.Yuanshen] **

Stats since: 7609479532305ns
Total frames rendered: 117
Janky frames: 1 (0.85%)
Janky frames (legacy): 2 (1.71%)
50th percentile: 8ms
90th percentile: 9ms
95th percentile: 9ms
99th percentile: 21ms
Number Missed Vsync: 1
Number High input latency: 230
Number Slow UI thread: 1
Number Slow bitmap uploads: 0
Number Slow issue draw commands: 0
Number Frame deadline missed: 1
Number Frame deadline missed (legacy): 1
HISTOGRAM: 5ms=33 6ms=0 7ms=1 8ms=65 9ms=16 10ms=0 11ms=0 12ms=0 13ms=0 14ms=0 15ms=0 16ms=0 17ms=0 18ms=0 19ms=0 20ms=0 21ms=1 22ms=0 23ms=0 24ms=0 25ms=0 26ms=0 27ms=0 28ms=0 29ms=0 30ms=0 31ms=0 32ms=0 34ms=0 36ms=0 38ms=1 40ms=0 42ms=0 44ms=0 46ms=0 48ms=0 53ms=0 57ms=0 61ms=0 65ms=0 69ms=0 73ms=0 77ms=0 81ms=0 85ms=0 89ms=0 93ms=0 97ms=0 101ms=0 105ms=0 109ms=0 113ms=0 117ms=0 121ms=0 125ms=0 129ms=0 133ms=0 150ms=0 200ms=0 250ms=0 300ms=0 350ms=0 400ms=0 450ms=0 500ms=0 550ms=0 600ms=0 650ms=0 700ms=0 750ms=0 800ms=0 850ms=0 900ms=0 950ms=0 1000ms=0 1050ms=0 1100ms=0 1150ms=0 1200ms=0 1250ms=0 1300ms=0 1350ms=0 1400ms=0 1450ms=0 1500ms=0 1550ms=0 1600ms=0 1650ms=0 1700ms=0 1750ms=0 1800ms=0 1850ms=0 1900ms=0 1950ms=0 2000ms=0 2050ms=0 2100ms=0 2150ms=0 2200ms=0 2250ms=0 2300ms=0 2350ms=0 2400ms=0 2450ms=0 2500ms=0 2550ms=0 2600ms=0 2650ms=0 2700ms=0 2750ms=0 2800ms=0 2850ms=0 2900ms=0 2950ms=0 3000ms=0 3050ms=0 3100ms=0 3150ms=0 3200ms=0 3250ms=0 3300ms=0 3350ms=0 3400ms=0 3450ms=0 3500ms=0 3550ms=0 3600ms=0 3650ms=0 3700ms=0 3750ms=0 3800ms=0 3850ms=0 3900ms=0 3950ms=0 4000ms=0 4050ms=0 4100ms=0 4150ms=0 4200ms=0 4250ms=0 4300ms=0 4350ms=0 4400ms=0 4450ms=0 4500ms=0 4550ms=0 4600ms=0 4650ms=0 4700ms=0 4750ms=0 4800ms=0 4850ms=0 4900ms=0 4950ms=0
50th gpu percentile: 7ms
90th gpu percentile: 8ms
95th gpu percentile: 8ms
99th gpu percentile: 9ms
GPU HISTOGRAM: 1ms=3 2ms=8 3ms=11 4ms=15 5ms=9 6ms=10 7ms=13 8ms=43 9ms=5 10ms=0 11ms=0 12ms=0 13ms=0 14ms=0 15ms=0 16ms=0 17ms=0 18ms=0 19ms=0 20ms=0 21ms=0 22ms=0 23ms=0 24ms=0 25ms=0 4950ms=0

Pipeline=Skia (Vulkan)
Memory policy:
  Max surface area: 2073600
  Max resource usage: 99.53MB (x48)
  Background retention: 50% (altUiHidden = true)
  GPU Context timeout: 10
Contexts: 1 (stopped = 0)
CPU Caches:
  Glyph Cache: 25.54 KB (1 entry)
  Glyph Count: 10 
Total CPU memory usage:
  26153 bytes, 25.54 KB (0.00 bytes is purgeable)
GPU Caches:
gpu_busy_raw:  909330 1011025  gpu_busy_pct(computed): 3952
cpu_cur_freqs: p0=1248000 p2=3148800 p5=2956800 p7=3052800
--- sample 19 pkg=com.miHoYo.Yuanshen 18:03:53 ---
Applications Graphics Acceleration Info:
Uptime: 7714832 Realtime: 8702877

** Graphics info for pid 6417 [com.miHoYo.Yuanshen] **

Stats since: 7609479532305ns
Total frames rendered: 117
Janky frames: 1 (0.85%)
Janky frames (legacy): 2 (1.71%)
50th percentile: 8ms
90th percentile: 9ms
95th percentile: 9ms
99th percentile: 21ms
Number Missed Vsync: 1
Number High input latency: 230
Number Slow UI thread: 1
Number Slow bitmap uploads: 0
Number Slow issue draw commands: 0
Number Frame deadline missed: 1
Number Frame deadline missed (legacy): 1
HISTOGRAM: 5ms=33 6ms=0 7ms=1 8ms=65 9ms=16 10ms=0 11ms=0 12ms=0 13ms=0 14ms=0 15ms=0 16ms=0 17ms=0 18ms=0 19ms=0 20ms=0 21ms=1 22ms=0 23ms=0 24ms=0 25ms=0 26ms=0 27ms=0 28ms=0 29ms=0 30ms=0 31ms=0 32ms=0 34ms=0 36ms=0 38ms=1 40ms=0 42ms=0 44ms=0 46ms=0 48ms=0 53ms=0 57ms=0 61ms=0 65ms=0 69ms=0 73ms=0 77ms=0 81ms=0 85ms=0 89ms=0 93ms=0 97ms=0 101ms=0 105ms=0 109ms=0 113ms=0 117ms=0 121ms=0 125ms=0 129ms=0 133ms=0 150ms=0 200ms=0 250ms=0 300ms=0 350ms=0 400ms=0 450ms=0 500ms=0 550ms=0 600ms=0 650ms=0 700ms=0 750ms=0 800ms=0 850ms=0 900ms=0 950ms=0 1000ms=0 1050ms=0 1100ms=0 1150ms=0 1200ms=0 1250ms=0 1300ms=0 1350ms=0 1400ms=0 1450ms=0 1500ms=0 1550ms=0 1600ms=0 1650ms=0 1700ms=0 1750ms=0 1800ms=0 1850ms=0 1900ms=0 1950ms=0 2000ms=0 2050ms=0 2100ms=0 2150ms=0 2200ms=0 2250ms=0 2300ms=0 2350ms=0 2400ms=0 2450ms=0 2500ms=0 2550ms=0 2600ms=0 2650ms=0 2700ms=0 2750ms=0 2800ms=0 2850ms=0 2900ms=0 2950ms=0 3000ms=0 3050ms=0 3100ms=0 3150ms=0 3200ms=0 3250ms=0 3300ms=0 3350ms=0 3400ms=0 3450ms=0 3500ms=0 3550ms=0 3600ms=0 3650ms=0 3700ms=0 3750ms=0 3800ms=0 3850ms=0 3900ms=0 3950ms=0 4000ms=0 4050ms=0 4100ms=0 4150ms=0 4200ms=0 4250ms=0 4300ms=0 4350ms=0 4400ms=0 4450ms=0 4500ms=0 4550ms=0 4600ms=0 4650ms=0 4700ms=0 4750ms=0 4800ms=0 4850ms=0 4900ms=0 4950ms=0
50th gpu percentile: 7ms
90th gpu percentile: 8ms
95th gpu percentile: 8ms
99th gpu percentile: 9ms
GPU HISTOGRAM: 1ms=3 2ms=8 3ms=11 4ms=15 5ms=9 6ms=10 7ms=13 8ms=43 9ms=5 10ms=0 11ms=0 12ms=0 13ms=0 14ms=0 15ms=0 16ms=0 17ms=0 18ms=0 19ms=0 20ms=0 21ms=0 22ms=0 23ms=0 24ms=0 25ms=0 4950ms=0

Pipeline=Skia (Vulkan)
Memory policy:
  Max surface area: 2073600
  Max resource usage: 99.53MB (x48)
  Background retention: 50% (altUiHidden = true)
  GPU Context timeout: 10
Contexts: 1 (stopped = 0)
CPU Caches:
  Glyph Cache: 25.54 KB (1 entry)
  Glyph Count: 10 
Total CPU memory usage:
  26153 bytes, 25.54 KB (0.00 bytes is purgeable)
GPU Caches:
gpu_busy_raw:  784604 1001701  gpu_busy_pct(computed): n/a
cpu_cur_freqs: p0=1248000 p2=3148800 p5=2956800 p7=3052800
--- sample 20 pkg=com.miHoYo.Yuanshen 18:03:56 ---
Applications Graphics Acceleration Info:
Uptime: 7717984 Realtime: 8706029

** Graphics info for pid 6417 [com.miHoYo.Yuanshen] **

Stats since: 7609479532305ns
Total frames rendered: 117
Janky frames: 1 (0.85%)
Janky frames (legacy): 2 (1.71%)
50th percentile: 8ms
90th percentile: 9ms
95th percentile: 9ms
99th percentile: 21ms
Number Missed Vsync: 1
Number High input latency: 230
Number Slow UI thread: 1
Number Slow bitmap uploads: 0
Number Slow issue draw commands: 0
Number Frame deadline missed: 1
Number Frame deadline missed (legacy): 1
HISTOGRAM: 5ms=33 6ms=0 7ms=1 8ms=65 9ms=16 10ms=0 11ms=0 12ms=0 13ms=0 14ms=0 15ms=0 16ms=0 17ms=0 18ms=0 19ms=0 20ms=0 21ms=1 22ms=0 23ms=0 24ms=0 25ms=0 26ms=0 27ms=0 28ms=0 29ms=0 30ms=0 31ms=0 32ms=0 34ms=0 36ms=0 38ms=1 40ms=0 42ms=0 44ms=0 46ms=0 48ms=0 53ms=0 57ms=0 61ms=0 65ms=0 69ms=0 73ms=0 77ms=0 81ms=0 85ms=0 89ms=0 93ms=0 97ms=0 101ms=0 105ms=0 109ms=0 113ms=0 117ms=0 121ms=0 125ms=0 129ms=0 133ms=0 150ms=0 200ms=0 250ms=0 300ms=0 350ms=0 400ms=0 450ms=0 500ms=0 550ms=0 600ms=0 650ms=0 700ms=0 750ms=0 800ms=0 850ms=0 900ms=0 950ms=0 1000ms=0 1050ms=0 1100ms=0 1150ms=0 1200ms=0 1250ms=0 1300ms=0 1350ms=0 1400ms=0 1450ms=0 1500ms=0 1550ms=0 1600ms=0 1650ms=0 1700ms=0 1750ms=0 1800ms=0 1850ms=0 1900ms=0 1950ms=0 2000ms=0 2050ms=0 2100ms=0 2150ms=0 2200ms=0 2250ms=0 2300ms=0 2350ms=0 2400ms=0 2450ms=0 2500ms=0 2550ms=0 2600ms=0 2650ms=0 2700ms=0 2750ms=0 2800ms=0 2850ms=0 2900ms=0 2950ms=0 3000ms=0 3050ms=0 3100ms=0 3150ms=0 3200ms=0 3250ms=0 3300ms=0 3350ms=0 3400ms=0 3450ms=0 3500ms=0 3550ms=0 3600ms=0 3650ms=0 3700ms=0 3750ms=0 3800ms=0 3850ms=0 3900ms=0 3950ms=0 4000ms=0 4050ms=0 4100ms=0 4150ms=0 4200ms=0 4250ms=0 4300ms=0 4350ms=0 4400ms=0 4450ms=0 4500ms=0 4550ms=0 4600ms=0 4650ms=0 4700ms=0 4750ms=0 4800ms=0 4850ms=0 4900ms=0 4950ms=0
50th gpu percentile: 7ms
90th gpu percentile: 8ms
95th gpu percentile: 8ms
99th gpu percentile: 9ms
GPU HISTOGRAM: 1ms=3 2ms=8 3ms=11 4ms=15 5ms=9 6ms=10 7ms=13 8ms=43 9ms=5 10ms=0 11ms=0 12ms=0 13ms=0 14ms=0 15ms=0 16ms=0 17ms=0 18ms=0 19ms=0 20ms=0 21ms=0 22ms=0 23ms=0 24ms=0 25ms=0 4950ms=0

Pipeline=Skia (Vulkan)
Memory policy:
  Max surface area: 2073600
  Max resource usage: 99.53MB (x48)
  Background retention: 50% (altUiHidden = true)
  GPU Context timeout: 10
Contexts: 1 (stopped = 0)
CPU Caches:
  Glyph Cache: 25.54 KB (1 entry)
  Glyph Count: 10 
Total CPU memory usage:
  26153 bytes, 25.54 KB (0.00 bytes is purgeable)
GPU Caches:
gpu_busy_raw:  770524 1002868  gpu_busy_pct(computed): -1206
cpu_cur_freqs: p0=1248000 p2=3148800 p5=2956800 p7=3052800
--- sample 21 pkg=com.miHoYo.Yuanshen 18:03:59 ---
Applications Graphics Acceleration Info:
Uptime: 7721110 Realtime: 8709155

** Graphics info for pid 6417 [com.miHoYo.Yuanshen] **

Stats since: 7609479532305ns
Total frames rendered: 117
Janky frames: 1 (0.85%)
Janky frames (legacy): 2 (1.71%)
50th percentile: 8ms
90th percentile: 9ms
95th percentile: 9ms
99th percentile: 21ms
Number Missed Vsync: 1
Number High input latency: 230
Number Slow UI thread: 1
Number Slow bitmap uploads: 0
Number Slow issue draw commands: 0
Number Frame deadline missed: 1
Number Frame deadline missed (legacy): 1
HISTOGRAM: 5ms=33 6ms=0 7ms=1 8ms=65 9ms=16 10ms=0 11ms=0 12ms=0 13ms=0 14ms=0 15ms=0 16ms=0 17ms=0 18ms=0 19ms=0 20ms=0 21ms=1 22ms=0 23ms=0 24ms=0 25ms=0 26ms=0 27ms=0 28ms=0 29ms=0 30ms=0 31ms=0 32ms=0 34ms=0 36ms=0 38ms=1 40ms=0 42ms=0 44ms=0 46ms=0 48ms=0 53ms=0 57ms=0 61ms=0 65ms=0 69ms=0 73ms=0 77ms=0 81ms=0 85ms=0 89ms=0 93ms=0 97ms=0 101ms=0 105ms=0 109ms=0 113ms=0 117ms=0 121ms=0 125ms=0 129ms=0 133ms=0 150ms=0 200ms=0 250ms=0 300ms=0 350ms=0 400ms=0 450ms=0 500ms=0 550ms=0 600ms=0 650ms=0 700ms=0 750ms=0 800ms=0 850ms=0 900ms=0 950ms=0 1000ms=0 1050ms=0 1100ms=0 1150ms=0 1200ms=0 1250ms=0 1300ms=0 1350ms=0 1400ms=0 1450ms=0 1500ms=0 1550ms=0 1600ms=0 1650ms=0 1700ms=0 1750ms=0 1800ms=0 1850ms=0 1900ms=0 1950ms=0 2000ms=0 2050ms=0 2100ms=0 2150ms=0 2200ms=0 2250ms=0 2300ms=0 2350ms=0 2400ms=0 2450ms=0 2500ms=0 2550ms=0 2600ms=0 2650ms=0 2700ms=0 2750ms=0 2800ms=0 2850ms=0 2900ms=0 2950ms=0 3000ms=0 3050ms=0 3100ms=0 3150ms=0 3200ms=0 3250ms=0 3300ms=0 3350ms=0 3400ms=0 3450ms=0 3500ms=0 3550ms=0 3600ms=0 3650ms=0 3700ms=0 3750ms=0 3800ms=0 3850ms=0 3900ms=0 3950ms=0 4000ms=0 4050ms=0 4100ms=0 4150ms=0 4200ms=0 4250ms=0 4300ms=0 4350ms=0 4400ms=0 4450ms=0 4500ms=0 4550ms=0 4600ms=0 4650ms=0 4700ms=0 4750ms=0 4800ms=0 4850ms=0 4900ms=0 4950ms=0
50th gpu percentile: 7ms
90th gpu percentile: 8ms
95th gpu percentile: 8ms
99th gpu percentile: 9ms
GPU HISTOGRAM: 1ms=3 2ms=8 3ms=11 4ms=15 5ms=9 6ms=10 7ms=13 8ms=43 9ms=5 10ms=0 11ms=0 12ms=0 13ms=0 14ms=0 15ms=0 16ms=0 17ms=0 18ms=0 19ms=0 20ms=0 21ms=0 22ms=0 23ms=0 24ms=0 25ms=0 4950ms=0

Pipeline=Skia (Vulkan)
Memory policy:
  Max surface area: 2073600
  Max resource usage: 99.53MB (x48)
  Background retention: 50% (altUiHidden = true)
  GPU Context timeout: 10
Contexts: 1 (stopped = 0)
CPU Caches:
  Glyph Cache: 25.54 KB (1 entry)
  Glyph Count: 10 
Total CPU memory usage:
  26153 bytes, 25.54 KB (0.00 bytes is purgeable)
GPU Caches:
gpu_busy_raw:  911456 1005817  gpu_busy_pct(computed): 4778
cpu_cur_freqs: p0=1248000 p2=3148800 p5=2956800 p7=3052800
--- sample 22 pkg=com.miHoYo.Yuanshen 18:04:02 ---
Applications Graphics Acceleration Info:
Uptime: 7724288 Realtime: 8712333

** Graphics info for pid 6417 [com.miHoYo.Yuanshen] **

Stats since: 7609479532305ns
Total frames rendered: 117
Janky frames: 1 (0.85%)
Janky frames (legacy): 2 (1.71%)
50th percentile: 8ms
90th percentile: 9ms
95th percentile: 9ms
99th percentile: 21ms
Number Missed Vsync: 1
Number High input latency: 230
Number Slow UI thread: 1
Number Slow bitmap uploads: 0
Number Slow issue draw commands: 0
Number Frame deadline missed: 1
Number Frame deadline missed (legacy): 1
HISTOGRAM: 5ms=33 6ms=0 7ms=1 8ms=65 9ms=16 10ms=0 11ms=0 12ms=0 13ms=0 14ms=0 15ms=0 16ms=0 17ms=0 18ms=0 19ms=0 20ms=0 21ms=1 22ms=0 23ms=0 24ms=0 25ms=0 26ms=0 27ms=0 28ms=0 29ms=0 30ms=0 31ms=0 32ms=0 34ms=0 36ms=0 38ms=1 40ms=0 42ms=0 44ms=0 46ms=0 48ms=0 53ms=0 57ms=0 61ms=0 65ms=0 69ms=0 73ms=0 77ms=0 81ms=0 85ms=0 89ms=0 93ms=0 97ms=0 101ms=0 105ms=0 109ms=0 113ms=0 117ms=0 121ms=0 125ms=0 129ms=0 133ms=0 150ms=0 200ms=0 250ms=0 300ms=0 350ms=0 400ms=0 450ms=0 500ms=0 550ms=0 600ms=0 650ms=0 700ms=0 750ms=0 800ms=0 850ms=0 900ms=0 950ms=0 1000ms=0 1050ms=0 1100ms=0 1150ms=0 1200ms=0 1250ms=0 1300ms=0 1350ms=0 1400ms=0 1450ms=0 1500ms=0 1550ms=0 1600ms=0 1650ms=0 1700ms=0 1750ms=0 1800ms=0 1850ms=0 1900ms=0 1950ms=0 2000ms=0 2050ms=0 2100ms=0 2150ms=0 2200ms=0 2250ms=0 2300ms=0 2350ms=0 2400ms=0 2450ms=0 2500ms=0 2550ms=0 2600ms=0 2650ms=0 2700ms=0 2750ms=0 2800ms=0 2850ms=0 2900ms=0 2950ms=0 3000ms=0 3050ms=0 3100ms=0 3150ms=0 3200ms=0 3250ms=0 3300ms=0 3350ms=0 3400ms=0 3450ms=0 3500ms=0 3550ms=0 3600ms=0 3650ms=0 3700ms=0 3750ms=0 3800ms=0 3850ms=0 3900ms=0 3950ms=0 4000ms=0 4050ms=0 4100ms=0 4150ms=0 4200ms=0 4250ms=0 4300ms=0 4350ms=0 4400ms=0 4450ms=0 4500ms=0 4550ms=0 4600ms=0 4650ms=0 4700ms=0 4750ms=0 4800ms=0 4850ms=0 4900ms=0 4950ms=0
50th gpu percentile: 7ms
90th gpu percentile: 8ms
95th gpu percentile: 8ms
99th gpu percentile: 9ms
GPU HISTOGRAM: 1ms=3 2ms=8 3ms=11 4ms=15 5ms=9 6ms=10 7ms=13 8ms=43 9ms=5 10ms=0 11ms=0 12ms=0 13ms=0 14ms=0 15ms=0 16ms=0 17ms=0 18ms=0 19ms=0 20ms=0 21ms=0 22ms=0 23ms=0 24ms=0 25ms=0 4950ms=0

Pipeline=Skia (Vulkan)
Memory policy:
  Max surface area: 2073600
  Max resource usage: 99.53MB (x48)
  Background retention: 50% (altUiHidden = true)
  GPU Context timeout: 10
Contexts: 1 (stopped = 0)
CPU Caches:
  Glyph Cache: 25.54 KB (1 entry)
  Glyph Count: 10 
Total CPU memory usage:
  26153 bytes, 25.54 KB (0.00 bytes is purgeable)
GPU Caches:
gpu_busy_raw:  781456 1000624  gpu_busy_pct(computed): n/a
cpu_cur_freqs: p0=1248000 p2=3148800 p5=2956800 p7=3052800
--- sample 23 pkg=com.miHoYo.Yuanshen 18:04:06 ---
Applications Graphics Acceleration Info:
Uptime: 7727427 Realtime: 8715472

** Graphics info for pid 6417 [com.miHoYo.Yuanshen] **

Stats since: 7609479532305ns
Total frames rendered: 117
Janky frames: 1 (0.85%)
Janky frames (legacy): 2 (1.71%)
50th percentile: 8ms
90th percentile: 9ms
95th percentile: 9ms
99th percentile: 21ms
Number Missed Vsync: 1
Number High input latency: 230
Number Slow UI thread: 1
Number Slow bitmap uploads: 0
Number Slow issue draw commands: 0
Number Frame deadline missed: 1
Number Frame deadline missed (legacy): 1
HISTOGRAM: 5ms=33 6ms=0 7ms=1 8ms=65 9ms=16 10ms=0 11ms=0 12ms=0 13ms=0 14ms=0 15ms=0 16ms=0 17ms=0 18ms=0 19ms=0 20ms=0 21ms=1 22ms=0 23ms=0 24ms=0 25ms=0 26ms=0 27ms=0 28ms=0 29ms=0 30ms=0 31ms=0 32ms=0 34ms=0 36ms=0 38ms=1 40ms=0 42ms=0 44ms=0 46ms=0 48ms=0 53ms=0 57ms=0 61ms=0 65ms=0 69ms=0 73ms=0 77ms=0 81ms=0 85ms=0 89ms=0 93ms=0 97ms=0 101ms=0 105ms=0 109ms=0 113ms=0 117ms=0 121ms=0 125ms=0 129ms=0 133ms=0 150ms=0 200ms=0 250ms=0 300ms=0 350ms=0 400ms=0 450ms=0 500ms=0 550ms=0 600ms=0 650ms=0 700ms=0 750ms=0 800ms=0 850ms=0 900ms=0 950ms=0 1000ms=0 1050ms=0 1100ms=0 1150ms=0 1200ms=0 1250ms=0 1300ms=0 1350ms=0 1400ms=0 1450ms=0 1500ms=0 1550ms=0 1600ms=0 1650ms=0 1700ms=0 1750ms=0 1800ms=0 1850ms=0 1900ms=0 1950ms=0 2000ms=0 2050ms=0 2100ms=0 2150ms=0 2200ms=0 2250ms=0 2300ms=0 2350ms=0 2400ms=0 2450ms=0 2500ms=0 2550ms=0 2600ms=0 2650ms=0 2700ms=0 2750ms=0 2800ms=0 2850ms=0 2900ms=0 2950ms=0 3000ms=0 3050ms=0 3100ms=0 3150ms=0 3200ms=0 3250ms=0 3300ms=0 3350ms=0 3400ms=0 3450ms=0 3500ms=0 3550ms=0 3600ms=0 3650ms=0 3700ms=0 3750ms=0 3800ms=0 3850ms=0 3900ms=0 3950ms=0 4000ms=0 4050ms=0 4100ms=0 4150ms=0 4200ms=0 4250ms=0 4300ms=0 4350ms=0 4400ms=0 4450ms=0 4500ms=0 4550ms=0 4600ms=0 4650ms=0 4700ms=0 4750ms=0 4800ms=0 4850ms=0 4900ms=0 4950ms=0
50th gpu percentile: 7ms
90th gpu percentile: 8ms
95th gpu percentile: 8ms
99th gpu percentile: 9ms
GPU HISTOGRAM: 1ms=3 2ms=8 3ms=11 4ms=15 5ms=9 6ms=10 7ms=13 8ms=43 9ms=5 10ms=0 11ms=0 12ms=0 13ms=0 14ms=0 15ms=0 16ms=0 17ms=0 18ms=0 19ms=0 20ms=0 21ms=0 22ms=0 23ms=0 24ms=0 25ms=0 4950ms=0

Pipeline=Skia (Vulkan)
Memory policy:
  Max surface area: 2073600
  Max resource usage: 99.53MB (x48)
  Background retention: 50% (altUiHidden = true)
  GPU Context timeout: 10
Contexts: 1 (stopped = 0)
CPU Caches:
  Glyph Cache: 25.54 KB (1 entry)
  Glyph Count: 10 
Total CPU memory usage:
  26153 bytes, 25.54 KB (0.00 bytes is purgeable)
GPU Caches:
gpu_busy_raw:  765166 1002575  gpu_busy_pct(computed): -834
cpu_cur_freqs: p0=1248000 p2=3148800 p5=2956800 p7=3052800
--- sample 24 pkg=com.miHoYo.Yuanshen 18:04:09 ---
Applications Graphics Acceleration Info:
Uptime: 7730557 Realtime: 8718602

** Graphics info for pid 6417 [com.miHoYo.Yuanshen] **

Stats since: 7609479532305ns
Total frames rendered: 117
Janky frames: 1 (0.85%)
Janky frames (legacy): 2 (1.71%)
50th percentile: 8ms
90th percentile: 9ms
95th percentile: 9ms
99th percentile: 21ms
Number Missed Vsync: 1
Number High input latency: 230
Number Slow UI thread: 1
Number Slow bitmap uploads: 0
Number Slow issue draw commands: 0
Number Frame deadline missed: 1
Number Frame deadline missed (legacy): 1
HISTOGRAM: 5ms=33 6ms=0 7ms=1 8ms=65 9ms=16 10ms=0 11ms=0 12ms=0 13ms=0 14ms=0 15ms=0 16ms=0 17ms=0 18ms=0 19ms=0 20ms=0 21ms=1 22ms=0 23ms=0 24ms=0 25ms=0 26ms=0 27ms=0 28ms=0 29ms=0 30ms=0 31ms=0 32ms=0 34ms=0 36ms=0 38ms=1 40ms=0 42ms=0 44ms=0 46ms=0 48ms=0 53ms=0 57ms=0 61ms=0 65ms=0 69ms=0 73ms=0 77ms=0 81ms=0 85ms=0 89ms=0 93ms=0 97ms=0 101ms=0 105ms=0 109ms=0 113ms=0 117ms=0 121ms=0 125ms=0 129ms=0 133ms=0 150ms=0 200ms=0 250ms=0 300ms=0 350ms=0 400ms=0 450ms=0 500ms=0 550ms=0 600ms=0 650ms=0 700ms=0 750ms=0 800ms=0 850ms=0 900ms=0 950ms=0 1000ms=0 1050ms=0 1100ms=0 1150ms=0 1200ms=0 1250ms=0 1300ms=0 1350ms=0 1400ms=0 1450ms=0 1500ms=0 1550ms=0 1600ms=0 1650ms=0 1700ms=0 1750ms=0 1800ms=0 1850ms=0 1900ms=0 1950ms=0 2000ms=0 2050ms=0 2100ms=0 2150ms=0 2200ms=0 2250ms=0 2300ms=0 2350ms=0 2400ms=0 2450ms=0 2500ms=0 2550ms=0 2600ms=0 2650ms=0 2700ms=0 2750ms=0 2800ms=0 2850ms=0 2900ms=0 2950ms=0 3000ms=0 3050ms=0 3100ms=0 3150ms=0 3200ms=0 3250ms=0 3300ms=0 3350ms=0 3400ms=0 3450ms=0 3500ms=0 3550ms=0 3600ms=0 3650ms=0 3700ms=0 3750ms=0 3800ms=0 3850ms=0 3900ms=0 3950ms=0 4000ms=0 4050ms=0 4100ms=0 4150ms=0 4200ms=0 4250ms=0 4300ms=0 4350ms=0 4400ms=0 4450ms=0 4500ms=0 4550ms=0 4600ms=0 4650ms=0 4700ms=0 4750ms=0 4800ms=0 4850ms=0 4900ms=0 4950ms=0
50th gpu percentile: 7ms
90th gpu percentile: 8ms
95th gpu percentile: 8ms
99th gpu percentile: 9ms
GPU HISTOGRAM: 1ms=3 2ms=8 3ms=11 4ms=15 5ms=9 6ms=10 7ms=13 8ms=43 9ms=5 10ms=0 11ms=0 12ms=0 13ms=0 14ms=0 15ms=0 16ms=0 17ms=0 18ms=0 19ms=0 20ms=0 21ms=0 22ms=0 23ms=0 24ms=0 25ms=0 4950ms=0

Pipeline=Skia (Vulkan)
Memory policy:
  Max surface area: 2073600
  Max resource usage: 99.53MB (x48)
  Background retention: 50% (altUiHidden = true)
  GPU Context timeout: 10
Contexts: 1 (stopped = 0)
CPU Caches:
  Glyph Cache: 25.54 KB (1 entry)
  Glyph Count: 10 
Total CPU memory usage:
  26153 bytes, 25.54 KB (0.00 bytes is purgeable)
GPU Caches:
gpu_busy_raw:  765412 1008590  gpu_busy_pct(computed): 4
cpu_cur_freqs: p0=1248000 p2=3148800 p5=2956800 p7=3052800
--- sample 25 pkg=com.miHoYo.Yuanshen 18:04:12 ---
Applications Graphics Acceleration Info:
Uptime: 7733701 Realtime: 8721746

** Graphics info for pid 6417 [com.miHoYo.Yuanshen] **

Stats since: 7609479532305ns
Total frames rendered: 117
Janky frames: 1 (0.85%)
Janky frames (legacy): 2 (1.71%)
50th percentile: 8ms
90th percentile: 9ms
95th percentile: 9ms
99th percentile: 21ms
Number Missed Vsync: 1
Number High input latency: 230
Number Slow UI thread: 1
Number Slow bitmap uploads: 0
Number Slow issue draw commands: 0
Number Frame deadline missed: 1
Number Frame deadline missed (legacy): 1
HISTOGRAM: 5ms=33 6ms=0 7ms=1 8ms=65 9ms=16 10ms=0 11ms=0 12ms=0 13ms=0 14ms=0 15ms=0 16ms=0 17ms=0 18ms=0 19ms=0 20ms=0 21ms=1 22ms=0 23ms=0 24ms=0 25ms=0 26ms=0 27ms=0 28ms=0 29ms=0 30ms=0 31ms=0 32ms=0 34ms=0 36ms=0 38ms=1 40ms=0 42ms=0 44ms=0 46ms=0 48ms=0 53ms=0 57ms=0 61ms=0 65ms=0 69ms=0 73ms=0 77ms=0 81ms=0 85ms=0 89ms=0 93ms=0 97ms=0 101ms=0 105ms=0 109ms=0 113ms=0 117ms=0 121ms=0 125ms=0 129ms=0 133ms=0 150ms=0 200ms=0 250ms=0 300ms=0 350ms=0 400ms=0 450ms=0 500ms=0 550ms=0 600ms=0 650ms=0 700ms=0 750ms=0 800ms=0 850ms=0 900ms=0 950ms=0 1000ms=0 1050ms=0 1100ms=0 1150ms=0 1200ms=0 1250ms=0 1300ms=0 1350ms=0 1400ms=0 1450ms=0 1500ms=0 1550ms=0 1600ms=0 1650ms=0 1700ms=0 1750ms=0 1800ms=0 1850ms=0 1900ms=0 1950ms=0 2000ms=0 2050ms=0 2100ms=0 2150ms=0 2200ms=0 2250ms=0 2300ms=0 2350ms=0 2400ms=0 2450ms=0 2500ms=0 2550ms=0 2600ms=0 2650ms=0 2700ms=0 2750ms=0 2800ms=0 2850ms=0 2900ms=0 2950ms=0 3000ms=0 3050ms=0 3100ms=0 3150ms=0 3200ms=0 3250ms=0 3300ms=0 3350ms=0 3400ms=0 3450ms=0 3500ms=0 3550ms=0 3600ms=0 3650ms=0 3700ms=0 3750ms=0 3800ms=0 3850ms=0 3900ms=0 3950ms=0 4000ms=0 4050ms=0 4100ms=0 4150ms=0 4200ms=0 4250ms=0 4300ms=0 4350ms=0 4400ms=0 4450ms=0 4500ms=0 4550ms=0 4600ms=0 4650ms=0 4700ms=0 4750ms=0 4800ms=0 4850ms=0 4900ms=0 4950ms=0
50th gpu percentile: 7ms
90th gpu percentile: 8ms
95th gpu percentile: 8ms
99th gpu percentile: 9ms
GPU HISTOGRAM: 1ms=3 2ms=8 3ms=11 4ms=15 5ms=9 6ms=10 7ms=13 8ms=43 9ms=5 10ms=0 11ms=0 12ms=0 13ms=0 14ms=0 15ms=0 16ms=0 17ms=0 18ms=0 19ms=0 20ms=0 21ms=0 22ms=0 23ms=0 24ms=0 25ms=0 4950ms=0

Pipeline=Skia (Vulkan)
Memory policy:
  Max surface area: 2073600
  Max resource usage: 99.53MB (x48)
  Background retention: 50% (altUiHidden = true)
  GPU Context timeout: 10
Contexts: 1 (stopped = 0)
CPU Caches:
  Glyph Cache: 25.54 KB (1 entry)
  Glyph Count: 10 
Total CPU memory usage:
  26153 bytes, 25.54 KB (0.00 bytes is purgeable)
GPU Caches:
gpu_busy_raw:  680787 1002407  gpu_busy_pct(computed): n/a
cpu_cur_freqs: p0=1248000 p2=3148800 p5=2956800 p7=3052800
--- sample 26 pkg=com.miHoYo.Yuanshen 18:04:15 ---
Applications Graphics Acceleration Info:
Uptime: 7736832 Realtime: 8724877

** Graphics info for pid 6417 [com.miHoYo.Yuanshen] **

Stats since: 7609479532305ns
Total frames rendered: 117
Janky frames: 1 (0.85%)
Janky frames (legacy): 2 (1.71%)
50th percentile: 8ms
90th percentile: 9ms
95th percentile: 9ms
99th percentile: 21ms
Number Missed Vsync: 1
Number High input latency: 230
Number Slow UI thread: 1
Number Slow bitmap uploads: 0
Number Slow issue draw commands: 0
Number Frame deadline missed: 1
Number Frame deadline missed (legacy): 1
HISTOGRAM: 5ms=33 6ms=0 7ms=1 8ms=65 9ms=16 10ms=0 11ms=0 12ms=0 13ms=0 14ms=0 15ms=0 16ms=0 17ms=0 18ms=0 19ms=0 20ms=0 21ms=1 22ms=0 23ms=0 24ms=0 25ms=0 26ms=0 27ms=0 28ms=0 29ms=0 30ms=0 31ms=0 32ms=0 34ms=0 36ms=0 38ms=1 40ms=0 42ms=0 44ms=0 46ms=0 48ms=0 53ms=0 57ms=0 61ms=0 65ms=0 69ms=0 73ms=0 77ms=0 81ms=0 85ms=0 89ms=0 93ms=0 97ms=0 101ms=0 105ms=0 109ms=0 113ms=0 117ms=0 121ms=0 125ms=0 129ms=0 133ms=0 150ms=0 200ms=0 250ms=0 300ms=0 350ms=0 400ms=0 450ms=0 500ms=0 550ms=0 600ms=0 650ms=0 700ms=0 750ms=0 800ms=0 850ms=0 900ms=0 950ms=0 1000ms=0 1050ms=0 1100ms=0 1150ms=0 1200ms=0 1250ms=0 1300ms=0 1350ms=0 1400ms=0 1450ms=0 1500ms=0 1550ms=0 1600ms=0 1650ms=0 1700ms=0 1750ms=0 1800ms=0 1850ms=0 1900ms=0 1950ms=0 2000ms=0 2050ms=0 2100ms=0 2150ms=0 2200ms=0 2250ms=0 2300ms=0 2350ms=0 2400ms=0 2450ms=0 2500ms=0 2550ms=0 2600ms=0 2650ms=0 2700ms=0 2750ms=0 2800ms=0 2850ms=0 2900ms=0 2950ms=0 3000ms=0 3050ms=0 3100ms=0 3150ms=0 3200ms=0 3250ms=0 3300ms=0 3350ms=0 3400ms=0 3450ms=0 3500ms=0 3550ms=0 3600ms=0 3650ms=0 3700ms=0 3750ms=0 3800ms=0 3850ms=0 3900ms=0 3950ms=0 4000ms=0 4050ms=0 4100ms=0 4150ms=0 4200ms=0 4250ms=0 4300ms=0 4350ms=0 4400ms=0 4450ms=0 4500ms=0 4550ms=0 4600ms=0 4650ms=0 4700ms=0 4750ms=0 4800ms=0 4850ms=0 4900ms=0 4950ms=0
50th gpu percentile: 7ms
90th gpu percentile: 8ms
95th gpu percentile: 8ms
99th gpu percentile: 9ms
GPU HISTOGRAM: 1ms=3 2ms=8 3ms=11 4ms=15 5ms=9 6ms=10 7ms=13 8ms=43 9ms=5 10ms=0 11ms=0 12ms=0 13ms=0 14ms=0 15ms=0 16ms=0 17ms=0 18ms=0 19ms=0 20ms=0 21ms=0 22ms=0 23ms=0 24ms=0 25ms=0 4950ms=0

Pipeline=Skia (Vulkan)
Memory policy:
  Max surface area: 2073600
  Max resource usage: 99.53MB (x48)
  Background retention: 50% (altUiHidden = true)
  GPU Context timeout: 10
Contexts: 1 (stopped = 0)
CPU Caches:
  Glyph Cache: 25.54 KB (1 entry)
  Glyph Count: 10 
Total CPU memory usage:
  26153 bytes, 25.54 KB (0.00 bytes is purgeable)
GPU Caches:
gpu_busy_raw:  691307 1002540  gpu_busy_pct(computed): 7909
cpu_cur_freqs: p0=1248000 p2=3148800 p5=2956800 p7=3052800
--- sample 27 pkg=com.miHoYo.Yuanshen 18:04:18 ---
Applications Graphics Acceleration Info:
Uptime: 7739943 Realtime: 8727987

** Graphics info for pid 6417 [com.miHoYo.Yuanshen] **

Stats since: 7609479532305ns
Total frames rendered: 117
Janky frames: 1 (0.85%)
Janky frames (legacy): 2 (1.71%)
50th percentile: 8ms
90th percentile: 9ms
95th percentile: 9ms
99th percentile: 21ms
Number Missed Vsync: 1
Number High input latency: 230
Number Slow UI thread: 1
Number Slow bitmap uploads: 0
Number Slow issue draw commands: 0
Number Frame deadline missed: 1
Number Frame deadline missed (legacy): 1
HISTOGRAM: 5ms=33 6ms=0 7ms=1 8ms=65 9ms=16 10ms=0 11ms=0 12ms=0 13ms=0 14ms=0 15ms=0 16ms=0 17ms=0 18ms=0 19ms=0 20ms=0 21ms=1 22ms=0 23ms=0 24ms=0 25ms=0 26ms=0 27ms=0 28ms=0 29ms=0 30ms=0 31ms=0 32ms=0 34ms=0 36ms=0 38ms=1 40ms=0 42ms=0 44ms=0 46ms=0 48ms=0 53ms=0 57ms=0 61ms=0 65ms=0 69ms=0 73ms=0 77ms=0 81ms=0 85ms=0 89ms=0 93ms=0 97ms=0 101ms=0 105ms=0 109ms=0 113ms=0 117ms=0 121ms=0 125ms=0 129ms=0 133ms=0 150ms=0 200ms=0 250ms=0 300ms=0 350ms=0 400ms=0 450ms=0 500ms=0 550ms=0 600ms=0 650ms=0 700ms=0 750ms=0 800ms=0 850ms=0 900ms=0 950ms=0 1000ms=0 1050ms=0 1100ms=0 1150ms=0 1200ms=0 1250ms=0 1300ms=0 1350ms=0 1400ms=0 1450ms=0 1500ms=0 1550ms=0 1600ms=0 1650ms=0 1700ms=0 1750ms=0 1800ms=0 1850ms=0 1900ms=0 1950ms=0 2000ms=0 2050ms=0 2100ms=0 2150ms=0 2200ms=0 2250ms=0 2300ms=0 2350ms=0 2400ms=0 2450ms=0 2500ms=0 2550ms=0 2600ms=0 2650ms=0 2700ms=0 2750ms=0 2800ms=0 2850ms=0 2900ms=0 2950ms=0 3000ms=0 3050ms=0 3100ms=0 3150ms=0 3200ms=0 3250ms=0 3300ms=0 3350ms=0 3400ms=0 3450ms=0 3500ms=0 3550ms=0 3600ms=0 3650ms=0 3700ms=0 3750ms=0 3800ms=0 3850ms=0 3900ms=0 3950ms=0 4000ms=0 4050ms=0 4100ms=0 4150ms=0 4200ms=0 4250ms=0 4300ms=0 4350ms=0 4400ms=0 4450ms=0 4500ms=0 4550ms=0 4600ms=0 4650ms=0 4700ms=0 4750ms=0 4800ms=0 4850ms=0 4900ms=0 4950ms=0
50th gpu percentile: 7ms
90th gpu percentile: 8ms
95th gpu percentile: 8ms
99th gpu percentile: 9ms
GPU HISTOGRAM: 1ms=3 2ms=8 3ms=11 4ms=15 5ms=9 6ms=10 7ms=13 8ms=43 9ms=5 10ms=0 11ms=0 12ms=0 13ms=0 14ms=0 15ms=0 16ms=0 17ms=0 18ms=0 19ms=0 20ms=0 21ms=0 22ms=0 23ms=0 24ms=0 25ms=0 4950ms=0

Pipeline=Skia (Vulkan)
Memory policy:
  Max surface area: 2073600
  Max resource usage: 99.53MB (x48)
  Background retention: 50% (altUiHidden = true)
  GPU Context timeout: 10
Contexts: 1 (stopped = 0)
CPU Caches:
  Glyph Cache: 25.54 KB (1 entry)
  Glyph Count: 10 
Total CPU memory usage:
  26153 bytes, 25.54 KB (0.00 bytes is purgeable)
GPU Caches:
gpu_busy_raw:  674699 1007964  gpu_busy_pct(computed): -306
cpu_cur_freqs: p0=1248000 p2=3148800 p5=2956800 p7=3052800
--- sample 28 pkg=com.miHoYo.Yuanshen 18:04:21 ---
Applications Graphics Acceleration Info:
Uptime: 7743068 Realtime: 8731113

** Graphics info for pid 6417 [com.miHoYo.Yuanshen] **

Stats since: 7609479532305ns
Total frames rendered: 117
Janky frames: 1 (0.85%)
Janky frames (legacy): 2 (1.71%)
50th percentile: 8ms
90th percentile: 9ms
95th percentile: 9ms
99th percentile: 21ms
Number Missed Vsync: 1
Number High input latency: 230
Number Slow UI thread: 1
Number Slow bitmap uploads: 0
Number Slow issue draw commands: 0
Number Frame deadline missed: 1
Number Frame deadline missed (legacy): 1
HISTOGRAM: 5ms=33 6ms=0 7ms=1 8ms=65 9ms=16 10ms=0 11ms=0 12ms=0 13ms=0 14ms=0 15ms=0 16ms=0 17ms=0 18ms=0 19ms=0 20ms=0 21ms=1 22ms=0 23ms=0 24ms=0 25ms=0 26ms=0 27ms=0 28ms=0 29ms=0 30ms=0 31ms=0 32ms=0 34ms=0 36ms=0 38ms=1 40ms=0 42ms=0 44ms=0 46ms=0 48ms=0 53ms=0 57ms=0 61ms=0 65ms=0 69ms=0 73ms=0 77ms=0 81ms=0 85ms=0 89ms=0 93ms=0 97ms=0 101ms=0 105ms=0 109ms=0 113ms=0 117ms=0 121ms=0 125ms=0 129ms=0 133ms=0 150ms=0 200ms=0 250ms=0 300ms=0 350ms=0 400ms=0 450ms=0 500ms=0 550ms=0 600ms=0 650ms=0 700ms=0 750ms=0 800ms=0 850ms=0 900ms=0 950ms=0 1000ms=0 1050ms=0 1100ms=0 1150ms=0 1200ms=0 1250ms=0 1300ms=0 1350ms=0 1400ms=0 1450ms=0 1500ms=0 1550ms=0 1600ms=0 1650ms=0 1700ms=0 1750ms=0 1800ms=0 1850ms=0 1900ms=0 1950ms=0 2000ms=0 2050ms=0 2100ms=0 2150ms=0 2200ms=0 2250ms=0 2300ms=0 2350ms=0 2400ms=0 2450ms=0 2500ms=0 2550ms=0 2600ms=0 2650ms=0 2700ms=0 2750ms=0 2800ms=0 2850ms=0 2900ms=0 2950ms=0 3000ms=0 3050ms=0 3100ms=0 3150ms=0 3200ms=0 3250ms=0 3300ms=0 3350ms=0 3400ms=0 3450ms=0 3500ms=0 3550ms=0 3600ms=0 3650ms=0 3700ms=0 3750ms=0 3800ms=0 3850ms=0 3900ms=0 3950ms=0 4000ms=0 4050ms=0 4100ms=0 4150ms=0 4200ms=0 4250ms=0 4300ms=0 4350ms=0 4400ms=0 4450ms=0 4500ms=0 4550ms=0 4600ms=0 4650ms=0 4700ms=0 4750ms=0 4800ms=0 4850ms=0 4900ms=0 4950ms=0
50th gpu percentile: 7ms
90th gpu percentile: 8ms
95th gpu percentile: 8ms
99th gpu percentile: 9ms
GPU HISTOGRAM: 1ms=3 2ms=8 3ms=11 4ms=15 5ms=9 6ms=10 7ms=13 8ms=43 9ms=5 10ms=0 11ms=0 12ms=0 13ms=0 14ms=0 15ms=0 16ms=0 17ms=0 18ms=0 19ms=0 20ms=0 21ms=0 22ms=0 23ms=0 24ms=0 25ms=0 4950ms=0

Pipeline=Skia (Vulkan)
Memory policy:
  Max surface area: 2073600
  Max resource usage: 99.53MB (x48)
  Background retention: 50% (altUiHidden = true)
  GPU Context timeout: 10
Contexts: 1 (stopped = 0)
CPU Caches:
  Glyph Cache: 25.54 KB (1 entry)
  Glyph Count: 10 
Total CPU memory usage:
  26153 bytes, 25.54 KB (0.00 bytes is purgeable)
GPU Caches:
gpu_busy_raw:  676591 1006866  gpu_busy_pct(computed): n/a
cpu_cur_freqs: p0=1248000 p2=3148800 p5=2956800 p7=3052800
--- sample 29 pkg=com.miHoYo.Yuanshen 18:04:24 ---
Applications Graphics Acceleration Info:
Uptime: 7746196 Realtime: 8734241

** Graphics info for pid 6417 [com.miHoYo.Yuanshen] **

Stats since: 7609479532305ns
Total frames rendered: 117
Janky frames: 1 (0.85%)
Janky frames (legacy): 2 (1.71%)
50th percentile: 8ms
90th percentile: 9ms
95th percentile: 9ms
99th percentile: 21ms
Number Missed Vsync: 1
Number High input latency: 230
Number Slow UI thread: 1
Number Slow bitmap uploads: 0
Number Slow issue draw commands: 0
Number Frame deadline missed: 1
Number Frame deadline missed (legacy): 1
HISTOGRAM: 5ms=33 6ms=0 7ms=1 8ms=65 9ms=16 10ms=0 11ms=0 12ms=0 13ms=0 14ms=0 15ms=0 16ms=0 17ms=0 18ms=0 19ms=0 20ms=0 21ms=1 22ms=0 23ms=0 24ms=0 25ms=0 26ms=0 27ms=0 28ms=0 29ms=0 30ms=0 31ms=0 32ms=0 34ms=0 36ms=0 38ms=1 40ms=0 42ms=0 44ms=0 46ms=0 48ms=0 53ms=0 57ms=0 61ms=0 65ms=0 69ms=0 73ms=0 77ms=0 81ms=0 85ms=0 89ms=0 93ms=0 97ms=0 101ms=0 105ms=0 109ms=0 113ms=0 117ms=0 121ms=0 125ms=0 129ms=0 133ms=0 150ms=0 200ms=0 250ms=0 300ms=0 350ms=0 400ms=0 450ms=0 500ms=0 550ms=0 600ms=0 650ms=0 700ms=0 750ms=0 800ms=0 850ms=0 900ms=0 950ms=0 1000ms=0 1050ms=0 1100ms=0 1150ms=0 1200ms=0 1250ms=0 1300ms=0 1350ms=0 1400ms=0 1450ms=0 1500ms=0 1550ms=0 1600ms=0 1650ms=0 1700ms=0 1750ms=0 1800ms=0 1850ms=0 1900ms=0 1950ms=0 2000ms=0 2050ms=0 2100ms=0 2150ms=0 2200ms=0 2250ms=0 2300ms=0 2350ms=0 2400ms=0 2450ms=0 2500ms=0 2550ms=0 2600ms=0 2650ms=0 2700ms=0 2750ms=0 2800ms=0 2850ms=0 2900ms=0 2950ms=0 3000ms=0 3050ms=0 3100ms=0 3150ms=0 3200ms=0 3250ms=0 3300ms=0 3350ms=0 3400ms=0 3450ms=0 3500ms=0 3550ms=0 3600ms=0 3650ms=0 3700ms=0 3750ms=0 3800ms=0 3850ms=0 3900ms=0 3950ms=0 4000ms=0 4050ms=0 4100ms=0 4150ms=0 4200ms=0 4250ms=0 4300ms=0 4350ms=0 4400ms=0 4450ms=0 4500ms=0 4550ms=0 4600ms=0 4650ms=0 4700ms=0 4750ms=0 4800ms=0 4850ms=0 4900ms=0 4950ms=0
50th gpu percentile: 7ms
90th gpu percentile: 8ms
95th gpu percentile: 8ms
99th gpu percentile: 9ms
GPU HISTOGRAM: 1ms=3 2ms=8 3ms=11 4ms=15 5ms=9 6ms=10 7ms=13 8ms=43 9ms=5 10ms=0 11ms=0 12ms=0 13ms=0 14ms=0 15ms=0 16ms=0 17ms=0 18ms=0 19ms=0 20ms=0 21ms=0 22ms=0 23ms=0 24ms=0 25ms=0 4950ms=0

Pipeline=Skia (Vulkan)
Memory policy:
  Max surface area: 2073600
  Max resource usage: 99.53MB (x48)
  Background retention: 50% (altUiHidden = true)
  GPU Context timeout: 10
Contexts: 1 (stopped = 0)
CPU Caches:
  Glyph Cache: 25.54 KB (1 entry)
  Glyph Count: 10 
Total CPU memory usage:
  26153 bytes, 25.54 KB (0.00 bytes is purgeable)
GPU Caches:
gpu_busy_raw:  671105 1006607  gpu_busy_pct(computed): n/a
cpu_cur_freqs: p0=1248000 p2=3148800 p5=2956800 p7=3052800

===== 8. SAFE WRITE TEST - CPU (reversible, restores immediately) =====
policy0 current governor: performance (note: AYASpace ECO mode sets this to 'powersave', which ignores scaling_max_freq for practical purposes)
policy0 original scaling_max_freq: 1248000
after writing 1344000, scaling_max_freq reads: 1248000
restored to: 1248000

===== 9. SAFE WRITE TEST - GPU (reversible, restores immediately) =====
gpu original max_pwrlevel: 0
after writing 9, max_pwrlevel reads: 9 gpuclk=310000000
restored to: 0

===== DONE =====
Diagnostics finished. Log: /sdcard/pulse_lite_diag_heavy_gaming.log
