
===== 0. IDENTITY / RUN INFO =====
suffix: streaming
id: uid=0(root) gid=0(root) groups=0(root) context=u:r:xsud:s0
date: Tue Jul 21 17:55:18 CEST 2026
>>> REMINDER: note which AYASpace mode was active for this run when reporting back <<<

===== 1. DEVICE / SOC FINGERPRINT =====
ro.product.model=Pocket FIT
ro.product.name=AYANEO_Pocket_FIT
ro.product.device=PocketFIT
ro.build.flavor=AYANEO_PocketS2-user
ro.vendor.qti.soc_model=SG8350P
ro.board.platform=pineapple
android.version=14
android.sdk=34
--- full getprop grep soc/hw/board/gpu ---
[graphics.gpu.profiler.support]: [true]
[init.svc.gpu]: [running]
[init.svc.vendor.qti.hardware.display.allocator]: [running]
[init.svc.vendor.qti.hardware.display.composer]: [running]
[init.svc.vendor.qti.hardware.memtrack]: [running]
[init.svc.vendor.qti.hardware.sensorscalibrate-service]: [running]
[init.svc.vendor.qti.hardware.spu.service]: [running]
[init.svc_debug_pid.gpu]: [1549]
[init.svc_debug_pid.vendor.qti.hardware.display.allocator]: [1424]
[init.svc_debug_pid.vendor.qti.hardware.display.composer]: [1426]
[init.svc_debug_pid.vendor.qti.hardware.memtrack]: [1404]
[init.svc_debug_pid.vendor.qti.hardware.sensorscalibrate-service]: [1468]
[init.svc_debug_pid.vendor.qti.hardware.spu.service]: [1402]
[persist.sys.fake.gpu]: [Adreno (TM) 750]
[persist.sys.soc.model]: []
[persist.vendor.qcom.bluetooth.soc]: [hamilton]
[ro.board.api_level]: [34]
[ro.board.first_api_level]: [34]
[ro.board.platform]: [pineapple]
[ro.boot.board_id]: [0x00]
[ro.boot.boot_devices]: [soc/1d84000.ufshc]
[ro.boot.hardware]: [qcom]
[ro.boot.vendor.qspa.gpu]: [enabled]
[ro.boottime.gpu]: [8136616767]
[ro.boottime.vendor.qti.hardware.display.allocator]: [8054136715]
[ro.boottime.vendor.qti.hardware.display.composer]: [8055929579]
[ro.boottime.vendor.qti.hardware.memtrack]: [8038107183]
[ro.boottime.vendor.qti.hardware.sensorscalibrate-service]: [8084681350]
[ro.boottime.vendor.qti.hardware.spu.service]: [8036372392]
[ro.gfx.driver.1]: [com.qualcomm.qti.gpudrivers.pineapple.api34]
[ro.hardware]: [qcom]
[ro.hardware.egl]: [adreno]
[ro.hardware.keystore_desede]: [true]
[ro.hardware.vulkan]: [adreno]
[ro.product.board]: [pineapple]
[ro.soc.manufacturer]: [QTI]
[ro.vendor.qti.soc_id]: [682]
[ro.vendor.qti.soc_model]: [SG8350P]
[ro.vendor.qti.soc_name]: [pineapple]
[vendor.display.enable_hdr10_gpu_target]: [1]
[vendor.display.gpu_rendering]: [true]

===== 2. CPU TOPOLOGY - all policies, full frequency tables + governor =====
--- policy0 ---
affected_cpus: 0 1
scaling_governor: performance
scaling_available_governors: walt conservative powersave performance schedutil 
cpuinfo_min_freq: 364800
cpuinfo_max_freq: 2265600
scaling_min_freq: 672000
scaling_max_freq: 1248000
scaling_cur_freq: 1248000
scaling_available_frequencies: 364800 460800 556800 672000 787200 902400 1017600 1132800 1248000 1344000 1459200 1574400 1689600 1804800 1920000 2035200 2150400 2265600 
--- policy2 ---
affected_cpus: 2 3 4
scaling_governor: performance
scaling_available_governors: walt conservative powersave performance schedutil 
cpuinfo_min_freq: 499200
cpuinfo_max_freq: 3148800
scaling_min_freq: 499200
scaling_max_freq: 2131200
scaling_cur_freq: 2131200
scaling_available_frequencies: 499200 614400 729600 844800 960000 1075200 1190400 1286400 1401600 1497600 1612800 1708800 1824000 1920000 2035200 2131200 2188800 2246400 2323200 2380800 2438400 2515200 2572800 2630400 2707200 2764800 2841600 2899200 2956800 3014400 3072000 3148800 
--- policy5 ---
affected_cpus: 5 6
scaling_governor: performance
scaling_available_governors: walt conservative powersave performance schedutil 
cpuinfo_min_freq: 499200
cpuinfo_max_freq: 2956800
scaling_min_freq: 499200
scaling_max_freq: 2035200
scaling_cur_freq: 2035200
scaling_available_frequencies: 499200 614400 729600 844800 960000 1075200 1190400 1286400 1401600 1497600 1612800 1708800 1824000 1920000 2035200 2131200 2188800 2246400 2323200 2380800 2438400 2515200 2572800 2630400 2707200 2764800 2841600 2899200 2956800 
--- policy7 ---
affected_cpus: 7
scaling_governor: performance
scaling_available_governors: walt conservative powersave performance schedutil 
cpuinfo_min_freq: 480000
cpuinfo_max_freq: 3302400
scaling_min_freq: 480000
scaling_max_freq: 2112000
scaling_cur_freq: 2112000
scaling_available_frequencies: 480000 576000 672000 787200 902400 1017600 1132800 1248000 1363200 1478400 1593600 1708800 1824000 1939200 2035200 2112000 2169600 2246400 2304000 2380800 2438400 2496000 2553600 2630400 2688000 2745600 2803200 2880000 2937600 2995200 3052800 

===== 3. GPU (kgsl) - full state =====
max_pwrlevel: 0
min_pwrlevel: 13
num_pwrlevels: 14
gpuclk: 231000000
gpubusy (raw busy_cycles total_cycles):  134713 1013249
gpubusypercentage (known broken on this kernel, kept for reference): 
devfreq/governor: msm-adreno-tz
devfreq/available_frequencies: 1050000000 1000000000 903000000 834000000 770000000 720000000 680000000 629000000 578000000 500000000 422000000 366000000 310000000 231000000

===== 4. THERMAL ZONES - full list + current temps =====
thermal_zone0: type=pm8550-bcl-lvl0 temp=0
thermal_zone1: type=pm8550-bcl-lvl1 temp=0
thermal_zone10: type=cpuss-0 temp=47700
thermal_zone11: type=cpuss-1 temp=47300
thermal_zone12: type=cpuss-2 temp=47700
thermal_zone13: type=cpuss-3 temp=48400
thermal_zone14: type=cpu-2-0-0 temp=49600
thermal_zone15: type=cpu-2-0-1 temp=47300
thermal_zone16: type=cpu-2-1-0 temp=47300
thermal_zone17: type=cpu-2-1-1 temp=47300
thermal_zone18: type=cpu-2-2-0 temp=49600
thermal_zone19: type=cpu-2-2-1 temp=46500
thermal_zone2: type=pm8550-bcl-lvl2 temp=0
thermal_zone20: type=cpu-1-0-0 temp=49600
thermal_zone21: type=cpu-1-0-1 temp=48800
thermal_zone22: type=cpu-1-1-0 temp=48000
thermal_zone23: type=cpu-1-1-1 temp=47700
thermal_zone24: type=aoss-1 temp=46500
thermal_zone25: type=cpu-1-2-0 temp=48400
thermal_zone26: type=cpu-1-2-1 temp=47300
thermal_zone27: type=cpu-1-2-2 temp=47600
thermal_zone28: type=cpu-0-0-0 temp=49200
thermal_zone29: type=cpu-0-1-0 temp=48400
thermal_zone3: type=vbat temp=3886
thermal_zone30: type=nsphvx-0 temp=46100
thermal_zone31: type=nsphvx-1 temp=46100
thermal_zone32: type=nsphmx-0 temp=44900
thermal_zone33: type=nsphmx-1 temp=44900
thermal_zone34: type=nsphmx-2 temp=44900
thermal_zone35: type=nsphmx-3 temp=45300
thermal_zone36: type=video temp=47600
thermal_zone37: type=ddr temp=47300
thermal_zone38: type=camera-0 temp=46100
thermal_zone39: type=camera-1 temp=44900
thermal_zone4: type=pm8550b-ibat-lvl0 temp=187
thermal_zone40: type=aoss-2 temp=47300
thermal_zone41: type=gpuss-0 temp=46100
thermal_zone42: type=gpuss-1 temp=45700
thermal_zone43: type=gpuss-2 temp=46100
thermal_zone44: type=gpuss-3 temp=45700
thermal_zone45: type=gpuss-4 temp=47300
thermal_zone46: type=gpuss-5 temp=46500
thermal_zone47: type=gpuss-6 temp=46500
thermal_zone48: type=gpuss-7 temp=46100
thermal_zone49: type=mdmss-0 temp=46100
thermal_zone5: type=pm8550b-ibat-lvl1 temp=187
thermal_zone50: type=mdmss-1 temp=44600
thermal_zone51: type=mdmss-2 temp=45000
thermal_zone52: type=mdmss-3 temp=45700
thermal_zone53: type=socd temp=36
thermal_zone54: type=xo-therm temp=43648
thermal_zone55: type=skin-msm-therm temp=43418
thermal_zone56: type=cam-flash-therm temp=43897
thermal_zone57: type=wlan-therm temp=43884
thermal_zone58: type=pa-therm-1 temp=42534
thermal_zone59: type=rear-tof-therm temp=40253
thermal_zone6: type=pm8550b-bcl-lvl0 temp=0
thermal_zone60: type=usb-therm temp=25977
thermal_zone61: type=wls-therm temp=64352
thermal_zone62: type=pm8550b_lite_tz temp=43308
thermal_zone63: type=pm8550ve_tz temp=42669
thermal_zone64: type=pm8550vs_c_tz temp=42904
thermal_zone65: type=pm8550vs_d_tz temp=44148
thermal_zone66: type=pm8550vs_e_tz temp=45526
thermal_zone67: type=pm8550vs_g_tz temp=43240
thermal_zone68: type=pm8550_tz temp=44753
thermal_zone69: type=pm8550b_tz temp=38642
thermal_zone7: type=pm8550b-bcl-lvl1 temp=0
thermal_zone70: type=usb temp=25000
thermal_zone71: type=wireless temp=62000
thermal_zone72: type=battery temp=29000
thermal_zone8: type=pm8550b-bcl-lvl2 temp=0
thermal_zone9: type=aoss-0 temp=46900

===== 5. INSTALLED EMULATOR/GAMING PACKAGES =====
package:org.dolphinemu.dolphinemu
package:com.retrohrai.launcher
package:com.android.internal.display.cutout.emulation.double
package:com.android.internal.display.cutout.emulation.hole
package:com.android.internal.display.cutout.emulation.tall
package:com.android.internal.display.cutout.emulation.waterfall
package:com.retroarch.aarch64
package:com.android.internal.display.cutout.emulation.corner

===== 6. SURFACEFLINGER WINDOW LIST (fallback FPS method reference) =====
Display 0 name="Built-in Screen"#3
WindowedMagnification:0:31#4
HideDisplayCutout:0:14#5
OneHanded:0:14#6
FullscreenMagnification:0:12#7
Leaf:0:1#8
WallpaperWindowToken{853c819 token=android.os.Binder@6458b60}#88
e24bfa7 com.android.systemui.wallpapers.ImageWallpaper#89
com.android.systemui.wallpapers.ImageWallpaper#90
Wallpaper BBQ wrapper#91
DefaultTaskDisplayArea#9
Task=1#46
Task=85#95
6c8694b ActivityRecordInputSink com.retrohrai.launcher/.MainActivity#105
ActivityRecord{9a8ade6 u0 com.retrohrai.launcher/.MainActivity#96
610618e com.retrohrai.launcher/com.retrohrai.launcher.MainActivity#100
com.retrohrai.launcher/com.retrohrai.launcher.MainActivity#842
ImeContainer#12
WindowToken{f2861a5 type=2011 android.os.Binder@f45a39c}#106
Surface(name=780959e InputMethod)/@0x7f28877 - animation-leash of insets_animation#888
780959e InputMethod#109
Task=3#50
Task=4#51
Dim layer#55
Task=5#52
Dim layer#56
Leaf:3:12#10
WindowToken{b9893f7 type=2038 android.os.BinderProxy@d30172f}#53
3f823ff ShellDropTarget#54
ImePlaceholder:13:14#11
OneHanded:15:15#13
FullscreenMagnification:15:15#14
Leaf:15:15#15
WindowToken{564badf type=2000 android.os.BinderProxy@1e7157e}#76
Surface(name=44db32c StatusBar)/@0xe0425fb - animation-leash of insets_animation#852
44db32c StatusBar#77
StatusBar#87
HideDisplayCutout:16:16#16
OneHanded:16:16#17
FullscreenMagnification:16:16#18
Leaf:16:16#19
OneHanded:17:17#20
FullscreenMagnification:17:17#21
Leaf:17:17#22
WindowToken{c52e2e8 type=2040 android.os.BinderProxy@91e240b}#74
7e74594 NotificationShade#75
HideDisplayCutout:18:23#23
OneHanded:18:23#24
FullscreenMagnification:18:23#25
Leaf:18:23#26
Leaf:24:25#27
WindowToken{a8e2741 type=2019 android.os.BinderProxy@8ece28}#67
Surface(name=bc2b4e6 NavigationBar0)/@0x7753972 - animation-leash of insets_animation#843
bc2b4e6 NavigationBar0#68
NavigationBar0#83
WindowToken{76c8088 type=2024 android.os.BinderProxy@68b342b}#71
98c5a21 EdgeBackGestureHandler0#72
WindowToken{17a1d6c type=2024 android.os.BinderProxy@5b3661f}#81
37d9f35 SecondaryHomeHandle0#82
HideDisplayCutout:26:31#28
OneHanded:26:31#29
FullscreenMagnification:26:27#30
Leaf:26:27#31
Leaf:28:28#32
FullscreenMagnification:29:31#33
Leaf:29:31#34
WindowToken{180d40 type=2016 android.os.BinderProxy@d5ea0c3}#662
dc75479 com.ayaneo.gamewindow#663
#664
WindowToken{39d6bc4 type=2032 android.os.Binder@42416d7}#108
HideDisplayCutout:32:37#35
OneHanded:32:32#36
Leaf:32:32#37
FullscreenMagnification:33:33#38
Leaf:33:33#39
OneHanded:34:37#40
FullscreenMagnification:34:37#41
Leaf:34:37#42
Leaf:38:38#43
Accessibility Overlays#45
Display Overlays#44
[Gesture Monitor] edge-swipe#70
[Gesture Monitor] swipe-up#80
IME Handwriting Surface#846
WindowToken{58eee6d type=2024 android.os.BinderProxy@57ec684}#57
fceeaa2 ScreenDecorHwcOverlay#58
ScreenDecorHwcOverlay#65
WindowToken{871c58b type=2024 android.os.BinderProxy@73ff305}#61
723a668 ScreenDecorOverlay#62
WindowToken{843277b type=2024 android.os.BinderProxy@617230a}#63
ec17998 ScreenDecorOverlayBottom#64

===== 7. FPS + GPU BUSY% SAMPLING - 90s window, current foreground app =====
Sampling starts NOW on whatever is currently on screen.
If you want to test a specific game, launch it BEFORE running this script.
--- sample 0 pkg=com.retrohrai.launcher 17:55:21 ---
Applications Graphics Acceleration Info:
Uptime: 7203226 Realtime: 8191271

** Graphics info for pid 4082 [com.retrohrai.launcher] **

Stats since: 18786522231ns
Total frames rendered: 67792
Janky frames: 15319 (22.60%)
Janky frames (legacy): 21332 (31.47%)
50th percentile: 9ms
90th percentile: 29ms
95th percentile: 32ms
99th percentile: 42ms
Number Missed Vsync: 3615
Number High input latency: 33989
Number Slow UI thread: 3822
Number Slow bitmap uploads: 11
Number Slow issue draw commands: 15312
Number Frame deadline missed: 15319
Number Frame deadline missed (legacy): 18782
HISTOGRAM: 5ms=4964 6ms=9774 7ms=8125 8ms=8273 9ms=6263 10ms=4207 11ms=2475 12ms=4055 13ms=751 14ms=1003 15ms=1219 16ms=1251 17ms=858 18ms=788 19ms=1133 20ms=1608 21ms=1105 22ms=535 23ms=407 24ms=317 25ms=321 26ms=369 27ms=454 28ms=554 29ms=525 30ms=610 31ms=708 32ms=1768 34ms=1439 36ms=637 38ms=343 40ms=232 42ms=143 44ms=103 46ms=86 48ms=106 53ms=101 57ms=83 61ms=43 65ms=19 69ms=13 73ms=3 77ms=6 81ms=2 85ms=1 89ms=1 93ms=2 97ms=0 101ms=1 105ms=1 109ms=0 113ms=0 117ms=0 121ms=0 125ms=0 129ms=0 133ms=0 150ms=2 200ms=1 250ms=3 300ms=1 350ms=0 400ms=0 450ms=0 500ms=0 550ms=0 600ms=0 650ms=0 700ms=0 750ms=0 800ms=0 850ms=0 900ms=0 950ms=0 1000ms=0 1050ms=0 1100ms=0 1150ms=0 1200ms=0 1250ms=0 1300ms=0 1350ms=0 1400ms=0 1450ms=0 1500ms=0 1550ms=0 1600ms=0 1650ms=0 1700ms=0 1750ms=0 1800ms=0 1850ms=0 1900ms=0 1950ms=0 2000ms=0 2050ms=0 2100ms=0 2150ms=0 2200ms=0 2250ms=0 2300ms=0 2350ms=0 2400ms=0 2450ms=0 2500ms=0 2550ms=0 2600ms=0 2650ms=0 2700ms=0 2750ms=0 2800ms=0 2850ms=0 2900ms=0 2950ms=0 3000ms=0 3050ms=0 3100ms=0 3150ms=0 3200ms=0 3250ms=0 3300ms=0 3350ms=0 3400ms=0 3450ms=0 3500ms=0 3550ms=0 3600ms=0 3650ms=0 3700ms=0 3750ms=0 3800ms=0 3850ms=0 3900ms=0 3950ms=0 4000ms=0 4050ms=0 4100ms=0 4150ms=0 4200ms=0 4250ms=0 4300ms=0 4350ms=0 4400ms=0 4450ms=0 4500ms=0 4550ms=0 4600ms=0 4650ms=0 4700ms=0 4750ms=0 4800ms=0 4850ms=0 4900ms=0 4950ms=0
50th gpu percentile: 4ms
90th gpu percentile: 5ms
95th gpu percentile: 6ms
99th gpu percentile: 8ms
GPU HISTOGRAM: 1ms=95 2ms=1842 3ms=31759 4ms=24887 5ms=4522 6ms=1927 7ms=1968 8ms=585 9ms=172 10ms=29 11ms=1 12ms=2 13ms=1 14ms=0 15ms=0 16ms=0 17ms=1 18ms=1 19ms=0 20ms=0 21ms=0 22ms=0 23ms=0 24ms=0 25ms=0 4950ms=0

Pipeline=Skia (Vulkan)
Memory policy:
  Max surface area: 2073600
  Max resource usage: 99.53MB (x48)
  Background retention: 50% (altUiHidden = true)
  GPU Context timeout: 10
Contexts: 1 (stopped = 0)
CPU Caches:
  Glyph Cache: 361.71 KB (1 entry)
  Glyph Count: 85 
Total CPU memory usage:
  370387 bytes, 361.71 KB (0.00 bytes is purgeable)
GPU Caches:
gpu_busy_raw:  458055 1002712  gpu_busy_pct(computed): n/a
cpu_cur_freqs: p0=1248000 p2=2131200 p5=2035200 p7=2112000
--- sample 1 pkg=com.retrohrai.launcher 17:55:25 ---
Applications Graphics Acceleration Info:
Uptime: 7206383 Realtime: 8194427

** Graphics info for pid 4082 [com.retrohrai.launcher] **

Stats since: 18786522231ns
Total frames rendered: 68137
Janky frames: 15323 (22.49%)
Janky frames (legacy): 21348 (31.33%)
50th percentile: 9ms
90th percentile: 29ms
95th percentile: 32ms
99th percentile: 42ms
Number Missed Vsync: 3615
Number High input latency: 34039
Number Slow UI thread: 3826
Number Slow bitmap uploads: 11
Number Slow issue draw commands: 15316
Number Frame deadline missed: 15323
Number Frame deadline missed (legacy): 18795
HISTOGRAM: 5ms=4984 6ms=9774 7ms=8133 8ms=8355 9ms=6403 10ms=4280 11ms=2488 12ms=4060 13ms=754 14ms=1004 15ms=1219 16ms=1251 17ms=858 18ms=788 19ms=1133 20ms=1608 21ms=1105 22ms=535 23ms=407 24ms=317 25ms=321 26ms=369 27ms=454 28ms=554 29ms=525 30ms=610 31ms=708 32ms=1768 34ms=1439 36ms=637 38ms=343 40ms=232 42ms=143 44ms=103 46ms=86 48ms=106 53ms=101 57ms=83 61ms=43 65ms=19 69ms=13 73ms=3 77ms=6 81ms=2 85ms=1 89ms=1 93ms=2 97ms=0 101ms=1 105ms=1 109ms=0 113ms=0 117ms=0 121ms=0 125ms=0 129ms=0 133ms=0 150ms=2 200ms=1 250ms=3 300ms=1 350ms=0 400ms=0 450ms=0 500ms=0 550ms=0 600ms=0 650ms=0 700ms=0 750ms=0 800ms=0 850ms=0 900ms=0 950ms=0 1000ms=0 1050ms=0 1100ms=0 1150ms=0 1200ms=0 1250ms=0 1300ms=0 1350ms=0 1400ms=0 1450ms=0 1500ms=0 1550ms=0 1600ms=0 1650ms=0 1700ms=0 1750ms=0 1800ms=0 1850ms=0 1900ms=0 1950ms=0 2000ms=0 2050ms=0 2100ms=0 2150ms=0 2200ms=0 2250ms=0 2300ms=0 2350ms=0 2400ms=0 2450ms=0 2500ms=0 2550ms=0 2600ms=0 2650ms=0 2700ms=0 2750ms=0 2800ms=0 2850ms=0 2900ms=0 2950ms=0 3000ms=0 3050ms=0 3100ms=0 3150ms=0 3200ms=0 3250ms=0 3300ms=0 3350ms=0 3400ms=0 3450ms=0 3500ms=0 3550ms=0 3600ms=0 3650ms=0 3700ms=0 3750ms=0 3800ms=0 3850ms=0 3900ms=0 3950ms=0 4000ms=0 4050ms=0 4100ms=0 4150ms=0 4200ms=0 4250ms=0 4300ms=0 4350ms=0 4400ms=0 4450ms=0 4500ms=0 4550ms=0 4600ms=0 4650ms=0 4700ms=0 4750ms=0 4800ms=0 4850ms=0 4900ms=0 4950ms=0
50th gpu percentile: 4ms
90th gpu percentile: 5ms
95th gpu percentile: 6ms
99th gpu percentile: 8ms
GPU HISTOGRAM: 1ms=95 2ms=1859 3ms=31795 4ms=25023 5ms=4678 6ms=1927 7ms=1968 8ms=585 9ms=172 10ms=29 11ms=1 12ms=2 13ms=1 14ms=0 15ms=0 16ms=0 17ms=1 18ms=1 19ms=0 20ms=0 21ms=0 22ms=0 23ms=0 24ms=0 25ms=0 4950ms=0

Pipeline=Skia (Vulkan)
Memory policy:
  Max surface area: 2073600
  Max resource usage: 99.53MB (x48)
  Background retention: 50% (altUiHidden = true)
  GPU Context timeout: 10
Contexts: 1 (stopped = 0)
CPU Caches:
  Glyph Cache: 361.71 KB (1 entry)
  Glyph Count: 85 
Total CPU memory usage:
  370387 bytes, 361.71 KB (0.00 bytes is purgeable)
GPU Caches:
gpu_busy_raw:  452632 1002993  gpu_busy_pct(computed): -1929
cpu_cur_freqs: p0=1248000 p2=2131200 p5=2035200 p7=2112000
--- sample 2 pkg=com.retrohrai.launcher 17:55:28 ---
Applications Graphics Acceleration Info:
Uptime: 7209571 Realtime: 8197615

** Graphics info for pid 4082 [com.retrohrai.launcher] **

Stats since: 18786522231ns
Total frames rendered: 68419
Janky frames: 15326 (22.40%)
Janky frames (legacy): 21370 (31.23%)
50th percentile: 9ms
90th percentile: 29ms
95th percentile: 32ms
99th percentile: 42ms
Number Missed Vsync: 3615
Number High input latency: 34193
Number Slow UI thread: 3829
Number Slow bitmap uploads: 11
Number Slow issue draw commands: 15319
Number Frame deadline missed: 15326
Number Frame deadline missed (legacy): 18815
HISTOGRAM: 5ms=4994 6ms=9774 7ms=8136 8ms=8411 9ms=6514 10ms=4353 11ms=2510 12ms=4062 13ms=756 14ms=1006 15ms=1220 16ms=1251 17ms=858 18ms=788 19ms=1133 20ms=1608 21ms=1105 22ms=535 23ms=407 24ms=317 25ms=321 26ms=369 27ms=454 28ms=554 29ms=525 30ms=610 31ms=708 32ms=1768 34ms=1439 36ms=637 38ms=343 40ms=232 42ms=143 44ms=103 46ms=86 48ms=106 53ms=101 57ms=83 61ms=43 65ms=19 69ms=13 73ms=3 77ms=6 81ms=2 85ms=1 89ms=1 93ms=2 97ms=0 101ms=1 105ms=1 109ms=0 113ms=0 117ms=0 121ms=0 125ms=0 129ms=0 133ms=0 150ms=2 200ms=1 250ms=3 300ms=1 350ms=0 400ms=0 450ms=0 500ms=0 550ms=0 600ms=0 650ms=0 700ms=0 750ms=0 800ms=0 850ms=0 900ms=0 950ms=0 1000ms=0 1050ms=0 1100ms=0 1150ms=0 1200ms=0 1250ms=0 1300ms=0 1350ms=0 1400ms=0 1450ms=0 1500ms=0 1550ms=0 1600ms=0 1650ms=0 1700ms=0 1750ms=0 1800ms=0 1850ms=0 1900ms=0 1950ms=0 2000ms=0 2050ms=0 2100ms=0 2150ms=0 2200ms=0 2250ms=0 2300ms=0 2350ms=0 2400ms=0 2450ms=0 2500ms=0 2550ms=0 2600ms=0 2650ms=0 2700ms=0 2750ms=0 2800ms=0 2850ms=0 2900ms=0 2950ms=0 3000ms=0 3050ms=0 3100ms=0 3150ms=0 3200ms=0 3250ms=0 3300ms=0 3350ms=0 3400ms=0 3450ms=0 3500ms=0 3550ms=0 3600ms=0 3650ms=0 3700ms=0 3750ms=0 3800ms=0 3850ms=0 3900ms=0 3950ms=0 4000ms=0 4050ms=0 4100ms=0 4150ms=0 4200ms=0 4250ms=0 4300ms=0 4350ms=0 4400ms=0 4450ms=0 4500ms=0 4550ms=0 4600ms=0 4650ms=0 4700ms=0 4750ms=0 4800ms=0 4850ms=0 4900ms=0 4950ms=0
50th gpu percentile: 4ms
90th gpu percentile: 5ms
95th gpu percentile: 6ms
99th gpu percentile: 8ms
GPU HISTOGRAM: 1ms=95 2ms=1869 3ms=31822 4ms=25150 5ms=4796 6ms=1927 7ms=1968 8ms=585 9ms=172 10ms=29 11ms=1 12ms=2 13ms=1 14ms=0 15ms=0 16ms=0 17ms=1 18ms=1 19ms=0 20ms=0 21ms=0 22ms=0 23ms=0 24ms=0 25ms=0 4950ms=0

Pipeline=Skia (Vulkan)
Memory policy:
  Max surface area: 2073600
  Max resource usage: 99.53MB (x48)
  Background retention: 50% (altUiHidden = true)
  GPU Context timeout: 10
Contexts: 1 (stopped = 0)
CPU Caches:
  Glyph Cache: 361.71 KB (1 entry)
  Glyph Count: 85 
Total CPU memory usage:
  370387 bytes, 361.71 KB (0.00 bytes is purgeable)
GPU Caches:
gpu_busy_raw:  232567 1007831  gpu_busy_pct(computed): -4548
cpu_cur_freqs: p0=1248000 p2=2131200 p5=2035200 p7=2112000
--- sample 3 pkg=com.retrohrai.launcher 17:55:31 ---
Applications Graphics Acceleration Info:
Uptime: 7212742 Realtime: 8200787

** Graphics info for pid 4082 [com.retrohrai.launcher] **

Stats since: 18786522231ns
Total frames rendered: 68769
Janky frames: 15328 (22.29%)
Janky frames (legacy): 21386 (31.10%)
50th percentile: 9ms
90th percentile: 29ms
95th percentile: 32ms
99th percentile: 42ms
Number Missed Vsync: 3615
Number High input latency: 34381
Number Slow UI thread: 3831
Number Slow bitmap uploads: 11
Number Slow issue draw commands: 15321
Number Frame deadline missed: 15328
Number Frame deadline missed (legacy): 18825
HISTOGRAM: 5ms=5028 6ms=9775 7ms=8139 8ms=8469 9ms=6625 10ms=4453 11ms=2542 12ms=4070 13ms=758 14ms=1007 15ms=1220 16ms=1251 17ms=858 18ms=788 19ms=1133 20ms=1608 21ms=1105 22ms=535 23ms=407 24ms=317 25ms=321 26ms=369 27ms=454 28ms=554 29ms=525 30ms=610 31ms=708 32ms=1768 34ms=1439 36ms=637 38ms=343 40ms=232 42ms=143 44ms=103 46ms=86 48ms=106 53ms=101 57ms=83 61ms=43 65ms=19 69ms=13 73ms=3 77ms=6 81ms=2 85ms=1 89ms=1 93ms=2 97ms=0 101ms=1 105ms=1 109ms=0 113ms=0 117ms=0 121ms=0 125ms=0 129ms=0 133ms=0 150ms=2 200ms=1 250ms=3 300ms=1 350ms=0 400ms=0 450ms=0 500ms=0 550ms=0 600ms=0 650ms=0 700ms=0 750ms=0 800ms=0 850ms=0 900ms=0 950ms=0 1000ms=0 1050ms=0 1100ms=0 1150ms=0 1200ms=0 1250ms=0 1300ms=0 1350ms=0 1400ms=0 1450ms=0 1500ms=0 1550ms=0 1600ms=0 1650ms=0 1700ms=0 1750ms=0 1800ms=0 1850ms=0 1900ms=0 1950ms=0 2000ms=0 2050ms=0 2100ms=0 2150ms=0 2200ms=0 2250ms=0 2300ms=0 2350ms=0 2400ms=0 2450ms=0 2500ms=0 2550ms=0 2600ms=0 2650ms=0 2700ms=0 2750ms=0 2800ms=0 2850ms=0 2900ms=0 2950ms=0 3000ms=0 3050ms=0 3100ms=0 3150ms=0 3200ms=0 3250ms=0 3300ms=0 3350ms=0 3400ms=0 3450ms=0 3500ms=0 3550ms=0 3600ms=0 3650ms=0 3700ms=0 3750ms=0 3800ms=0 3850ms=0 3900ms=0 3950ms=0 4000ms=0 4050ms=0 4100ms=0 4150ms=0 4200ms=0 4250ms=0 4300ms=0 4350ms=0 4400ms=0 4450ms=0 4500ms=0 4550ms=0 4600ms=0 4650ms=0 4700ms=0 4750ms=0 4800ms=0 4850ms=0 4900ms=0 4950ms=0
50th gpu percentile: 4ms
90th gpu percentile: 5ms
95th gpu percentile: 6ms
99th gpu percentile: 8ms
GPU HISTOGRAM: 1ms=95 2ms=1895 3ms=31857 4ms=25268 5ms=4967 6ms=1927 7ms=1968 8ms=585 9ms=172 10ms=29 11ms=1 12ms=2 13ms=1 14ms=0 15ms=0 16ms=0 17ms=1 18ms=1 19ms=0 20ms=0 21ms=0 22ms=0 23ms=0 24ms=0 25ms=0 4950ms=0

Pipeline=Skia (Vulkan)
Memory policy:
  Max surface area: 2073600
  Max resource usage: 99.53MB (x48)
  Background retention: 50% (altUiHidden = true)
  GPU Context timeout: 10
Contexts: 1 (stopped = 0)
CPU Caches:
  Glyph Cache: 361.71 KB (1 entry)
  Glyph Count: 85 
Total CPU memory usage:
  370387 bytes, 361.71 KB (0.00 bytes is purgeable)
GPU Caches:
gpu_busy_raw:  465192 1006647  gpu_busy_pct(computed): n/a
cpu_cur_freqs: p0=1248000 p2=2131200 p5=2035200 p7=2112000
--- sample 4 pkg=com.retrohrai.launcher 17:55:34 ---
Applications Graphics Acceleration Info:
Uptime: 7215917 Realtime: 8203962

** Graphics info for pid 4082 [com.retrohrai.launcher] **

Stats since: 18786522231ns
Total frames rendered: 69118
Janky frames: 15332 (22.18%)
Janky frames (legacy): 21403 (30.97%)
50th percentile: 9ms
90th percentile: 29ms
95th percentile: 32ms
99th percentile: 42ms
Number Missed Vsync: 3615
Number High input latency: 34698
Number Slow UI thread: 3835
Number Slow bitmap uploads: 11
Number Slow issue draw commands: 15325
Number Frame deadline missed: 15332
Number Frame deadline missed (legacy): 18835
HISTOGRAM: 5ms=5053 6ms=9775 7ms=8152 8ms=8538 9ms=6756 10ms=4531 11ms=2562 12ms=4074 13ms=761 14ms=1010 15ms=1221 16ms=1253 17ms=858 18ms=788 19ms=1133 20ms=1608 21ms=1105 22ms=535 23ms=407 24ms=317 25ms=321 26ms=369 27ms=454 28ms=554 29ms=525 30ms=610 31ms=708 32ms=1768 34ms=1439 36ms=637 38ms=343 40ms=232 42ms=143 44ms=103 46ms=86 48ms=106 53ms=101 57ms=83 61ms=43 65ms=19 69ms=13 73ms=3 77ms=6 81ms=2 85ms=1 89ms=1 93ms=2 97ms=0 101ms=1 105ms=1 109ms=0 113ms=0 117ms=0 121ms=0 125ms=0 129ms=0 133ms=0 150ms=2 200ms=1 250ms=3 300ms=1 350ms=0 400ms=0 450ms=0 500ms=0 550ms=0 600ms=0 650ms=0 700ms=0 750ms=0 800ms=0 850ms=0 900ms=0 950ms=0 1000ms=0 1050ms=0 1100ms=0 1150ms=0 1200ms=0 1250ms=0 1300ms=0 1350ms=0 1400ms=0 1450ms=0 1500ms=0 1550ms=0 1600ms=0 1650ms=0 1700ms=0 1750ms=0 1800ms=0 1850ms=0 1900ms=0 1950ms=0 2000ms=0 2050ms=0 2100ms=0 2150ms=0 2200ms=0 2250ms=0 2300ms=0 2350ms=0 2400ms=0 2450ms=0 2500ms=0 2550ms=0 2600ms=0 2650ms=0 2700ms=0 2750ms=0 2800ms=0 2850ms=0 2900ms=0 2950ms=0 3000ms=0 3050ms=0 3100ms=0 3150ms=0 3200ms=0 3250ms=0 3300ms=0 3350ms=0 3400ms=0 3450ms=0 3500ms=0 3550ms=0 3600ms=0 3650ms=0 3700ms=0 3750ms=0 3800ms=0 3850ms=0 3900ms=0 3950ms=0 4000ms=0 4050ms=0 4100ms=0 4150ms=0 4200ms=0 4250ms=0 4300ms=0 4350ms=0 4400ms=0 4450ms=0 4500ms=0 4550ms=0 4600ms=0 4650ms=0 4700ms=0 4750ms=0 4800ms=0 4850ms=0 4900ms=0 4950ms=0
50th gpu percentile: 4ms
90th gpu percentile: 5ms
95th gpu percentile: 6ms
99th gpu percentile: 8ms
GPU HISTOGRAM: 1ms=95 2ms=1913 3ms=31898 4ms=25390 5ms=5135 6ms=1927 7ms=1968 8ms=585 9ms=172 10ms=29 11ms=1 12ms=2 13ms=1 14ms=0 15ms=0 16ms=0 17ms=1 18ms=1 19ms=0 20ms=0 21ms=0 22ms=0 23ms=0 24ms=0 25ms=0 4950ms=0

Pipeline=Skia (Vulkan)
Memory policy:
  Max surface area: 2073600
  Max resource usage: 99.53MB (x48)
  Background retention: 50% (altUiHidden = true)
  GPU Context timeout: 10
Contexts: 1 (stopped = 0)
CPU Caches:
  Glyph Cache: 361.71 KB (1 entry)
  Glyph Count: 85 
Total CPU memory usage:
  370387 bytes, 361.71 KB (0.00 bytes is purgeable)
GPU Caches:
gpu_busy_raw:  476228 1001658  gpu_busy_pct(computed): n/a
cpu_cur_freqs: p0=1248000 p2=2131200 p5=2035200 p7=2112000
--- sample 5 pkg=com.retrohrai.launcher 17:55:37 ---
Applications Graphics Acceleration Info:
Uptime: 7219061 Realtime: 8207105

** Graphics info for pid 4082 [com.retrohrai.launcher] **

Stats since: 18786522231ns
Total frames rendered: 69465
Janky frames: 15333 (22.07%)
Janky frames (legacy): 21423 (30.84%)
50th percentile: 9ms
90th percentile: 29ms
95th percentile: 32ms
99th percentile: 42ms
Number Missed Vsync: 3615
Number High input latency: 34905
Number Slow UI thread: 3836
Number Slow bitmap uploads: 11
Number Slow issue draw commands: 15326
Number Frame deadline missed: 15333
Number Frame deadline missed (legacy): 18848
HISTOGRAM: 5ms=5069 6ms=9775 7ms=8157 8ms=8589 9ms=6905 10ms=4623 11ms=2585 12ms=4079 13ms=767 14ms=1010 15ms=1221 16ms=1253 17ms=858 18ms=788 19ms=1133 20ms=1608 21ms=1105 22ms=535 23ms=407 24ms=317 25ms=321 26ms=369 27ms=454 28ms=554 29ms=525 30ms=610 31ms=708 32ms=1768 34ms=1439 36ms=637 38ms=343 40ms=232 42ms=143 44ms=103 46ms=86 48ms=106 53ms=101 57ms=83 61ms=43 65ms=19 69ms=13 73ms=3 77ms=6 81ms=2 85ms=1 89ms=1 93ms=2 97ms=0 101ms=1 105ms=1 109ms=0 113ms=0 117ms=0 121ms=0 125ms=0 129ms=0 133ms=0 150ms=2 200ms=1 250ms=3 300ms=1 350ms=0 400ms=0 450ms=0 500ms=0 550ms=0 600ms=0 650ms=0 700ms=0 750ms=0 800ms=0 850ms=0 900ms=0 950ms=0 1000ms=0 1050ms=0 1100ms=0 1150ms=0 1200ms=0 1250ms=0 1300ms=0 1350ms=0 1400ms=0 1450ms=0 1500ms=0 1550ms=0 1600ms=0 1650ms=0 1700ms=0 1750ms=0 1800ms=0 1850ms=0 1900ms=0 1950ms=0 2000ms=0 2050ms=0 2100ms=0 2150ms=0 2200ms=0 2250ms=0 2300ms=0 2350ms=0 2400ms=0 2450ms=0 2500ms=0 2550ms=0 2600ms=0 2650ms=0 2700ms=0 2750ms=0 2800ms=0 2850ms=0 2900ms=0 2950ms=0 3000ms=0 3050ms=0 3100ms=0 3150ms=0 3200ms=0 3250ms=0 3300ms=0 3350ms=0 3400ms=0 3450ms=0 3500ms=0 3550ms=0 3600ms=0 3650ms=0 3700ms=0 3750ms=0 3800ms=0 3850ms=0 3900ms=0 3950ms=0 4000ms=0 4050ms=0 4100ms=0 4150ms=0 4200ms=0 4250ms=0 4300ms=0 4350ms=0 4400ms=0 4450ms=0 4500ms=0 4550ms=0 4600ms=0 4650ms=0 4700ms=0 4750ms=0 4800ms=0 4850ms=0 4900ms=0 4950ms=0
50th gpu percentile: 4ms
90th gpu percentile: 5ms
95th gpu percentile: 6ms
99th gpu percentile: 8ms
GPU HISTOGRAM: 1ms=95 2ms=1928 3ms=31931 4ms=25514 5ms=5310 6ms=1927 7ms=1968 8ms=585 9ms=172 10ms=29 11ms=1 12ms=2 13ms=1 14ms=0 15ms=0 16ms=0 17ms=1 18ms=1 19ms=0 20ms=0 21ms=0 22ms=0 23ms=0 24ms=0 25ms=0 4950ms=0

Pipeline=Skia (Vulkan)
Memory policy:
  Max surface area: 2073600
  Max resource usage: 99.53MB (x48)
  Background retention: 50% (altUiHidden = true)
  GPU Context timeout: 10
Contexts: 1 (stopped = 0)
CPU Caches:
  Glyph Cache: 361.71 KB (1 entry)
  Glyph Count: 85 
Total CPU memory usage:
  370387 bytes, 361.71 KB (0.00 bytes is purgeable)
GPU Caches:
gpu_busy_raw:  509066 1003785  gpu_busy_pct(computed): 1543
cpu_cur_freqs: p0=1248000 p2=2131200 p5=2035200 p7=2112000
--- sample 6 pkg=com.retrohrai.launcher 17:55:40 ---
Applications Graphics Acceleration Info:
Uptime: 7222225 Realtime: 8210270

** Graphics info for pid 4082 [com.retrohrai.launcher] **

Stats since: 18786522231ns
Total frames rendered: 69824
Janky frames: 15333 (21.96%)
Janky frames (legacy): 21443 (30.71%)
50th percentile: 9ms
90th percentile: 29ms
95th percentile: 32ms
99th percentile: 42ms
Number Missed Vsync: 3615
Number High input latency: 35088
Number Slow UI thread: 3836
Number Slow bitmap uploads: 11
Number Slow issue draw commands: 15326
Number Frame deadline missed: 15333
Number Frame deadline missed (legacy): 18859
HISTOGRAM: 5ms=5082 6ms=9775 7ms=8158 8ms=8648 9ms=7061 10ms=4724 11ms=2602 12ms=4089 13ms=769 14ms=1010 15ms=1221 16ms=1253 17ms=858 18ms=788 19ms=1133 20ms=1608 21ms=1105 22ms=535 23ms=407 24ms=317 25ms=321 26ms=369 27ms=454 28ms=554 29ms=525 30ms=610 31ms=708 32ms=1768 34ms=1439 36ms=637 38ms=343 40ms=232 42ms=143 44ms=103 46ms=86 48ms=106 53ms=101 57ms=83 61ms=43 65ms=19 69ms=13 73ms=3 77ms=6 81ms=2 85ms=1 89ms=1 93ms=2 97ms=0 101ms=1 105ms=1 109ms=0 113ms=0 117ms=0 121ms=0 125ms=0 129ms=0 133ms=0 150ms=2 200ms=1 250ms=3 300ms=1 350ms=0 400ms=0 450ms=0 500ms=0 550ms=0 600ms=0 650ms=0 700ms=0 750ms=0 800ms=0 850ms=0 900ms=0 950ms=0 1000ms=0 1050ms=0 1100ms=0 1150ms=0 1200ms=0 1250ms=0 1300ms=0 1350ms=0 1400ms=0 1450ms=0 1500ms=0 1550ms=0 1600ms=0 1650ms=0 1700ms=0 1750ms=0 1800ms=0 1850ms=0 1900ms=0 1950ms=0 2000ms=0 2050ms=0 2100ms=0 2150ms=0 2200ms=0 2250ms=0 2300ms=0 2350ms=0 2400ms=0 2450ms=0 2500ms=0 2550ms=0 2600ms=0 2650ms=0 2700ms=0 2750ms=0 2800ms=0 2850ms=0 2900ms=0 2950ms=0 3000ms=0 3050ms=0 3100ms=0 3150ms=0 3200ms=0 3250ms=0 3300ms=0 3350ms=0 3400ms=0 3450ms=0 3500ms=0 3550ms=0 3600ms=0 3650ms=0 3700ms=0 3750ms=0 3800ms=0 3850ms=0 3900ms=0 3950ms=0 4000ms=0 4050ms=0 4100ms=0 4150ms=0 4200ms=0 4250ms=0 4300ms=0 4350ms=0 4400ms=0 4450ms=0 4500ms=0 4550ms=0 4600ms=0 4650ms=0 4700ms=0 4750ms=0 4800ms=0 4850ms=0 4900ms=0 4950ms=0
50th gpu percentile: 4ms
90th gpu percentile: 5ms
95th gpu percentile: 6ms
99th gpu percentile: 8ms
GPU HISTOGRAM: 1ms=95 2ms=1940 3ms=31963 4ms=25660 5ms=5479 6ms=1927 7ms=1968 8ms=585 9ms=172 10ms=29 11ms=1 12ms=2 13ms=1 14ms=0 15ms=0 16ms=0 17ms=1 18ms=1 19ms=0 20ms=0 21ms=0 22ms=0 23ms=0 24ms=0 25ms=0 4950ms=0

Pipeline=Skia (Vulkan)
Memory policy:
  Max surface area: 2073600
  Max resource usage: 99.53MB (x48)
  Background retention: 50% (altUiHidden = true)
  GPU Context timeout: 10
Contexts: 1 (stopped = 0)
CPU Caches:
  Glyph Cache: 361.71 KB (1 entry)
  Glyph Count: 85 
Total CPU memory usage:
  370387 bytes, 361.71 KB (0.00 bytes is purgeable)
GPU Caches:
gpu_busy_raw:  455691 1008003  gpu_busy_pct(computed): -1265
cpu_cur_freqs: p0=1248000 p2=2131200 p5=2035200 p7=2112000
--- sample 7 pkg=com.retrohrai.launcher 17:55:44 ---
Applications Graphics Acceleration Info:
Uptime: 7225395 Realtime: 8213439

** Graphics info for pid 4082 [com.retrohrai.launcher] **

Stats since: 18786522231ns
Total frames rendered: 70181
Janky frames: 15335 (21.85%)
Janky frames (legacy): 21464 (30.58%)
50th percentile: 9ms
90th percentile: 28ms
95th percentile: 32ms
99th percentile: 42ms
Number Missed Vsync: 3615
Number High input latency: 35223
Number Slow UI thread: 3838
Number Slow bitmap uploads: 11
Number Slow issue draw commands: 15328
Number Frame deadline missed: 15335
Number Frame deadline missed (legacy): 18872
HISTOGRAM: 5ms=5088 6ms=9775 7ms=8159 8ms=8711 9ms=7219 10ms=4823 11ms=2617 12ms=4096 13ms=776 14ms=1011 15ms=1221 16ms=1253 17ms=858 18ms=788 19ms=1133 20ms=1608 21ms=1105 22ms=535 23ms=407 24ms=317 25ms=321 26ms=369 27ms=454 28ms=554 29ms=525 30ms=610 31ms=708 32ms=1768 34ms=1439 36ms=637 38ms=343 40ms=232 42ms=143 44ms=103 46ms=86 48ms=106 53ms=101 57ms=83 61ms=43 65ms=19 69ms=13 73ms=3 77ms=6 81ms=2 85ms=1 89ms=1 93ms=2 97ms=0 101ms=1 105ms=1 109ms=0 113ms=0 117ms=0 121ms=0 125ms=0 129ms=0 133ms=0 150ms=2 200ms=1 250ms=3 300ms=1 350ms=0 400ms=0 450ms=0 500ms=0 550ms=0 600ms=0 650ms=0 700ms=0 750ms=0 800ms=0 850ms=0 900ms=0 950ms=0 1000ms=0 1050ms=0 1100ms=0 1150ms=0 1200ms=0 1250ms=0 1300ms=0 1350ms=0 1400ms=0 1450ms=0 1500ms=0 1550ms=0 1600ms=0 1650ms=0 1700ms=0 1750ms=0 1800ms=0 1850ms=0 1900ms=0 1950ms=0 2000ms=0 2050ms=0 2100ms=0 2150ms=0 2200ms=0 2250ms=0 2300ms=0 2350ms=0 2400ms=0 2450ms=0 2500ms=0 2550ms=0 2600ms=0 2650ms=0 2700ms=0 2750ms=0 2800ms=0 2850ms=0 2900ms=0 2950ms=0 3000ms=0 3050ms=0 3100ms=0 3150ms=0 3200ms=0 3250ms=0 3300ms=0 3350ms=0 3400ms=0 3450ms=0 3500ms=0 3550ms=0 3600ms=0 3650ms=0 3700ms=0 3750ms=0 3800ms=0 3850ms=0 3900ms=0 3950ms=0 4000ms=0 4050ms=0 4100ms=0 4150ms=0 4200ms=0 4250ms=0 4300ms=0 4350ms=0 4400ms=0 4450ms=0 4500ms=0 4550ms=0 4600ms=0 4650ms=0 4700ms=0 4750ms=0 4800ms=0 4850ms=0 4900ms=0 4950ms=0
50th gpu percentile: 4ms
90th gpu percentile: 5ms
95th gpu percentile: 6ms
99th gpu percentile: 8ms
GPU HISTOGRAM: 1ms=95 2ms=1946 3ms=31995 4ms=25805 5ms=5653 6ms=1927 7ms=1968 8ms=585 9ms=172 10ms=29 11ms=1 12ms=2 13ms=1 14ms=0 15ms=0 16ms=0 17ms=1 18ms=1 19ms=0 20ms=0 21ms=0 22ms=0 23ms=0 24ms=0 25ms=0 4950ms=0

Pipeline=Skia (Vulkan)
Memory policy:
  Max surface area: 2073600
  Max resource usage: 99.53MB (x48)
  Background retention: 50% (altUiHidden = true)
  GPU Context timeout: 10
Contexts: 1 (stopped = 0)
CPU Caches:
  Glyph Cache: 361.71 KB (1 entry)
  Glyph Count: 85 
Total CPU memory usage:
  370387 bytes, 361.71 KB (0.00 bytes is purgeable)
GPU Caches:
gpu_busy_raw:  460675 1001943  gpu_busy_pct(computed): n/a
cpu_cur_freqs: p0=1248000 p2=2131200 p5=2035200 p7=2112000
--- sample 8 pkg=com.retrohrai.launcher 17:55:47 ---
Applications Graphics Acceleration Info:
Uptime: 7228548 Realtime: 8216593

** Graphics info for pid 4082 [com.retrohrai.launcher] **

Stats since: 18786522231ns
Total frames rendered: 70538
Janky frames: 15337 (21.74%)
Janky frames (legacy): 21486 (30.46%)
50th percentile: 9ms
90th percentile: 28ms
95th percentile: 32ms
99th percentile: 42ms
Number Missed Vsync: 3615
Number High input latency: 35475
Number Slow UI thread: 3840
Number Slow bitmap uploads: 11
Number Slow issue draw commands: 15330
Number Frame deadline missed: 15337
Number Frame deadline missed (legacy): 18882
HISTOGRAM: 5ms=5111 6ms=9776 7ms=8159 8ms=8762 9ms=7348 10ms=4933 11ms=2643 12ms=4106 13ms=782 14ms=1012 15ms=1221 16ms=1253 17ms=858 18ms=788 19ms=1133 20ms=1608 21ms=1105 22ms=535 23ms=407 24ms=317 25ms=321 26ms=369 27ms=454 28ms=554 29ms=525 30ms=610 31ms=708 32ms=1768 34ms=1439 36ms=637 38ms=343 40ms=232 42ms=143 44ms=103 46ms=86 48ms=106 53ms=101 57ms=83 61ms=43 65ms=19 69ms=13 73ms=3 77ms=6 81ms=2 85ms=1 89ms=1 93ms=2 97ms=0 101ms=1 105ms=1 109ms=0 113ms=0 117ms=0 121ms=0 125ms=0 129ms=0 133ms=0 150ms=2 200ms=1 250ms=3 300ms=1 350ms=0 400ms=0 450ms=0 500ms=0 550ms=0 600ms=0 650ms=0 700ms=0 750ms=0 800ms=0 850ms=0 900ms=0 950ms=0 1000ms=0 1050ms=0 1100ms=0 1150ms=0 1200ms=0 1250ms=0 1300ms=0 1350ms=0 1400ms=0 1450ms=0 1500ms=0 1550ms=0 1600ms=0 1650ms=0 1700ms=0 1750ms=0 1800ms=0 1850ms=0 1900ms=0 1950ms=0 2000ms=0 2050ms=0 2100ms=0 2150ms=0 2200ms=0 2250ms=0 2300ms=0 2350ms=0 2400ms=0 2450ms=0 2500ms=0 2550ms=0 2600ms=0 2650ms=0 2700ms=0 2750ms=0 2800ms=0 2850ms=0 2900ms=0 2950ms=0 3000ms=0 3050ms=0 3100ms=0 3150ms=0 3200ms=0 3250ms=0 3300ms=0 3350ms=0 3400ms=0 3450ms=0 3500ms=0 3550ms=0 3600ms=0 3650ms=0 3700ms=0 3750ms=0 3800ms=0 3850ms=0 3900ms=0 3950ms=0 4000ms=0 4050ms=0 4100ms=0 4150ms=0 4200ms=0 4250ms=0 4300ms=0 4350ms=0 4400ms=0 4450ms=0 4500ms=0 4550ms=0 4600ms=0 4650ms=0 4700ms=0 4750ms=0 4800ms=0 4850ms=0 4900ms=0 4950ms=0
50th gpu percentile: 4ms
90th gpu percentile: 5ms
95th gpu percentile: 6ms
99th gpu percentile: 8ms
GPU HISTOGRAM: 1ms=95 2ms=1967 3ms=32029 4ms=25919 5ms=5841 6ms=1927 7ms=1968 8ms=585 9ms=172 10ms=29 11ms=1 12ms=2 13ms=1 14ms=0 15ms=0 16ms=0 17ms=1 18ms=1 19ms=0 20ms=0 21ms=0 22ms=0 23ms=0 24ms=0 25ms=0 4950ms=0

Pipeline=Skia (Vulkan)
Memory policy:
  Max surface area: 2073600
  Max resource usage: 99.53MB (x48)
  Background retention: 50% (altUiHidden = true)
  GPU Context timeout: 10
Contexts: 1 (stopped = 0)
CPU Caches:
  Glyph Cache: 361.71 KB (1 entry)
  Glyph Count: 85 
Total CPU memory usage:
  370387 bytes, 361.71 KB (0.00 bytes is purgeable)
GPU Caches:
gpu_busy_raw:  501070 1003260  gpu_busy_pct(computed): 3067
cpu_cur_freqs: p0=1248000 p2=2131200 p5=2035200 p7=2112000
--- sample 9 pkg=com.retrohrai.launcher 17:55:50 ---
Applications Graphics Acceleration Info:
Uptime: 7231704 Realtime: 8219748

** Graphics info for pid 4082 [com.retrohrai.launcher] **

Stats since: 18786522231ns
Total frames rendered: 70897
Janky frames: 15339 (21.64%)
Janky frames (legacy): 21505 (30.33%)
50th percentile: 9ms
90th percentile: 28ms
95th percentile: 32ms
99th percentile: 42ms
Number Missed Vsync: 3615
Number High input latency: 35776
Number Slow UI thread: 3842
Number Slow bitmap uploads: 11
Number Slow issue draw commands: 15332
Number Frame deadline missed: 15339
Number Frame deadline missed (legacy): 18890
HISTOGRAM: 5ms=5132 6ms=9776 7ms=8161 8ms=8805 9ms=7488 10ms=5048 11ms=2667 12ms=4114 13ms=788 14ms=1012 15ms=1221 16ms=1253 17ms=858 18ms=788 19ms=1133 20ms=1608 21ms=1105 22ms=535 23ms=407 24ms=317 25ms=321 26ms=369 27ms=454 28ms=554 29ms=525 30ms=610 31ms=708 32ms=1768 34ms=1439 36ms=637 38ms=343 40ms=232 42ms=143 44ms=103 46ms=86 48ms=106 53ms=101 57ms=83 61ms=43 65ms=19 69ms=13 73ms=3 77ms=6 81ms=2 85ms=1 89ms=1 93ms=2 97ms=0 101ms=1 105ms=1 109ms=0 113ms=0 117ms=0 121ms=0 125ms=0 129ms=0 133ms=0 150ms=2 200ms=1 250ms=3 300ms=1 350ms=0 400ms=0 450ms=0 500ms=0 550ms=0 600ms=0 650ms=0 700ms=0 750ms=0 800ms=0 850ms=0 900ms=0 950ms=0 1000ms=0 1050ms=0 1100ms=0 1150ms=0 1200ms=0 1250ms=0 1300ms=0 1350ms=0 1400ms=0 1450ms=0 1500ms=0 1550ms=0 1600ms=0 1650ms=0 1700ms=0 1750ms=0 1800ms=0 1850ms=0 1900ms=0 1950ms=0 2000ms=0 2050ms=0 2100ms=0 2150ms=0 2200ms=0 2250ms=0 2300ms=0 2350ms=0 2400ms=0 2450ms=0 2500ms=0 2550ms=0 2600ms=0 2650ms=0 2700ms=0 2750ms=0 2800ms=0 2850ms=0 2900ms=0 2950ms=0 3000ms=0 3050ms=0 3100ms=0 3150ms=0 3200ms=0 3250ms=0 3300ms=0 3350ms=0 3400ms=0 3450ms=0 3500ms=0 3550ms=0 3600ms=0 3650ms=0 3700ms=0 3750ms=0 3800ms=0 3850ms=0 3900ms=0 3950ms=0 4000ms=0 4050ms=0 4100ms=0 4150ms=0 4200ms=0 4250ms=0 4300ms=0 4350ms=0 4400ms=0 4450ms=0 4500ms=0 4550ms=0 4600ms=0 4650ms=0 4700ms=0 4750ms=0 4800ms=0 4850ms=0 4900ms=0 4950ms=0
50th gpu percentile: 4ms
90th gpu percentile: 5ms
95th gpu percentile: 6ms
99th gpu percentile: 8ms
GPU HISTOGRAM: 1ms=95 2ms=1982 3ms=32061 4ms=26044 5ms=6028 6ms=1927 7ms=1968 8ms=585 9ms=172 10ms=29 11ms=1 12ms=2 13ms=1 14ms=0 15ms=0 16ms=0 17ms=1 18ms=1 19ms=0 20ms=0 21ms=0 22ms=0 23ms=0 24ms=0 25ms=0 4950ms=0

Pipeline=Skia (Vulkan)
Memory policy:
  Max surface area: 2073600
  Max resource usage: 99.53MB (x48)
  Background retention: 50% (altUiHidden = true)
  GPU Context timeout: 10
Contexts: 1 (stopped = 0)
CPU Caches:
  Glyph Cache: 361.71 KB (1 entry)
  Glyph Count: 85 
Total CPU memory usage:
  370387 bytes, 361.71 KB (0.00 bytes is purgeable)
GPU Caches:
gpu_busy_raw:  518454 1004193  gpu_busy_pct(computed): 1863
cpu_cur_freqs: p0=1248000 p2=2131200 p5=2035200 p7=2112000
--- sample 10 pkg=com.retrohrai.launcher 17:55:53 ---
Applications Graphics Acceleration Info:
Uptime: 7234853 Realtime: 8222898

** Graphics info for pid 4082 [com.retrohrai.launcher] **

Stats since: 18786522231ns
Total frames rendered: 71240
Janky frames: 15342 (21.54%)
Janky frames (legacy): 21523 (30.21%)
50th percentile: 9ms
90th percentile: 28ms
95th percentile: 32ms
99th percentile: 42ms
Number Missed Vsync: 3615
Number High input latency: 35994
Number Slow UI thread: 3845
Number Slow bitmap uploads: 11
Number Slow issue draw commands: 15335
Number Frame deadline missed: 15342
Number Frame deadline missed (legacy): 18902
HISTOGRAM: 5ms=5152 6ms=9776 7ms=8162 8ms=8877 9ms=7621 10ms=5133 11ms=2687 12ms=4121 13ms=789 14ms=1016 15ms=1221 16ms=1253 17ms=858 18ms=788 19ms=1133 20ms=1608 21ms=1105 22ms=535 23ms=407 24ms=317 25ms=321 26ms=369 27ms=454 28ms=554 29ms=525 30ms=610 31ms=708 32ms=1768 34ms=1439 36ms=637 38ms=343 40ms=232 42ms=143 44ms=103 46ms=86 48ms=106 53ms=101 57ms=83 61ms=43 65ms=19 69ms=13 73ms=3 77ms=6 81ms=2 85ms=1 89ms=1 93ms=2 97ms=0 101ms=1 105ms=1 109ms=0 113ms=0 117ms=0 121ms=0 125ms=0 129ms=0 133ms=0 150ms=2 200ms=1 250ms=3 300ms=1 350ms=0 400ms=0 450ms=0 500ms=0 550ms=0 600ms=0 650ms=0 700ms=0 750ms=0 800ms=0 850ms=0 900ms=0 950ms=0 1000ms=0 1050ms=0 1100ms=0 1150ms=0 1200ms=0 1250ms=0 1300ms=0 1350ms=0 1400ms=0 1450ms=0 1500ms=0 1550ms=0 1600ms=0 1650ms=0 1700ms=0 1750ms=0 1800ms=0 1850ms=0 1900ms=0 1950ms=0 2000ms=0 2050ms=0 2100ms=0 2150ms=0 2200ms=0 2250ms=0 2300ms=0 2350ms=0 2400ms=0 2450ms=0 2500ms=0 2550ms=0 2600ms=0 2650ms=0 2700ms=0 2750ms=0 2800ms=0 2850ms=0 2900ms=0 2950ms=0 3000ms=0 3050ms=0 3100ms=0 3150ms=0 3200ms=0 3250ms=0 3300ms=0 3350ms=0 3400ms=0 3450ms=0 3500ms=0 3550ms=0 3600ms=0 3650ms=0 3700ms=0 3750ms=0 3800ms=0 3850ms=0 3900ms=0 3950ms=0 4000ms=0 4050ms=0 4100ms=0 4150ms=0 4200ms=0 4250ms=0 4300ms=0 4350ms=0 4400ms=0 4450ms=0 4500ms=0 4550ms=0 4600ms=0 4650ms=0 4700ms=0 4750ms=0 4800ms=0 4850ms=0 4900ms=0 4950ms=0
50th gpu percentile: 4ms
90th gpu percentile: 5ms
95th gpu percentile: 6ms
99th gpu percentile: 8ms
GPU HISTOGRAM: 1ms=96 2ms=1996 3ms=32099 4ms=26184 5ms=6177 6ms=1928 7ms=1968 8ms=585 9ms=172 10ms=29 11ms=1 12ms=2 13ms=1 14ms=0 15ms=0 16ms=0 17ms=1 18ms=1 19ms=0 20ms=0 21ms=0 22ms=0 23ms=0 24ms=0 25ms=0 4950ms=0

Pipeline=Skia (Vulkan)
Memory policy:
  Max surface area: 2073600
  Max resource usage: 99.53MB (x48)
  Background retention: 50% (altUiHidden = true)
  GPU Context timeout: 10
Contexts: 1 (stopped = 0)
CPU Caches:
  Glyph Cache: 361.71 KB (1 entry)
  Glyph Count: 85 
Total CPU memory usage:
  370387 bytes, 361.71 KB (0.00 bytes is purgeable)
GPU Caches:
gpu_busy_raw:  502413 1001961  gpu_busy_pct(computed): n/a
cpu_cur_freqs: p0=1248000 p2=2131200 p5=2035200 p7=2112000
--- sample 11 pkg=com.retrohrai.launcher 17:55:56 ---
Applications Graphics Acceleration Info:
Uptime: 7238015 Realtime: 8226059

** Graphics info for pid 4082 [com.retrohrai.launcher] **

Stats since: 18786522231ns
Total frames rendered: 71596
Janky frames: 15345 (21.43%)
Janky frames (legacy): 21542 (30.09%)
50th percentile: 9ms
90th percentile: 28ms
95th percentile: 32ms
99th percentile: 42ms
Number Missed Vsync: 3615
Number High input latency: 36242
Number Slow UI thread: 3848
Number Slow bitmap uploads: 11
Number Slow issue draw commands: 15338
Number Frame deadline missed: 15345
Number Frame deadline missed (legacy): 18912
HISTOGRAM: 5ms=5168 6ms=9777 7ms=8162 8ms=8932 9ms=7763 10ms=5218 11ms=2729 12ms=4129 13ms=794 14ms=1017 15ms=1222 16ms=1253 17ms=858 18ms=788 19ms=1133 20ms=1608 21ms=1105 22ms=535 23ms=407 24ms=317 25ms=321 26ms=369 27ms=454 28ms=554 29ms=525 30ms=610 31ms=708 32ms=1768 34ms=1439 36ms=637 38ms=343 40ms=232 42ms=143 44ms=103 46ms=86 48ms=106 53ms=101 57ms=83 61ms=43 65ms=19 69ms=13 73ms=3 77ms=6 81ms=2 85ms=1 89ms=1 93ms=2 97ms=0 101ms=1 105ms=1 109ms=0 113ms=0 117ms=0 121ms=0 125ms=0 129ms=0 133ms=0 150ms=2 200ms=1 250ms=3 300ms=1 350ms=0 400ms=0 450ms=0 500ms=0 550ms=0 600ms=0 650ms=0 700ms=0 750ms=0 800ms=0 850ms=0 900ms=0 950ms=0 1000ms=0 1050ms=0 1100ms=0 1150ms=0 1200ms=0 1250ms=0 1300ms=0 1350ms=0 1400ms=0 1450ms=0 1500ms=0 1550ms=0 1600ms=0 1650ms=0 1700ms=0 1750ms=0 1800ms=0 1850ms=0 1900ms=0 1950ms=0 2000ms=0 2050ms=0 2100ms=0 2150ms=0 2200ms=0 2250ms=0 2300ms=0 2350ms=0 2400ms=0 2450ms=0 2500ms=0 2550ms=0 2600ms=0 2650ms=0 2700ms=0 2750ms=0 2800ms=0 2850ms=0 2900ms=0 2950ms=0 3000ms=0 3050ms=0 3100ms=0 3150ms=0 3200ms=0 3250ms=0 3300ms=0 3350ms=0 3400ms=0 3450ms=0 3500ms=0 3550ms=0 3600ms=0 3650ms=0 3700ms=0 3750ms=0 3800ms=0 3850ms=0 3900ms=0 3950ms=0 4000ms=0 4050ms=0 4100ms=0 4150ms=0 4200ms=0 4250ms=0 4300ms=0 4350ms=0 4400ms=0 4450ms=0 4500ms=0 4550ms=0 4600ms=0 4650ms=0 4700ms=0 4750ms=0 4800ms=0 4850ms=0 4900ms=0 4950ms=0
50th gpu percentile: 4ms
90th gpu percentile: 5ms
95th gpu percentile: 6ms
99th gpu percentile: 8ms
GPU HISTOGRAM: 1ms=96 2ms=2009 3ms=32130 4ms=26315 5ms=6340 6ms=1942 7ms=1972 8ms=585 9ms=172 10ms=29 11ms=1 12ms=2 13ms=1 14ms=0 15ms=0 16ms=0 17ms=1 18ms=1 19ms=0 20ms=0 21ms=0 22ms=0 23ms=0 24ms=0 25ms=0 4950ms=0

Pipeline=Skia (Vulkan)
Memory policy:
  Max surface area: 2073600
  Max resource usage: 99.53MB (x48)
  Background retention: 50% (altUiHidden = true)
  GPU Context timeout: 10
Contexts: 1 (stopped = 0)
CPU Caches:
  Glyph Cache: 361.71 KB (1 entry)
  Glyph Count: 85 
Total CPU memory usage:
  370387 bytes, 361.71 KB (0.00 bytes is purgeable)
GPU Caches:
gpu_busy_raw:  468878 1008187  gpu_busy_pct(computed): -538
cpu_cur_freqs: p0=1248000 p2=2131200 p5=2035200 p7=2112000
--- sample 12 pkg=com.retrohrai.launcher 17:55:59 ---
Applications Graphics Acceleration Info:
Uptime: 7241187 Realtime: 8229232

** Graphics info for pid 4082 [com.retrohrai.launcher] **

Stats since: 18786522231ns
Total frames rendered: 71956
Janky frames: 15347 (21.33%)
Janky frames (legacy): 21562 (29.97%)
50th percentile: 9ms
90th percentile: 28ms
95th percentile: 32ms
99th percentile: 42ms
Number Missed Vsync: 3615
Number High input latency: 36484
Number Slow UI thread: 3850
Number Slow bitmap uploads: 11
Number Slow issue draw commands: 15340
Number Frame deadline missed: 15347
Number Frame deadline missed (legacy): 18924
HISTOGRAM: 5ms=5195 6ms=9777 7ms=8163 8ms=8989 9ms=7911 10ms=5318 11ms=2742 12ms=4137 13ms=798 14ms=1019 15ms=1222 16ms=1253 17ms=858 18ms=788 19ms=1133 20ms=1608 21ms=1105 22ms=535 23ms=407 24ms=317 25ms=321 26ms=369 27ms=454 28ms=554 29ms=525 30ms=610 31ms=708 32ms=1768 34ms=1439 36ms=637 38ms=343 40ms=232 42ms=143 44ms=103 46ms=86 48ms=106 53ms=101 57ms=83 61ms=43 65ms=19 69ms=13 73ms=3 77ms=6 81ms=2 85ms=1 89ms=1 93ms=2 97ms=0 101ms=1 105ms=1 109ms=0 113ms=0 117ms=0 121ms=0 125ms=0 129ms=0 133ms=0 150ms=2 200ms=1 250ms=3 300ms=1 350ms=0 400ms=0 450ms=0 500ms=0 550ms=0 600ms=0 650ms=0 700ms=0 750ms=0 800ms=0 850ms=0 900ms=0 950ms=0 1000ms=0 1050ms=0 1100ms=0 1150ms=0 1200ms=0 1250ms=0 1300ms=0 1350ms=0 1400ms=0 1450ms=0 1500ms=0 1550ms=0 1600ms=0 1650ms=0 1700ms=0 1750ms=0 1800ms=0 1850ms=0 1900ms=0 1950ms=0 2000ms=0 2050ms=0 2100ms=0 2150ms=0 2200ms=0 2250ms=0 2300ms=0 2350ms=0 2400ms=0 2450ms=0 2500ms=0 2550ms=0 2600ms=0 2650ms=0 2700ms=0 2750ms=0 2800ms=0 2850ms=0 2900ms=0 2950ms=0 3000ms=0 3050ms=0 3100ms=0 3150ms=0 3200ms=0 3250ms=0 3300ms=0 3350ms=0 3400ms=0 3450ms=0 3500ms=0 3550ms=0 3600ms=0 3650ms=0 3700ms=0 3750ms=0 3800ms=0 3850ms=0 3900ms=0 3950ms=0 4000ms=0 4050ms=0 4100ms=0 4150ms=0 4200ms=0 4250ms=0 4300ms=0 4350ms=0 4400ms=0 4450ms=0 4500ms=0 4550ms=0 4600ms=0 4650ms=0 4700ms=0 4750ms=0 4800ms=0 4850ms=0 4900ms=0 4950ms=0
50th gpu percentile: 4ms
90th gpu percentile: 5ms
95th gpu percentile: 6ms
99th gpu percentile: 8ms
GPU HISTOGRAM: 1ms=96 2ms=2033 3ms=32161 4ms=26457 5ms=6503 6ms=1942 7ms=1972 8ms=585 9ms=172 10ms=29 11ms=1 12ms=2 13ms=1 14ms=0 15ms=0 16ms=0 17ms=1 18ms=1 19ms=0 20ms=0 21ms=0 22ms=0 23ms=0 24ms=0 25ms=0 4950ms=0

Pipeline=Skia (Vulkan)
Memory policy:
  Max surface area: 2073600
  Max resource usage: 99.53MB (x48)
  Background retention: 50% (altUiHidden = true)
  GPU Context timeout: 10
Contexts: 1 (stopped = 0)
CPU Caches:
  Glyph Cache: 361.71 KB (1 entry)
  Glyph Count: 85 
Total CPU memory usage:
  370387 bytes, 361.71 KB (0.00 bytes is purgeable)
GPU Caches:
gpu_busy_raw:  471573 1004553  gpu_busy_pct(computed): n/a
cpu_cur_freqs: p0=1248000 p2=2131200 p5=2035200 p7=2112000
--- sample 13 pkg=com.retrohrai.launcher 17:56:03 ---
Applications Graphics Acceleration Info:
Uptime: 7244362 Realtime: 8232407

** Graphics info for pid 4082 [com.retrohrai.launcher] **

Stats since: 18786522231ns
Total frames rendered: 72326
Janky frames: 15348 (21.22%)
Janky frames (legacy): 21582 (29.84%)
50th percentile: 9ms
90th percentile: 28ms
95th percentile: 32ms
99th percentile: 40ms
Number Missed Vsync: 3615
Number High input latency: 36733
Number Slow UI thread: 3851
Number Slow bitmap uploads: 11
Number Slow issue draw commands: 15341
Number Frame deadline missed: 15348
Number Frame deadline missed (legacy): 18931
HISTOGRAM: 5ms=5209 6ms=9777 7ms=8166 8ms=9053 9ms=8058 10ms=5415 11ms=2773 12ms=4146 13ms=802 14ms=1019 15ms=1223 16ms=1253 17ms=858 18ms=788 19ms=1133 20ms=1608 21ms=1105 22ms=535 23ms=407 24ms=317 25ms=321 26ms=369 27ms=454 28ms=554 29ms=525 30ms=610 31ms=708 32ms=1768 34ms=1439 36ms=637 38ms=343 40ms=232 42ms=143 44ms=103 46ms=86 48ms=106 53ms=101 57ms=83 61ms=43 65ms=19 69ms=13 73ms=3 77ms=6 81ms=2 85ms=1 89ms=1 93ms=2 97ms=0 101ms=1 105ms=1 109ms=0 113ms=0 117ms=0 121ms=0 125ms=0 129ms=0 133ms=0 150ms=2 200ms=1 250ms=3 300ms=1 350ms=0 400ms=0 450ms=0 500ms=0 550ms=0 600ms=0 650ms=0 700ms=0 750ms=0 800ms=0 850ms=0 900ms=0 950ms=0 1000ms=0 1050ms=0 1100ms=0 1150ms=0 1200ms=0 1250ms=0 1300ms=0 1350ms=0 1400ms=0 1450ms=0 1500ms=0 1550ms=0 1600ms=0 1650ms=0 1700ms=0 1750ms=0 1800ms=0 1850ms=0 1900ms=0 1950ms=0 2000ms=0 2050ms=0 2100ms=0 2150ms=0 2200ms=0 2250ms=0 2300ms=0 2350ms=0 2400ms=0 2450ms=0 2500ms=0 2550ms=0 2600ms=0 2650ms=0 2700ms=0 2750ms=0 2800ms=0 2850ms=0 2900ms=0 2950ms=0 3000ms=0 3050ms=0 3100ms=0 3150ms=0 3200ms=0 3250ms=0 3300ms=0 3350ms=0 3400ms=0 3450ms=0 3500ms=0 3550ms=0 3600ms=0 3650ms=0 3700ms=0 3750ms=0 3800ms=0 3850ms=0 3900ms=0 3950ms=0 4000ms=0 4050ms=0 4100ms=0 4150ms=0 4200ms=0 4250ms=0 4300ms=0 4350ms=0 4400ms=0 4450ms=0 4500ms=0 4550ms=0 4600ms=0 4650ms=0 4700ms=0 4750ms=0 4800ms=0 4850ms=0 4900ms=0 4950ms=0
50th gpu percentile: 4ms
90th gpu percentile: 5ms
95th gpu percentile: 6ms
99th gpu percentile: 8ms
GPU HISTOGRAM: 1ms=96 2ms=2045 3ms=32190 4ms=26603 5ms=6686 6ms=1942 7ms=1972 8ms=585 9ms=172 10ms=29 11ms=1 12ms=2 13ms=1 14ms=0 15ms=0 16ms=0 17ms=1 18ms=1 19ms=0 20ms=0 21ms=0 22ms=0 23ms=0 24ms=0 25ms=0 4950ms=0

Pipeline=Skia (Vulkan)
Memory policy:
  Max surface area: 2073600
  Max resource usage: 99.53MB (x48)
  Background retention: 50% (altUiHidden = true)
  GPU Context timeout: 10
Contexts: 1 (stopped = 0)
CPU Caches:
  Glyph Cache: 361.71 KB (1 entry)
  Glyph Count: 85 
Total CPU memory usage:
  370387 bytes, 361.71 KB (0.00 bytes is purgeable)
GPU Caches:
gpu_busy_raw:  507752 1005620  gpu_busy_pct(computed): 3390
cpu_cur_freqs: p0=1248000 p2=2131200 p5=2035200 p7=2112000
--- sample 14 pkg=com.retrohrai.launcher 17:56:06 ---
Applications Graphics Acceleration Info:
Uptime: 7247517 Realtime: 8235562

** Graphics info for pid 4082 [com.retrohrai.launcher] **

Stats since: 18786522231ns
Total frames rendered: 72675
Janky frames: 15350 (21.12%)
Janky frames (legacy): 21598 (29.72%)
50th percentile: 9ms
90th percentile: 28ms
95th percentile: 32ms
99th percentile: 40ms
Number Missed Vsync: 3615
Number High input latency: 36910
Number Slow UI thread: 3853
Number Slow bitmap uploads: 11
Number Slow issue draw commands: 15343
Number Frame deadline missed: 15350
Number Frame deadline missed (legacy): 18939
HISTOGRAM: 5ms=5222 6ms=9777 7ms=8169 8ms=9093 9ms=8214 10ms=5522 11ms=2791 12ms=4155 13ms=803 14ms=1021 15ms=1223 16ms=1253 17ms=858 18ms=788 19ms=1133 20ms=1608 21ms=1105 22ms=535 23ms=407 24ms=317 25ms=321 26ms=369 27ms=454 28ms=554 29ms=525 30ms=610 31ms=708 32ms=1768 34ms=1439 36ms=637 38ms=343 40ms=232 42ms=143 44ms=103 46ms=86 48ms=106 53ms=101 57ms=83 61ms=43 65ms=19 69ms=13 73ms=3 77ms=6 81ms=2 85ms=1 89ms=1 93ms=2 97ms=0 101ms=1 105ms=1 109ms=0 113ms=0 117ms=0 121ms=0 125ms=0 129ms=0 133ms=0 150ms=2 200ms=1 250ms=3 300ms=1 350ms=0 400ms=0 450ms=0 500ms=0 550ms=0 600ms=0 650ms=0 700ms=0 750ms=0 800ms=0 850ms=0 900ms=0 950ms=0 1000ms=0 1050ms=0 1100ms=0 1150ms=0 1200ms=0 1250ms=0 1300ms=0 1350ms=0 1400ms=0 1450ms=0 1500ms=0 1550ms=0 1600ms=0 1650ms=0 1700ms=0 1750ms=0 1800ms=0 1850ms=0 1900ms=0 1950ms=0 2000ms=0 2050ms=0 2100ms=0 2150ms=0 2200ms=0 2250ms=0 2300ms=0 2350ms=0 2400ms=0 2450ms=0 2500ms=0 2550ms=0 2600ms=0 2650ms=0 2700ms=0 2750ms=0 2800ms=0 2850ms=0 2900ms=0 2950ms=0 3000ms=0 3050ms=0 3100ms=0 3150ms=0 3200ms=0 3250ms=0 3300ms=0 3350ms=0 3400ms=0 3450ms=0 3500ms=0 3550ms=0 3600ms=0 3650ms=0 3700ms=0 3750ms=0 3800ms=0 3850ms=0 3900ms=0 3950ms=0 4000ms=0 4050ms=0 4100ms=0 4150ms=0 4200ms=0 4250ms=0 4300ms=0 4350ms=0 4400ms=0 4450ms=0 4500ms=0 4550ms=0 4600ms=0 4650ms=0 4700ms=0 4750ms=0 4800ms=0 4850ms=0 4900ms=0 4950ms=0
50th gpu percentile: 4ms
90th gpu percentile: 5ms
95th gpu percentile: 6ms
99th gpu percentile: 8ms
GPU HISTOGRAM: 1ms=96 2ms=2054 3ms=32224 4ms=26708 5ms=6887 6ms=1942 7ms=1972 8ms=585 9ms=172 10ms=29 11ms=1 12ms=2 13ms=1 14ms=0 15ms=0 16ms=0 17ms=1 18ms=1 19ms=0 20ms=0 21ms=0 22ms=0 23ms=0 24ms=0 25ms=0 4950ms=0

Pipeline=Skia (Vulkan)
Memory policy:
  Max surface area: 2073600
  Max resource usage: 99.53MB (x48)
  Background retention: 50% (altUiHidden = true)
  GPU Context timeout: 10
Contexts: 1 (stopped = 0)
CPU Caches:
  Glyph Cache: 361.71 KB (1 entry)
  Glyph Count: 85 
Total CPU memory usage:
  370387 bytes, 361.71 KB (0.00 bytes is purgeable)
GPU Caches:
gpu_busy_raw:  502868 1006988  gpu_busy_pct(computed): -357
cpu_cur_freqs: p0=1248000 p2=2131200 p5=2035200 p7=2112000
--- sample 15 pkg=com.retrohrai.launcher 17:56:09 ---
Applications Graphics Acceleration Info:
Uptime: 7250666 Realtime: 8238710

** Graphics info for pid 4082 [com.retrohrai.launcher] **

Stats since: 18786522231ns
Total frames rendered: 73032
Janky frames: 15351 (21.02%)
Janky frames (legacy): 21615 (29.60%)
50th percentile: 9ms
90th percentile: 28ms
95th percentile: 32ms
99th percentile: 40ms
Number Missed Vsync: 3615
Number High input latency: 37102
Number Slow UI thread: 3854
Number Slow bitmap uploads: 11
Number Slow issue draw commands: 15344
Number Frame deadline missed: 15351
Number Frame deadline missed (legacy): 18949
HISTOGRAM: 5ms=5229 6ms=9777 7ms=8172 8ms=9151 9ms=8367 10ms=5622 11ms=2816 12ms=4161 13ms=808 14ms=1021 15ms=1223 16ms=1253 17ms=858 18ms=788 19ms=1133 20ms=1608 21ms=1105 22ms=535 23ms=407 24ms=317 25ms=321 26ms=369 27ms=454 28ms=554 29ms=525 30ms=610 31ms=708 32ms=1768 34ms=1439 36ms=637 38ms=343 40ms=232 42ms=143 44ms=103 46ms=86 48ms=106 53ms=101 57ms=83 61ms=43 65ms=19 69ms=13 73ms=3 77ms=6 81ms=2 85ms=1 89ms=1 93ms=2 97ms=0 101ms=1 105ms=1 109ms=0 113ms=0 117ms=0 121ms=0 125ms=0 129ms=0 133ms=0 150ms=2 200ms=1 250ms=3 300ms=1 350ms=0 400ms=0 450ms=0 500ms=0 550ms=0 600ms=0 650ms=0 700ms=0 750ms=0 800ms=0 850ms=0 900ms=0 950ms=0 1000ms=0 1050ms=0 1100ms=0 1150ms=0 1200ms=0 1250ms=0 1300ms=0 1350ms=0 1400ms=0 1450ms=0 1500ms=0 1550ms=0 1600ms=0 1650ms=0 1700ms=0 1750ms=0 1800ms=0 1850ms=0 1900ms=0 1950ms=0 2000ms=0 2050ms=0 2100ms=0 2150ms=0 2200ms=0 2250ms=0 2300ms=0 2350ms=0 2400ms=0 2450ms=0 2500ms=0 2550ms=0 2600ms=0 2650ms=0 2700ms=0 2750ms=0 2800ms=0 2850ms=0 2900ms=0 2950ms=0 3000ms=0 3050ms=0 3100ms=0 3150ms=0 3200ms=0 3250ms=0 3300ms=0 3350ms=0 3400ms=0 3450ms=0 3500ms=0 3550ms=0 3600ms=0 3650ms=0 3700ms=0 3750ms=0 3800ms=0 3850ms=0 3900ms=0 3950ms=0 4000ms=0 4050ms=0 4100ms=0 4150ms=0 4200ms=0 4250ms=0 4300ms=0 4350ms=0 4400ms=0 4450ms=0 4500ms=0 4550ms=0 4600ms=0 4650ms=0 4700ms=0 4750ms=0 4800ms=0 4850ms=0 4900ms=0 4950ms=0
50th gpu percentile: 4ms
90th gpu percentile: 5ms
95th gpu percentile: 6ms
99th gpu percentile: 8ms
GPU HISTOGRAM: 1ms=96 2ms=2061 3ms=32252 4ms=26855 5ms=7062 6ms=1942 7ms=1972 8ms=585 9ms=172 10ms=29 11ms=1 12ms=2 13ms=1 14ms=0 15ms=0 16ms=0 17ms=1 18ms=1 19ms=0 20ms=0 21ms=0 22ms=0 23ms=0 24ms=0 25ms=0 4950ms=0

Pipeline=Skia (Vulkan)
Memory policy:
  Max surface area: 2073600
  Max resource usage: 99.53MB (x48)
  Background retention: 50% (altUiHidden = true)
  GPU Context timeout: 10
Contexts: 1 (stopped = 0)
CPU Caches:
  Glyph Cache: 361.71 KB (1 entry)
  Glyph Count: 85 
Total CPU memory usage:
  370387 bytes, 361.71 KB (0.00 bytes is purgeable)
GPU Caches:
gpu_busy_raw:  491496 1006098  gpu_busy_pct(computed): n/a
cpu_cur_freqs: p0=1248000 p2=2131200 p5=2035200 p7=2112000
--- sample 16 pkg=com.retrohrai.launcher 17:56:12 ---
Applications Graphics Acceleration Info:
Uptime: 7253856 Realtime: 8241901

** Graphics info for pid 4082 [com.retrohrai.launcher] **

Stats since: 18786522231ns
Total frames rendered: 73383
Janky frames: 15353 (20.92%)
Janky frames (legacy): 21635 (29.48%)
50th percentile: 9ms
90th percentile: 28ms
95th percentile: 32ms
99th percentile: 40ms
Number Missed Vsync: 3615
Number High input latency: 37308
Number Slow UI thread: 3856
Number Slow bitmap uploads: 11
Number Slow issue draw commands: 15346
Number Frame deadline missed: 15353
Number Frame deadline missed (legacy): 18962
HISTOGRAM: 5ms=5243 6ms=9777 7ms=8176 8ms=9189 9ms=8508 10ms=5738 11ms=2843 12ms=4167 13ms=812 14ms=1022 15ms=1223 16ms=1253 17ms=858 18ms=788 19ms=1133 20ms=1608 21ms=1105 22ms=535 23ms=407 24ms=317 25ms=321 26ms=369 27ms=454 28ms=554 29ms=525 30ms=610 31ms=708 32ms=1768 34ms=1439 36ms=637 38ms=343 40ms=232 42ms=143 44ms=103 46ms=86 48ms=106 53ms=101 57ms=83 61ms=43 65ms=19 69ms=13 73ms=3 77ms=6 81ms=2 85ms=1 89ms=1 93ms=2 97ms=0 101ms=1 105ms=1 109ms=0 113ms=0 117ms=0 121ms=0 125ms=0 129ms=0 133ms=0 150ms=2 200ms=1 250ms=3 300ms=1 350ms=0 400ms=0 450ms=0 500ms=0 550ms=0 600ms=0 650ms=0 700ms=0 750ms=0 800ms=0 850ms=0 900ms=0 950ms=0 1000ms=0 1050ms=0 1100ms=0 1150ms=0 1200ms=0 1250ms=0 1300ms=0 1350ms=0 1400ms=0 1450ms=0 1500ms=0 1550ms=0 1600ms=0 1650ms=0 1700ms=0 1750ms=0 1800ms=0 1850ms=0 1900ms=0 1950ms=0 2000ms=0 2050ms=0 2100ms=0 2150ms=0 2200ms=0 2250ms=0 2300ms=0 2350ms=0 2400ms=0 2450ms=0 2500ms=0 2550ms=0 2600ms=0 2650ms=0 2700ms=0 2750ms=0 2800ms=0 2850ms=0 2900ms=0 2950ms=0 3000ms=0 3050ms=0 3100ms=0 3150ms=0 3200ms=0 3250ms=0 3300ms=0 3350ms=0 3400ms=0 3450ms=0 3500ms=0 3550ms=0 3600ms=0 3650ms=0 3700ms=0 3750ms=0 3800ms=0 3850ms=0 3900ms=0 3950ms=0 4000ms=0 4050ms=0 4100ms=0 4150ms=0 4200ms=0 4250ms=0 4300ms=0 4350ms=0 4400ms=0 4450ms=0 4500ms=0 4550ms=0 4600ms=0 4650ms=0 4700ms=0 4750ms=0 4800ms=0 4850ms=0 4900ms=0 4950ms=0
50th gpu percentile: 4ms
90th gpu percentile: 5ms
95th gpu percentile: 6ms
99th gpu percentile: 8ms
GPU HISTOGRAM: 1ms=96 2ms=2071 3ms=32282 4ms=26972 5ms=7256 6ms=1942 7ms=1972 8ms=585 9ms=172 10ms=29 11ms=1 12ms=2 13ms=1 14ms=0 15ms=0 16ms=0 17ms=1 18ms=1 19ms=0 20ms=0 21ms=0 22ms=0 23ms=0 24ms=0 25ms=0 4950ms=0

Pipeline=Skia (Vulkan)
Memory policy:
  Max surface area: 2073600
  Max resource usage: 99.53MB (x48)
  Background retention: 50% (altUiHidden = true)
  GPU Context timeout: 10
Contexts: 1 (stopped = 0)
CPU Caches:
  Glyph Cache: 361.71 KB (1 entry)
  Glyph Count: 85 
Total CPU memory usage:
  370387 bytes, 361.71 KB (0.00 bytes is purgeable)
GPU Caches:
gpu_busy_raw:  474821 1005974  gpu_busy_pct(computed): n/a
cpu_cur_freqs: p0=1248000 p2=2131200 p5=2035200 p7=2112000
--- sample 17 pkg=com.retrohrai.launcher 17:56:15 ---
Applications Graphics Acceleration Info:
Uptime: 7257014 Realtime: 8245059

** Graphics info for pid 4082 [com.retrohrai.launcher] **

Stats since: 18786522231ns
Total frames rendered: 73739
Janky frames: 15355 (20.82%)
Janky frames (legacy): 21654 (29.37%)
50th percentile: 9ms
90th percentile: 28ms
95th percentile: 32ms
99th percentile: 40ms
Number Missed Vsync: 3615
Number High input latency: 37535
Number Slow UI thread: 3858
Number Slow bitmap uploads: 11
Number Slow issue draw commands: 15348
Number Frame deadline missed: 15355
Number Frame deadline missed (legacy): 18973
HISTOGRAM: 5ms=5255 6ms=9777 7ms=8180 8ms=9261 9ms=8640 10ms=5842 11ms=2863 12ms=4172 13ms=817 14ms=1024 15ms=1223 16ms=1253 17ms=858 18ms=788 19ms=1133 20ms=1608 21ms=1105 22ms=535 23ms=407 24ms=317 25ms=321 26ms=369 27ms=454 28ms=554 29ms=525 30ms=610 31ms=708 32ms=1768 34ms=1439 36ms=637 38ms=343 40ms=232 42ms=143 44ms=103 46ms=86 48ms=106 53ms=101 57ms=83 61ms=43 65ms=19 69ms=13 73ms=3 77ms=6 81ms=2 85ms=1 89ms=1 93ms=2 97ms=0 101ms=1 105ms=1 109ms=0 113ms=0 117ms=0 121ms=0 125ms=0 129ms=0 133ms=0 150ms=2 200ms=1 250ms=3 300ms=1 350ms=0 400ms=0 450ms=0 500ms=0 550ms=0 600ms=0 650ms=0 700ms=0 750ms=0 800ms=0 850ms=0 900ms=0 950ms=0 1000ms=0 1050ms=0 1100ms=0 1150ms=0 1200ms=0 1250ms=0 1300ms=0 1350ms=0 1400ms=0 1450ms=0 1500ms=0 1550ms=0 1600ms=0 1650ms=0 1700ms=0 1750ms=0 1800ms=0 1850ms=0 1900ms=0 1950ms=0 2000ms=0 2050ms=0 2100ms=0 2150ms=0 2200ms=0 2250ms=0 2300ms=0 2350ms=0 2400ms=0 2450ms=0 2500ms=0 2550ms=0 2600ms=0 2650ms=0 2700ms=0 2750ms=0 2800ms=0 2850ms=0 2900ms=0 2950ms=0 3000ms=0 3050ms=0 3100ms=0 3150ms=0 3200ms=0 3250ms=0 3300ms=0 3350ms=0 3400ms=0 3450ms=0 3500ms=0 3550ms=0 3600ms=0 3650ms=0 3700ms=0 3750ms=0 3800ms=0 3850ms=0 3900ms=0 3950ms=0 4000ms=0 4050ms=0 4100ms=0 4150ms=0 4200ms=0 4250ms=0 4300ms=0 4350ms=0 4400ms=0 4450ms=0 4500ms=0 4550ms=0 4600ms=0 4650ms=0 4700ms=0 4750ms=0 4800ms=0 4850ms=0 4900ms=0 4950ms=0
50th gpu percentile: 4ms
90th gpu percentile: 5ms
95th gpu percentile: 6ms
99th gpu percentile: 8ms
GPU HISTOGRAM: 1ms=96 2ms=2083 3ms=32314 4ms=27108 5ms=7432 6ms=1942 7ms=1972 8ms=585 9ms=172 10ms=29 11ms=1 12ms=2 13ms=1 14ms=0 15ms=0 16ms=0 17ms=1 18ms=1 19ms=0 20ms=0 21ms=0 22ms=0 23ms=0 24ms=0 25ms=0 4950ms=0

Pipeline=Skia (Vulkan)
Memory policy:
  Max surface area: 2073600
  Max resource usage: 99.53MB (x48)
  Background retention: 50% (altUiHidden = true)
  GPU Context timeout: 10
Contexts: 1 (stopped = 0)
CPU Caches:
  Glyph Cache: 361.71 KB (1 entry)
  Glyph Count: 85 
Total CPU memory usage:
  370387 bytes, 361.71 KB (0.00 bytes is purgeable)
GPU Caches:
gpu_busy_raw:  460635 1003020  gpu_busy_pct(computed): n/a
cpu_cur_freqs: p0=1248000 p2=2131200 p5=2035200 p7=2112000
--- sample 18 pkg=com.retrohrai.launcher 17:56:18 ---
Applications Graphics Acceleration Info:
Uptime: 7260163 Realtime: 8248207

** Graphics info for pid 4082 [com.retrohrai.launcher] **

Stats since: 18786522231ns
Total frames rendered: 74096
Janky frames: 15357 (20.73%)
Janky frames (legacy): 21673 (29.25%)
50th percentile: 9ms
90th percentile: 28ms
95th percentile: 32ms
99th percentile: 40ms
Number Missed Vsync: 3615
Number High input latency: 37704
Number Slow UI thread: 3860
Number Slow bitmap uploads: 11
Number Slow issue draw commands: 15350
Number Frame deadline missed: 15357
Number Frame deadline missed (legacy): 18983
HISTOGRAM: 5ms=5282 6ms=9777 7ms=8186 8ms=9308 9ms=8777 10ms=5950 11ms=2883 12ms=4179 13ms=821 14ms=1025 15ms=1223 16ms=1253 17ms=858 18ms=788 19ms=1133 20ms=1608 21ms=1105 22ms=535 23ms=407 24ms=317 25ms=321 26ms=369 27ms=454 28ms=554 29ms=525 30ms=610 31ms=708 32ms=1768 34ms=1439 36ms=637 38ms=343 40ms=232 42ms=143 44ms=103 46ms=86 48ms=106 53ms=101 57ms=83 61ms=43 65ms=19 69ms=13 73ms=3 77ms=6 81ms=2 85ms=1 89ms=1 93ms=2 97ms=0 101ms=1 105ms=1 109ms=0 113ms=0 117ms=0 121ms=0 125ms=0 129ms=0 133ms=0 150ms=2 200ms=1 250ms=3 300ms=1 350ms=0 400ms=0 450ms=0 500ms=0 550ms=0 600ms=0 650ms=0 700ms=0 750ms=0 800ms=0 850ms=0 900ms=0 950ms=0 1000ms=0 1050ms=0 1100ms=0 1150ms=0 1200ms=0 1250ms=0 1300ms=0 1350ms=0 1400ms=0 1450ms=0 1500ms=0 1550ms=0 1600ms=0 1650ms=0 1700ms=0 1750ms=0 1800ms=0 1850ms=0 1900ms=0 1950ms=0 2000ms=0 2050ms=0 2100ms=0 2150ms=0 2200ms=0 2250ms=0 2300ms=0 2350ms=0 2400ms=0 2450ms=0 2500ms=0 2550ms=0 2600ms=0 2650ms=0 2700ms=0 2750ms=0 2800ms=0 2850ms=0 2900ms=0 2950ms=0 3000ms=0 3050ms=0 3100ms=0 3150ms=0 3200ms=0 3250ms=0 3300ms=0 3350ms=0 3400ms=0 3450ms=0 3500ms=0 3550ms=0 3600ms=0 3650ms=0 3700ms=0 3750ms=0 3800ms=0 3850ms=0 3900ms=0 3950ms=0 4000ms=0 4050ms=0 4100ms=0 4150ms=0 4200ms=0 4250ms=0 4300ms=0 4350ms=0 4400ms=0 4450ms=0 4500ms=0 4550ms=0 4600ms=0 4650ms=0 4700ms=0 4750ms=0 4800ms=0 4850ms=0 4900ms=0 4950ms=0
50th gpu percentile: 4ms
90th gpu percentile: 5ms
95th gpu percentile: 6ms
99th gpu percentile: 8ms
GPU HISTOGRAM: 1ms=96 2ms=2108 3ms=32347 4ms=27233 5ms=7606 6ms=1942 7ms=1972 8ms=585 9ms=172 10ms=29 11ms=1 12ms=2 13ms=1 14ms=0 15ms=0 16ms=0 17ms=1 18ms=1 19ms=0 20ms=0 21ms=0 22ms=0 23ms=0 24ms=0 25ms=0 4950ms=0

Pipeline=Skia (Vulkan)
Memory policy:
  Max surface area: 2073600
  Max resource usage: 99.53MB (x48)
  Background retention: 50% (altUiHidden = true)
  GPU Context timeout: 10
Contexts: 1 (stopped = 0)
CPU Caches:
  Glyph Cache: 361.71 KB (1 entry)
  Glyph Count: 85 
Total CPU memory usage:
  370387 bytes, 361.71 KB (0.00 bytes is purgeable)
GPU Caches:
gpu_busy_raw:  479579 1008964  gpu_busy_pct(computed): 318
cpu_cur_freqs: p0=1248000 p2=2131200 p5=2035200 p7=2112000
--- sample 19 pkg=com.retrohrai.launcher 17:56:22 ---
Applications Graphics Acceleration Info:
Uptime: 7263325 Realtime: 8251369

** Graphics info for pid 4082 [com.retrohrai.launcher] **

Stats since: 18786522231ns
Total frames rendered: 74454
Janky frames: 15360 (20.63%)
Janky frames (legacy): 21689 (29.13%)
50th percentile: 9ms
90th percentile: 28ms
95th percentile: 32ms
99th percentile: 40ms
Number Missed Vsync: 3615
Number High input latency: 37836
Number Slow UI thread: 3863
Number Slow bitmap uploads: 11
Number Slow issue draw commands: 15353
Number Frame deadline missed: 15360
Number Frame deadline missed (legacy): 18993
HISTOGRAM: 5ms=5295 6ms=9777 7ms=8188 8ms=9353 9ms=8935 10ms=6061 11ms=2898 12ms=4188 13ms=824 14ms=1027 15ms=1223 16ms=1253 17ms=858 18ms=788 19ms=1133 20ms=1608 21ms=1105 22ms=535 23ms=407 24ms=317 25ms=321 26ms=369 27ms=454 28ms=554 29ms=525 30ms=610 31ms=708 32ms=1768 34ms=1439 36ms=637 38ms=343 40ms=232 42ms=143 44ms=103 46ms=86 48ms=106 53ms=101 57ms=83 61ms=43 65ms=19 69ms=13 73ms=3 77ms=6 81ms=2 85ms=1 89ms=1 93ms=2 97ms=0 101ms=1 105ms=1 109ms=0 113ms=0 117ms=0 121ms=0 125ms=0 129ms=0 133ms=0 150ms=2 200ms=1 250ms=3 300ms=1 350ms=0 400ms=0 450ms=0 500ms=0 550ms=0 600ms=0 650ms=0 700ms=0 750ms=0 800ms=0 850ms=0 900ms=0 950ms=0 1000ms=0 1050ms=0 1100ms=0 1150ms=0 1200ms=0 1250ms=0 1300ms=0 1350ms=0 1400ms=0 1450ms=0 1500ms=0 1550ms=0 1600ms=0 1650ms=0 1700ms=0 1750ms=0 1800ms=0 1850ms=0 1900ms=0 1950ms=0 2000ms=0 2050ms=0 2100ms=0 2150ms=0 2200ms=0 2250ms=0 2300ms=0 2350ms=0 2400ms=0 2450ms=0 2500ms=0 2550ms=0 2600ms=0 2650ms=0 2700ms=0 2750ms=0 2800ms=0 2850ms=0 2900ms=0 2950ms=0 3000ms=0 3050ms=0 3100ms=0 3150ms=0 3200ms=0 3250ms=0 3300ms=0 3350ms=0 3400ms=0 3450ms=0 3500ms=0 3550ms=0 3600ms=0 3650ms=0 3700ms=0 3750ms=0 3800ms=0 3850ms=0 3900ms=0 3950ms=0 4000ms=0 4050ms=0 4100ms=0 4150ms=0 4200ms=0 4250ms=0 4300ms=0 4350ms=0 4400ms=0 4450ms=0 4500ms=0 4550ms=0 4600ms=0 4650ms=0 4700ms=0 4750ms=0 4800ms=0 4850ms=0 4900ms=0 4950ms=0
50th gpu percentile: 4ms
90th gpu percentile: 5ms
95th gpu percentile: 6ms
99th gpu percentile: 8ms
GPU HISTOGRAM: 1ms=96 2ms=2120 3ms=32370 4ms=27349 5ms=7813 6ms=1942 7ms=1972 8ms=585 9ms=172 10ms=29 11ms=1 12ms=2 13ms=1 14ms=0 15ms=0 16ms=0 17ms=1 18ms=1 19ms=0 20ms=0 21ms=0 22ms=0 23ms=0 24ms=0 25ms=0 4950ms=0

Pipeline=Skia (Vulkan)
Memory policy:
  Max surface area: 2073600
  Max resource usage: 99.53MB (x48)
  Background retention: 50% (altUiHidden = true)
  GPU Context timeout: 10
Contexts: 1 (stopped = 0)
CPU Caches:
  Glyph Cache: 361.71 KB (1 entry)
  Glyph Count: 85 
Total CPU memory usage:
  370387 bytes, 361.71 KB (0.00 bytes is purgeable)
GPU Caches:
gpu_busy_raw:  496975 1007416  gpu_busy_pct(computed): n/a
cpu_cur_freqs: p0=1248000 p2=2131200 p5=2035200 p7=2112000
--- sample 20 pkg=com.retrohrai.launcher 17:56:25 ---
Applications Graphics Acceleration Info:
Uptime: 7266521 Realtime: 8254565

** Graphics info for pid 4082 [com.retrohrai.launcher] **

Stats since: 18786522231ns
Total frames rendered: 74819
Janky frames: 15362 (20.53%)
Janky frames (legacy): 21708 (29.01%)
50th percentile: 9ms
90th percentile: 28ms
95th percentile: 32ms
99th percentile: 40ms
Number Missed Vsync: 3615
Number High input latency: 38123
Number Slow UI thread: 3865
Number Slow bitmap uploads: 11
Number Slow issue draw commands: 15355
Number Frame deadline missed: 15362
Number Frame deadline missed (legacy): 19002
HISTOGRAM: 5ms=5309 6ms=9777 7ms=8193 8ms=9413 9ms=9072 10ms=6170 11ms=2927 12ms=4193 13ms=830 14ms=1027 15ms=1223 16ms=1253 17ms=858 18ms=788 19ms=1133 20ms=1608 21ms=1105 22ms=535 23ms=407 24ms=317 25ms=321 26ms=369 27ms=454 28ms=554 29ms=525 30ms=610 31ms=708 32ms=1768 34ms=1439 36ms=637 38ms=343 40ms=232 42ms=143 44ms=103 46ms=86 48ms=106 53ms=101 57ms=83 61ms=43 65ms=19 69ms=13 73ms=3 77ms=6 81ms=2 85ms=1 89ms=1 93ms=2 97ms=0 101ms=1 105ms=1 109ms=0 113ms=0 117ms=0 121ms=0 125ms=0 129ms=0 133ms=0 150ms=2 200ms=1 250ms=3 300ms=1 350ms=0 400ms=0 450ms=0 500ms=0 550ms=0 600ms=0 650ms=0 700ms=0 750ms=0 800ms=0 850ms=0 900ms=0 950ms=0 1000ms=0 1050ms=0 1100ms=0 1150ms=0 1200ms=0 1250ms=0 1300ms=0 1350ms=0 1400ms=0 1450ms=0 1500ms=0 1550ms=0 1600ms=0 1650ms=0 1700ms=0 1750ms=0 1800ms=0 1850ms=0 1900ms=0 1950ms=0 2000ms=0 2050ms=0 2100ms=0 2150ms=0 2200ms=0 2250ms=0 2300ms=0 2350ms=0 2400ms=0 2450ms=0 2500ms=0 2550ms=0 2600ms=0 2650ms=0 2700ms=0 2750ms=0 2800ms=0 2850ms=0 2900ms=0 2950ms=0 3000ms=0 3050ms=0 3100ms=0 3150ms=0 3200ms=0 3250ms=0 3300ms=0 3350ms=0 3400ms=0 3450ms=0 3500ms=0 3550ms=0 3600ms=0 3650ms=0 3700ms=0 3750ms=0 3800ms=0 3850ms=0 3900ms=0 3950ms=0 4000ms=0 4050ms=0 4100ms=0 4150ms=0 4200ms=0 4250ms=0 4300ms=0 4350ms=0 4400ms=0 4450ms=0 4500ms=0 4550ms=0 4600ms=0 4650ms=0 4700ms=0 4750ms=0 4800ms=0 4850ms=0 4900ms=0 4950ms=0
50th gpu percentile: 4ms
90th gpu percentile: 5ms
95th gpu percentile: 6ms
99th gpu percentile: 8ms
GPU HISTOGRAM: 1ms=97 2ms=2131 3ms=32403 4ms=27476 5ms=8006 6ms=1942 7ms=1972 8ms=585 9ms=172 10ms=29 11ms=1 12ms=2 13ms=1 14ms=0 15ms=0 16ms=0 17ms=1 18ms=1 19ms=0 20ms=0 21ms=0 22ms=0 23ms=0 24ms=0 25ms=0 4950ms=0

Pipeline=Skia (Vulkan)
Memory policy:
  Max surface area: 2073600
  Max resource usage: 99.53MB (x48)
  Background retention: 50% (altUiHidden = true)
  GPU Context timeout: 10
Contexts: 1 (stopped = 0)
CPU Caches:
  Glyph Cache: 361.71 KB (1 entry)
  Glyph Count: 85 
Total CPU memory usage:
  370387 bytes, 361.71 KB (0.00 bytes is purgeable)
GPU Caches:
gpu_busy_raw:  495018 1003919  gpu_busy_pct(computed): n/a
cpu_cur_freqs: p0=1248000 p2=2131200 p5=2035200 p7=2112000
--- sample 21 pkg=com.retrohrai.launcher 17:56:28 ---
Applications Graphics Acceleration Info:
Uptime: 7269714 Realtime: 8257759

** Graphics info for pid 4082 [com.retrohrai.launcher] **

Stats since: 18786522231ns
Total frames rendered: 75165
Janky frames: 15365 (20.44%)
Janky frames (legacy): 21730 (28.91%)
50th percentile: 9ms
90th percentile: 28ms
95th percentile: 32ms
99th percentile: 40ms
Number Missed Vsync: 3615
Number High input latency: 38368
Number Slow UI thread: 3868
Number Slow bitmap uploads: 11
Number Slow issue draw commands: 15358
Number Frame deadline missed: 15365
Number Frame deadline missed (legacy): 19017
HISTOGRAM: 5ms=5321 6ms=9777 7ms=8193 8ms=9443 9ms=9228 10ms=6278 11ms=2954 12ms=4201 13ms=833 14ms=1029 15ms=1223 16ms=1253 17ms=858 18ms=788 19ms=1133 20ms=1608 21ms=1105 22ms=535 23ms=407 24ms=317 25ms=321 26ms=369 27ms=454 28ms=554 29ms=525 30ms=610 31ms=708 32ms=1768 34ms=1439 36ms=637 38ms=343 40ms=232 42ms=143 44ms=103 46ms=86 48ms=106 53ms=101 57ms=83 61ms=43 65ms=19 69ms=13 73ms=3 77ms=6 81ms=2 85ms=1 89ms=1 93ms=2 97ms=0 101ms=1 105ms=1 109ms=0 113ms=0 117ms=0 121ms=0 125ms=0 129ms=0 133ms=0 150ms=2 200ms=1 250ms=3 300ms=1 350ms=0 400ms=0 450ms=0 500ms=0 550ms=0 600ms=0 650ms=0 700ms=0 750ms=0 800ms=0 850ms=0 900ms=0 950ms=0 1000ms=0 1050ms=0 1100ms=0 1150ms=0 1200ms=0 1250ms=0 1300ms=0 1350ms=0 1400ms=0 1450ms=0 1500ms=0 1550ms=0 1600ms=0 1650ms=0 1700ms=0 1750ms=0 1800ms=0 1850ms=0 1900ms=0 1950ms=0 2000ms=0 2050ms=0 2100ms=0 2150ms=0 2200ms=0 2250ms=0 2300ms=0 2350ms=0 2400ms=0 2450ms=0 2500ms=0 2550ms=0 2600ms=0 2650ms=0 2700ms=0 2750ms=0 2800ms=0 2850ms=0 2900ms=0 2950ms=0 3000ms=0 3050ms=0 3100ms=0 3150ms=0 3200ms=0 3250ms=0 3300ms=0 3350ms=0 3400ms=0 3450ms=0 3500ms=0 3550ms=0 3600ms=0 3650ms=0 3700ms=0 3750ms=0 3800ms=0 3850ms=0 3900ms=0 3950ms=0 4000ms=0 4050ms=0 4100ms=0 4150ms=0 4200ms=0 4250ms=0 4300ms=0 4350ms=0 4400ms=0 4450ms=0 4500ms=0 4550ms=0 4600ms=0 4650ms=0 4700ms=0 4750ms=0 4800ms=0 4850ms=0 4900ms=0 4950ms=0
50th gpu percentile: 4ms
90th gpu percentile: 5ms
95th gpu percentile: 6ms
99th gpu percentile: 8ms
GPU HISTOGRAM: 1ms=97 2ms=2143 3ms=32429 4ms=27591 5ms=8199 6ms=1942 7ms=1972 8ms=585 9ms=172 10ms=29 11ms=1 12ms=2 13ms=1 14ms=0 15ms=0 16ms=0 17ms=1 18ms=1 19ms=0 20ms=0 21ms=0 22ms=0 23ms=0 24ms=0 25ms=0 4950ms=0

Pipeline=Skia (Vulkan)
Memory policy:
  Max surface area: 2073600
  Max resource usage: 99.53MB (x48)
  Background retention: 50% (altUiHidden = true)
  GPU Context timeout: 10
Contexts: 1 (stopped = 0)
CPU Caches:
  Glyph Cache: 361.71 KB (1 entry)
  Glyph Count: 85 
Total CPU memory usage:
  370387 bytes, 361.71 KB (0.00 bytes is purgeable)
GPU Caches:
gpu_busy_raw:  532754 1001033  gpu_busy_pct(computed): n/a
cpu_cur_freqs: p0=1248000 p2=2131200 p5=2035200 p7=2112000
--- sample 22 pkg=com.retrohrai.launcher 17:56:31 ---
Applications Graphics Acceleration Info:
Uptime: 7272870 Realtime: 8260914

** Graphics info for pid 4082 [com.retrohrai.launcher] **

Stats since: 18786522231ns
Total frames rendered: 75509
Janky frames: 15368 (20.35%)
Janky frames (legacy): 21749 (28.80%)
50th percentile: 9ms
90th percentile: 27ms
95th percentile: 32ms
99th percentile: 40ms
Number Missed Vsync: 3615
Number High input latency: 38562
Number Slow UI thread: 3870
Number Slow bitmap uploads: 11
Number Slow issue draw commands: 15361
Number Frame deadline missed: 15368
Number Frame deadline missed (legacy): 19027
HISTOGRAM: 5ms=5333 6ms=9777 7ms=8196 8ms=9484 9ms=9386 10ms=6371 11ms=2979 12ms=4207 13ms=838 14ms=1030 15ms=1223 16ms=1253 17ms=858 18ms=788 19ms=1133 20ms=1608 21ms=1105 22ms=535 23ms=407 24ms=317 25ms=321 26ms=369 27ms=454 28ms=554 29ms=525 30ms=610 31ms=708 32ms=1768 34ms=1439 36ms=637 38ms=343 40ms=232 42ms=143 44ms=103 46ms=86 48ms=106 53ms=101 57ms=83 61ms=43 65ms=19 69ms=13 73ms=3 77ms=6 81ms=2 85ms=1 89ms=1 93ms=2 97ms=0 101ms=1 105ms=1 109ms=0 113ms=0 117ms=0 121ms=0 125ms=0 129ms=0 133ms=0 150ms=2 200ms=1 250ms=3 300ms=1 350ms=0 400ms=0 450ms=0 500ms=0 550ms=0 600ms=0 650ms=0 700ms=0 750ms=0 800ms=0 850ms=0 900ms=0 950ms=0 1000ms=0 1050ms=0 1100ms=0 1150ms=0 1200ms=0 1250ms=0 1300ms=0 1350ms=0 1400ms=0 1450ms=0 1500ms=0 1550ms=0 1600ms=0 1650ms=0 1700ms=0 1750ms=0 1800ms=0 1850ms=0 1900ms=0 1950ms=0 2000ms=0 2050ms=0 2100ms=0 2150ms=0 2200ms=0 2250ms=0 2300ms=0 2350ms=0 2400ms=0 2450ms=0 2500ms=0 2550ms=0 2600ms=0 2650ms=0 2700ms=0 2750ms=0 2800ms=0 2850ms=0 2900ms=0 2950ms=0 3000ms=0 3050ms=0 3100ms=0 3150ms=0 3200ms=0 3250ms=0 3300ms=0 3350ms=0 3400ms=0 3450ms=0 3500ms=0 3550ms=0 3600ms=0 3650ms=0 3700ms=0 3750ms=0 3800ms=0 3850ms=0 3900ms=0 3950ms=0 4000ms=0 4050ms=0 4100ms=0 4150ms=0 4200ms=0 4250ms=0 4300ms=0 4350ms=0 4400ms=0 4450ms=0 4500ms=0 4550ms=0 4600ms=0 4650ms=0 4700ms=0 4750ms=0 4800ms=0 4850ms=0 4900ms=0 4950ms=0
50th gpu percentile: 4ms
90th gpu percentile: 5ms
95th gpu percentile: 6ms
99th gpu percentile: 8ms
GPU HISTOGRAM: 1ms=97 2ms=2153 3ms=32466 4ms=27703 5ms=8384 6ms=1942 7ms=1972 8ms=585 9ms=172 10ms=29 11ms=1 12ms=2 13ms=1 14ms=0 15ms=0 16ms=0 17ms=1 18ms=1 19ms=0 20ms=0 21ms=0 22ms=0 23ms=0 24ms=0 25ms=0 4950ms=0

Pipeline=Skia (Vulkan)
Memory policy:
  Max surface area: 2073600
  Max resource usage: 99.53MB (x48)
  Background retention: 50% (altUiHidden = true)
  GPU Context timeout: 10
Contexts: 1 (stopped = 0)
CPU Caches:
  Glyph Cache: 361.71 KB (1 entry)
  Glyph Count: 85 
Total CPU memory usage:
  370387 bytes, 361.71 KB (0.00 bytes is purgeable)
GPU Caches:
gpu_busy_raw:  532235 1003507  gpu_busy_pct(computed): -20
cpu_cur_freqs: p0=1248000 p2=2131200 p5=2035200 p7=2112000
--- sample 23 pkg=com.retrohrai.launcher 17:56:34 ---
Applications Graphics Acceleration Info:
Uptime: 7276044 Realtime: 8264089

** Graphics info for pid 4082 [com.retrohrai.launcher] **

Stats since: 18786522231ns
Total frames rendered: 75866
Janky frames: 15374 (20.26%)
Janky frames (legacy): 21767 (28.69%)
50th percentile: 9ms
90th percentile: 27ms
95th percentile: 32ms
99th percentile: 40ms
Number Missed Vsync: 3615
Number High input latency: 38863
Number Slow UI thread: 3876
Number Slow bitmap uploads: 11
Number Slow issue draw commands: 15367
Number Frame deadline missed: 15374
Number Frame deadline missed (legacy): 19040
HISTOGRAM: 5ms=5355 6ms=9777 7ms=8196 8ms=9540 9ms=9498 10ms=6457 11ms=3045 12ms=4214 13ms=842 14ms=1032 15ms=1223 16ms=1255 17ms=858 18ms=788 19ms=1133 20ms=1608 21ms=1105 22ms=535 23ms=407 24ms=317 25ms=321 26ms=369 27ms=454 28ms=554 29ms=525 30ms=610 31ms=708 32ms=1768 34ms=1439 36ms=637 38ms=343 40ms=232 42ms=143 44ms=103 46ms=86 48ms=106 53ms=101 57ms=83 61ms=43 65ms=19 69ms=13 73ms=3 77ms=6 81ms=2 85ms=1 89ms=1 93ms=2 97ms=0 101ms=1 105ms=1 109ms=0 113ms=0 117ms=0 121ms=0 125ms=0 129ms=0 133ms=0 150ms=2 200ms=1 250ms=3 300ms=1 350ms=0 400ms=0 450ms=0 500ms=0 550ms=0 600ms=0 650ms=0 700ms=0 750ms=0 800ms=0 850ms=0 900ms=0 950ms=0 1000ms=0 1050ms=0 1100ms=0 1150ms=0 1200ms=0 1250ms=0 1300ms=0 1350ms=0 1400ms=0 1450ms=0 1500ms=0 1550ms=0 1600ms=0 1650ms=0 1700ms=0 1750ms=0 1800ms=0 1850ms=0 1900ms=0 1950ms=0 2000ms=0 2050ms=0 2100ms=0 2150ms=0 2200ms=0 2250ms=0 2300ms=0 2350ms=0 2400ms=0 2450ms=0 2500ms=0 2550ms=0 2600ms=0 2650ms=0 2700ms=0 2750ms=0 2800ms=0 2850ms=0 2900ms=0 2950ms=0 3000ms=0 3050ms=0 3100ms=0 3150ms=0 3200ms=0 3250ms=0 3300ms=0 3350ms=0 3400ms=0 3450ms=0 3500ms=0 3550ms=0 3600ms=0 3650ms=0 3700ms=0 3750ms=0 3800ms=0 3850ms=0 3900ms=0 3950ms=0 4000ms=0 4050ms=0 4100ms=0 4150ms=0 4200ms=0 4250ms=0 4300ms=0 4350ms=0 4400ms=0 4450ms=0 4500ms=0 4550ms=0 4600ms=0 4650ms=0 4700ms=0 4750ms=0 4800ms=0 4850ms=0 4900ms=0 4950ms=0
50th gpu percentile: 4ms
90th gpu percentile: 5ms
95th gpu percentile: 6ms
99th gpu percentile: 8ms
GPU HISTOGRAM: 1ms=97 2ms=2172 3ms=32490 4ms=27816 5ms=8550 6ms=1974 7ms=1975 8ms=585 9ms=172 10ms=29 11ms=1 12ms=2 13ms=1 14ms=0 15ms=0 16ms=0 17ms=1 18ms=1 19ms=0 20ms=0 21ms=0 22ms=0 23ms=0 24ms=0 25ms=0 4950ms=0

Pipeline=Skia (Vulkan)
Memory policy:
  Max surface area: 2073600
  Max resource usage: 99.53MB (x48)
  Background retention: 50% (altUiHidden = true)
  GPU Context timeout: 10
Contexts: 1 (stopped = 0)
CPU Caches:
  Glyph Cache: 361.71 KB (1 entry)
  Glyph Count: 85 
Total CPU memory usage:
  370387 bytes, 361.71 KB (0.00 bytes is purgeable)
GPU Caches:
gpu_busy_raw:  518775 1007075  gpu_busy_pct(computed): -377
cpu_cur_freqs: p0=1248000 p2=2131200 p5=2035200 p7=2112000
--- sample 24 pkg=com.retrohrai.launcher 17:56:37 ---
Applications Graphics Acceleration Info:
Uptime: 7279223 Realtime: 8267268

** Graphics info for pid 4082 [com.retrohrai.launcher] **

Stats since: 18786522231ns
Total frames rendered: 76213
Janky frames: 15374 (20.17%)
Janky frames (legacy): 21786 (28.59%)
50th percentile: 9ms
90th percentile: 27ms
95th percentile: 32ms
99th percentile: 40ms
Number Missed Vsync: 3615
Number High input latency: 39039
Number Slow UI thread: 3876
Number Slow bitmap uploads: 11
Number Slow issue draw commands: 15367
Number Frame deadline missed: 15374
Number Frame deadline missed (legacy): 19050
HISTOGRAM: 5ms=5368 6ms=9777 7ms=8198 8ms=9582 9ms=9649 10ms=6560 11ms=3069 12ms=4222 13ms=846 14ms=1032 15ms=1223 16ms=1255 17ms=858 18ms=788 19ms=1133 20ms=1608 21ms=1105 22ms=535 23ms=407 24ms=317 25ms=321 26ms=369 27ms=454 28ms=554 29ms=525 30ms=610 31ms=708 32ms=1768 34ms=1439 36ms=637 38ms=343 40ms=232 42ms=143 44ms=103 46ms=86 48ms=106 53ms=101 57ms=83 61ms=43 65ms=19 69ms=13 73ms=3 77ms=6 81ms=2 85ms=1 89ms=1 93ms=2 97ms=0 101ms=1 105ms=1 109ms=0 113ms=0 117ms=0 121ms=0 125ms=0 129ms=0 133ms=0 150ms=2 200ms=1 250ms=3 300ms=1 350ms=0 400ms=0 450ms=0 500ms=0 550ms=0 600ms=0 650ms=0 700ms=0 750ms=0 800ms=0 850ms=0 900ms=0 950ms=0 1000ms=0 1050ms=0 1100ms=0 1150ms=0 1200ms=0 1250ms=0 1300ms=0 1350ms=0 1400ms=0 1450ms=0 1500ms=0 1550ms=0 1600ms=0 1650ms=0 1700ms=0 1750ms=0 1800ms=0 1850ms=0 1900ms=0 1950ms=0 2000ms=0 2050ms=0 2100ms=0 2150ms=0 2200ms=0 2250ms=0 2300ms=0 2350ms=0 2400ms=0 2450ms=0 2500ms=0 2550ms=0 2600ms=0 2650ms=0 2700ms=0 2750ms=0 2800ms=0 2850ms=0 2900ms=0 2950ms=0 3000ms=0 3050ms=0 3100ms=0 3150ms=0 3200ms=0 3250ms=0 3300ms=0 3350ms=0 3400ms=0 3450ms=0 3500ms=0 3550ms=0 3600ms=0 3650ms=0 3700ms=0 3750ms=0 3800ms=0 3850ms=0 3900ms=0 3950ms=0 4000ms=0 4050ms=0 4100ms=0 4150ms=0 4200ms=0 4250ms=0 4300ms=0 4350ms=0 4400ms=0 4450ms=0 4500ms=0 4550ms=0 4600ms=0 4650ms=0 4700ms=0 4750ms=0 4800ms=0 4850ms=0 4900ms=0 4950ms=0
50th gpu percentile: 4ms
90th gpu percentile: 5ms
95th gpu percentile: 6ms
99th gpu percentile: 8ms
GPU HISTOGRAM: 1ms=97 2ms=2180 3ms=32523 4ms=27937 5ms=8735 6ms=1974 7ms=1975 8ms=585 9ms=172 10ms=29 11ms=1 12ms=2 13ms=1 14ms=0 15ms=0 16ms=0 17ms=1 18ms=1 19ms=0 20ms=0 21ms=0 22ms=0 23ms=0 24ms=0 25ms=0 4950ms=0

Pipeline=Skia (Vulkan)
Memory policy:
  Max surface area: 2073600
  Max resource usage: 99.53MB (x48)
  Background retention: 50% (altUiHidden = true)
  GPU Context timeout: 10
Contexts: 1 (stopped = 0)
CPU Caches:
  Glyph Cache: 361.71 KB (1 entry)
  Glyph Count: 85 
Total CPU memory usage:
  370387 bytes, 361.71 KB (0.00 bytes is purgeable)
GPU Caches:
gpu_busy_raw:  480512 1005957  gpu_busy_pct(computed): n/a
cpu_cur_freqs: p0=1248000 p2=2131200 p5=2035200 p7=2112000
--- sample 25 pkg=com.retrohrai.launcher 17:56:41 ---
Applications Graphics Acceleration Info:
Uptime: 7282371 Realtime: 8270415

** Graphics info for pid 4082 [com.retrohrai.launcher] **

Stats since: 18786522231ns
Total frames rendered: 76576
Janky frames: 15376 (20.08%)
Janky frames (legacy): 21800 (28.47%)
50th percentile: 9ms
90th percentile: 27ms
95th percentile: 32ms
99th percentile: 40ms
Number Missed Vsync: 3615
Number High input latency: 39260
Number Slow UI thread: 3878
Number Slow bitmap uploads: 11
Number Slow issue draw commands: 15369
Number Frame deadline missed: 15376
Number Frame deadline missed (legacy): 19057
HISTOGRAM: 5ms=5381 6ms=9777 7ms=8199 8ms=9638 9ms=9804 10ms=6673 11ms=3081 12ms=4230 13ms=850 14ms=1033 15ms=1223 16ms=1255 17ms=858 18ms=788 19ms=1133 20ms=1608 21ms=1105 22ms=535 23ms=407 24ms=317 25ms=321 26ms=369 27ms=454 28ms=554 29ms=525 30ms=610 31ms=708 32ms=1768 34ms=1439 36ms=637 38ms=343 40ms=232 42ms=143 44ms=103 46ms=86 48ms=106 53ms=101 57ms=83 61ms=43 65ms=19 69ms=13 73ms=3 77ms=6 81ms=2 85ms=1 89ms=1 93ms=2 97ms=0 101ms=1 105ms=1 109ms=0 113ms=0 117ms=0 121ms=0 125ms=0 129ms=0 133ms=0 150ms=2 200ms=1 250ms=3 300ms=1 350ms=0 400ms=0 450ms=0 500ms=0 550ms=0 600ms=0 650ms=0 700ms=0 750ms=0 800ms=0 850ms=0 900ms=0 950ms=0 1000ms=0 1050ms=0 1100ms=0 1150ms=0 1200ms=0 1250ms=0 1300ms=0 1350ms=0 1400ms=0 1450ms=0 1500ms=0 1550ms=0 1600ms=0 1650ms=0 1700ms=0 1750ms=0 1800ms=0 1850ms=0 1900ms=0 1950ms=0 2000ms=0 2050ms=0 2100ms=0 2150ms=0 2200ms=0 2250ms=0 2300ms=0 2350ms=0 2400ms=0 2450ms=0 2500ms=0 2550ms=0 2600ms=0 2650ms=0 2700ms=0 2750ms=0 2800ms=0 2850ms=0 2900ms=0 2950ms=0 3000ms=0 3050ms=0 3100ms=0 3150ms=0 3200ms=0 3250ms=0 3300ms=0 3350ms=0 3400ms=0 3450ms=0 3500ms=0 3550ms=0 3600ms=0 3650ms=0 3700ms=0 3750ms=0 3800ms=0 3850ms=0 3900ms=0 3950ms=0 4000ms=0 4050ms=0 4100ms=0 4150ms=0 4200ms=0 4250ms=0 4300ms=0 4350ms=0 4400ms=0 4450ms=0 4500ms=0 4550ms=0 4600ms=0 4650ms=0 4700ms=0 4750ms=0 4800ms=0 4850ms=0 4900ms=0 4950ms=0
50th gpu percentile: 4ms
90th gpu percentile: 5ms
95th gpu percentile: 6ms
99th gpu percentile: 8ms
GPU HISTOGRAM: 1ms=98 2ms=2189 3ms=32554 4ms=28067 5ms=8927 6ms=1974 7ms=1975 8ms=585 9ms=172 10ms=29 11ms=1 12ms=2 13ms=1 14ms=0 15ms=0 16ms=0 17ms=1 18ms=1 19ms=0 20ms=0 21ms=0 22ms=0 23ms=0 24ms=0 25ms=0 4950ms=0

Pipeline=Skia (Vulkan)
Memory policy:
  Max surface area: 2073600
  Max resource usage: 99.53MB (x48)
  Background retention: 50% (altUiHidden = true)
  GPU Context timeout: 10
Contexts: 1 (stopped = 0)
CPU Caches:
  Glyph Cache: 361.71 KB (1 entry)
  Glyph Count: 85 
Total CPU memory usage:
  370387 bytes, 361.71 KB (0.00 bytes is purgeable)
GPU Caches:
gpu_busy_raw:  528470 1007606  gpu_busy_pct(computed): 2908
cpu_cur_freqs: p0=1248000 p2=2131200 p5=2035200 p7=2112000
--- sample 26 pkg=com.retrohrai.launcher 17:56:44 ---
Applications Graphics Acceleration Info:
Uptime: 7285523 Realtime: 8273567

** Graphics info for pid 4082 [com.retrohrai.launcher] **

Stats since: 18786522231ns
Total frames rendered: 76924
Janky frames: 15377 (19.99%)
Janky frames (legacy): 21818 (28.36%)
50th percentile: 9ms
90th percentile: 27ms
95th percentile: 32ms
99th percentile: 40ms
Number Missed Vsync: 3615
Number High input latency: 39390
Number Slow UI thread: 3879
Number Slow bitmap uploads: 11
Number Slow issue draw commands: 15370
Number Frame deadline missed: 15377
Number Frame deadline missed (legacy): 19069
HISTOGRAM: 5ms=5394 6ms=9777 7ms=8204 8ms=9704 9ms=9952 10ms=6760 11ms=3096 12ms=4238 13ms=855 14ms=1034 15ms=1223 16ms=1255 17ms=858 18ms=788 19ms=1133 20ms=1608 21ms=1105 22ms=535 23ms=407 24ms=317 25ms=321 26ms=369 27ms=454 28ms=554 29ms=525 30ms=610 31ms=708 32ms=1768 34ms=1439 36ms=637 38ms=343 40ms=232 42ms=143 44ms=103 46ms=86 48ms=106 53ms=101 57ms=83 61ms=43 65ms=19 69ms=13 73ms=3 77ms=6 81ms=2 85ms=1 89ms=1 93ms=2 97ms=0 101ms=1 105ms=1 109ms=0 113ms=0 117ms=0 121ms=0 125ms=0 129ms=0 133ms=0 150ms=2 200ms=1 250ms=3 300ms=1 350ms=0 400ms=0 450ms=0 500ms=0 550ms=0 600ms=0 650ms=0 700ms=0 750ms=0 800ms=0 850ms=0 900ms=0 950ms=0 1000ms=0 1050ms=0 1100ms=0 1150ms=0 1200ms=0 1250ms=0 1300ms=0 1350ms=0 1400ms=0 1450ms=0 1500ms=0 1550ms=0 1600ms=0 1650ms=0 1700ms=0 1750ms=0 1800ms=0 1850ms=0 1900ms=0 1950ms=0 2000ms=0 2050ms=0 2100ms=0 2150ms=0 2200ms=0 2250ms=0 2300ms=0 2350ms=0 2400ms=0 2450ms=0 2500ms=0 2550ms=0 2600ms=0 2650ms=0 2700ms=0 2750ms=0 2800ms=0 2850ms=0 2900ms=0 2950ms=0 3000ms=0 3050ms=0 3100ms=0 3150ms=0 3200ms=0 3250ms=0 3300ms=0 3350ms=0 3400ms=0 3450ms=0 3500ms=0 3550ms=0 3600ms=0 3650ms=0 3700ms=0 3750ms=0 3800ms=0 3850ms=0 3900ms=0 3950ms=0 4000ms=0 4050ms=0 4100ms=0 4150ms=0 4200ms=0 4250ms=0 4300ms=0 4350ms=0 4400ms=0 4450ms=0 4500ms=0 4550ms=0 4600ms=0 4650ms=0 4700ms=0 4750ms=0 4800ms=0 4850ms=0 4900ms=0 4950ms=0
50th gpu percentile: 4ms
90th gpu percentile: 5ms
95th gpu percentile: 6ms
99th gpu percentile: 8ms
GPU HISTOGRAM: 1ms=98 2ms=2199 3ms=32591 4ms=28210 5ms=9085 6ms=1974 7ms=1975 8ms=585 9ms=172 10ms=29 11ms=1 12ms=2 13ms=1 14ms=0 15ms=0 16ms=0 17ms=1 18ms=1 19ms=0 20ms=0 21ms=0 22ms=0 23ms=0 24ms=0 25ms=0 4950ms=0

Pipeline=Skia (Vulkan)
Memory policy:
  Max surface area: 2073600
  Max resource usage: 99.53MB (x48)
  Background retention: 50% (altUiHidden = true)
  GPU Context timeout: 10
Contexts: 1 (stopped = 0)
CPU Caches:
  Glyph Cache: 361.71 KB (1 entry)
  Glyph Count: 85 
Total CPU memory usage:
  370387 bytes, 361.71 KB (0.00 bytes is purgeable)
GPU Caches:
gpu_busy_raw:  488047 1004054  gpu_busy_pct(computed): n/a
cpu_cur_freqs: p0=1248000 p2=2131200 p5=2035200 p7=2112000
--- sample 27 pkg=com.retrohrai.launcher 17:56:47 ---
Applications Graphics Acceleration Info:
Uptime: 7288688 Realtime: 8276733

** Graphics info for pid 4082 [com.retrohrai.launcher] **

Stats since: 18786522231ns
Total frames rendered: 77289
Janky frames: 15382 (19.90%)
Janky frames (legacy): 21837 (28.25%)
50th percentile: 9ms
90th percentile: 27ms
95th percentile: 32ms
99th percentile: 40ms
Number Missed Vsync: 3615
Number High input latency: 39533
Number Slow UI thread: 3884
Number Slow bitmap uploads: 11
Number Slow issue draw commands: 15375
Number Frame deadline missed: 15382
Number Frame deadline missed (legacy): 19080
HISTOGRAM: 5ms=5410 6ms=9777 7ms=8209 8ms=9773 9ms=10106 10ms=6853 11ms=3111 12ms=4245 13ms=860 14ms=1035 15ms=1223 16ms=1255 17ms=858 18ms=788 19ms=1133 20ms=1608 21ms=1105 22ms=535 23ms=407 24ms=317 25ms=321 26ms=369 27ms=454 28ms=554 29ms=525 30ms=610 31ms=708 32ms=1768 34ms=1439 36ms=637 38ms=343 40ms=232 42ms=143 44ms=103 46ms=86 48ms=106 53ms=101 57ms=83 61ms=43 65ms=19 69ms=13 73ms=3 77ms=6 81ms=2 85ms=1 89ms=1 93ms=2 97ms=0 101ms=1 105ms=1 109ms=0 113ms=0 117ms=0 121ms=0 125ms=0 129ms=0 133ms=0 150ms=2 200ms=1 250ms=3 300ms=1 350ms=0 400ms=0 450ms=0 500ms=0 550ms=0 600ms=0 650ms=0 700ms=0 750ms=0 800ms=0 850ms=0 900ms=0 950ms=0 1000ms=0 1050ms=0 1100ms=0 1150ms=0 1200ms=0 1250ms=0 1300ms=0 1350ms=0 1400ms=0 1450ms=0 1500ms=0 1550ms=0 1600ms=0 1650ms=0 1700ms=0 1750ms=0 1800ms=0 1850ms=0 1900ms=0 1950ms=0 2000ms=0 2050ms=0 2100ms=0 2150ms=0 2200ms=0 2250ms=0 2300ms=0 2350ms=0 2400ms=0 2450ms=0 2500ms=0 2550ms=0 2600ms=0 2650ms=0 2700ms=0 2750ms=0 2800ms=0 2850ms=0 2900ms=0 2950ms=0 3000ms=0 3050ms=0 3100ms=0 3150ms=0 3200ms=0 3250ms=0 3300ms=0 3350ms=0 3400ms=0 3450ms=0 3500ms=0 3550ms=0 3600ms=0 3650ms=0 3700ms=0 3750ms=0 3800ms=0 3850ms=0 3900ms=0 3950ms=0 4000ms=0 4050ms=0 4100ms=0 4150ms=0 4200ms=0 4250ms=0 4300ms=0 4350ms=0 4400ms=0 4450ms=0 4500ms=0 4550ms=0 4600ms=0 4650ms=0 4700ms=0 4750ms=0 4800ms=0 4850ms=0 4900ms=0 4950ms=0
50th gpu percentile: 4ms
90th gpu percentile: 5ms
95th gpu percentile: 6ms
99th gpu percentile: 8ms
GPU HISTOGRAM: 1ms=98 2ms=2214 3ms=32621 4ms=28370 5ms=9245 6ms=1974 7ms=1975 8ms=585 9ms=172 10ms=29 11ms=1 12ms=2 13ms=1 14ms=0 15ms=0 16ms=0 17ms=1 18ms=1 19ms=0 20ms=0 21ms=0 22ms=0 23ms=0 24ms=0 25ms=0 4950ms=0

Pipeline=Skia (Vulkan)
Memory policy:
  Max surface area: 2073600
  Max resource usage: 99.53MB (x48)
  Background retention: 50% (altUiHidden = true)
  GPU Context timeout: 10
Contexts: 1 (stopped = 0)
CPU Caches:
  Glyph Cache: 361.71 KB (1 entry)
  Glyph Count: 85 
Total CPU memory usage:
  370387 bytes, 361.71 KB (0.00 bytes is purgeable)
GPU Caches:
gpu_busy_raw:  507682 1006109  gpu_busy_pct(computed): 955
cpu_cur_freqs: p0=1248000 p2=2131200 p5=2035200 p7=2112000
--- sample 28 pkg=com.retrohrai.launcher 17:56:50 ---
Applications Graphics Acceleration Info:
Uptime: 7291857 Realtime: 8279902

** Graphics info for pid 4082 [com.retrohrai.launcher] **

Stats since: 18786522231ns
Total frames rendered: 77647
Janky frames: 15383 (19.81%)
Janky frames (legacy): 21859 (28.15%)
50th percentile: 9ms
90th percentile: 27ms
95th percentile: 32ms
99th percentile: 40ms
Number Missed Vsync: 3615
Number High input latency: 39714
Number Slow UI thread: 3885
Number Slow bitmap uploads: 11
Number Slow issue draw commands: 15376
Number Frame deadline missed: 15383
Number Frame deadline missed (legacy): 19091
HISTOGRAM: 5ms=5422 6ms=9777 7ms=8210 8ms=9850 9ms=10245 10ms=6932 11ms=3147 12ms=4252 13ms=866 14ms=1036 15ms=1223 16ms=1255 17ms=858 18ms=788 19ms=1133 20ms=1608 21ms=1105 22ms=535 23ms=407 24ms=317 25ms=321 26ms=369 27ms=454 28ms=554 29ms=525 30ms=610 31ms=708 32ms=1768 34ms=1439 36ms=637 38ms=343 40ms=232 42ms=143 44ms=103 46ms=86 48ms=106 53ms=101 57ms=83 61ms=43 65ms=19 69ms=13 73ms=3 77ms=6 81ms=2 85ms=1 89ms=1 93ms=2 97ms=0 101ms=1 105ms=1 109ms=0 113ms=0 117ms=0 121ms=0 125ms=0 129ms=0 133ms=0 150ms=2 200ms=1 250ms=3 300ms=1 350ms=0 400ms=0 450ms=0 500ms=0 550ms=0 600ms=0 650ms=0 700ms=0 750ms=0 800ms=0 850ms=0 900ms=0 950ms=0 1000ms=0 1050ms=0 1100ms=0 1150ms=0 1200ms=0 1250ms=0 1300ms=0 1350ms=0 1400ms=0 1450ms=0 1500ms=0 1550ms=0 1600ms=0 1650ms=0 1700ms=0 1750ms=0 1800ms=0 1850ms=0 1900ms=0 1950ms=0 2000ms=0 2050ms=0 2100ms=0 2150ms=0 2200ms=0 2250ms=0 2300ms=0 2350ms=0 2400ms=0 2450ms=0 2500ms=0 2550ms=0 2600ms=0 2650ms=0 2700ms=0 2750ms=0 2800ms=0 2850ms=0 2900ms=0 2950ms=0 3000ms=0 3050ms=0 3100ms=0 3150ms=0 3200ms=0 3250ms=0 3300ms=0 3350ms=0 3400ms=0 3450ms=0 3500ms=0 3550ms=0 3600ms=0 3650ms=0 3700ms=0 3750ms=0 3800ms=0 3850ms=0 3900ms=0 3950ms=0 4000ms=0 4050ms=0 4100ms=0 4150ms=0 4200ms=0 4250ms=0 4300ms=0 4350ms=0 4400ms=0 4450ms=0 4500ms=0 4550ms=0 4600ms=0 4650ms=0 4700ms=0 4750ms=0 4800ms=0 4850ms=0 4900ms=0 4950ms=0
50th gpu percentile: 4ms
90th gpu percentile: 5ms
95th gpu percentile: 6ms
99th gpu percentile: 8ms
GPU HISTOGRAM: 1ms=98 2ms=2224 3ms=32648 4ms=28521 5ms=9415 6ms=1974 7ms=1975 8ms=585 9ms=172 10ms=29 11ms=1 12ms=2 13ms=1 14ms=0 15ms=0 16ms=0 17ms=1 18ms=1 19ms=0 20ms=0 21ms=0 22ms=0 23ms=0 24ms=0 25ms=0 4950ms=0

Pipeline=Skia (Vulkan)
Memory policy:
  Max surface area: 2073600
  Max resource usage: 99.53MB (x48)
  Background retention: 50% (altUiHidden = true)
  GPU Context timeout: 10
Contexts: 1 (stopped = 0)
CPU Caches:
  Glyph Cache: 361.71 KB (1 entry)
  Glyph Count: 85 
Total CPU memory usage:
  370387 bytes, 361.71 KB (0.00 bytes is purgeable)
GPU Caches:
gpu_busy_raw:  490972 1006496  gpu_busy_pct(computed): -4317
cpu_cur_freqs: p0=1248000 p2=2131200 p5=2035200 p7=2112000
--- sample 29 pkg=com.retrohrai.launcher 17:56:53 ---
Applications Graphics Acceleration Info:
Uptime: 7295007 Realtime: 8283052

** Graphics info for pid 4082 [com.retrohrai.launcher] **

Stats since: 18786522231ns
Total frames rendered: 78007
Janky frames: 15387 (19.73%)
Janky frames (legacy): 21884 (28.05%)
50th percentile: 9ms
90th percentile: 27ms
95th percentile: 32ms
99th percentile: 40ms
Number Missed Vsync: 3615
Number High input latency: 40149
Number Slow UI thread: 3889
Number Slow bitmap uploads: 11
Number Slow issue draw commands: 15380
Number Frame deadline missed: 15387
Number Frame deadline missed (legacy): 19100
HISTOGRAM: 5ms=5447 6ms=9777 7ms=8217 8ms=9963 9ms=10339 10ms=6971 11ms=3216 12ms=4258 13ms=869 14ms=1040 15ms=1223 16ms=1255 17ms=858 18ms=788 19ms=1133 20ms=1608 21ms=1105 22ms=535 23ms=407 24ms=317 25ms=321 26ms=369 27ms=454 28ms=554 29ms=525 30ms=610 31ms=708 32ms=1768 34ms=1439 36ms=637 38ms=343 40ms=232 42ms=143 44ms=103 46ms=86 48ms=106 53ms=101 57ms=83 61ms=43 65ms=19 69ms=13 73ms=3 77ms=6 81ms=2 85ms=1 89ms=1 93ms=2 97ms=0 101ms=1 105ms=1 109ms=0 113ms=0 117ms=0 121ms=0 125ms=0 129ms=0 133ms=0 150ms=2 200ms=1 250ms=3 300ms=1 350ms=0 400ms=0 450ms=0 500ms=0 550ms=0 600ms=0 650ms=0 700ms=0 750ms=0 800ms=0 850ms=0 900ms=0 950ms=0 1000ms=0 1050ms=0 1100ms=0 1150ms=0 1200ms=0 1250ms=0 1300ms=0 1350ms=0 1400ms=0 1450ms=0 1500ms=0 1550ms=0 1600ms=0 1650ms=0 1700ms=0 1750ms=0 1800ms=0 1850ms=0 1900ms=0 1950ms=0 2000ms=0 2050ms=0 2100ms=0 2150ms=0 2200ms=0 2250ms=0 2300ms=0 2350ms=0 2400ms=0 2450ms=0 2500ms=0 2550ms=0 2600ms=0 2650ms=0 2700ms=0 2750ms=0 2800ms=0 2850ms=0 2900ms=0 2950ms=0 3000ms=0 3050ms=0 3100ms=0 3150ms=0 3200ms=0 3250ms=0 3300ms=0 3350ms=0 3400ms=0 3450ms=0 3500ms=0 3550ms=0 3600ms=0 3650ms=0 3700ms=0 3750ms=0 3800ms=0 3850ms=0 3900ms=0 3950ms=0 4000ms=0 4050ms=0 4100ms=0 4150ms=0 4200ms=0 4250ms=0 4300ms=0 4350ms=0 4400ms=0 4450ms=0 4500ms=0 4550ms=0 4600ms=0 4650ms=0 4700ms=0 4750ms=0 4800ms=0 4850ms=0 4900ms=0 4950ms=0
50th gpu percentile: 4ms
90th gpu percentile: 5ms
95th gpu percentile: 6ms
99th gpu percentile: 8ms
GPU HISTOGRAM: 1ms=98 2ms=2245 3ms=32682 4ms=28724 5ms=9518 6ms=1974 7ms=1975 8ms=585 9ms=172 10ms=29 11ms=1 12ms=2 13ms=1 14ms=0 15ms=0 16ms=0 17ms=1 18ms=1 19ms=0 20ms=0 21ms=0 22ms=0 23ms=0 24ms=0 25ms=0 4950ms=0

Pipeline=Skia (Vulkan)
Memory policy:
  Max surface area: 2073600
  Max resource usage: 99.53MB (x48)
  Background retention: 50% (altUiHidden = true)
  GPU Context timeout: 10
Contexts: 1 (stopped = 0)
CPU Caches:
  Glyph Cache: 361.71 KB (1 entry)
  Glyph Count: 85 
Total CPU memory usage:
  370387 bytes, 361.71 KB (0.00 bytes is purgeable)
GPU Caches:
gpu_busy_raw:  486801 1001966  gpu_busy_pct(computed): n/a
cpu_cur_freqs: p0=1248000 p2=2131200 p5=2035200 p7=2112000

===== 8. SAFE WRITE TEST - CPU (reversible, restores immediately) =====
policy0 current governor: performance (note: AYASpace ECO mode sets this to 'powersave', which ignores scaling_max_freq for practical purposes)
policy0 original scaling_max_freq: 1248000
after writing 1344000, scaling_max_freq reads: 1344000
restored to: 1248000

===== 9. SAFE WRITE TEST - GPU (reversible, restores immediately) =====
gpu original max_pwrlevel: 0
after writing 9, max_pwrlevel reads: 9 gpuclk=231000000
restored to: 0

===== DONE =====
Diagnostics finished. Log: /sdcard/pulse_lite_diag_streaming.log
