# TRIMMED (analyze-pulse-logs.py) -- original was 39 lines / 4924B.
# Kept: every distinct line; runs of 3+ consecutive identical lines (idle TICK-SKIP polling,
# only the timestamp differs) collapsed to first + elision count + last.
# ---
2026-07-30 18:35:12 PulseAutoTdp: TICK-SKIP overlayShouldShow=false autoActive=false quickAccessShouldShow=false autoTdpPackage=null boundPackage=null lastForeground=null
# ... 8 more identical lines elided (same content, only timestamp differs) ...
2026-07-30 18:35:26 PulseAutoTdp: TICK-SKIP overlayShouldShow=false autoActive=false quickAccessShouldShow=false autoTdpPackage=null boundPackage=null lastForeground=null
2026-07-30 18:35:27 PulseFan: arbiter=None auto=false bound=null managed=5 latched=false
2026-07-30 18:35:28 PulseAutoTdp: TICK-SKIP overlayShouldShow=false autoActive=false quickAccessShouldShow=false autoTdpPackage=null boundPackage=null lastForeground=null
2026-07-30 18:35:28 PulseFan: arbiter=RunCustomLoop auto=false bound=null managed=6 latched=false
2026-07-30 18:35:41 PulseDaemon: telemetry read via daemon (16 path(s))
2026-07-30 18:35:41 PulseFan: CUSTOM idle → vendor Smart (target=20 floor=20 temp=39 idle=1)
2026-07-30 18:35:42 PulseAutoTdp: TICK-SKIP overlayShouldShow=false autoActive=false quickAccessShouldShow=false autoTdpPackage=null boundPackage=null lastForeground=null
2026-07-30 18:35:42 PulseFan: arbiter=RunCustomLoop auto=false bound=null managed=6 latched=false
2026-07-30 18:35:42 PulseDaemon: telemetry read via daemon (16 path(s))
2026-07-30 18:35:44 PulseFan: CUSTOM idle → vendor Smart (target=20 floor=20 temp=39 idle=2)
2026-07-30 18:35:45 PulseAutoTdp: TICK-SKIP overlayShouldShow=false autoActive=false quickAccessShouldShow=false autoTdpPackage=null boundPackage=null lastForeground=null
2026-07-30 18:35:45 PulseDaemon: telemetry read via daemon (16 path(s))
2026-07-30 18:35:46 PulseFan: CUSTOM idle → vendor Smart (target=20 floor=20 temp=39 idle=3)
2026-07-30 18:35:47 PulseAutoTdp: TICK-SKIP overlayShouldShow=false autoActive=false quickAccessShouldShow=false autoTdpPackage=null boundPackage=null lastForeground=null
2026-07-30 18:35:47 PulseFan: arbiter=RunCustomLoop auto=false bound=null managed=6 latched=false
2026-07-30 18:35:47 PulseDaemon: telemetry read via daemon (16 path(s))
2026-07-30 18:35:47 PulseFan: CUSTOM idle → vendor Smart (target=20 floor=20 temp=39 idle=4)
2026-07-30 18:35:48 PulseAutoTdp: TICK-SKIP overlayShouldShow=false autoActive=false quickAccessShouldShow=false autoTdpPackage=null boundPackage=null lastForeground=null
2026-07-30 18:35:48 PulseDaemon: telemetry read via daemon (16 path(s))
2026-07-30 18:35:49 PulseFan: CUSTOM idle → vendor Smart (target=20 floor=20 temp=39 idle=5)
2026-07-30 18:35:50 PulseAutoTdp: TICK-SKIP overlayShouldShow=false autoActive=false quickAccessShouldShow=false autoTdpPackage=null boundPackage=null lastForeground=null
2026-07-30 18:35:50 PulseFan: arbiter=RunCustomLoop auto=false bound=null managed=6 latched=false
2026-07-30 18:35:50 PulseDaemon: telemetry read via daemon (16 path(s))
2026-07-30 18:35:50 PulseFan: CUSTOM idle → vendor Smart (target=20 floor=20 temp=39 idle=6)
2026-07-30 18:35:51 PulseAutoTdp: TICK-SKIP overlayShouldShow=false autoActive=false quickAccessShouldShow=false autoTdpPackage=null boundPackage=null lastForeground=null
2026-07-30 18:35:52 PulseFan: arbiter=RunCustomLoop auto=false bound=null managed=6 latched=false
2026-07-30 18:35:52 PulseDaemon: telemetry read via daemon (16 path(s))
2026-07-30 18:35:52 PulseFan: CUSTOM idle → vendor Smart (target=20 floor=20 temp=39 idle=7)
2026-07-30 18:35:53 PulseAutoTdp: TICK-SKIP overlayShouldShow=false autoActive=false quickAccessShouldShow=false autoTdpPackage=null boundPackage=null lastForeground=null
2026-07-30 18:35:53 PulseFan: arbiter=RunCustomLoop auto=false bound=null managed=6 latched=false
