===== 0. IDENTITY / RUN INFO =====
suffix: eden_v7
id: uid=0(root) gid=0(root) groups=0(root) context=u:r:xsud:s0
date: Wed Jul 22 00:27:31 CEST 2026
>>> REMINDER: note which AYASpace mode was active for this run when reporting back <<<

===== 1. DEVICE / SOC FINGERPRINT =====
Pocket FIT
AYANEO_Pocket_FIT
PocketFIT
AYANEO_PocketS2-user
SG8350P
pineapple
android.version=14
android.sdk=34
--- full getprop grep soc/hw/board/gpu ---
[graphics.gpu.profiler.support]: [true]
[init.svc.gpu]: [running]
[init.svc_debug_pid.gpu]: [1819]
[persist.sys.fake.gpu]: [Adreno (TM) 750]
[persist.sys.soc.model]: []
[persist.vendor.qcom.bluetooth.soc]: [hamilton]
[ro.board.api_level]: [34]
[ro.board.first_api_level]: [34]
[ro.board.platform]: [pineapple]
[ro.boot.board_id]: [0x00]
[ro.boot.boot_devices]: [soc/1d84000.ufshc]
[ro.boot.vendor.qspa.gpu]: [enabled]
[ro.boottime.gpu]: [14394601973]
[ro.gfx.driver.1]: [com.qualcomm.qti.gpudrivers.pineapple.api34]
[ro.product.board]: [pineapple]
[ro.soc.manufacturer]: [QTI]
[ro.vendor.qti.soc_id]: [682]
[ro.vendor.qti.soc_model]: [SG8350P]
[ro.vendor.qti.soc_name]: [pineapple]
[vendor.display.enable_hdr10_gpu_target]: [1]
[vendor.display.gpu_rendering]: [true]

===== 2. CPU TOPOLOGY - all policies, full frequency tables + governor (baseline snapshot) =====
--- policy0 ---
affected_cpus: 0 1
scaling_governor: performance
scaling_available_governors: walt conservative powersave performance schedutil 
cpuinfo_min_freq: 364800
cpuinfo_max_freq: 2265600
scaling_min_freq: 2035200
scaling_max_freq: 2150400
scaling_cur_freq: 2150400
scaling_available_frequencies: 364800 460800 556800 672000 787200 902400 1017600 1132800 1248000 1344000 1459200 1574400 1689600 1804800 1920000 2035200 2150400 2265600 
--- policy2 ---
affected_cpus: 2 3 4
scaling_governor: performance
scaling_available_governors: walt conservative powersave performance schedutil 
cpuinfo_min_freq: 499200
cpuinfo_max_freq: 3148800
scaling_min_freq: 2841600
scaling_max_freq: 2899200
scaling_cur_freq: 2899200
scaling_available_frequencies: 499200 614400 729600 844800 960000 1075200 1190400 1286400 1401600 1497600 1612800 1708800 1824000 1920000 2035200 2131200 2188800 2246400 2323200 2380800 2438400 2515200 2572800 2630400 2707200 2764800 2841600 2899200 2956800 3014400 3072000 3148800 
--- policy5 ---
affected_cpus: 5 6
scaling_governor: performance
scaling_available_governors: walt conservative powersave performance schedutil 
cpuinfo_min_freq: 499200
cpuinfo_max_freq: 2956800
scaling_min_freq: 499200
scaling_max_freq: 2899200
scaling_cur_freq: 2899200
scaling_available_frequencies: 499200 614400 729600 844800 960000 1075200 1190400 1286400 1401600 1497600 1612800 1708800 1824000 1920000 2035200 2131200 2188800 2246400 2323200 2380800 2438400 2515200 2572800 2630400 2707200 2764800 2841600 2899200 2956800 
--- policy7 ---
affected_cpus: 7
scaling_governor: performance
scaling_available_governors: walt conservative powersave performance schedutil 
cpuinfo_min_freq: 480000
cpuinfo_max_freq: 3302400
scaling_min_freq: 480000
scaling_max_freq: 2937600
scaling_cur_freq: 2937600
scaling_available_frequencies: 480000 576000 672000 787200 902400 1017600 1132800 1248000 1363200 1478400 1593600 1708800 1824000 1939200 2035200 2112000 2169600 2246400 2304000 2380800 2438400 2496000 2553600 2630400 2688000 2745600 2803200 2880000 2937600 2995200 3052800 

===== 3. GPU (kgsl) - full state (baseline snapshot) =====
max_pwrlevel: 0
min_pwrlevel: 13
num_pwrlevels: 14
gpuclk: 310000000
gpubusy (raw busy_cycles total_cycles):  697295 1011433
devfreq/governor: msm-adreno-tz
devfreq/available_frequencies: 1050000000 1000000000 903000000 834000000 770000000 720000000 680000000 629000000 578000000 500000000 422000000 366000000 310000000 231000000

===== 4. THERMAL ZONES - full list + current temps =====
thermal_zone0: type=pm8550-bcl-lvl0 temp=0
thermal_zone1: type=pm8550-bcl-lvl1 temp=0
thermal_zone10: type=cpuss-0 temp=66300
thermal_zone11: type=cpuss-1 temp=64700
thermal_zone12: type=cpuss-2 temp=65900
thermal_zone13: type=cpuss-3 temp=67100
thermal_zone14: type=cpu-2-0-0 temp=64300
thermal_zone15: type=cpu-2-0-1 temp=63600
thermal_zone16: type=cpu-2-1-0 temp=65100
thermal_zone17: type=cpu-2-1-1 temp=65500
thermal_zone18: type=cpu-2-2-0 temp=65900
thermal_zone19: type=cpu-2-2-1 temp=66300
thermal_zone2: type=pm8550-bcl-lvl2 temp=0
thermal_zone20: type=cpu-1-0-0 temp=72100
thermal_zone21: type=cpu-1-0-1 temp=71300
thermal_zone22: type=cpu-1-1-0 temp=68200
thermal_zone23: type=cpu-1-1-1 temp=67400
thermal_zone24: type=aoss-1 temp=61900
thermal_zone25: type=cpu-1-2-0 temp=70300
thermal_zone26: type=cpu-1-2-1 temp=72600
thermal_zone27: type=cpu-1-2-2 temp=67600
thermal_zone28: type=cpu-0-0-0 temp=65300
thermal_zone29: type=cpu-0-1-0 temp=66100
thermal_zone3: type=vbat temp=3786
thermal_zone30: type=nsphvx-0 temp=58800
thermal_zone31: type=nsphvx-1 temp=59200
thermal_zone32: type=nsphmx-0 temp=55700
thermal_zone33: type=nsphmx-1 temp=55300
thermal_zone34: type=nsphmx-2 temp=54900
thermal_zone35: type=nsphmx-3 temp=55700
thermal_zone36: type=video temp=63000
thermal_zone37: type=ddr temp=63000
thermal_zone38: type=camera-0 temp=56500
thermal_zone39: type=camera-1 temp=55300
thermal_zone4: type=pm8550b-ibat-lvl0 temp=562
thermal_zone40: type=aoss-2 temp=62200
thermal_zone41: type=gpuss-0 temp=58600
thermal_zone42: type=gpuss-1 temp=57500
thermal_zone43: type=gpuss-2 temp=59000
thermal_zone44: type=gpuss-3 temp=57500
thermal_zone45: type=gpuss-4 temp=62600
thermal_zone46: type=gpuss-5 temp=60600
thermal_zone47: type=gpuss-6 temp=60600
thermal_zone48: type=gpuss-7 temp=59800
thermal_zone49: type=mdmss-0 temp=57900
thermal_zone5: type=pm8550b-ibat-lvl1 temp=281
thermal_zone50: type=mdmss-1 temp=54300
thermal_zone51: type=mdmss-2 temp=54700
thermal_zone52: type=mdmss-3 temp=57100
thermal_zone53: type=socd temp=46
thermal_zone54: type=xo-therm temp=50383
thermal_zone55: type=skin-msm-therm temp=50928
thermal_zone56: type=cam-flash-therm temp=50512
thermal_zone57: type=wlan-therm temp=50528
thermal_zone58: type=pa-therm-1 temp=49031
thermal_zone59: type=rear-tof-therm temp=40279
thermal_zone6: type=pm8550b-bcl-lvl0 temp=0
thermal_zone60: type=usb-therm temp=25982
thermal_zone61: type=wls-therm temp=64375
thermal_zone62: type=pm8550_tz temp=51577
thermal_zone63: type=pm8550b_tz temp=44417
thermal_zone64: type=pm8550b_lite_tz temp=37873
thermal_zone65: type=pm8550ve_tz temp=50972
thermal_zone66: type=pm8550vs_c_tz temp=50434
thermal_zone67: type=pm8550vs_d_tz temp=54199
thermal_zone68: type=pm8550vs_e_tz temp=56889
thermal_zone69: type=pm8550vs_g_tz temp=50535
thermal_zone7: type=pm8550b-bcl-lvl1 temp=0
thermal_zone70: type=usb temp=25000
thermal_zone71: type=wireless temp=62000
thermal_zone72: type=battery temp=32000
thermal_zone8: type=pm8550b-bcl-lvl2 temp=0
thermal_zone9: type=aoss-0 temp=62000

===== 5. INSTALLED EMULATOR/GAMING PACKAGES =====
package:com.android.systemui.accessibility.accessibilitymenu
package:com.android.credentialmanager
package:org.azahar_emu.azahar
package:org.dolphinemu.dolphinemu
package:com.ayaneo.gamewindow
package:com.retrohrai.launcher
package:com.android.internal.display.cutout.emulation.double
package:com.android.systemui
package:com.android.internal.systemui.navbar.gestural
package:com.ayaneo.gamelauncher
package:com.android.internal.systemui.navbar.threebutton
package:com.android.internal.display.cutout.emulation.hole
package:com.android.internal.systemui.navbar.gestural_narrow_back
package:com.android.internal.display.cutout.emulation.tall
package:com.android.internal.systemui.navbar.gestural_wide_back
package:com.ayaneo.home
package:com.android.internal.systemui.navbar.transparent
package:com.android.systemui.overlay.common
package:com.android.internal.display.cutout.emulation.waterfall
package:com.android.internal.systemui.navbar.gestural_extra_wide_back
package:com.ayaneo.settings
package:com.retroarch.aarch64
package:com.android.internal.display.cutout.emulation.corner
package:com.ayaneo.ayakeytester

===== 6. SURFACEFLINGER WINDOW LIST (reference dump) =====
Display 0 name="Built-in Screen"#3
WindowedMagnification:0:31#4
HideDisplayCutout:0:14#5
OneHanded:0:14#6
FullscreenMagnification:0:12#7
Leaf:0:1#8
WallpaperWindowToken{711c46d token=android.os.Binder@e8f3484}#89
8ba8d38 com.android.systemui.wallpapers.ImageWallpaper#90
com.android.systemui.wallpapers.ImageWallpaper#91
Wallpaper BBQ wrapper#92
DefaultTaskDisplayArea#9
Task=1#46
Task=6#106
6e9d92 ActivityRecordInputSink com.retrohrai.launcher/.MainActivity#114
ActivityRecord{3e06678 u0 com.retrohrai.launcher/.MainActivity#107
4bace89 com.retrohrai.launcher/com.retrohrai.launcher.MainActivity#109
Task=2#47
Task=3#48
Dim layer#52
Task=4#49
Dim layer#53
Task=13#360
ac4a45 ActivityRecordInputSink com.miHoYo.Yuanshen/org.yuzu.yuzu_emu.activities.EmulationActivity#365
ActivityRecord{e5ad59a u0 com.miHoYo.Yuanshen/org.yuzu.yuzu_emu.activities.EmulationActivity#361
63a3ddd com.miHoYo.Yuanshen/org.yuzu.yuzu_emu.activities.EmulationActivity#368
Background for SurfaceView[com.miHoYo.Yuanshen/org.yuzu.yuzu_emu.activities.EmulationActivity]#381
SurfaceView[com.miHoYo.Yuanshen/org.yuzu.yuzu_emu.activities.EmulationActivity]#379
SurfaceView[com.miHoYo.Yuanshen/org.yuzu.yuzu_emu.activities.EmulationActivity](BLAST)#380
com.miHoYo.Yuanshen/org.yuzu.yuzu_emu.activities.EmulationActivity#369
Bounds for - com.miHoYo.Yuanshen/org.yuzu.yuzu_emu.activities.EmulationActivity#372
ImeContainer#12
WindowToken{f9719cf type=2011 android.os.Binder@5cda2e}#101
Surface(name=6500f7a InputMethod)/@0x78eb121 - animation-leash of insets_animation#390
6500f7a InputMethod#103
Leaf:3:12#10
WindowToken{28e8edf type=2038 android.os.BinderProxy@3a3e059}#50
6599d83 ShellDropTarget#51
ImePlaceholder:13:14#11
OneHanded:15:15#13
FullscreenMagnification:15:15#14
Leaf:15:15#15
WindowToken{26cc9b6 type=2000 android.os.BinderProxy@7134d51}#77
Surface(name=68b86b7 StatusBar)/@0x5f3cb42 - animation-leash of insets_animation#371
68b86b7 StatusBar#78
StatusBar#88
HideDisplayCutout:16:16#16
OneHanded:16:16#17
FullscreenMagnification:16:16#18
Leaf:16:16#19
OneHanded:17:17#20
FullscreenMagnification:17:17#21
Leaf:17:17#22
WindowToken{1e3fcde type=2040 android.os.BinderProxy@4f83419}#75
6d27ebf NotificationShade#76
HideDisplayCutout:18:23#23
OneHanded:18:23#24
FullscreenMagnification:18:23#25
Leaf:18:23#26
Leaf:24:25#27
WindowToken{349af15 type=2019 android.os.BinderProxy@86f00cc}#68
Surface(name=8f6222a NavigationBar0)/@0x2ac36f6 - animation-leash of insets_animation#370
8f6222a NavigationBar0#69
NavigationBar0#84
WindowToken{62124df type=2024 android.os.BinderProxy@b8ae77e}#72
8d2d52c EdgeBackGestureHandler0#73
WindowToken{5d301f6 type=2024 android.os.BinderProxy@b63d2a}#82
fb4f9f7 SecondaryHomeHandle0#83
HideDisplayCutout:26:31#28
OneHanded:26:31#29
FullscreenMagnification:26:27#30
Leaf:26:27#31
Leaf:28:28#32
FullscreenMagnification:29:31#33
Leaf:29:31#34
WindowToken{24e7097 type=2016 android.os.BinderProxy@5e3af16}#156
d7e2284 com.ayaneo.gamewindow#157
#158
WindowToken{e28849 type=2032 android.os.Binder@3b36e50}#116
HideDisplayCutout:32:37#35
OneHanded:32:32#36
Leaf:32:32#37
FullscreenMagnification:33:33#38
Leaf:33:33#39
OneHanded:34:37#40
FullscreenMagnification:34:37#41
Leaf:34:37#42
Leaf:38:38#43
Accessibility Overlays#45
Display Overlays#44
[Gesture Monitor] edge-swipe#71
[Gesture Monitor] swipe-up#81
IME Handwriting Surface#275
WindowToken{945402b type=2024 android.os.BinderProxy@c6204a5}#56
84b9c88 ScreenDecorHwcOverlay#57
ScreenDecorHwcOverlay#62
WindowToken{488f991 type=2024 android.os.BinderProxy@b6337b8}#58
182a0f6 ScreenDecorOverlay#59
WindowToken{361c300 type=2024 android.os.BinderProxy@b0a9583}#60
c43117e ScreenDecorOverlayBottom#61

===== 7. DYNAMIC FPS + CPU/GPU SAMPLING - 90s window, autodetect foreground app =====
Sampling starts NOW on whatever is currently on screen.
Focus/layer/FPS are re-detected every sample - no app name hardcoded.

--- sample 0 pkg=com.miHoYo.Yuanshen ts=00:27:34 ---
focus_raw:     topResumedActivity=ActivityRecord{e5ad59a u0 com.miHoYo.Yuanshen/org.yuzu.yuzu_emu.activities.EmulationActivity t13}
resumed_raw:     topResumedActivity=ActivityRecord{e5ad59a u0 com.miHoYo.Yuanshen/org.yuzu.yuzu_emu.activities.EmulationActivity t13}
matched_layer: Background for SurfaceView[com.miHoYo.Yuanshen/org.yuzu.yuzu_emu.activities.EmulationActivity]#381
refresh_period_ns: 8333333
frame_count_in_window: 0
computed_fps: n/a (low_sample_count=0, likely idle/static frame)
cpu_snapshot: p0:gov=performance,freq=2150400 p2:gov=performance,freq=2899200 p5:gov=performance,freq=2899200 p7:gov=performance,freq=2937600
gpu_freq_hz: 310000000
gpu_busy_raw:  691502 1002305
gpu_busy_pct: 69.0
thermal_skin: 50992 thermal_battery: 32000

--- sample 1 pkg=com.miHoYo.Yuanshen ts=00:27:37 ---
focus_raw:     topResumedActivity=ActivityRecord{e5ad59a u0 com.miHoYo.Yuanshen/org.yuzu.yuzu_emu.activities.EmulationActivity t13}
resumed_raw:     topResumedActivity=ActivityRecord{e5ad59a u0 com.miHoYo.Yuanshen/org.yuzu.yuzu_emu.activities.EmulationActivity t13}
matched_layer: Background for SurfaceView[com.miHoYo.Yuanshen/org.yuzu.yuzu_emu.activities.EmulationActivity]#381
refresh_period_ns: 8333333
frame_count_in_window: 0
computed_fps: n/a (low_sample_count=0, likely idle/static frame)
cpu_snapshot: p0:gov=performance,freq=2265600 p2:gov=performance,freq=3014400 p5:gov=performance,freq=2956800 p7:gov=performance,freq=3052800
gpu_freq_hz: 231000000
gpu_busy_raw:  661617 1001520
gpu_busy_pct: 66.1
thermal_skin: 51119 thermal_battery: 32000

--- sample 2 pkg=com.miHoYo.Yuanshen ts=00:27:41 ---
focus_raw:     topResumedActivity=ActivityRecord{e5ad59a u0 com.miHoYo.Yuanshen/org.yuzu.yuzu_emu.activities.EmulationActivity t13}
resumed_raw:     topResumedActivity=ActivityRecord{e5ad59a u0 com.miHoYo.Yuanshen/org.yuzu.yuzu_emu.activities.EmulationActivity t13}
matched_layer: Background for SurfaceView[com.miHoYo.Yuanshen/org.yuzu.yuzu_emu.activities.EmulationActivity]#381
refresh_period_ns: 8333333
frame_count_in_window: 0
computed_fps: n/a (low_sample_count=0, likely idle/static frame)
cpu_snapshot: p0:gov=performance,freq=2265600 p2:gov=performance,freq=3148800 p5:gov=performance,freq=2956800 p7:gov=performance,freq=3052800
gpu_freq_hz: 422000000
gpu_busy_raw:  859918 1002147
gpu_busy_pct: 85.8
thermal_skin: 51487 thermal_battery: 32000

--- sample 3 pkg=com.miHoYo.Yuanshen ts=00:27:44 ---
focus_raw:     topResumedActivity=ActivityRecord{e5ad59a u0 com.miHoYo.Yuanshen/org.yuzu.yuzu_emu.activities.EmulationActivity t13}
resumed_raw:     topResumedActivity=ActivityRecord{e5ad59a u0 com.miHoYo.Yuanshen/org.yuzu.yuzu_emu.activities.EmulationActivity t13}
matched_layer: Background for SurfaceView[com.miHoYo.Yuanshen/org.yuzu.yuzu_emu.activities.EmulationActivity]#381
refresh_period_ns: 8333333
frame_count_in_window: 0
computed_fps: n/a (low_sample_count=0, likely idle/static frame)
cpu_snapshot: p0:gov=performance,freq=2265600 p2:gov=performance,freq=3148800 p5:gov=performance,freq=2956800 p7:gov=performance,freq=2995200
gpu_freq_hz: 366000000
gpu_busy_raw:  832448 1008072
gpu_busy_pct: 82.6
thermal_skin: 52208 thermal_battery: 32000

--- sample 4 pkg=com.miHoYo.Yuanshen ts=00:27:47 ---
focus_raw:     topResumedActivity=ActivityRecord{e5ad59a u0 com.miHoYo.Yuanshen/org.yuzu.yuzu_emu.activities.EmulationActivity t13}
resumed_raw:     topResumedActivity=ActivityRecord{e5ad59a u0 com.miHoYo.Yuanshen/org.yuzu.yuzu_emu.activities.EmulationActivity t13}
matched_layer: Background for SurfaceView[com.miHoYo.Yuanshen/org.yuzu.yuzu_emu.activities.EmulationActivity]#381
refresh_period_ns: 8333333
frame_count_in_window: 0
computed_fps: n/a (low_sample_count=0, likely idle/static frame)
cpu_snapshot: p0:gov=performance,freq=2265600 p2:gov=performance,freq=3148800 p5:gov=performance,freq=2956800 p7:gov=performance,freq=2995200
gpu_freq_hz: 366000000
gpu_busy_raw:  832683 1009217
gpu_busy_pct: 82.5
thermal_skin: 52716 thermal_battery: 32000

--- sample 5 pkg=com.miHoYo.Yuanshen ts=00:27:51 ---
focus_raw:     topResumedActivity=ActivityRecord{e5ad59a u0 com.miHoYo.Yuanshen/org.yuzu.yuzu_emu.activities.EmulationActivity t13}
resumed_raw:     topResumedActivity=ActivityRecord{e5ad59a u0 com.miHoYo.Yuanshen/org.yuzu.yuzu_emu.activities.EmulationActivity t13}
matched_layer: Background for SurfaceView[com.miHoYo.Yuanshen/org.yuzu.yuzu_emu.activities.EmulationActivity]#381
refresh_period_ns: 8333333
frame_count_in_window: 0
computed_fps: n/a (low_sample_count=0, likely idle/static frame)
cpu_snapshot: p0:gov=performance,freq=2265600 p2:gov=performance,freq=3148800 p5:gov=performance,freq=2956800 p7:gov=performance,freq=2995200
gpu_freq_hz: 366000000
gpu_busy_raw:  824700 1004534
gpu_busy_pct: 82.1
thermal_skin: 53102 thermal_battery: 32000

--- sample 6 pkg=com.miHoYo.Yuanshen ts=00:27:54 ---
focus_raw:     topResumedActivity=ActivityRecord{e5ad59a u0 com.miHoYo.Yuanshen/org.yuzu.yuzu_emu.activities.EmulationActivity t13}
resumed_raw:     topResumedActivity=ActivityRecord{e5ad59a u0 com.miHoYo.Yuanshen/org.yuzu.yuzu_emu.activities.EmulationActivity t13}
matched_layer: Background for SurfaceView[com.miHoYo.Yuanshen/org.yuzu.yuzu_emu.activities.EmulationActivity]#381
refresh_period_ns: 8333333
frame_count_in_window: 0
computed_fps: n/a (low_sample_count=0, likely idle/static frame)
cpu_snapshot: p0:gov=performance,freq=2265600 p2:gov=performance,freq=3148800 p5:gov=performance,freq=2956800 p7:gov=performance,freq=2995200
gpu_freq_hz: 366000000
gpu_busy_raw:  807613 1008536
gpu_busy_pct: 80.1
thermal_skin: 53305 thermal_battery: 32000

--- sample 7 pkg=com.miHoYo.Yuanshen ts=00:27:58 ---
focus_raw:     topResumedActivity=ActivityRecord{e5ad59a u0 com.miHoYo.Yuanshen/org.yuzu.yuzu_emu.activities.EmulationActivity t13}
resumed_raw:     topResumedActivity=ActivityRecord{e5ad59a u0 com.miHoYo.Yuanshen/org.yuzu.yuzu_emu.activities.EmulationActivity t13}
matched_layer: Background for SurfaceView[com.miHoYo.Yuanshen/org.yuzu.yuzu_emu.activities.EmulationActivity]#381
refresh_period_ns: 8333333
frame_count_in_window: 0
computed_fps: n/a (low_sample_count=0, likely idle/static frame)
cpu_snapshot: p0:gov=performance,freq=2265600 p2:gov=performance,freq=3148800 p5:gov=performance,freq=2956800 p7:gov=performance,freq=2995200
gpu_freq_hz: 366000000
gpu_busy_raw:  767505 1009284
gpu_busy_pct: 76.0
thermal_skin: 53454 thermal_battery: 32000

--- sample 8 pkg=com.miHoYo.Yuanshen ts=00:28:01 ---
focus_raw:     topResumedActivity=ActivityRecord{e5ad59a u0 com.miHoYo.Yuanshen/org.yuzu.yuzu_emu.activities.EmulationActivity t13}
resumed_raw:     topResumedActivity=ActivityRecord{e5ad59a u0 com.miHoYo.Yuanshen/org.yuzu.yuzu_emu.activities.EmulationActivity t13}
matched_layer: Background for SurfaceView[com.miHoYo.Yuanshen/org.yuzu.yuzu_emu.activities.EmulationActivity]#381
refresh_period_ns: 8333333
frame_count_in_window: 0
computed_fps: n/a (low_sample_count=0, likely idle/static frame)
cpu_snapshot: p0:gov=performance,freq=2265600 p2:gov=performance,freq=3148800 p5:gov=performance,freq=2956800 p7:gov=performance,freq=2995200
gpu_freq_hz: 366000000
gpu_busy_raw:  784647 1004200
gpu_busy_pct: 78.1
thermal_skin: 53524 thermal_battery: 32000

--- sample 9 pkg=com.miHoYo.Yuanshen ts=00:28:04 ---
focus_raw:     topResumedActivity=ActivityRecord{e5ad59a u0 com.miHoYo.Yuanshen/org.yuzu.yuzu_emu.activities.EmulationActivity t13}
resumed_raw:     topResumedActivity=ActivityRecord{e5ad59a u0 com.miHoYo.Yuanshen/org.yuzu.yuzu_emu.activities.EmulationActivity t13}
matched_layer: Background for SurfaceView[com.miHoYo.Yuanshen/org.yuzu.yuzu_emu.activities.EmulationActivity]#381
refresh_period_ns: 8333333
frame_count_in_window: 0
computed_fps: n/a (low_sample_count=0, likely idle/static frame)
cpu_snapshot: p0:gov=performance,freq=2265600 p2:gov=performance,freq=3148800 p5:gov=performance,freq=2956800 p7:gov=performance,freq=3052800
gpu_freq_hz: 310000000
gpu_busy_raw:  752065 1007847
gpu_busy_pct: 74.6
thermal_skin: 53558 thermal_battery: 32000

--- sample 10 pkg=com.miHoYo.Yuanshen ts=00:28:08 ---
focus_raw:     topResumedActivity=ActivityRecord{e5ad59a u0 com.miHoYo.Yuanshen/org.yuzu.yuzu_emu.activities.EmulationActivity t13}
resumed_raw:     topResumedActivity=ActivityRecord{e5ad59a u0 com.miHoYo.Yuanshen/org.yuzu.yuzu_emu.activities.EmulationActivity t13}
matched_layer: Background for SurfaceView[com.miHoYo.Yuanshen/org.yuzu.yuzu_emu.activities.EmulationActivity]#381
refresh_period_ns: 8333333
frame_count_in_window: 0
computed_fps: n/a (low_sample_count=0, likely idle/static frame)
cpu_snapshot: p0:gov=performance,freq=2265600 p2:gov=performance,freq=3148800 p5:gov=performance,freq=2956800 p7:gov=performance,freq=3052800
gpu_freq_hz: 310000000
gpu_busy_raw:  756554 1005470
gpu_busy_pct: 75.2
thermal_skin: 53506 thermal_battery: 32000

--- sample 11 pkg=com.miHoYo.Yuanshen ts=00:28:11 ---
focus_raw:     topResumedActivity=ActivityRecord{e5ad59a u0 com.miHoYo.Yuanshen/org.yuzu.yuzu_emu.activities.EmulationActivity t13}
resumed_raw:     topResumedActivity=ActivityRecord{e5ad59a u0 com.miHoYo.Yuanshen/org.yuzu.yuzu_emu.activities.EmulationActivity t13}
matched_layer: Background for SurfaceView[com.miHoYo.Yuanshen/org.yuzu.yuzu_emu.activities.EmulationActivity]#381
refresh_period_ns: 8333333
frame_count_in_window: 0
computed_fps: n/a (low_sample_count=0, likely idle/static frame)
cpu_snapshot: p0:gov=performance,freq=2265600 p2:gov=performance,freq=3148800 p5:gov=performance,freq=2956800 p7:gov=performance,freq=3052800
gpu_freq_hz: 310000000
gpu_busy_raw:  727252 1010050
gpu_busy_pct: 72.0
thermal_skin: 53384 thermal_battery: 32000

--- sample 12 pkg=com.miHoYo.Yuanshen ts=00:28:14 ---
focus_raw:     topResumedActivity=ActivityRecord{e5ad59a u0 com.miHoYo.Yuanshen/org.yuzu.yuzu_emu.activities.EmulationActivity t13}
resumed_raw:     topResumedActivity=ActivityRecord{e5ad59a u0 com.miHoYo.Yuanshen/org.yuzu.yuzu_emu.activities.EmulationActivity t13}
matched_layer: Background for SurfaceView[com.miHoYo.Yuanshen/org.yuzu.yuzu_emu.activities.EmulationActivity]#381
refresh_period_ns: 8333333
frame_count_in_window: 0
computed_fps: n/a (low_sample_count=0, likely idle/static frame)
cpu_snapshot: p0:gov=performance,freq=2265600 p2:gov=performance,freq=3148800 p5:gov=performance,freq=2956800 p7:gov=performance,freq=3052800
gpu_freq_hz: 310000000
gpu_busy_raw:  802700 1003357
gpu_busy_pct: 80.0
thermal_skin: 53161 thermal_battery: 32000

--- sample 13 pkg=com.miHoYo.Yuanshen ts=00:28:18 ---
focus_raw:     topResumedActivity=ActivityRecord{e5ad59a u0 com.miHoYo.Yuanshen/org.yuzu.yuzu_emu.activities.EmulationActivity t13}
resumed_raw:     topResumedActivity=ActivityRecord{e5ad59a u0 com.miHoYo.Yuanshen/org.yuzu.yuzu_emu.activities.EmulationActivity t13}
matched_layer: Background for SurfaceView[com.miHoYo.Yuanshen/org.yuzu.yuzu_emu.activities.EmulationActivity]#381
refresh_period_ns: 8333333
frame_count_in_window: 0
computed_fps: n/a (low_sample_count=0, likely idle/static frame)
cpu_snapshot: p0:gov=performance,freq=2265600 p2:gov=performance,freq=3148800 p5:gov=performance,freq=2956800 p7:gov=performance,freq=3052800
gpu_freq_hz: 231000000
gpu_busy_raw:  769344 1001840
gpu_busy_pct: 76.8
thermal_skin: 52935 thermal_battery: 32000

--- sample 14 pkg=com.miHoYo.Yuanshen ts=00:28:21 ---
focus_raw:     topResumedActivity=ActivityRecord{e5ad59a u0 com.miHoYo.Yuanshen/org.yuzu.yuzu_emu.activities.EmulationActivity t13}
resumed_raw:     topResumedActivity=ActivityRecord{e5ad59a u0 com.miHoYo.Yuanshen/org.yuzu.yuzu_emu.activities.EmulationActivity t13}
matched_layer: Background for SurfaceView[com.miHoYo.Yuanshen/org.yuzu.yuzu_emu.activities.EmulationActivity]#381
refresh_period_ns: 8333333
frame_count_in_window: 0
computed_fps: n/a (low_sample_count=0, likely idle/static frame)
cpu_snapshot: p0:gov=performance,freq=2265600 p2:gov=performance,freq=3148800 p5:gov=performance,freq=2956800 p7:gov=performance,freq=3052800
gpu_freq_hz: 310000000
gpu_busy_raw:  823061 1001167
gpu_busy_pct: 82.2
thermal_skin: 52682 thermal_battery: 32000

--- sample 15 pkg=com.miHoYo.Yuanshen ts=00:28:24 ---
focus_raw:     topResumedActivity=ActivityRecord{e5ad59a u0 com.miHoYo.Yuanshen/org.yuzu.yuzu_emu.activities.EmulationActivity t13}
resumed_raw:     topResumedActivity=ActivityRecord{e5ad59a u0 com.miHoYo.Yuanshen/org.yuzu.yuzu_emu.activities.EmulationActivity t13}
matched_layer: Background for SurfaceView[com.miHoYo.Yuanshen/org.yuzu.yuzu_emu.activities.EmulationActivity]#381
refresh_period_ns: 8333333
frame_count_in_window: 0
computed_fps: n/a (low_sample_count=0, likely idle/static frame)
cpu_snapshot: p0:gov=performance,freq=2265600 p2:gov=performance,freq=3148800 p5:gov=performance,freq=2956800 p7:gov=performance,freq=3052800
gpu_freq_hz: 231000000
gpu_busy_raw:  726304 1004891
gpu_busy_pct: 72.3
thermal_skin: 52547 thermal_battery: 32000

--- sample 16 pkg=com.miHoYo.Yuanshen ts=00:28:27 ---
focus_raw:     topResumedActivity=ActivityRecord{e5ad59a u0 com.miHoYo.Yuanshen/org.yuzu.yuzu_emu.activities.EmulationActivity t13}
resumed_raw:     topResumedActivity=ActivityRecord{e5ad59a u0 com.miHoYo.Yuanshen/org.yuzu.yuzu_emu.activities.EmulationActivity t13}
matched_layer: Background for SurfaceView[com.miHoYo.Yuanshen/org.yuzu.yuzu_emu.activities.EmulationActivity]#381
refresh_period_ns: 8333333
frame_count_in_window: 0
computed_fps: n/a (low_sample_count=0, likely idle/static frame)
cpu_snapshot: p0:gov=performance,freq=2265600 p2:gov=performance,freq=3148800 p5:gov=performance,freq=2956800 p7:gov=performance,freq=3052800
gpu_freq_hz: 310000000
gpu_busy_raw:  808141 1001901
gpu_busy_pct: 80.7
thermal_skin: 52538 thermal_battery: 32000

--- sample 17 pkg=com.miHoYo.Yuanshen ts=00:28:31 ---
focus_raw:     topResumedActivity=ActivityRecord{e5ad59a u0 com.miHoYo.Yuanshen/org.yuzu.yuzu_emu.activities.EmulationActivity t13}
resumed_raw:     topResumedActivity=ActivityRecord{e5ad59a u0 com.miHoYo.Yuanshen/org.yuzu.yuzu_emu.activities.EmulationActivity t13}
matched_layer: Background for SurfaceView[com.miHoYo.Yuanshen/org.yuzu.yuzu_emu.activities.EmulationActivity]#381
refresh_period_ns: 8333333
frame_count_in_window: 0
computed_fps: n/a (low_sample_count=0, likely idle/static frame)
cpu_snapshot: p0:gov=performance,freq=2265600 p2:gov=performance,freq=3148800 p5:gov=performance,freq=2956800 p7:gov=performance,freq=3052800
gpu_freq_hz: 310000000
gpu_busy_raw:  886617 1007345
gpu_busy_pct: 88.0
thermal_skin: 52758 thermal_battery: 32000

--- sample 18 pkg=com.miHoYo.Yuanshen ts=00:28:34 ---
focus_raw:     topResumedActivity=ActivityRecord{e5ad59a u0 com.miHoYo.Yuanshen/org.yuzu.yuzu_emu.activities.EmulationActivity t13}
resumed_raw:     topResumedActivity=ActivityRecord{e5ad59a u0 com.miHoYo.Yuanshen/org.yuzu.yuzu_emu.activities.EmulationActivity t13}
matched_layer: Background for SurfaceView[com.miHoYo.Yuanshen/org.yuzu.yuzu_emu.activities.EmulationActivity]#381
refresh_period_ns: 8333333
frame_count_in_window: 0
computed_fps: n/a (low_sample_count=0, likely idle/static frame)
cpu_snapshot: p0:gov=performance,freq=2265600 p2:gov=performance,freq=3148800 p5:gov=performance,freq=2956800 p7:gov=performance,freq=3052800
gpu_freq_hz: 500000000
gpu_busy_raw:  851076 1007145
gpu_busy_pct: 84.5
thermal_skin: 53253 thermal_battery: 32000

--- sample 19 pkg=com.miHoYo.Yuanshen ts=00:28:37 ---
focus_raw:     topResumedActivity=ActivityRecord{e5ad59a u0 com.miHoYo.Yuanshen/org.yuzu.yuzu_emu.activities.EmulationActivity t13}
resumed_raw:     topResumedActivity=ActivityRecord{e5ad59a u0 com.miHoYo.Yuanshen/org.yuzu.yuzu_emu.activities.EmulationActivity t13}
matched_layer: Background for SurfaceView[com.miHoYo.Yuanshen/org.yuzu.yuzu_emu.activities.EmulationActivity]#381
refresh_period_ns: 8333333
frame_count_in_window: 0
computed_fps: n/a (low_sample_count=0, likely idle/static frame)
cpu_snapshot: p0:gov=performance,freq=2265600 p2:gov=performance,freq=3148800 p5:gov=performance,freq=2956800 p7:gov=performance,freq=3052800
gpu_freq_hz: 366000000
gpu_busy_raw:  753956 1007099
gpu_busy_pct: 74.9
thermal_skin: 53602 thermal_battery: 32000

--- sample 20 pkg=com.miHoYo.Yuanshen ts=00:28:41 ---
focus_raw:     topResumedActivity=ActivityRecord{e5ad59a u0 com.miHoYo.Yuanshen/org.yuzu.yuzu_emu.activities.EmulationActivity t13}
resumed_raw:     topResumedActivity=ActivityRecord{e5ad59a u0 com.miHoYo.Yuanshen/org.yuzu.yuzu_emu.activities.EmulationActivity t13}
matched_layer: Background for SurfaceView[com.miHoYo.Yuanshen/org.yuzu.yuzu_emu.activities.EmulationActivity]#381
refresh_period_ns: 8333333
frame_count_in_window: 0
computed_fps: n/a (low_sample_count=0, likely idle/static frame)
cpu_snapshot: p0:gov=performance,freq=2265600 p2:gov=performance,freq=3148800 p5:gov=performance,freq=2956800 p7:gov=performance,freq=3052800
gpu_freq_hz: 366000000
gpu_busy_raw:  785615 1001613
gpu_busy_pct: 78.4
thermal_skin: 53749 thermal_battery: 32000

--- sample 21 pkg=com.miHoYo.Yuanshen ts=00:28:44 ---
focus_raw:     topResumedActivity=ActivityRecord{e5ad59a u0 com.miHoYo.Yuanshen/org.yuzu.yuzu_emu.activities.EmulationActivity t13}
resumed_raw:     topResumedActivity=ActivityRecord{e5ad59a u0 com.miHoYo.Yuanshen/org.yuzu.yuzu_emu.activities.EmulationActivity t13}
matched_layer: Background for SurfaceView[com.miHoYo.Yuanshen/org.yuzu.yuzu_emu.activities.EmulationActivity]#381
refresh_period_ns: 8333333
frame_count_in_window: 0
computed_fps: n/a (low_sample_count=0, likely idle/static frame)
cpu_snapshot: p0:gov=performance,freq=2265600 p2:gov=performance,freq=3148800 p5:gov=performance,freq=2956800 p7:gov=performance,freq=3052800
gpu_freq_hz: 366000000
gpu_busy_raw:  803175 1001957
gpu_busy_pct: 80.2
thermal_skin: 53896 thermal_battery: 32000

--- sample 22 pkg=com.miHoYo.Yuanshen ts=00:28:48 ---
focus_raw:     topResumedActivity=ActivityRecord{e5ad59a u0 com.miHoYo.Yuanshen/org.yuzu.yuzu_emu.activities.EmulationActivity t13}
resumed_raw:     topResumedActivity=ActivityRecord{e5ad59a u0 com.miHoYo.Yuanshen/org.yuzu.yuzu_emu.activities.EmulationActivity t13}
matched_layer: Background for SurfaceView[com.miHoYo.Yuanshen/org.yuzu.yuzu_emu.activities.EmulationActivity]#381
refresh_period_ns: 8333333
frame_count_in_window: 0
computed_fps: n/a (low_sample_count=0, likely idle/static frame)
cpu_snapshot: p0:gov=performance,freq=2265600 p2:gov=performance,freq=3148800 p5:gov=performance,freq=2956800 p7:gov=performance,freq=3052800
gpu_freq_hz: 366000000
gpu_busy_raw:  801446 1002334
gpu_busy_pct: 80.0
thermal_skin: 54035 thermal_battery: 32000

--- sample 23 pkg=com.miHoYo.Yuanshen ts=00:28:51 ---
focus_raw:     topResumedActivity=ActivityRecord{e5ad59a u0 com.miHoYo.Yuanshen/org.yuzu.yuzu_emu.activities.EmulationActivity t13}
resumed_raw:     topResumedActivity=ActivityRecord{e5ad59a u0 com.miHoYo.Yuanshen/org.yuzu.yuzu_emu.activities.EmulationActivity t13}
matched_layer: Background for SurfaceView[com.miHoYo.Yuanshen/org.yuzu.yuzu_emu.activities.EmulationActivity]#381
refresh_period_ns: 8333333
frame_count_in_window: 0
computed_fps: n/a (low_sample_count=0, likely idle/static frame)
cpu_snapshot: p0:gov=performance,freq=2265600 p2:gov=performance,freq=3148800 p5:gov=performance,freq=2956800 p7:gov=performance,freq=3052800
gpu_freq_hz: 310000000
gpu_busy_raw:  748528 1001503
gpu_busy_pct: 74.7
thermal_skin: 54112 thermal_battery: 32000

--- sample 24 pkg=com.miHoYo.Yuanshen ts=00:28:55 ---
focus_raw:     topResumedActivity=ActivityRecord{e5ad59a u0 com.miHoYo.Yuanshen/org.yuzu.yuzu_emu.activities.EmulationActivity t13}
resumed_raw:     topResumedActivity=ActivityRecord{e5ad59a u0 com.miHoYo.Yuanshen/org.yuzu.yuzu_emu.activities.EmulationActivity t13}
matched_layer: Background for SurfaceView[com.miHoYo.Yuanshen/org.yuzu.yuzu_emu.activities.EmulationActivity]#381
refresh_period_ns: 8333333
frame_count_in_window: 0
computed_fps: n/a (low_sample_count=0, likely idle/static frame)
cpu_snapshot: p0:gov=performance,freq=2265600 p2:gov=performance,freq=3148800 p5:gov=performance,freq=2956800 p7:gov=performance,freq=3052800
gpu_freq_hz: 310000000
gpu_busy_raw:  724491 1006322
gpu_busy_pct: 72.0
thermal_skin: 54017 thermal_battery: 32000

--- sample 25 pkg=com.miHoYo.Yuanshen ts=00:28:58 ---
focus_raw:     topResumedActivity=ActivityRecord{e5ad59a u0 com.miHoYo.Yuanshen/org.yuzu.yuzu_emu.activities.EmulationActivity t13}
resumed_raw:     topResumedActivity=ActivityRecord{e5ad59a u0 com.miHoYo.Yuanshen/org.yuzu.yuzu_emu.activities.EmulationActivity t13}
matched_layer: Background for SurfaceView[com.miHoYo.Yuanshen/org.yuzu.yuzu_emu.activities.EmulationActivity]#381
refresh_period_ns: 8333333
frame_count_in_window: 0
computed_fps: n/a (low_sample_count=0, likely idle/static frame)
cpu_snapshot: p0:gov=performance,freq=2265600 p2:gov=performance,freq=3148800 p5:gov=performance,freq=2956800 p7:gov=performance,freq=3052800
gpu_freq_hz: 231000000
gpu_busy_raw:  687018 1004227
gpu_busy_pct: 68.4
thermal_skin: 53767 thermal_battery: 32000

--- sample 26 pkg=com.miHoYo.Yuanshen ts=00:29:01 ---
focus_raw:     topResumedActivity=ActivityRecord{e5ad59a u0 com.miHoYo.Yuanshen/org.yuzu.yuzu_emu.activities.EmulationActivity t13}
resumed_raw:     topResumedActivity=ActivityRecord{e5ad59a u0 com.miHoYo.Yuanshen/org.yuzu.yuzu_emu.activities.EmulationActivity t13}
matched_layer: Background for SurfaceView[com.miHoYo.Yuanshen/org.yuzu.yuzu_emu.activities.EmulationActivity]#381
refresh_period_ns: 8333333
frame_count_in_window: 0
computed_fps: n/a (low_sample_count=0, likely idle/static frame)
cpu_snapshot: p0:gov=performance,freq=2265600 p2:gov=performance,freq=3148800 p5:gov=performance,freq=2956800 p7:gov=performance,freq=3052800
gpu_freq_hz: 231000000
gpu_busy_raw:  762577 1001545
gpu_busy_pct: 76.1
thermal_skin: 53419 thermal_battery: 32000

--- sample 27 pkg=com.miHoYo.Yuanshen ts=00:29:05 ---
focus_raw:     topResumedActivity=ActivityRecord{e5ad59a u0 com.miHoYo.Yuanshen/org.yuzu.yuzu_emu.activities.EmulationActivity t13}
resumed_raw:     topResumedActivity=ActivityRecord{e5ad59a u0 com.miHoYo.Yuanshen/org.yuzu.yuzu_emu.activities.EmulationActivity t13}
matched_layer: Background for SurfaceView[com.miHoYo.Yuanshen/org.yuzu.yuzu_emu.activities.EmulationActivity]#381
refresh_period_ns: 8333333
frame_count_in_window: 0
computed_fps: n/a (low_sample_count=0, likely idle/static frame)
cpu_snapshot: p0:gov=performance,freq=2265600 p2:gov=performance,freq=3148800 p5:gov=performance,freq=2956800 p7:gov=performance,freq=3052800
gpu_freq_hz: 231000000
gpu_busy_raw:  680955 1001412
gpu_busy_pct: 68.0
thermal_skin: 53111 thermal_battery: 32000

--- sample 28 pkg=com.miHoYo.Yuanshen ts=00:29:08 ---
focus_raw:     topResumedActivity=ActivityRecord{e5ad59a u0 com.miHoYo.Yuanshen/org.yuzu.yuzu_emu.activities.EmulationActivity t13}
resumed_raw:     topResumedActivity=ActivityRecord{e5ad59a u0 com.miHoYo.Yuanshen/org.yuzu.yuzu_emu.activities.EmulationActivity t13}
matched_layer: Background for SurfaceView[com.miHoYo.Yuanshen/org.yuzu.yuzu_emu.activities.EmulationActivity]#381
refresh_period_ns: 8333333
frame_count_in_window: 0
computed_fps: n/a (low_sample_count=0, likely idle/static frame)
cpu_snapshot: p0:gov=performance,freq=2265600 p2:gov=performance,freq=3148800 p5:gov=performance,freq=2956800 p7:gov=performance,freq=3052800
gpu_freq_hz: 231000000
gpu_busy_raw:  801522 1006478
gpu_busy_pct: 79.6
thermal_skin: 52910 thermal_battery: 32000

--- sample 29 pkg=com.miHoYo.Yuanshen ts=00:29:11 ---
focus_raw:     topResumedActivity=ActivityRecord{e5ad59a u0 com.miHoYo.Yuanshen/org.yuzu.yuzu_emu.activities.EmulationActivity t13}
resumed_raw:     topResumedActivity=ActivityRecord{e5ad59a u0 com.miHoYo.Yuanshen/org.yuzu.yuzu_emu.activities.EmulationActivity t13}
matched_layer: Background for SurfaceView[com.miHoYo.Yuanshen/org.yuzu.yuzu_emu.activities.EmulationActivity]#381
refresh_period_ns: 8333333
frame_count_in_window: 0
computed_fps: n/a (low_sample_count=0, likely idle/static frame)
cpu_snapshot: p0:gov=performance,freq=2265600 p2:gov=performance,freq=3148800 p5:gov=performance,freq=2956800 p7:gov=performance,freq=3052800
gpu_freq_hz: 310000000
gpu_busy_raw:  691923 1002226
gpu_busy_pct: 69.0
thermal_skin: 52758 thermal_battery: 32000

===== 8. WRITE SAFETY TEST (unchanged from v5/v6) =====
write_test: OK (/sdcard writable)
cpufreq_write_test: OK (policy0 scaling_max_freq writable)

===== DONE. Log written to /sdcard/pulse_lite_diag_eden_v7.log =====
