2026-08-04 15:37:37 === pulse_daemon session start === version=1.19.6-aya.1 (30301) built 2026-08-03 23:43:04 script_crc32=ebbd831f
2026-08-04 15:37:49 PulseAutoTdp: TICK-SKIP overlayShouldShow=false autoActive=false quickAccessShouldShow=false autoTdpPackage=null boundPackage=null lastForeground=null
2026-08-04 15:37:49 PulseFan: arbiter=RunCustomLoop auto=false bound=null managed=6 latched=false
2026-08-04 15:38:03 PulseDaemon: telemetry read via daemon (16 path(s))
2026-08-04 15:38:04 PulseFan: CUSTOM idle → vendor Smart (target=20 floor=20 temp=45 idle=1)
2026-08-04 15:38:05 PulseAutoTdp: TICK-SKIP overlayShouldShow=false autoActive=false quickAccessShouldShow=false autoTdpPackage=null boundPackage=null lastForeground=null
2026-08-04 15:38:05 PulseFan: arbiter=RunCustomLoop auto=false bound=null managed=6 latched=false
2026-08-04 15:38:05 PulseDaemon: telemetry read via daemon (16 path(s))
2026-08-04 15:38:05 PulseFan: CUSTOM idle → vendor Smart (target=20 floor=20 temp=45 idle=2)
2026-08-04 15:38:06 PulseAutoTdp: TICK-SKIP overlayShouldShow=false autoActive=false quickAccessShouldShow=false autoTdpPackage=null boundPackage=null lastForeground=null
2026-08-04 15:38:06 PulseFan: arbiter=RunCustomLoop auto=false bound=null managed=6 latched=false
2026-08-04 15:38:06 PulseDaemon: telemetry read via daemon (16 path(s))
2026-08-04 15:38:06 PulseFan: CUSTOM idle → vendor Smart (target=20 floor=20 temp=44 idle=3)
2026-08-04 15:38:07 PulseAutoTdp: TICK-SKIP overlayShouldShow=false autoActive=false quickAccessShouldShow=false autoTdpPackage=null boundPackage=null lastForeground=null
2026-08-04 15:38:07 PulseFan: arbiter=RunCustomLoop auto=false bound=null managed=6 latched=false
2026-08-04 15:38:07 PulseDaemon: telemetry read via daemon (16 path(s))
2026-08-04 15:38:07 PulseFan: CUSTOM idle → vendor Smart (target=20 floor=20 temp=45 idle=4)
2026-08-04 15:38:08 PulseAutoTdp: TICK-SKIP overlayShouldShow=false autoActive=false quickAccessShouldShow=false autoTdpPackage=null boundPackage=null lastForeground=null
2026-08-04 15:38:08 PulseFan: arbiter=RunCustomLoop auto=false bound=null managed=6 latched=false
2026-08-04 15:38:08 PulseDaemon: telemetry read via daemon (16 path(s))
2026-08-04 15:38:08 PulseFan: CUSTOM idle → vendor Smart (target=20 floor=20 temp=44 idle=5)
2026-08-04 15:38:09 PulseAutoTdp: TICK-SKIP overlayShouldShow=false autoActive=false quickAccessShouldShow=false autoTdpPackage=null boundPackage=null lastForeground=null
2026-08-04 15:38:09 PulseFan: arbiter=RunCustomLoop auto=false bound=null managed=6 latched=false
2026-08-04 15:38:09 PulseDaemon: telemetry read via daemon (16 path(s))
2026-08-04 15:38:09 PulseFan: CUSTOM idle → vendor Smart (target=20 floor=20 temp=43 idle=6)
2026-08-04 15:38:10 PulseAutoTdp: TICK-SKIP overlayShouldShow=false autoActive=false quickAccessShouldShow=false autoTdpPackage=null boundPackage=null lastForeground=null
2026-08-04 15:38:10 PulseFan: arbiter=RunCustomLoop auto=false bound=null managed=6 latched=false
2026-08-04 15:38:11 PulseDaemon: telemetry read via daemon (16 path(s))
2026-08-04 15:38:11 PulseFan: CUSTOM idle → vendor Smart (target=20 floor=20 temp=43 idle=7)
2026-08-04 15:38:12 PulseAutoTdp: TICK-SKIP overlayShouldShow=false autoActive=false quickAccessShouldShow=false autoTdpPackage=null boundPackage=null lastForeground=null
2026-08-04 15:38:12 PulseFan: arbiter=RunCustomLoop auto=false bound=null managed=6 latched=false
2026-08-04 15:38:12 PulseDaemon: telemetry read via daemon (16 path(s))
2026-08-04 15:38:12 PulseFan: CUSTOM idle → vendor Smart (target=20 floor=20 temp=43 idle=8)
2026-08-04 15:38:13 PulseAutoTdp: TICK-SKIP overlayShouldShow=false autoActive=false quickAccessShouldShow=false autoTdpPackage=null boundPackage=null lastForeground=null
2026-08-04 15:38:13 PulseFan: arbiter=RunCustomLoop auto=false bound=null managed=6 latched=false
2026-08-04 15:38:13 PulseDaemon: telemetry read via daemon (16 path(s))
2026-08-04 15:38:13 PulseFan: CUSTOM idle → vendor Smart (target=20 floor=20 temp=43 idle=9)
2026-08-04 15:38:14 PulseAutoTdp: TICK-SKIP overlayShouldShow=false autoActive=false quickAccessShouldShow=false autoTdpPackage=null boundPackage=null lastForeground=null
2026-08-04 15:38:14 PulseFan: arbiter=RunCustomLoop auto=false bound=null managed=6 latched=false
2026-08-04 15:38:14 PulseDaemon: telemetry read via daemon (16 path(s))
2026-08-04 15:38:14 PulseFan: CUSTOM idle → vendor Smart (target=20 floor=20 temp=44 idle=10)
2026-08-04 15:38:15 PulseAutoTdp: TICK-SKIP overlayShouldShow=false autoActive=false quickAccessShouldShow=false autoTdpPackage=null boundPackage=null lastForeground=null
2026-08-04 15:38:15 PulseFan: arbiter=RunCustomLoop auto=false bound=null managed=6 latched=false
2026-08-04 15:38:15 PulseDaemon: telemetry read via daemon (16 path(s))
2026-08-04 15:38:15 PulseFan: CUSTOM idle → vendor Smart (target=20 floor=20 temp=44 idle=11)
2026-08-04 15:38:16 PulseAutoTdp: TICK-SKIP overlayShouldShow=false autoActive=false quickAccessShouldShow=false autoTdpPackage=null boundPackage=null lastForeground=null
2026-08-04 15:38:16 PulseFan: arbiter=RunCustomLoop auto=false bound=null managed=6 latched=false
2026-08-04 15:38:17 PulseDaemon: telemetry read via daemon (16 path(s))
2026-08-04 15:38:17 PulseFan: CUSTOM idle → vendor Smart (target=20 floor=20 temp=43 idle=12)
2026-08-04 15:38:18 PulseAutoTdp: TICK-SKIP overlayShouldShow=false autoActive=false quickAccessShouldShow=false autoTdpPackage=null boundPackage=null lastForeground=null
2026-08-04 15:38:18 PulseFan: arbiter=RunCustomLoop auto=false bound=null managed=6 latched=false
2026-08-04 15:38:18 PulseDaemon: telemetry read via daemon (16 path(s))
2026-08-04 15:38:18 PulseFan: CUSTOM idle → vendor Smart (target=20 floor=20 temp=42 idle=13)
2026-08-04 15:38:19 PulseAutoTdp: TICK-SKIP overlayShouldShow=false autoActive=false quickAccessShouldShow=false autoTdpPackage=null boundPackage=null lastForeground=null
2026-08-04 15:38:19 PulseFan: arbiter=RunCustomLoop auto=false bound=null managed=6 latched=false
2026-08-04 15:38:19 PulseDaemon: telemetry read via daemon (16 path(s))
2026-08-04 15:38:19 PulseFan: CUSTOM idle → vendor Smart (target=20 floor=20 temp=43 idle=14)
2026-08-04 15:38:20 PulseAutoTdp: TICK-SKIP overlayShouldShow=false autoActive=false quickAccessShouldShow=false autoTdpPackage=null boundPackage=null lastForeground=null
2026-08-04 15:38:20 PulseFan: arbiter=RunCustomLoop auto=false bound=null managed=6 latched=false
2026-08-04 15:38:20 PulseDaemon: telemetry read via daemon (16 path(s))
2026-08-04 15:38:20 PulseFan: CUSTOM idle → vendor Smart (target=20 floor=20 temp=44 idle=15)
2026-08-04 15:38:21 PulseAutoTdp: TICK-SKIP overlayShouldShow=false autoActive=false quickAccessShouldShow=false autoTdpPackage=null boundPackage=null lastForeground=null
2026-08-04 15:38:21 PulseFan: arbiter=RunCustomLoop auto=false bound=null managed=6 latched=false
2026-08-04 15:38:21 PulseDaemon: telemetry read via daemon (16 path(s))
2026-08-04 15:38:21 PulseFan: CUSTOM idle → vendor Smart (target=20 floor=20 temp=44 idle=16)
