# TRIMMED 2026-07-27 -- original was    18006 lines / 2.0M.
# Full narrative analysis of this capture is in STATUS.md (search for this file's name).
# Kept: crash backtraces (FATAL EXCEPTION, xsud SIGABRT, XNNPACK/cpuinfo), Game-Mode-activation
# and battery/online lines, each with +/- context. Everything else (routine binder/window-
# manager/xsu-protocol chatter) was cut -- it added no evidence beyond what's already in
# STATUS.md's timing tables.
# ---
173-07-27 10:34:54.967  2262  9583 I ActivityManager: dumpStackTraces nativepids=null
174-07-27 10:34:54.967  2262  9583 I ActivityManager: dumpStackTraces extraPids=null
175-07-27 10:34:54.967  2262  9583 I ActivityManager: Done dumping
176:07-27 10:34:54.969  2262  9583 E ActivityManager: ANR in com.qti.diagservices
177-07-27 10:34:54.969  2262  9583 E ActivityManager: PID: 9439
178-07-27 10:34:54.969  2262  9583 E ActivityManager: Reason: executing service com.qti.diagservices/.QTIDiagServices
179-07-27 10:34:54.969  2262  9583 E ActivityManager: ErrorId: e0910fc7-305c-4684-80d4-bfbe905358c6
180-07-27 10:34:54.969  2262  9583 E ActivityManager: Frozen: false
181-07-27 10:34:54.969  2262  9583 E ActivityManager: Load: 0.0 / 0.0 / 0.0
182-07-27 10:34:54.969  2262  9583 E ActivityManager: ----- Output from /proc/pressure/memory -----
183-07-27 10:34:54.969  2262  9583 E ActivityManager: some avg10=0.00 avg60=0.00 avg300=0.00 total=190305
184-07-27 10:34:54.969  2262  9583 E ActivityManager: full avg10=0.00 avg60=0.00 avg300=0.00 total=103426
185-07-27 10:34:54.969  2262  9583 E ActivityManager: ----- End output from /proc/pressure/memory -----
186-07-27 10:34:54.969  2262  9583 E ActivityManager: ----- Output from /proc/pressure/cpu -----
187-07-27 10:34:54.969  2262  9583 E ActivityManager: some avg10=2.28 avg60=1.88 avg300=1.92 total=14336238
188-07-27 10:34:54.969  2262  9583 E ActivityManager: full avg10=0.00 avg60=0.00 avg300=0.00 total=0
189-07-27 10:34:54.969  2262  9583 E ActivityManager: ----- End output from /proc/pressure/cpu -----
190-07-27 10:34:54.969  2262  9583 E ActivityManager: ----- Output from /proc/pressure/io -----
191-07-27 10:34:54.969  2262  9583 E ActivityManager: some avg10=0.00 avg60=0.00 avg300=0.11 total=1628628
192-07-27 10:34:54.969  2262  9583 E ActivityManager: full avg10=0.00 avg60=0.00 avg300=0.01 total=686025
193-07-27 10:34:54.969  2262  9583 E ActivityManager: ----- End output from /proc/pressure/io -----
194-07-27 10:34:54.969  2262  9583 E ActivityManager: 
195-07-27 10:34:54.969  2262  9583 E ActivityManager: CPU usage from 20080ms to -1ms ago (2026-07-27 10:34:34.872 to 2026-07-27 10:34:54.953):
196-07-27 10:34:54.969  2262  9583 E ActivityManager:   28% 4157/com.retrohrai.launcher: 24% user + 4.2% kernel / faults: 24110 minor
--
1604-07-27 10:35:15.022  9823  9823 I xsu     : xsu_recv cmd end
1605-07-27 10:35:15.022  9823  9823 I xsu     : end session!
1606-07-27 10:35:15.022  2262  2329 I ActivityManager: Process PhantomProcessRecord {5628707 9823:4312:xsu/u0a183} died
1607:07-27 10:35:15.023  2262  9821 E ActivityManager: ANR in com.qti.diagservices
1608-07-27 10:35:15.023  2262  9821 E ActivityManager: PID: 9585
1609-07-27 10:35:15.023  2262  9821 E ActivityManager: Reason: executing service com.qti.diagservices/.QTIDiagServices
1610-07-27 10:35:15.023  2262  9821 E ActivityManager: ErrorId: c48618ae-634a-452c-a583-1d47fd723454
1611-07-27 10:35:15.023  2262  9821 E ActivityManager: Frozen: false
1612-07-27 10:35:15.023  2262  9821 E ActivityManager: Load: 0.0 / 0.0 / 0.0
1613-07-27 10:35:15.023  2262  9821 E ActivityManager: ----- Output from /proc/pressure/memory -----
1614-07-27 10:35:15.023  2262  9821 E ActivityManager: some avg10=0.00 avg60=0.00 avg300=0.00 total=191868
1615-07-27 10:35:15.023  2262  9821 E ActivityManager: full avg10=0.00 avg60=0.00 avg300=0.00 total=104698
1616-07-27 10:35:15.023  2262  9821 E ActivityManager: ----- End output from /proc/pressure/memory -----
1617-07-27 10:35:15.023  2262  9821 E ActivityManager: ----- Output from /proc/pressure/cpu -----
1618-07-27 10:35:15.023  2262  9821 E ActivityManager: some avg10=2.38 avg60=2.00 avg300=1.95 total=14920170
1619-07-27 10:35:15.023  2262  9821 E ActivityManager: full avg10=0.00 avg60=0.00 avg300=0.00 total=0
1620-07-27 10:35:15.023  2262  9821 E ActivityManager: ----- End output from /proc/pressure/cpu -----
1621-07-27 10:35:15.023  2262  9821 E ActivityManager: ----- Output from /proc/pressure/io -----
1622-07-27 10:35:15.023  2262  9821 E ActivityManager: some avg10=0.00 avg60=0.00 avg300=0.10 total=1633622
1623-07-27 10:35:15.023  2262  9821 E ActivityManager: full avg10=0.00 avg60=0.00 avg300=0.00 total=688403
1624-07-27 10:35:15.023  2262  9821 E ActivityManager: ----- End output from /proc/pressure/io -----
1625-07-27 10:35:15.023  2262  9821 E ActivityManager: 
1626-07-27 10:35:15.023  2262  9821 E ActivityManager: CPU usage from 20047ms to 0ms ago (2026-07-27 10:34:54.953 to 2026-07-27 10:35:15.000) with 99% awake:
1627-07-27 10:35:15.023  2262  9821 E ActivityManager:   25% 4157/com.retrohrai.launcher: 21% user + 4.8% kernel / faults: 24786 minor
--
8436-07-27 10:35:35.082  9829  9829 I HidlServiceManagement: getService: Trying again for vendor.qti.diaghal@1.0::Idiag/default...
8437-07-27 10:35:35.083   737 11100 W libc    : Unable to set property "ctl.interface_start" to "vendor.qti.diaghal@1.0::Idiag/default": error code: 0x20
8438-07-27 10:35:35.083   737 11100 I hwservicemanager: Tried to start vendor.qti.diaghal@1.0::Idiag/default as a lazy service, but was unable to. Usually this happens when a service is not installed, but if the service is intended to be used as a lazy service, then it may be configured incorrectly.
8439:07-27 10:35:35.083  2262 11098 E ActivityManager: ANR in com.qti.diagservices
8440-07-27 10:35:35.083  2262 11098 E ActivityManager: PID: 9829
8441-07-27 10:35:35.083  2262 11098 E ActivityManager: Reason: executing service com.qti.diagservices/.QTIDiagServices
8442-07-27 10:35:35.083  2262 11098 E ActivityManager: ErrorId: c6be0e0c-bd82-45ee-a6a4-c84238ffc60e
8443-07-27 10:35:35.083  2262 11098 E ActivityManager: Frozen: false
8444-07-27 10:35:35.083  2262 11098 E ActivityManager: Load: 0.0 / 0.0 / 0.0
8445-07-27 10:35:35.083  2262 11098 E ActivityManager: ----- Output from /proc/pressure/memory -----
8446-07-27 10:35:35.083  2262 11098 E ActivityManager: some avg10=0.00 avg60=0.00 avg300=0.00 total=192478
8447-07-27 10:35:35.083  2262 11098 E ActivityManager: full avg10=0.00 avg60=0.00 avg300=0.00 total=104982
8448-07-27 10:35:35.083  2262 11098 E ActivityManager: ----- End output from /proc/pressure/memory -----
8449-07-27 10:35:35.083  2262 11098 E ActivityManager: ----- Output from /proc/pressure/cpu -----
8450-07-27 10:35:35.083  2262 11098 E ActivityManager: some avg10=3.51 avg60=2.32 avg300=2.02 total=15681317
8451-07-27 10:35:35.083  2262 11098 E ActivityManager: full avg10=0.00 avg60=0.00 avg300=0.00 total=0
8452-07-27 10:35:35.083  2262 11098 E ActivityManager: ----- End output from /proc/pressure/cpu -----
8453-07-27 10:35:35.083  2262 11098 E ActivityManager: ----- Output from /proc/pressure/io -----
8454-07-27 10:35:35.083  2262 11098 E ActivityManager: some avg10=0.00 avg60=0.00 avg300=0.09 total=1637549
8455-07-27 10:35:35.083  2262 11098 E ActivityManager: full avg10=0.00 avg60=0.00 avg300=0.00 total=690531
8456-07-27 10:35:35.083  2262 11098 E ActivityManager: ----- End output from /proc/pressure/io -----
8457-07-27 10:35:35.083  2262 11098 E ActivityManager: 
8458-07-27 10:35:35.083  2262 11098 E ActivityManager: CPU usage from 20050ms to 0ms ago (2026-07-27 10:35:15.000 to 2026-07-27 10:35:35.050):
8459-07-27 10:35:35.083  2262 11098 E ActivityManager:   24% 4312/com.kei.pulse: 17% user + 6.8% kernel / faults: 13472 minor
--
12413-07-27 10:35:40.161   893   893 E KeyMasterHalDevice: ret: -18
12414-07-27 10:35:40.161   893   893 E android_keymaster: TA call to generate_csr_v2() failed with error: -18
12415-07-27 10:35:40.161  4792  5799 E RkpdSystemInterface: Failed to generate CSR blob. Failed with 1
12416:07-27 10:35:40.161  4792  5799 E RkpdSystemInterface: android.os.ServiceSpecificException: Failure in CSR v2 generation. (code 1)
12417-07-27 10:35:40.161  4792  5799 E RkpdSystemInterface: 	at android.os.Parcel.createExceptionOrNull(Parcel.java:3071)
12418-07-27 10:35:40.161  4792  5799 E RkpdSystemInterface: 	at android.os.Parcel.createException(Parcel.java:3041)
12419-07-27 10:35:40.161  4792  5799 E RkpdSystemInterface: 	at android.os.Parcel.readException(Parcel.java:3024)
12420-07-27 10:35:40.161  4792  5799 E RkpdSystemInterface: 	at android.os.Parcel.readException(Parcel.java:2966)
12421-07-27 10:35:40.161  4792  5799 E RkpdSystemInterface: 	at android.hardware.security.keymint.IRemotelyProvisionedComponent$Stub$Proxy.generateCertificateRequestV2(IRemotelyProvisionedComponent.java:269)
12422-07-27 10:35:40.161  4792  5799 E RkpdSystemInterface: 	at com.android.rkpdapp.interfaces.SystemInterface.generateCsr(SystemInterface.java:148)
12423-07-27 10:35:40.161  4792  5799 E RkpdSystemInterface: 	at com.android.rkpdapp.provisioner.Provisioner.batchProvision(Provisioner.java:152)
12424-07-27 10:35:40.161  4792  5799 E RkpdSystemInterface: 	at com.android.rkpdapp.provisioner.Provisioner.fetchCertificates(Provisioner.java:136)
12425-07-27 10:35:40.161  4792  5799 E RkpdSystemInterface: 	at com.android.rkpdapp.provisioner.Provisioner.provisionKeys(Provisioner.java:89)
12426-07-27 10:35:40.161  4792  5799 E RkpdSystemInterface: 	at com.android.rkpdapp.service.RegistrationBinder.fetchGeekAndProvisionKeys(RegistrationBinder.java:151)
12427-07-27 10:35:40.161  4792  5799 E RkpdSystemInterface: 	at com.android.rkpdapp.service.RegistrationBinder.getKeyWorker(RegistrationBinder.java:117)
12428-07-27 10:35:40.161  4792  5799 E RkpdSystemInterface: 	at com.android.rkpdapp.service.RegistrationBinder.getKeyThreadWorker(RegistrationBinder.java:235)
12429-07-27 10:35:40.161  4792  5799 E RkpdSystemInterface: 	at com.android.rkpdapp.service.RegistrationBinder.lambda$getKey$3(RegistrationBinder.java:223)
12430-07-27 10:35:40.161  4792  5799 E RkpdSystemInterface: 	at com.android.rkpdapp.service.RegistrationBinder.$r8$lambda$TliFA5y2_wUzHwCyn77kum7XL5E(RegistrationBinder.java:0)
12431-07-27 10:35:40.161  4792  5799 E RkpdSystemInterface: 	at com.android.rkpdapp.service.RegistrationBinder$$ExternalSyntheticLambda9.run(R8$$SyntheticClass:0)
12432-07-27 10:35:40.161  4792  5799 E RkpdSystemInterface: 	at java.util.concurrent.Executors$RunnableAdapter.call(Executors.java:520)
12433-07-27 10:35:40.161  4792  5799 E RkpdSystemInterface: 	at java.util.concurrent.FutureTask.run(FutureTask.java:317)
12434-07-27 10:35:40.161  4792  5799 E RkpdSystemInterface: 	at java.util.concurrent.ThreadPoolExecutor.runWorker(ThreadPoolExecutor.java:1154)
12435-07-27 10:35:40.161  4792  5799 E RkpdSystemInterface: 	at java.util.concurrent.ThreadPoolExecutor$Worker.run(ThreadPoolExecutor.java:652)
12436-07-27 10:35:40.161  4792  5799 E RkpdSystemInterface: 	at java.lang.Thread.run(Thread.java:1564)
12437-07-27 10:35:40.163  4792  6130 I RkpdKeyPoolStats: PoolStats{keysInUse=0, idealTotalSignedKeys=12, keysToGenerate=12, keysUnassigned=0}
12438-07-27 10:35:40.163  4792  6130 I RkpdProvisioner: Requested number of keys for provisioning: 12
12439-07-27 10:35:40.163  4792  5799 E RkpdRegistrationBinder: Unexpected error provisioning keys
12440:07-27 10:35:40.163  4792  5799 E RkpdRegistrationBinder: android.os.ServiceSpecificException: Failure in CSR v2 generation. (code 1)
12441-07-27 10:35:40.163  4792  5799 E RkpdRegistrationBinder: 	at android.os.Parcel.createExceptionOrNull(Parcel.java:3071)
12442-07-27 10:35:40.163  4792  5799 E RkpdRegistrationBinder: 	at android.os.Parcel.createException(Parcel.java:3041)
12443-07-27 10:35:40.163  4792  5799 E RkpdRegistrationBinder: 	at android.os.Parcel.readException(Parcel.java:3024)
12444-07-27 10:35:40.163  4792  5799 E RkpdRegistrationBinder: 	at android.os.Parcel.readException(Parcel.java:2966)
12445-07-27 10:35:40.163  4792  5799 E RkpdRegistrationBinder: 	at android.hardware.security.keymint.IRemotelyProvisionedComponent$Stub$Proxy.generateCertificateRequestV2(IRemotelyProvisionedComponent.java:269)
12446-07-27 10:35:40.163  4792  5799 E RkpdRegistrationBinder: 	at com.android.rkpdapp.interfaces.SystemInterface.generateCsr(SystemInterface.java:148)
12447-07-27 10:35:40.163  4792  5799 E RkpdRegistrationBinder: 	at com.android.rkpdapp.provisioner.Provisioner.batchProvision(Provisioner.java:152)
12448-07-27 10:35:40.163  4792  5799 E RkpdRegistrationBinder: 	at com.android.rkpdapp.provisioner.Provisioner.fetchCertificates(Provisioner.java:136)
12449-07-27 10:35:40.163  4792  5799 E RkpdRegistrationBinder: 	at com.android.rkpdapp.provisioner.Provisioner.provisionKeys(Provisioner.java:89)
12450-07-27 10:35:40.163  4792  5799 E RkpdRegistrationBinder: 	at com.android.rkpdapp.service.RegistrationBinder.fetchGeekAndProvisionKeys(RegistrationBinder.java:151)
12451-07-27 10:35:40.163  4792  5799 E RkpdRegistrationBinder: 	at com.android.rkpdapp.service.RegistrationBinder.getKeyWorker(RegistrationBinder.java:117)
12452-07-27 10:35:40.163  4792  5799 E RkpdRegistrationBinder: 	at com.android.rkpdapp.service.RegistrationBinder.getKeyThreadWorker(RegistrationBinder.java:235)
12453-07-27 10:35:40.163  4792  5799 E RkpdRegistrationBinder: 	at com.android.rkpdapp.service.RegistrationBinder.lambda$getKey$3(RegistrationBinder.java:223)
12454-07-27 10:35:40.163  4792  5799 E RkpdRegistrationBinder: 	at com.android.rkpdapp.service.RegistrationBinder.$r8$lambda$TliFA5y2_wUzHwCyn77kum7XL5E(RegistrationBinder.java:0)
12455-07-27 10:35:40.163  4792  5799 E RkpdRegistrationBinder: 	at com.android.rkpdapp.service.RegistrationBinder$$ExternalSyntheticLambda9.run(R8$$SyntheticClass:0)
12456-07-27 10:35:40.163  4792  5799 E RkpdRegistrationBinder: 	at java.util.concurrent.Executors$RunnableAdapter.call(Executors.java:520)
12457-07-27 10:35:40.163  4792  5799 E RkpdRegistrationBinder: 	at java.util.concurrent.FutureTask.run(FutureTask.java:317)
12458-07-27 10:35:40.163  4792  5799 E RkpdRegistrationBinder: 	at java.util.concurrent.ThreadPoolExecutor.runWorker(ThreadPoolExecutor.java:1154)
12459-07-27 10:35:40.163  4792  5799 E RkpdRegistrationBinder: 	at java.util.concurrent.ThreadPoolExecutor$Worker.run(ThreadPoolExecutor.java:652)
12460-07-27 10:35:40.163  4792  5799 E RkpdRegistrationBinder: 	at java.lang.Thread.run(Thread.java:1564)
--
12882-07-27 10:35:40.387   893   893 E KeyMasterHalDevice: ret: -18
12883-07-27 10:35:40.387   893   893 E android_keymaster: TA call to generate_csr_v2() failed with error: -18
12884-07-27 10:35:40.388  4792  6130 E RkpdSystemInterface: Failed to generate CSR blob. Failed with 1
12885:07-27 10:35:40.388  4792  6130 E RkpdSystemInterface: android.os.ServiceSpecificException: Failure in CSR v2 generation. (code 1)
12886-07-27 10:35:40.388  4792  6130 E RkpdSystemInterface: 	at android.os.Parcel.createExceptionOrNull(Parcel.java:3071)
12887-07-27 10:35:40.388  4792  6130 E RkpdSystemInterface: 	at android.os.Parcel.createException(Parcel.java:3041)
12888-07-27 10:35:40.388  4792  6130 E RkpdSystemInterface: 	at android.os.Parcel.readException(Parcel.java:3024)
12889-07-27 10:35:40.388  4792  6130 E RkpdSystemInterface: 	at android.os.Parcel.readException(Parcel.java:2966)
12890-07-27 10:35:40.388  4792  6130 E RkpdSystemInterface: 	at android.hardware.security.keymint.IRemotelyProvisionedComponent$Stub$Proxy.generateCertificateRequestV2(IRemotelyProvisionedComponent.java:269)
12891-07-27 10:35:40.388  4792  6130 E RkpdSystemInterface: 	at com.android.rkpdapp.interfaces.SystemInterface.generateCsr(SystemInterface.java:148)
12892-07-27 10:35:40.388  4792  6130 E RkpdSystemInterface: 	at com.android.rkpdapp.provisioner.Provisioner.batchProvision(Provisioner.java:152)
12893-07-27 10:35:40.388  4792  6130 E RkpdSystemInterface: 	at com.android.rkpdapp.provisioner.Provisioner.fetchCertificates(Provisioner.java:136)
12894-07-27 10:35:40.388  4792  6130 E RkpdSystemInterface: 	at com.android.rkpdapp.provisioner.Provisioner.provisionKeys(Provisioner.java:89)
12895-07-27 10:35:40.388  4792  6130 E RkpdSystemInterface: 	at com.android.rkpdapp.service.RegistrationBinder.fetchGeekAndProvisionKeys(RegistrationBinder.java:151)
12896-07-27 10:35:40.388  4792  6130 E RkpdSystemInterface: 	at com.android.rkpdapp.service.RegistrationBinder.getKeyWorker(RegistrationBinder.java:117)
12897-07-27 10:35:40.388  4792  6130 E RkpdSystemInterface: 	at com.android.rkpdapp.service.RegistrationBinder.getKeyThreadWorker(RegistrationBinder.java:235)
12898-07-27 10:35:40.388  4792  6130 E RkpdSystemInterface: 	at com.android.rkpdapp.service.RegistrationBinder.lambda$getKey$3(RegistrationBinder.java:223)
12899-07-27 10:35:40.388  4792  6130 E RkpdSystemInterface: 	at com.android.rkpdapp.service.RegistrationBinder.$r8$lambda$TliFA5y2_wUzHwCyn77kum7XL5E(RegistrationBinder.java:0)
12900-07-27 10:35:40.388  4792  6130 E RkpdSystemInterface: 	at com.android.rkpdapp.service.RegistrationBinder$$ExternalSyntheticLambda9.run(R8$$SyntheticClass:0)
12901-07-27 10:35:40.388  4792  6130 E RkpdSystemInterface: 	at java.util.concurrent.Executors$RunnableAdapter.call(Executors.java:520)
12902-07-27 10:35:40.388  4792  6130 E RkpdSystemInterface: 	at java.util.concurrent.FutureTask.run(FutureTask.java:317)
12903-07-27 10:35:40.388  4792  6130 E RkpdSystemInterface: 	at java.util.concurrent.ThreadPoolExecutor.runWorker(ThreadPoolExecutor.java:1154)
12904-07-27 10:35:40.388  4792  6130 E RkpdSystemInterface: 	at java.util.concurrent.ThreadPoolExecutor$Worker.run(ThreadPoolExecutor.java:652)
12905-07-27 10:35:40.388  4792  6130 E RkpdSystemInterface: 	at java.lang.Thread.run(Thread.java:1564)
12906-07-27 10:35:40.389  4792  6130 E RkpdRegistrationBinder: Unexpected error provisioning keys
12907:07-27 10:35:40.389  4792  6130 E RkpdRegistrationBinder: android.os.ServiceSpecificException: Failure in CSR v2 generation. (code 1)
12908-07-27 10:35:40.389  4792  6130 E RkpdRegistrationBinder: 	at android.os.Parcel.createExceptionOrNull(Parcel.java:3071)
12909-07-27 10:35:40.389  4792  6130 E RkpdRegistrationBinder: 	at android.os.Parcel.createException(Parcel.java:3041)
12910-07-27 10:35:40.389  4792  6130 E RkpdRegistrationBinder: 	at android.os.Parcel.readException(Parcel.java:3024)
12911-07-27 10:35:40.389  4792  6130 E RkpdRegistrationBinder: 	at android.os.Parcel.readException(Parcel.java:2966)
12912-07-27 10:35:40.389  4792  6130 E RkpdRegistrationBinder: 	at android.hardware.security.keymint.IRemotelyProvisionedComponent$Stub$Proxy.generateCertificateRequestV2(IRemotelyProvisionedComponent.java:269)
12913-07-27 10:35:40.389  4792  6130 E RkpdRegistrationBinder: 	at com.android.rkpdapp.interfaces.SystemInterface.generateCsr(SystemInterface.java:148)
12914-07-27 10:35:40.389  4792  6130 E RkpdRegistrationBinder: 	at com.android.rkpdapp.provisioner.Provisioner.batchProvision(Provisioner.java:152)
12915-07-27 10:35:40.389  4792  6130 E RkpdRegistrationBinder: 	at com.android.rkpdapp.provisioner.Provisioner.fetchCertificates(Provisioner.java:136)
12916-07-27 10:35:40.389  4792  6130 E RkpdRegistrationBinder: 	at com.android.rkpdapp.provisioner.Provisioner.provisionKeys(Provisioner.java:89)
12917-07-27 10:35:40.389  4792  6130 E RkpdRegistrationBinder: 	at com.android.rkpdapp.service.RegistrationBinder.fetchGeekAndProvisionKeys(RegistrationBinder.java:151)
12918-07-27 10:35:40.389  4792  6130 E RkpdRegistrationBinder: 	at com.android.rkpdapp.service.RegistrationBinder.getKeyWorker(RegistrationBinder.java:117)
12919-07-27 10:35:40.389  4792  6130 E RkpdRegistrationBinder: 	at com.android.rkpdapp.service.RegistrationBinder.getKeyThreadWorker(RegistrationBinder.java:235)
12920-07-27 10:35:40.389  4792  6130 E RkpdRegistrationBinder: 	at com.android.rkpdapp.service.RegistrationBinder.lambda$getKey$3(RegistrationBinder.java:223)
12921-07-27 10:35:40.389  4792  6130 E RkpdRegistrationBinder: 	at com.android.rkpdapp.service.RegistrationBinder.$r8$lambda$TliFA5y2_wUzHwCyn77kum7XL5E(RegistrationBinder.java:0)
12922-07-27 10:35:40.389  4792  6130 E RkpdRegistrationBinder: 	at com.android.rkpdapp.service.RegistrationBinder$$ExternalSyntheticLambda9.run(R8$$SyntheticClass:0)
12923-07-27 10:35:40.389  4792  6130 E RkpdRegistrationBinder: 	at java.util.concurrent.Executors$RunnableAdapter.call(Executors.java:520)
12924-07-27 10:35:40.389  4792  6130 E RkpdRegistrationBinder: 	at java.util.concurrent.FutureTask.run(FutureTask.java:317)
12925-07-27 10:35:40.389  4792  6130 E RkpdRegistrationBinder: 	at java.util.concurrent.ThreadPoolExecutor.runWorker(ThreadPoolExecutor.java:1154)
12926-07-27 10:35:40.389  4792  6130 E RkpdRegistrationBinder: 	at java.util.concurrent.ThreadPoolExecutor$Worker.run(ThreadPoolExecutor.java:652)
12927-07-27 10:35:40.389  4792  6130 E RkpdRegistrationBinder: 	at java.lang.Thread.run(Thread.java:1564)
--
13363-07-27 10:35:40.645   893   893 E KeyMasterHalDevice: ret: -18
13364-07-27 10:35:40.645   893   893 E android_keymaster: TA call to generate_csr_v2() failed with error: -18
13365-07-27 10:35:40.645  4792  5814 E RkpdSystemInterface: Failed to generate CSR blob. Failed with 1
13366:07-27 10:35:40.645  4792  5814 E RkpdSystemInterface: android.os.ServiceSpecificException: Failure in CSR v2 generation. (code 1)
13367-07-27 10:35:40.645  4792  5814 E RkpdSystemInterface: 	at android.os.Parcel.createExceptionOrNull(Parcel.java:3071)
13368-07-27 10:35:40.645  4792  5814 E RkpdSystemInterface: 	at android.os.Parcel.createException(Parcel.java:3041)
13369-07-27 10:35:40.645  4792  5814 E RkpdSystemInterface: 	at android.os.Parcel.readException(Parcel.java:3024)
13370-07-27 10:35:40.645  4792  5814 E RkpdSystemInterface: 	at android.os.Parcel.readException(Parcel.java:2966)
13371-07-27 10:35:40.645  4792  5814 E RkpdSystemInterface: 	at android.hardware.security.keymint.IRemotelyProvisionedComponent$Stub$Proxy.generateCertificateRequestV2(IRemotelyProvisionedComponent.java:269)
13372-07-27 10:35:40.645  4792  5814 E RkpdSystemInterface: 	at com.android.rkpdapp.interfaces.SystemInterface.generateCsr(SystemInterface.java:148)
13373-07-27 10:35:40.645  4792  5814 E RkpdSystemInterface: 	at com.android.rkpdapp.provisioner.Provisioner.batchProvision(Provisioner.java:152)
13374-07-27 10:35:40.645  4792  5814 E RkpdSystemInterface: 	at com.android.rkpdapp.provisioner.Provisioner.fetchCertificates(Provisioner.java:136)
13375-07-27 10:35:40.645  4792  5814 E RkpdSystemInterface: 	at com.android.rkpdapp.provisioner.Provisioner.provisionKeys(Provisioner.java:89)
13376-07-27 10:35:40.645  4792  5814 E RkpdSystemInterface: 	at com.android.rkpdapp.service.RegistrationBinder.fetchGeekAndProvisionKeys(RegistrationBinder.java:151)
13377-07-27 10:35:40.645  4792  5814 E RkpdSystemInterface: 	at com.android.rkpdapp.service.RegistrationBinder.getKeyWorker(RegistrationBinder.java:117)
13378-07-27 10:35:40.645  4792  5814 E RkpdSystemInterface: 	at com.android.rkpdapp.service.RegistrationBinder.getKeyThreadWorker(RegistrationBinder.java:235)
13379-07-27 10:35:40.645  4792  5814 E RkpdSystemInterface: 	at com.android.rkpdapp.service.RegistrationBinder.lambda$getKey$3(RegistrationBinder.java:223)
13380-07-27 10:35:40.645  4792  5814 E RkpdSystemInterface: 	at com.android.rkpdapp.service.RegistrationBinder.$r8$lambda$TliFA5y2_wUzHwCyn77kum7XL5E(RegistrationBinder.java:0)
13381-07-27 10:35:40.645  4792  5814 E RkpdSystemInterface: 	at com.android.rkpdapp.service.RegistrationBinder$$ExternalSyntheticLambda9.run(R8$$SyntheticClass:0)
13382-07-27 10:35:40.645  4792  5814 E RkpdSystemInterface: 	at java.util.concurrent.Executors$RunnableAdapter.call(Executors.java:520)
13383-07-27 10:35:40.645  4792  5814 E RkpdSystemInterface: 	at java.util.concurrent.FutureTask.run(FutureTask.java:317)
13384-07-27 10:35:40.645  4792  5814 E RkpdSystemInterface: 	at java.util.concurrent.ThreadPoolExecutor.runWorker(ThreadPoolExecutor.java:1154)
13385-07-27 10:35:40.645  4792  5814 E RkpdSystemInterface: 	at java.util.concurrent.ThreadPoolExecutor$Worker.run(ThreadPoolExecutor.java:652)
13386-07-27 10:35:40.645  4792  5814 E RkpdSystemInterface: 	at java.lang.Thread.run(Thread.java:1564)
13387-07-27 10:35:40.646  4792  5814 E RkpdRegistrationBinder: Unexpected error provisioning keys
13388:07-27 10:35:40.646  4792  5814 E RkpdRegistrationBinder: android.os.ServiceSpecificException: Failure in CSR v2 generation. (code 1)
13389-07-27 10:35:40.646  4792  5814 E RkpdRegistrationBinder: 	at android.os.Parcel.createExceptionOrNull(Parcel.java:3071)
13390-07-27 10:35:40.646  4792  5814 E RkpdRegistrationBinder: 	at android.os.Parcel.createException(Parcel.java:3041)
13391-07-27 10:35:40.646  4792  5814 E RkpdRegistrationBinder: 	at android.os.Parcel.readException(Parcel.java:3024)
13392-07-27 10:35:40.646  4792  5814 E RkpdRegistrationBinder: 	at android.os.Parcel.readException(Parcel.java:2966)
13393-07-27 10:35:40.646  4792  5814 E RkpdRegistrationBinder: 	at android.hardware.security.keymint.IRemotelyProvisionedComponent$Stub$Proxy.generateCertificateRequestV2(IRemotelyProvisionedComponent.java:269)
13394-07-27 10:35:40.646  4792  5814 E RkpdRegistrationBinder: 	at com.android.rkpdapp.interfaces.SystemInterface.generateCsr(SystemInterface.java:148)
13395-07-27 10:35:40.646  4792  5814 E RkpdRegistrationBinder: 	at com.android.rkpdapp.provisioner.Provisioner.batchProvision(Provisioner.java:152)
13396-07-27 10:35:40.646  4792  5814 E RkpdRegistrationBinder: 	at com.android.rkpdapp.provisioner.Provisioner.fetchCertificates(Provisioner.java:136)
13397-07-27 10:35:40.646  4792  5814 E RkpdRegistrationBinder: 	at com.android.rkpdapp.provisioner.Provisioner.provisionKeys(Provisioner.java:89)
13398-07-27 10:35:40.646  4792  5814 E RkpdRegistrationBinder: 	at com.android.rkpdapp.service.RegistrationBinder.fetchGeekAndProvisionKeys(RegistrationBinder.java:151)
13399-07-27 10:35:40.646  4792  5814 E RkpdRegistrationBinder: 	at com.android.rkpdapp.service.RegistrationBinder.getKeyWorker(RegistrationBinder.java:117)
13400-07-27 10:35:40.646  4792  5814 E RkpdRegistrationBinder: 	at com.android.rkpdapp.service.RegistrationBinder.getKeyThreadWorker(RegistrationBinder.java:235)
13401-07-27 10:35:40.646  4792  5814 E RkpdRegistrationBinder: 	at com.android.rkpdapp.service.RegistrationBinder.lambda$getKey$3(RegistrationBinder.java:223)
13402-07-27 10:35:40.646  4792  5814 E RkpdRegistrationBinder: 	at com.android.rkpdapp.service.RegistrationBinder.$r8$lambda$TliFA5y2_wUzHwCyn77kum7XL5E(RegistrationBinder.java:0)
13403-07-27 10:35:40.646  4792  5814 E RkpdRegistrationBinder: 	at com.android.rkpdapp.service.RegistrationBinder$$ExternalSyntheticLambda9.run(R8$$SyntheticClass:0)
13404-07-27 10:35:40.646  4792  5814 E RkpdRegistrationBinder: 	at java.util.concurrent.Executors$RunnableAdapter.call(Executors.java:520)
13405-07-27 10:35:40.646  4792  5814 E RkpdRegistrationBinder: 	at java.util.concurrent.FutureTask.run(FutureTask.java:317)
13406-07-27 10:35:40.646  4792  5814 E RkpdRegistrationBinder: 	at java.util.concurrent.ThreadPoolExecutor.runWorker(ThreadPoolExecutor.java:1154)
13407-07-27 10:35:40.646  4792  5814 E RkpdRegistrationBinder: 	at java.util.concurrent.ThreadPoolExecutor$Worker.run(ThreadPoolExecutor.java:652)
13408-07-27 10:35:40.646  4792  5814 E RkpdRegistrationBinder: 	at java.lang.Thread.run(Thread.java:1564)
--
13831-07-27 10:35:40.899   893   893 E KeyMasterHalDevice: ret: -18
13832-07-27 10:35:40.899   893   893 E android_keymaster: TA call to generate_csr_v2() failed with error: -18
13833-07-27 10:35:40.900  4792  6971 E RkpdSystemInterface: Failed to generate CSR blob. Failed with 1
13834:07-27 10:35:40.900  4792  6971 E RkpdSystemInterface: android.os.ServiceSpecificException: Failure in CSR v2 generation. (code 1)
13835-07-27 10:35:40.900  4792  6971 E RkpdSystemInterface: 	at android.os.Parcel.createExceptionOrNull(Parcel.java:3071)
13836-07-27 10:35:40.900  4792  6971 E RkpdSystemInterface: 	at android.os.Parcel.createException(Parcel.java:3041)
13837-07-27 10:35:40.900  4792  6971 E RkpdSystemInterface: 	at android.os.Parcel.readException(Parcel.java:3024)
13838-07-27 10:35:40.900  4792  6971 E RkpdSystemInterface: 	at android.os.Parcel.readException(Parcel.java:2966)
13839-07-27 10:35:40.900  4792  6971 E RkpdSystemInterface: 	at android.hardware.security.keymint.IRemotelyProvisionedComponent$Stub$Proxy.generateCertificateRequestV2(IRemotelyProvisionedComponent.java:269)
13840-07-27 10:35:40.900  4792  6971 E RkpdSystemInterface: 	at com.android.rkpdapp.interfaces.SystemInterface.generateCsr(SystemInterface.java:148)
13841-07-27 10:35:40.900  4792  6971 E RkpdSystemInterface: 	at com.android.rkpdapp.provisioner.Provisioner.batchProvision(Provisioner.java:152)
13842-07-27 10:35:40.900  4792  6971 E RkpdSystemInterface: 	at com.android.rkpdapp.provisioner.Provisioner.fetchCertificates(Provisioner.java:136)
13843-07-27 10:35:40.900  4792  6971 E RkpdSystemInterface: 	at com.android.rkpdapp.provisioner.Provisioner.provisionKeys(Provisioner.java:89)
13844-07-27 10:35:40.900  4792  6971 E RkpdSystemInterface: 	at com.android.rkpdapp.service.RegistrationBinder.fetchGeekAndProvisionKeys(RegistrationBinder.java:151)
13845-07-27 10:35:40.900  4792  6971 E RkpdSystemInterface: 	at com.android.rkpdapp.service.RegistrationBinder.getKeyWorker(RegistrationBinder.java:117)
13846-07-27 10:35:40.900  4792  6971 E RkpdSystemInterface: 	at com.android.rkpdapp.service.RegistrationBinder.getKeyThreadWorker(RegistrationBinder.java:235)
13847-07-27 10:35:40.900  4792  6971 E RkpdSystemInterface: 	at com.android.rkpdapp.service.RegistrationBinder.lambda$getKey$3(RegistrationBinder.java:223)
13848-07-27 10:35:40.900  4792  6971 E RkpdSystemInterface: 	at com.android.rkpdapp.service.RegistrationBinder.$r8$lambda$TliFA5y2_wUzHwCyn77kum7XL5E(RegistrationBinder.java:0)
13849-07-27 10:35:40.900  4792  6971 E RkpdSystemInterface: 	at com.android.rkpdapp.service.RegistrationBinder$$ExternalSyntheticLambda9.run(R8$$SyntheticClass:0)
13850-07-27 10:35:40.900  4792  6971 E RkpdSystemInterface: 	at java.util.concurrent.Executors$RunnableAdapter.call(Executors.java:520)
13851-07-27 10:35:40.900  4792  6971 E RkpdSystemInterface: 	at java.util.concurrent.FutureTask.run(FutureTask.java:317)
13852-07-27 10:35:40.900  4792  6971 E RkpdSystemInterface: 	at java.util.concurrent.ThreadPoolExecutor.runWorker(ThreadPoolExecutor.java:1154)
13853-07-27 10:35:40.900  4792  6971 E RkpdSystemInterface: 	at java.util.concurrent.ThreadPoolExecutor$Worker.run(ThreadPoolExecutor.java:652)
13854-07-27 10:35:40.900  4792  6971 E RkpdSystemInterface: 	at java.lang.Thread.run(Thread.java:1564)
13855-07-27 10:35:40.900  1556  3005 E ComposerExtn: SmoMoState::FrameIsLate: queued_frames >= 2
13856-07-27 10:35:40.901  4792  6971 E RkpdRegistrationBinder: Unexpected error provisioning keys
13857:07-27 10:35:40.901  4792  6971 E RkpdRegistrationBinder: android.os.ServiceSpecificException: Failure in CSR v2 generation. (code 1)
13858-07-27 10:35:40.901  4792  6971 E RkpdRegistrationBinder: 	at android.os.Parcel.createExceptionOrNull(Parcel.java:3071)
13859-07-27 10:35:40.901  4792  6971 E RkpdRegistrationBinder: 	at android.os.Parcel.createException(Parcel.java:3041)
13860-07-27 10:35:40.901  4792  6971 E RkpdRegistrationBinder: 	at android.os.Parcel.readException(Parcel.java:3024)
13861-07-27 10:35:40.901  4792  6971 E RkpdRegistrationBinder: 	at android.os.Parcel.readException(Parcel.java:2966)
13862-07-27 10:35:40.901  4792  6971 E RkpdRegistrationBinder: 	at android.hardware.security.keymint.IRemotelyProvisionedComponent$Stub$Proxy.generateCertificateRequestV2(IRemotelyProvisionedComponent.java:269)
13863-07-27 10:35:40.901  4792  6971 E RkpdRegistrationBinder: 	at com.android.rkpdapp.interfaces.SystemInterface.generateCsr(SystemInterface.java:148)
13864-07-27 10:35:40.901  4792  6971 E RkpdRegistrationBinder: 	at com.android.rkpdapp.provisioner.Provisioner.batchProvision(Provisioner.java:152)
13865-07-27 10:35:40.901  4792  6971 E RkpdRegistrationBinder: 	at com.android.rkpdapp.provisioner.Provisioner.fetchCertificates(Provisioner.java:136)
13866-07-27 10:35:40.901  4792  6971 E RkpdRegistrationBinder: 	at com.android.rkpdapp.provisioner.Provisioner.provisionKeys(Provisioner.java:89)
13867-07-27 10:35:40.901  4792  6971 E RkpdRegistrationBinder: 	at com.android.rkpdapp.service.RegistrationBinder.fetchGeekAndProvisionKeys(RegistrationBinder.java:151)
13868-07-27 10:35:40.901  4792  6971 E RkpdRegistrationBinder: 	at com.android.rkpdapp.service.RegistrationBinder.getKeyWorker(RegistrationBinder.java:117)
13869-07-27 10:35:40.901  4792  6971 E RkpdRegistrationBinder: 	at com.android.rkpdapp.service.RegistrationBinder.getKeyThreadWorker(RegistrationBinder.java:235)
13870-07-27 10:35:40.901  4792  6971 E RkpdRegistrationBinder: 	at com.android.rkpdapp.service.RegistrationBinder.lambda$getKey$3(RegistrationBinder.java:223)
13871-07-27 10:35:40.901  4792  6971 E RkpdRegistrationBinder: 	at com.android.rkpdapp.service.RegistrationBinder.$r8$lambda$TliFA5y2_wUzHwCyn77kum7XL5E(RegistrationBinder.java:0)
13872-07-27 10:35:40.901  4792  6971 E RkpdRegistrationBinder: 	at com.android.rkpdapp.service.RegistrationBinder$$ExternalSyntheticLambda9.run(R8$$SyntheticClass:0)
13873-07-27 10:35:40.901  4792  6971 E RkpdRegistrationBinder: 	at java.util.concurrent.Executors$RunnableAdapter.call(Executors.java:520)
13874-07-27 10:35:40.901  4792  6971 E RkpdRegistrationBinder: 	at java.util.concurrent.FutureTask.run(FutureTask.java:317)
13875-07-27 10:35:40.901  4792  6971 E RkpdRegistrationBinder: 	at java.util.concurrent.ThreadPoolExecutor.runWorker(ThreadPoolExecutor.java:1154)
13876-07-27 10:35:40.901  4792  6971 E RkpdRegistrationBinder: 	at java.util.concurrent.ThreadPoolExecutor$Worker.run(ThreadPoolExecutor.java:652)
13877-07-27 10:35:40.901  4792  6971 E RkpdRegistrationBinder: 	at java.lang.Thread.run(Thread.java:1564)
--
13920-07-27 10:35:40.912 11814 11814 I xsu     : end session!
13921---------- beginning of crash
13922-07-27 10:35:40.912  1570 29811 F libc    : stack corruption detected (-fstack-protector)
13923:07-27 10:35:40.913  1570 29811 F libc    : Fatal signal 6 (SIGABRT), code -1 (SI_QUEUE) in tid 11817 (xsud), pid 1570 (xsud)
13924-07-27 10:35:40.921 11839 11839 I crash_dump64: obtaining output fd from tombstoned, type: kDebuggerdTombstoneProto
13925-07-27 10:35:40.921  1109  1109 I tombstoned: received crash request for pid 11817
13926-07-27 10:35:40.921 11839 11839 I crash_dump64: performing dump of process 1570 (target tid = 11817)
13927-07-27 10:35:40.922 11839 11839 E DEBUG   : failed to read process info: failed to open /proc/1570: No such file or directory
13928-07-27 10:35:40.926 11839 11839 F DEBUG   : *** *** *** *** *** *** *** *** *** *** *** *** *** *** *** ***
13929-07-27 10:35:40.926 11839 11839 F DEBUG   : Build fingerprint: 'AYANEO/AYANEO_Pocket_FIT/PocketFIT:14/01.00_20251226_private_user/eng.scm.20251226.033130:user/release-keys'
13930-07-27 10:35:40.926 11839 11839 F DEBUG   : Revision: '0'
13931-07-27 10:35:40.926 11839 11839 F DEBUG   : ABI: 'arm64'
13932-07-27 10:35:40.926 11839 11839 F DEBUG   : Timestamp: 2026-07-27 10:35:40.922749884+0200
13933-07-27 10:35:40.926 11839 11839 F DEBUG   : Process uptime: 0s
13934-07-27 10:35:40.926 11839 11839 F DEBUG   : Cmdline: /product/bin/xsud --root_seclabel=u:r:su:s0
13935-07-27 10:35:40.926 11839 11839 F DEBUG   : pid: 1570, tid: 11817, name: xsud  >>> /product/bin/xsud <<<
13936-07-27 10:35:40.926 11839 11839 F DEBUG   : uid: 0
13937-07-27 10:35:40.926 11839 11839 F DEBUG   : tagged_addr_ctrl: 0000000000000001 (PR_TAGGED_ADDR_ENABLE)
13938-07-27 10:35:40.926 11839 11839 F DEBUG   : pac_enabled_keys: 000000000000000f (PR_PAC_APIAKEY, PR_PAC_APIBKEY, PR_PAC_APDAKEY, PR_PAC_APDBKEY)
13939-07-27 10:35:40.926 11839 11839 F DEBUG   : signal 6 (SIGABRT), code -1 (SI_QUEUE), fault addr --------
13940-07-27 10:35:40.926 11839 11839 F DEBUG   : Abort message: 'stack corruption detected (-fstack-protector)'
13941-07-27 10:35:40.926 11839 11839 F DEBUG   :     x0  0000000000000000  x1  0000000000002e29  x2  0000000000000006  x3  0000007590b31730
13942-07-27 10:35:40.926 11839 11839 F DEBUG   :     x4  607372652c271f63  x5  607372652c271f63  x6  607372652c271f63  x7  7f7f7f7f7f7f7f7f
13943-07-27 10:35:40.926 11839 11839 F DEBUG   :     x8  00000000000000f0  x9  0000007880c5a1b8  x10 0000000000000001  x11 0000007880ca2924
--
13951-07-27 10:35:40.926 11839 11839 F DEBUG   : backtrace:
13952-07-27 10:35:40.926 11839 11839 F DEBUG   :       #00 pc 000000000005b650  /apex/com.android.runtime/lib64/bionic/libc.so (abort+168) (BuildId: 50118287324a156bc7be11d3d940c7be)
13953-07-27 10:35:40.926 11839 11839 F DEBUG   :       #01 pc 0000000000071d64  /apex/com.android.runtime/lib64/bionic/libc.so (__stack_chk_fail+24) (BuildId: 50118287324a156bc7be11d3d940c7be)
13954:07-27 10:35:40.926 11839 11839 F DEBUG   :       #02 pc 0000000000002f8c  /product/bin/xsud (xsu_conn_handler.cfi+856) (BuildId: cf12e64c40275bca4c064d86f58ec6f5)
13955-07-27 10:35:40.926 11839 11839 F DEBUG   :       #03 pc 2000006d6863203b  <unknown>
13956-07-27 10:35:40.927  2262  2654 W NativeCrashListener: Couldn't find ProcessRecord for pid 1570
13957-07-27 10:35:40.928  1109  1109 E tombstoned: Tombstone written to: tombstone_00
13958-07-27 10:35:40.931  2262  2474 I BootReceiver: Copying /data/tombstones/tombstone_00 to DropBox (SYSTEM_TOMBSTONE)
13959-07-27 10:35:40.932  2262  2474 I DropBoxManagerService: add tag=SYSTEM_TOMBSTONE isTagEnabled=true flags=0x6
13960-07-27 10:35:40.939  2262  2474 E NativeTombstoneManager: Tombstone's UID (0) not an app, ignoring
13961-07-27 10:35:40.956  5373  5570 I AdrenoGLES-0: QUALCOMM build                   : 43c70540de, Ibee7afe120
13962-07-27 10:35:40.956  5373  5570 I AdrenoGLES-0: Build Date                       : 07/17/24
13963-07-27 10:35:40.956  5373  5570 I AdrenoGLES-0: OpenGL ES Shader Compiler Version: E031.45.02.16
13964-07-27 10:35:40.956  5373  5570 I AdrenoGLES-0: Local Branch                     : 
13965-07-27 10:35:40.956  5373  5570 I AdrenoGLES-0: Remote Branch                    : refs/tags/AU_LINUX_ANDROID_LA.VENDOR.14.3.0.11.00.00.973.576
13966-07-27 10:35:40.956  5373  5570 I AdrenoGLES-0: Remote Branch                    : NONE
13967-07-27 10:35:40.956  5373  5570 I AdrenoGLES-0: Reconstruct Branch               : NOTHING
13968-07-27 10:35:40.956  5373  5570 I AdrenoGLES-0: Build Config                     : S P 16.1.2 AArch64
13969-07-27 10:35:40.956  5373  5570 I AdrenoGLES-0: Driver Path                      : /vendor/lib64/egl/libGLESv2_adreno.so
13970-07-27 10:35:40.956  5373  5570 I AdrenoGLES-0: Driver Version                   : 0762.24
13971-07-27 10:35:40.956  5373  5570 I AdrenoGLES-0: Process Name                     : com.google.android.gms.unstable
13972-07-27 10:35:40.960  5373  5570 I AdrenoGLES-0: PFP: 0x01520175, ME: 0x01520023
13973-07-27 10:35:40.961  1526  1526 I qspmHal : enter getGpuProf at: -1565054175
13974-07-27 10:35:40.961  1526  1526 I qspmHal : Coudn't match the GFX PID 5373 to AT PID 11180. Checking in local cache.
--
14303-07-27 10:35:41.699  1556  2361 E ComposerExtn: SmoMoState::FrameIsLate: queued_frames >= 2
14304-07-27 10:35:41.700  1374  1374 I android.hardware.power-service: reportActualWorkDuration 
14305-07-27 10:35:41.716  1556  2361 E ComposerExtn: SmoMoState::FrameIsLate: queued_frames >= 2
14306:07-27 10:35:41.717  2637  4380 D PowerUI : can't show warning due to - plugged: true status unknown: false
14307-07-27 10:35:41.718  1374  1374 I android.hardware.power-service: reportActualWorkDuration 
14308:07-27 10:35:41.729 11913 11913 I xsu     : sending cmd:echo 1 > /sys/class/power_supply/battery/online
14309:07-27 10:35:41.729 11913 11913 I xsu     : sending cmd end:echo 1 > /sys/class/power_supply/battery/online
14310-07-27 10:35:41.729 11913 11913 I xsu     : free cmd end
14311-07-27 10:35:41.729 11913 11913 I xsu     : xsu_recv cmd before
14312-07-27 10:35:41.729 11913 11913 I xsu_api : xsu_recv memset enter
14313-07-27 10:35:41.729 11843 11917 I xsu_api : xsu_recv memset enter
14314-07-27 10:35:41.729 11913 11913 I xsu_api : xsu_recv memset end
14315-07-27 10:35:41.729 11843 11917 I xsu_api : xsu_recv memset end
14316-07-27 10:35:41.729 11843 11917 I xsu_api : xsu_recv retry end
14317-07-27 10:35:41.729 11843 11917 I xsu_api : ret=4, version=200, type=0, payload_size=51
14318-07-27 10:35:41.729 11843 11917 I xsu_api : xsu_recv type and len
14319-07-27 10:35:41.729 11843 11917 I xsu_api : header.type=0, header.payload_size=51, xsu_header_t=4
14320-07-27 10:35:41.729 11843 11917 I xsu_api : xsu_recv type and len end
14321:07-27 10:35:41.729 11843 11917 I xsud    : handle comming cmd:echo 1 > /sys/class/power_supply/battery/online
14322-07-27 10:35:41.729  1403  1504 I ANDR-PWR-OPT: PowerHelper: getNodeData() 196: FPS49.299999 FRAMECOUNT50
14323-07-27 10:35:41.730  1403  1504 I ANDR-PWR-OPT: PowerHelper: getFps() 168: Returned fps value: 49.299999
14324-07-27 10:35:41.733 11914 11914 I xsu     : sending cmd:chmod 666 /sys/devices/system/cpu/cpufreq/policy0/scaling_governor; echo schedutil > /sys/devices/system/cpu/cpufreq/policy0/scaling_governor; chmod 644 /sys/devices/system/cpu/cpufreq/policy0/scaling_governor; chmod 666 /sys/devices/system/cpu/cpufreq/policy2/scaling_governor; echo schedutil > /sys/devices/system/cpu/cpufreq/policy2/scaling_governor; chmod 644 /sys/devices/system/cpu/cpufreq/policy2/scaling_governor; chmod 666 /sys/devices/system/cpu/cpufreq/policy5/scaling_governor; echo schedutil > /sys/devices/system/cpu/cpufreq/policy5/scaling_governor; chmod 644 /sys/devices/system/cpu/cpufreq/policy5/scaling_governor; chmod 666 /sys/devices/system/cpu/cpufreq/policy7/scaling_governor; echo schedutil > /sys/devices/system/cpu/cpufreq/policy7/scaling_governor; chmod 644 /sys/devices/system/cpu/cpufreq/policy7/scaling_governor
14325-07-27 10:35:41.733 11914 11914 I xsu     : sending cmd end:chmod 666 /sys/devices/system/cpu/cpufreq/policy0/scaling_governor; echo schedutil > /sys/devices/system/cpu/cpufreq/policy0/scaling_governor; chmod 644 /sys/devices/system/cpu/cpufreq/policy0/scaling_governor; chmod 666 /sys/devices/system/cpu/cpufreq/policy2/scaling_governor; echo schedutil > /sys/devices/system/cpu/cpufreq/policy2/scaling_governor; chmod 644 /sys/devices/system/cpu/cpufreq/policy2/scaling_governor; chmod 666 /sys/devices/system/cpu/cpufreq/policy5/scaling_governor; echo schedutil > /sys/devices/system/cpu/cpufreq/policy5/scaling_governor; chmod 644 /sys/devices/system/cpu/cpufreq/policy5/scaling_governor; chmod 666 /sys/devices/system/cpu/cpufreq/policy7/scaling_governor; echo schedutil > /sys/devices/system/cpu/cpufreq/policy7/scaling_governor; chmod 644 /sys/devices/system/cpu/cpufreq/policy7/scaling_governor
14326-07-27 10:35:41.733 11914 11914 I xsu     : free cmd end
14327-07-27 10:35:41.733 11914 11914 I xsu     : xsu_recv cmd before
14328-07-27 10:35:41.733 11914 11914 I xsu_api : xsu_recv memset enter
14329-07-27 10:35:41.733 11914 11914 I xsu_api : xsu_recv memset end
14330-07-27 10:35:41.733 11843 11919 I xsu_api : xsu_recv memset enter
14331-07-27 10:35:41.733 11843 11919 I xsu_api : xsu_recv memset end
14332-07-27 10:35:41.733 11843 11919 I xsu_api : xsu_recv retry end
14333-07-27 10:35:41.733 11843 11919 I xsu_api : ret=4, version=200, type=0, payload_size=846
14334-07-27 10:35:41.733 11843 11919 I xsu_api : xsu_recv type and len
14335-07-27 10:35:41.733 11843 11919 I xsu_api : header.type=0, header.payload_size=846, xsu_header_t=4
14336-07-27 10:35:41.733 11843 11919 I xsu_api : xsu_recv type and len end
14337-07-27 10:35:41.733 11843 11919 I xsud    : handle comming cmd:chmod 666 /sys/devices/system/cpu/cpufreq/policy0/scaling_governor; echo schedutil > /sys/devices/system/cpu/cpufreq/policy0/scaling_governor; chmod 644 /sys/devices/system/cpu/cpufreq/policy0/scaling_governor; chmod 666 /sys/devices/system/cpu/cpufreq/policy2/scaling_governor; echo schedutil > /sys/devices/system/cpu/cpufreq/policy2/scaling_governor; chmod 644 /sys/devices/system/cpu/cpufreq/policy2/scaling_governor; chmod 666 /sys/devices/system/cpu/cpufreq/policy5/scaling_governor; echo schedutil > /sys/devices/system/cpu/cpufreq/policy5/scaling_governor; chmod 644 /sys/devices/system/cpu/cpufreq/policy5/scaling_governor; chmod 666 /sys/devices/system/cpu/cpufreq/policy7/scaling_governor; echo schedutil > /sys/devices/system/cpu/cpufreq/policy7/scaling_governor; chmod 644 /sys/devices/system/cpu/cpufreq/policy7/scaling_governor
14338-07-27 10:35:41.734  1556  2361 E ComposerExtn: SmoMoState::FrameIsLate: queued_frames >= 2
14339-07-27 10:35:41.735  1374  1374 I android.hardware.power-service: reportActualWorkDuration 
14340-07-27 10:35:41.736 11913 11913 I xsu_api : xsu_recv retry end
14341-07-27 10:35:41.736 11913 11913 I xsu_api : ret=4, version=200, type=3, payload_size=0
